   1               /TEST PROGRAM FOR DM8E40 MEMORY MANAGEMENT BOARD
   2               /       E. LOPES CARDOZO
   3               /       WESTVRIES COMPUTER CONSULTING BV
   4               /       RIJKSSTRAATWEG 19A
   5               /       1969 LB HEEMSKERK
   6               /       02510 - 43244
   7               
   8               /SYMBOL DEFINITIONS:
   9               SINT=6254
  10               SUF=6274
  11               CINT=6204
  12               CUF=6264
  13               RTM=6205
  14               LTM=6235
  15               LRM=6245
  16               SMME=6265
  17               CMME=6275
  18               SKME=6215
  19               SKMM=6225
  20               
  21               /FOR PRODUCTION TEST DEFINE PRODUCTION:
  22                        /PRODUCTION=0
  23               
  24               /INTERRUPT SERVICE ROUTINE:
  25                        *0
  26 000000  0000          0
  27 000001  5020          JMP SERV
  28               
  29                      *20
  30 000020  3115  SERV,   DCA AC           /SAVE AC
  31 000021  6254          SINT             /TRAP ?
  32 000022  5777          JMP INTERR       /NO, ILLEGAL INTERRUPT
  33 000023  6204          CINT             /CLEAR TRAP FLAG
  34 000024  6205          RTM              /READ TRAP REGISTER
  35 000025  3116          DCA TRAPD         /THAT IS THE INSTR. THE HARDWARE SAW
  36 000026  7240          CLA CMA
  37 000027  1000          TAD 0
  38 000030  3000          DCA 0            /BACKUP PC
  39 000031  1400          TAD I 0                  /GET TRAPPED INSTRUCTION FROM MEMORY
  40 000032  7041          CIA              /AND COMPARE TO
  41 000033  1116          TAD TRAPD         /TRAP REGISTER CONTENTS
  42 000034  7640          SZA CLA                  /SHOULD BE EQUAL
  43 000035  4776          JMS TRPERR       /ERROR IN TRAP REGISTER
  44 000036  1000          TAD 0            /DID WE TRAP THE SAFETY HLT ?
  45                       TAD (-HALT        /
page zero       	    ^
page zero       	    ^
     000037  1175  
  46 000040  7640          SZA CLA                  /?
  47 000041  7040          CMA             /NO, SET AC=-1
  48 000042  5443          JMP I ENDTRP      /BACK TO MAIN LOOP
  49 000043  0042  ENDTRP, .-1              /CONTINUATION ADDRESS
  50               
  51               /VIRTUAL CODE SEQUENCES:
  52               RELTST, TAD I (7000    /RELOCATION TEST; GET DATAFIELD
page zero              	      ^
page zero              	      ^
     000044  1574  
  53 000045  5051          JMP HALT       /EXIT FROM USER MODE
  54               
  55 000046  5046  TRPTST, JMP .          /GETS IOT TO BE TESTED
  56 000047  5051          JMP .+2                /FOR CIF: ENABLE INTERRUPTS
  57 000050  6001          ION            /FOR SKON: REENABLE INTERRUPTS
  58 000051  7402  HALT,   HLT            /EXIT FROM USER MODE
  59 000052  5052          JMP .          /*** IF HERE, HLT DID NOT TRAP ***
  60 000053  1117  TTYTST, TAD BELL        /TEST TTY IN UNTRAPED MODE
  61 000054  6046          TLS            /SEND A BELL TO THE CONSOLE
  62 000055  6041          TSF            /WAIT TILL READY
  63 000056  5055          JMP .-1                /
  64               IFNDEF PRODUCTION <
  65 000057  7200                         CLA/ >
  66               IFDEF PRODUCTION <
  67                       KCC            /USED TO CLEAR THE AC
  68                       SZA            /DIDITDO ?
  69                       JMP .         /NO !!! *** UNTRAPPED KCC DID NOT CLA ***
  70                       TCF            /EXIT WITH TTY FLAG CLEAR
  71                       TSF            /DID THAT WORK ?
  72                       SKP            /YES
  73                       JMP .          /***TCF DID NOT CLEAR FLAG *** >
  74 000060  5051          JMP HALT        /NOW EXIT FROM USER MODE
  75               
  76               /MD-LINE TEST:
  77               MDTST,  DCA I (Q
page zero             	      ^
page zero             	      ^
     000061  3573  
  78                       TAD I (Q
page zero       	      ^
page zero       	      ^
     000062  1573  
  79 000063  7001          IAC
  80 000064  7440          SZA            /TEST ALL 4096 VALUES
  81 000065  5061          JMP MDTST
  82 000066  5051          JMP HALT
  83 000067  0000  Q,      0
  84               
  85               /CDTOIF TEST ROUTINE
  86 000070  0000  CDTF,   0
  87 000071  6200          6200           /CDTOIF
  88 000072  6202          CIF 0
  89 000073  5470          JMP I CDTF
  90               
  91               /RDF TEST ROUTINE:
  92 000074  6214  TSTRDF, RDF
  93 000075  1077  KK,     TAD K0         /GET ACTUAL FIELD NUMBER
  94 000076  5051          JMP HALT        /GOT THROUGH
  95               
  96 000077  0000  K0,     0
  97 000100  0001  K1,     1
  98 000101  0002  K2,     2
  99 000102  0003  K3,     3
 100 000103  0004  K4,     4
 101 000104  0005  K5,     5
 102 000105  0006  K6,     6
 103 000106  0007  K7,     7
 104               
 105               /VARIABLES, COUNTERS AND POINTERS:
 106 000107  0000  COUNT,  0
 107 000110  0000  COUNT1, 0
 108 000111  0000  COUNT2, 0
 109 000112  0000  COUNT3, 0
 110 000113  0000  PTR,    0
 111 000114  0000  FIELDS, 0      /NUMBER OF FIELDS AVAILABLE
 112 000115  0000  AC,     0
 113 000116  0000  TRAPD,  0
 114 000117  0207  BELL,   207
 115               
 116               PAGE
 117 000200  4777          JMS INIT           /SETUP FIELDS
 118 000201  6007  START,  CAF
 119 000202  6035          KIE           /DISABLE KEYBOARD INTERRUPTS
 120 000203  4776  LOOP0,  JMS COPY        /MOVE PAGE 0 TO ALL FIELDS
 121 000204  4775          JMS IOTTST     /STATIC TEST OF DM8E40 IOTS
 122 000205  1114          TAD FIELDS
 123 000206  7041          CIA
 124 000207  3107          DCA COUNT      /FOR ALL FIELDS
 125 000210  1374          TAD (CDF
 126 000211  3214          DCA FCDF       /SET A CDF TO EACH FIELD
 127 000212  1107  LOOP1,  TAD COUNT        /
 128 000213  1114          TAD FIELDS
 129 000214  6201  FCDF,   CDF 0         //CDF0, CDF10, CDF 20, ...
 130 000215  3773          DCA I (7000    //PUT THE FIELD NUMBER AT 7000
 131 000216  6201          CDF 0         //RESTORE THE DATAFIELD
 132 000217  1214          TAD FCDF       /MAKE A NEW CDF
 133 000220  1372          TAD (10
 134 000221  3214          DCA FCDF       /
 135 000222  2107          ISZ COUNT      /ALL FIELDS DONE
 136 000223  5212          JMP LOOP1     /
 137               /NOW A SIMPLE RELOCATION TEST. WE SET UP A SEQUENCE OF
 138               /RELOCATION AND THAN GO VIRTUAL, PICK UP THE FIELD
 139               /CONSTANT FROM 7000 AND HLT, TO GET OUT OF USER MODE
 140               /WE TRY TO TEST IF ALL WORDS OF THE RELOCATION RAM
 141               /CAN TAKE ALL VALUES, AT LEAST ALL VALUES FOR WHICH
 142               /THERE ARE FIELDS IN THE SYSTEM.
 143 000224  1371          TAD (RET1      /SETUP TRAP RETURN ADDRESS
 144 000225  3043          DCA ENDTRP     /
 145 000226  1114          TAD FIELDS     /SET UP COUNTER FOR FIELDS
 146 000227  7041          CIA
 147 000230  3107          DCA COUNT      /
 148 000231  1370  LOOP2,  TAD (-10         /TEST ALL 8 WORDS OF THE RELOCATION RAM
 149 000232  3110          DCA COUNT1     /
 150 000233  1370  LOOP3,  TAD (-10         /LOAD ALL WORDS OF THE RAM
 151 000234  3111          DCA COUNT2     /
 152 000235  1111  LOOP4,  TAD COUNT2       /
 153 000236  1372          TAD (10               /MAKE 0, 1, 2, ...
 154 000237  6245          LRM           /SET ALL WORDS TO 0
 155 000240  2111          ISZ COUNT2     /
 156 000241  5235          JMP LOOP4     /
 157 000242  1107          TAD COUNT      /
 158 000243  1114          TAD FIELDS     /POSITIVE REAL FIELD #
 159 000244  7106          CLL RTL               /
 160 000245  7004          RAL           /SHIFT TO BITS 6-8
 161 000246  1110          TAD COUNT1     /ADD VIRTUAL FIELD #
 162 000247  1372          TAD (10               /(POSITIVE)
 163 000250  6245          LRM           /THIS SETS ONE WORD
 164 000251  1110          TAD COUNT1     /
 165 000252  1372          TAD (10               /
 166 000253  1367          TAD (100       /USER MODE+VIRTUAL DATA FIELD
 167 000254  6005          RTF           /RESTORE FLAGS
 168 000255  7200          CLA           /?!
 169 000256  5044          JMP RELTST     /JMP TO RELOCATION TEST
 170               /RELTST MUST BE AVAILABLE IN EACH FIELD
 171 000257  7200  RET1,   CLA
 172 000260  1115          TAD AC        /GET AC FROM TRAP
 173 000261  7041          CIA           /AND COMPARE TO INTENDED FIELD #
 174 000262  1107          TAD COUNT      /
 175 000263  1114          TAD FIELDS     /
 176 000264  7640          SZA CLA               /
 177 000265  4766          JMS RELERR    /RELOCATION ERROR
 178 000266  2110          ISZ COUNT1     /
 179 000267  5233          JMP LOOP3     /
 180 000270  2107          ISZ COUNT      /
 181 000271  5231          JMP LOOP2     /
 182               /END OF RELOCATION TEST. NOW COMES THE TRAP/UNTRAP TEST
 183               /IN EACH AVAILABLE FIELD WE TEST EACH IOT FROM THE TABLE
 184 000272  1114          TAD FIELDS     /
 185 000273  7041          CIA
 186 000274  3107          DCA COUNT      /
 187 000275  1370  LOOP5,  TAD (-10
 188 000276  3110          DCA COUNT1     /ZERO THE RELOCATION RAM
 189 000277  1107  LOOP6,  TAD COUNT        /
 190 000300  1114          TAD FIELDS     /
 191 000301  7106          CLL RTL
 192 000302  7004          RAL           /
 193 000303  1110          TAD COUNT1     /
 194 000304  1372          TAD (10               /MAKE ONE-TO-ONE MAPPING
 195 000305  6245          LRM           /LOAD RELOCATION MEMORY
 196 000306  2110          ISZ COUNT1     /
 197 000307  5277          JMP LOOP6     /
 198 000310  1107          TAD COUNT      /
 199 000311  1114          TAD FIELDS     /
 200 000312  7106          CLL RTL
 201 000313  7004          RAL           /
 202 000314  1374          TAD (CDF       /MAKE CDF
 203 000315  3325          DCA XCDF       /CDF TO TARGET FIELD
 204 000316  1365          TAD (TABLE     /SETP POINTER FOR IOT TABLE
 205 000317  3113          DCA PTR               /
 206 000320  1513  LOOP7,  TAD I PTR        /
 207 000321  3046          DCA TRPTST     /DROP IT IN THE TRAPTEST
 208 000322  1364          TAD (RET2
 209 000323  3043          DCA ENDTRP
 210 000324  1046          TAD TRPTST     /
 211 000325  6201  XCDF,   CDF           /CDF TARGET FIELD
 212 000326  3763          DCA I (TRPTST /IN THE TARGET FIELD TOO
 213 000327  6201          CDF 0         /
 214 000330  4762          JMS UTRALL     /UNTRAP ALL DEVICE CODES
 215 000331  1046          TAD TRPTST     /GET TEST IOT AGAIN
 216 000332  0361          AND (7776      /CLEAR UNTRAP BIT
 217 000333  6235          LTM           /AND SET DM8E40 TO TRAP FOR THIS IOT
 218 000334  6274          SUF           /ENTER USER MODE
 219 000335  6001          ION           /WITH INTERRUPT ON
 220 000336  5046          JMP TRPTST     /THIS BRINGS US INTHE TARGET FIELD !
 221               /- - - - - - - - - - - - - - - - - - - - - - - - - - - - - -
 222 000337  2113  RET2,   ISZ PTR               /RETURN FROM TRAP HANDLER
 223 000340  1513          TAD I PTR      /GET TRAP/UNTRAP INDICATOR
 224 000341  7010          RAR           /BIT 11 IS XOR!
 225 000342  7630          SZL CLA               /OK ?
 226 000343  4760          JMS TERROR    /TRAP ERROR
 227 000344  1357          TAD (RET3
 228 000345  3043          DCA ENDTRP     /SET NEW RETURN POINT
 229 000346  4756          JMS TRPALL     /TRAP ALL DEVICE CODES
 230 000347  1046          TAD TRPTST
 231 000350  0361          AND (7776
 232 000351  7001          IAC           /SET UNTRBP BIT
 233 000352  6235          LTM           /
 234 000353  6274          SUF
 235 000354  6001          ION
 236 000355  5046          JMP TRPTST     /GO !
 237               
 238 000356  1600  PAGE
     000357  0400  
     000360  1120  
     000361  7776  
     000362  1615  
     000363  0046  
     000364  0337  
     000365  2200  
     000366  1057  
     000367  0100  
     000370  7770  
     000371  0257  
     000372  0010  
     000373  7000  
     000374  6201  
     000375  0502  
     000376  0437  
     000377  2000  
 239               /- - - - - - - - - - - - - - - - - - - - - - - - - - - - - - - -
 240 000400  2113  RET3,   ISZ PTR
 241 000401  1513          TAD I PTR
 242 000402  7010          RAR           /BIT 11 DOES XOR
 243 000403  7630          SZL CLA               /OK ?
 244 000404  4777          JMS UERROR    /NO, UNTRAP ERROR
 245 000405  2113          ISZ PTR               /SELECT NEXT IOT
 246 000406  1513          TAD I PTR      /AND FETCH IT
 247 000407  7640          SZA CLA               /END OF LIST ?
 248 000410  5776          JMP LOOP7     /NO, TEST NEXT IOT
 249               IFNDEF FYSIOL <
 250               /FINALY, WE TEST THE CONSOLE TERMINAL WITH IT'S IOTS UNTRAPPED:
 251 000411  1375          TAD (RET4
 252 000412  3043          DCA ENDTRP
 253 000413  4774          JMS TRPALL     /TRAP ALL DEVICE CODES,
 254 000414  1373          TAD (6031      /EXCEPT FOR THE TERMINAL
 255 000415  6235          LTM
 256 000416  1372          TAD (6041      /
 257 000417  6235          LTM           /
 258 000420  6274          SUF
 259 000421  6001          ION
 260 000422  5053          JMP TTYTST     /
 261               /- - - - - - - - - - - - - - - - - - - - - - - - - - - - -
 262 000423  7300  RET4,   CLA CLL               / >
 263 000424  1371          TAD (RET5
 264 000425  3043          DCA ENDTRP
 265 000426  6274          SUF
 266 000427  6001          ION
 267 000430  5061          JMP MDTST      /TEST ALL VALUES FOR MD DATA
 268               /- - - - - - - - - - - - - - - - - - - - - - - - - -
 269 000431  7640  RET5,   SZA CLA               /SHOULD NOT TRAP
 270 000432  4770          JMS MDERR
 271 000433  4767          JMS RDFTST     /NOW EXERCIZE RDF IN USER MODE
 272 000434  2107          ISZ COUNT      /SELECT NEXT TARGET FIELD
 273 000435  5766          JMP LOOP5     /NOT DONE YET
 274 000436  5765          JMP LOOP0      /START OVER AGAIN
 275               
 276 000437  0000  COPY,   0
 277 000440  1114          TAD FIELDS
 278 000441  7041          CIA
 279 000442  7001          IAC
 280 000443  7450          SNA
 281 000444  5637          JMP I COPY   /ONLY 4K
 282 000445  3107          DCA COUNT
 283 000446  7040  COPY1,  CMA
 284 000447  3010          DCA 10
 285 000450  7040          CMA
 286 000451  3011          DCA 11
 287 000452  1107          TAD COUNT
 288 000453  1114          TAD FIELDS
 289 000454  7104          CLL RAL
 290 000455  7006          RTL
 291 000456  1364          TAD (CDF
 292 000457  3264          DCA YCDF
 293 000460  1363          TAD (-200
 294 000461  3110          DCA COUNT1
 295 000462  6201  COPY2,  CDF 0
 296 000463  1410          TAD I 10
 297 000464  7402  YCDF,   HLT
 298 000465  3411          DCA I 11
 299 000466  2110          ISZ COUNT1
 300 000467  5262          JMP COPY2
 301 000470  1264          TAD YCDF
 302 000471  0362          AND (70
 303 000472  7112          CLL RTR
 304 000473  7010          RAR
 305 000474  1761          TAD I (KK
 306 000475  3761          DCA I (KK
 307 000476  6201          CDF 0
 308 000477  2107          ISZ COUNT
 309 000500  5246          JMP COPY1
 310 000501  5637          JMP I COPY
 311               
 312               /STATIC IOT TST FOR DM8E40 INSTRUCTIONS:
 313 000502  0000  IOTTST, 0
 314 000503  1360          TAD (IOTLST-1 /SETUP LIST POINTER
 315 000504  3010          DCA 10
 316 000505  1410          TAD I 10       /FETCH FIRST IOT
 317 000506  3310  IOT1,   DCA IOTX       /
 318 000507  1357          TAD (5252      /GET A TEST PATERN IN THE AC
 319 000510  7402  IOTX,   HLT           /REPLACED BY THE IOT UNDER TEST
 320 000511  5317          JMP IOT2       /IOT DID NOT SKIP
 321 000512  3115          DCA AC        /REMEBER AC AFTER IOT
 322 000513  1410          TAD I 10       /GET SKIP FLAG
 323 000514  7650          SNA CLA               /SHOULD HE HAVE SKIPPED ?
 324 000515  4756          JMS ERR1      /NO, BUT HE DID !
 325 000516  5323          JMP IOT3       /GO CHECK AC EFFECTS
 326 000517  3115  IOT2,   DCA AC        /REMEMBER AC
 327 000520  1410          TAD I 10       /GET SKIP FLAG
 328 000521  7640          SZA CLA               /SHOULD HE HAVE SKIPPED ?
 329 000522  4755          JMS ERR2      /YES, BUT HE DIDN'T !
 330 000523  1410  IOT3,   TAD I 10       /GET AC-CHANGED FLAG
 331 000524  7650          SNA CLA               /SHOULD AC HAVE CHANGED ?
 332 000525  5335          JMP IOT4      /NO, GO CHECK THAT
 333 000526  1410          TAD I 10       /YES, MUST AC BE CLEAR NOW ?
 334 000527  7650          SNA CLA               /
 335 000530  5341          JMP IOT5      /NO, UNDEFINED AC NOW
 336 000531  1115          TAD AC        /YES, TEST AC
 337 000532  7640          SZA CLA               /ZERO ?
 338 000533  4754          JMS ERR3      /NO, IOT DID NOT CLA !
 339 000534  5341          JMP IOT5       /DONE ALL TESTS
 340 000535  1115  IOT4,   TAD AC        /IF HERE AC SHOULD NOT HAVE CHANGED
 341 000536  1353          TAD (-5252     /TEST IF STILL OK
 342 000537  7640          SZA CLA               /
 343 000540  4752          JMS ERR4      /IOT SPOILED AC
 344 000541  1410  IOT5,   TAD I 10       /GET NEXT IOT
 345 000542  7440          SZA           /END OF LIST ?
 346 000543  5306          JMP IOT1      /NO, TEST NEXT IOT
 347 000544  4572          JMS I [CDTOIF /TEST 6200
 348 000545  5702          JMP I IOTTST
 349               
 350 000552  1344  PAGE
     000553  2526  
     000554  1324  
     000555  1306  
     000556  1267  
     000557  5252  
     000560  2514  
     000561  0075  
     000562  0070  
     000563  7600  
     000564  6201  
     000565  0203  
     000566  0275  
     000567  0600  
     000570  1245  
     000571  0431  
     000572  6041  
     000573  6031  
     000574  1600  
     000575  0423  
     000576  0320  
     000577  1200  
 351 000600  0000  RDFTST, 0             /TEST RDF IN USER MODE
 352 000601  4777          JMS TRPALL
 353 000602  1376          TAD (RET6
 354 000603  3043          DCA ENDTRP
 355 000604  1775          TAD I (XCDF    /SET DATAFIELD TO
 356 000605  7040          CMA           /COMPLEMENT OF
 357 000606  0374          AND (70               /REAL FIELD
 358 000607  1373          TAD (CDF
 359 000610  3222          DCA KCDF
 360 000611  1372          TAD (-7
 361 000612  3110          DCA COUNT1     /CHANGE MAPPING
 362 000613  1222  LOOP8,  TAD KCDF         /
 363 000614  0374          AND (70               /
 364 000615  1110          TAD COUNT1     /
 365 000616  1371          TAD (10               /
 366 000617  6245          LRM           /
 367 000620  2110          ISZ COUNT1     /
 368 000621  5213          JMP LOOP8     /
 369 000622  6271  KCDF,   CDF 70
 370 000623  6274          SUF
 371 000624  6001          ION
 372 000625  5074          JMP TSTRDF
 373               /- - - - - - - - - - - - - - - - - - - - - - - - - - - - -
 374 000626  7640  RET6,   SZA CLA               /DID RDF TRAP ?
 375 000627  4770          JMS RDFER1    /YES, ERROR
 376 000630  1222          TAD KCDF       /COMPUTE CORRECT AC
 377 000631  0374          AND (70
 378 000632  7421          MQL
 379 000633  7501          MQA
 380 000634  7040          CMA
 381 000635  0374          AND (70
 382 000636  7112          CLL RTR
 383 000637  7010          RAR
 384 000640  7501          MQA
 385 000641  7041          CIA
 386 000642  1115          TAD AC        /GET VIRTUAL AC
 387 000643  7640          SZA CLA               / ?
 388 000644  4767          JMS RDFER2    /NO, AC WAS SPOILED !
 389 000645  5600          JMP I RDFTST   /RETURN
 390               
 391 000767  1414  PAGE
     000770  1400  
     000771  0010  
     000772  7771  
     000773  6201  
     000774  0070  
     000775  0325  
     000776  0626  
     000777  1600  
 392               /ERROR MESSAGE PROCESSORS:
 393 001000  6007  INTERR, CAF
 394 001001  6035          KIE
 395 001002  4571          JMS I [STRING
 396 001003  2516          TEXT /UNEXPECTED INTERRUPT/
     001004  0530  
     001005  2005  
     001006  0324  
     001007  0504  
     001010  4011  
     001011  1624  
     001012  0522  
     001013  2225  
     001014  2024  
     001015  0000  
 397 001016  4570          JMS I [CRLF
 398 001017  1115          TAD AC
 399 001020  6244          RMF
 400 001021  6001          ION
 401 001022  5400          JMP I 0
 402               
 403 001023  0000  TRPERR, 0
 404 001024  4571          JMS I [STRING
 405 001025  2422          TEXT /TRAP REGISTER WRONG: (PC-1)=/
     001026  0120  
     001027  4022  
     001030  0507  
     001031  1123  
     001032  2405  
     001033  2240  
     001034  2722  
     001035  1716  
     001036  0772  
     001037  4050  
     001040  2003  
     001041  5561  
     001042  5175  
     001043  0000  
 406 001044  1400          TAD I 0
 407 001045  4777          JMS OCTOUT
 408 001046  4571          JMS I [STRING
 409 001047  5440          TEXT /, RTM=/
     001050  2224  
     001051  1575  
     001052  0000  
 410 001053  1116          TAD TRAPD
 411 001054  4777          JMS OCTOUT
 412 001055  4570          JMS I [CRLF
 413 001056  5623          JMP I TRPERR
 414               
 415 001057  0000  RELERR, 0
 416 001060  4571          JMS I [STRING
 417 001061  2205          TEXT /RELOCATION ERROR, GOOD FIELD=/
     001062  1417  
     001063  0301  
     001064  2411  
     001065  1716  
     001066  4005  
     001067  2222  
     001070  1722  
     001071  5440  
     001072  0717  
     001073  1704  
     001074  4006  
     001075  1105  
     001076  1404  
     001077  7500  
 418 001100  1107          TAD COUNT
 419 001101  1114          TAD FIELDS
 420 001102  4777          JMS OCTOUT
 421 001103  4571          JMS I [STRING
 422 001104  5440          TEXT /, ACTUAL FIELD=/
     001105  0103  
     001106  2425  
     001107  0114  
     001110  4006  
     001111  1105  
     001112  1404  
     001113  7500  
 423 001114  1115          TAD AC
 424 001115  4777          JMS OCTOUT
 425 001116  4570          JMS I [CRLF
 426 001117  5657          JMP I RELERR
 427               
 428 001120  0000  TERROR, 0
 429 001121  1046          TAD TRPTST
 430 001122  4777          JMS OCTOUT
 431 001123  1513          TAD I PTR
 432 001124  7650          SNA CLA
 433 001125  5340          JMP TER1
 434 001126  4571          JMS I [STRING
 435 001127  4006          TEXT / FAILED TO TRAP/
     001130  0111  
     001131  1405  
     001132  0440  
     001133  2417  
     001134  4024  
     001135  2201  
     001136  2000  
 436 001137  5350          JMP TER2
 437 001140  4571  TER1,   JMS I [STRING
 438 001141  4040          TEXT /  DID  TRAP /
     001142  0411  
     001143  0440  
     001144  4024  
     001145  2201  
     001146  2040  
     001147  0000  
 439 001150  4571  TER2,   JMS I [STRING
 440 001151  4011          TEXT / IN FIELD /
     001152  1640  
     001153  0611  
     001154  0514  
     001155  0440  
     001156  0000  
 441 001157  1107          TAD COUNT
 442 001160  1114          TAD FIELDS
 443 001161  0376          AND (7
 444 001162  1375          TAD ("0
 445 001163  4774          JMS TYPE
 446 001164  4570          JMS I [CRLF
 447 001165  5720          JMP I TERROR
 448               
 449 001174  2054  PAGE
     001175  0260  
     001176  0007  
     001177  1715  
 450 001200  0000  UERROR, 0
 451 001201  1046          TAD TRPTST
 452 001202  4777          JMS OCTOUT
 453 001203  1513          TAD I PTR
 454 001204  7640          SZA CLA
 455 001205  5220          JMP UER1
 456 001206  4571          JMS I [STRING
 457 001207  4004          TEXT / DID NOT UNTRAP/
     001210  1104  
     001211  4016  
     001212  1724  
     001213  4025  
     001214  1624  
     001215  2201  
     001216  2000  
 458 001217  5227          JMP UER2
 459 001220  4571  UER1,   JMS I [STRING
 460 001221  4004          TEXT / DID UNTRAP/
     001222  1104  
     001223  4025  
     001224  1624  
     001225  2201  
     001226  2000  
 461 001227  4571  UER2,   JMS I [STRING
 462 001230  4011          TEXT / IN FIELD /
     001231  1640  
     001232  0611  
     001233  0514  
     001234  0440  
     001235  0000  
 463 001236  1107          TAD COUNT
 464 001237  1114          TAD FIELDS
 465 001240  0376          AND (7
 466 001241  1375          TAD ("0
 467 001242  4774          JMS TYPE
 468 001243  4570          JMS I [CRLF
 469 001244  5600          JMP I UERROR
 470               
 471 001245  0000  MDERR,  0
 472 001246  4571          JMS I [STRING
 473 001247  2422          TEXT /TRAPPED ON MEMORY DATA /
     001250  0120  
     001251  2005  
     001252  0440  
     001253  1716  
     001254  4015  
     001255  0515  
     001256  1722  
     001257  3140  
     001260  0401  
     001261  2401  
     001262  4000  
 474 001263  1067          TAD Q
 475 001264  4777          JMS OCTOUT
 476 001265  4570          JMS I [CRLF
 477 001266  5645          JMP I MDERR
 478               
 479 001267  0000  ERR1,   0
 480 001270  1773          TAD I (IOTX
 481 001271  4567          JMS I [OCTOUT
 482 001272  4571          JMS I [STRING
 483 001273  4027          TEXT / WRONGLY SKIPPED/
     001274  2217  
     001275  1607  
     001276  1431  
     001277  4023  
     001300  1311  
     001301  2020  
     001302  0504  
     001303  0000  
 484 001304  4570          JMS I [CRLF
 485 001305  5667          JMP I ERR1
 486               
 487 001306  0000  ERR2,   0
 488 001307  1566          TAD I [IOTX
 489 001310  4567          JMS I [OCTOUT
 490 001311  4571          JMS I [STRING
 491 001312  4006          TEXT / FAILED TO SKIP/
     001313  0111  
     001314  1405  
     001315  0440  
     001316  2417  
     001317  4023  
     001320  1311  
     001321  2000  
 492 001322  4570          JMS I [CRLF
 493 001323  5706          JMP I ERR2
 494               
 495 001324  0000  ERR3,   0
 496 001325  1566          TAD I [IOTX
 497 001326  4567          JMS I [OCTOUT
 498 001327  4571          JMS I [STRING
 499 001330  4006          TEXT / FAILED TO CLEAR AC/
     001331  0111  
     001332  1405  
     001333  0440  
     001334  2417  
     001335  4003  
     001336  1405  
     001337  0122  
     001340  4001  
     001341  0300  
 500 001342  4570          JMS I [CRLF
 501 001343  5724          JMP I ERR3
 502               
 503 001344  0000  ERR4,   0
 504 001345  1566          TAD I [IOTX
 505 001346  4567          JMS I [OCTOUT
 506 001347  4571          JMS I [STRING
 507 001350  4023          TEXT / SPOILED THE AC/
     001351  2017  
     001352  1114  
     001353  0504  
     001354  4024  
     001355  1005  
     001356  4001  
     001357  0300  
 508 001360  4570          JMS I [CRLF
 509 001361  5744          JMP I ERR4
 510 001373  0510  PAGE
     001374  2054  
     001375  0260  
     001376  0007  
     001377  1715  
 511               
 512 001400  0000  RDFER1, 0
 513 001401  4571          JMS I [STRING
 514 001402  2204          TEXT /RDF DID TRAP !/
     001403  0640  
     001404  0411  
     001405  0440  
     001406  2422  
     001407  0120  
     001410  4041  
     001411  0000  
 515 001412  4570          JMS I [CRLF
 516 001413  5600          JMP I RDFER1
 517               
 518 001414  0000  RDFER2, 0
 519 001415  4571          JMS I [STRING
 520 001416  2204          TEXT /RDF RETURNED WRONG ANSWER: /
     001417  0640  
     001420  2205  
     001421  2425  
     001422  2216  
     001423  0504  
     001424  4027  
     001425  2217  
     001426  1607  
     001427  4001  
     001430  1623  
     001431  2705  
     001432  2272  
     001433  4000  
 521 001434  1115          TAD AC
 522 001435  4567          JMS I [OCTOUT
 523 001436  4570          JMS I [CRLF
 524 001437  5614          JMP I RDFER2
 525               
 526               PAGE
 527 001600  0000  TRPALL, 0              /SUBROUTINE TO SET ALL BITS
 528 001601  1377          TAD (-100       /IN THE TRAP MEMORY (EXCEPT 600X)
 529 001602  3231          DCA TRPCNT
 530 001603  1231  TRP1,   TAD TRPCNT
 531 001604  1376          TAD (100        /MAKE IT POSITIVE
 532 001605  7104          CLL RAL
 533 001606  7006          RTL
 534 001607  6235          LTM             /SET TO TRAP
 535 001610  2231          ISZ TRPCNT       /DONE ?
 536 001611  5203          JMP TRP1        /NO
 537 001612  1375          TAD (6001        /UNTRAP ION FOR 6215, 6225
 538 001613  6235          LTM             /
 539 001614  5600          JMP I TRPALL     /YES, RETURN
 540 001615  0000  UTRALL, 0              /SUBROUTINE TO UNTRAP ALL DEVICE CODES
 541 001616  1377          TAD (-100
 542 001617  3231          DCA TRPCNT     /
 543 001620  1231  UTR1,   TAD TRPCNT
 544 001621  1376          TAD (100       /MAKE IT POTIVE
 545 001622  7104          CLL RAL
 546 001623  7006          RTL
 547 001624  7001          IAC            /SET UNTRAP BIT
 548 001625  6235          LTM
 549 001626  2231          ISZ TRPCNT     /DONE ?
 550 001627  5220          JMP UTR1      /NO
 551 001630  5615          JMP I UTRALL   /YES, RETURN
 552               
 553 001631  0000  TRPCNT, 0
 554               
 555 001632  0000  CDTOIF, 0      /TEST CDTOIF INSTRUCTION
 556 001633  1114          TAD FIELDS     /FOR ALL AVAILABLE FIELDS
 557 001634  7041          CIA
 558 001635  3110          DCA COUNT1     /
 559 001636  1110  CDT1,   TAD COUNT1
 560 001637  1114          TAD FIELDS     /MAKE POSITIVE FIELD NUMBER
 561 001640  7104          CLL RAL
 562 001641  7006          RTL
 563 001642  1165          TAD [CIF
 564 001643  3252          DCA CDT3       /
 565 001644  1252          TAD CDT3
 566 001645  7040          CMA           /MAKE COMPLEMENTARY CDF
 567 001646  0164          AND [70
 568 001647  1163          TAD [CDF
 569 001650  3251          DCA CDT2
 570 001651  7402  CDT2,   HLT           /CDF
 571 001652  7402  CDT3,   HLT           /CIF
 572 001653  4070          JMS CDTF       /DO CDTOIF IN SOME FIELD
 573 001654  6214          RDF           /READ DATA FIELD
 574 001655  6201          CDF 0         /RESET DF
 575 001656  7041          CIA
 576 001657  1252          TAD CDT3       /AND COMPARE WITH PREVIOUS
 577 001660  0164          AND [70               /INSTRUCTION FIELD
 578 001661  7640          SZA CLA               /OK ?
 579 001662  4774          JMS CDTERR    /NO, CDTOIF DID NOT WORK
 580 001663  2110          ISZ COUNT1     /TRY NEXT FIELD
 581 001664  5236          JMP CDT1
 582 001665  5632          JMP I CDTOIF   /END OF TEST
 583               
 584 001666  0000  CRLF,   0
 585 001667  1373          TAD (215
 586 001670  4772          JMS TYPE
 587 001671  1371          TAD (212
 588 001672  4772          JMS TYPE
 589 001673  5666          JMP I CRLF
 590               
 591 001674  0000  STRING, 0
 592 001675  1674          TAD I STRING
 593 001676  7002          BSW
 594 001677  4304          JMS BYTE
 595 001700  1674          TAD I STRING
 596 001701  2274          ISZ STRING
 597 001702  4304          JMS BYTE
 598 001703  5275          JMP STRING+1
 599               
 600 001704  0000  BYTE,   0
 601 001705  0370          AND (77
 602 001706  7450          SNA
 603 001707  5674          JMP I STRING
 604 001710  1367          TAD (240
 605 001711  0370          AND (77
 606 001712  1367          TAD (240
 607 001713  4772          JMS TYPE
 608 001714  5704          JMP I BYTE
 609               
 610 001715  0000  OCTOUT, 0
 611 001716  7004          RAL
 612 001717  4325          JMS DIGIT
 613 001720  4325          JMS DIGIT
 614 001721  4325          JMS DIGIT
 615 001722  4325          JMS DIGIT
 616 001723  7200          CLA
 617 001724  5715          JMP I OCTOUT
 618               
 619 001725  0000  DIGIT,  0
 620 001726  7004          RAL
 621 001727  7006          RTL
 622 001730  3337          DCA OCTEMP
 623 001731  1337          TAD OCTEMP
 624 001732  0366          AND (7
 625 001733  1365          TAD ("0
 626 001734  4772          JMS TYPE
 627 001735  1337          TAD OCTEMP
 628 001736  5725          JMP I DIGIT
 629               
 630 001737  0000  OCTEMP, 0
 631               
 632 001765  0260  PAGE
     001766  0007  
     001767  0240  
     001770  0077  
     001771  0212  
     001772  2054  
     001773  0215  
     001774  2027  
     001775  6001  
     001776  0100  
     001777  7700  
 633 002000  0000  INIT,   0
 634 002001  4571          JMS I [STRING
 635 002002  1011          TEXT /HIGHEST FIELD # ? /
     002003  0710  
     002004  0523  
     002005  2440  
     002006  0611  
     002007  0514  
     002010  0440  
     002011  4340  
     002012  7740  
     002013  0000  
 636 002014  6031          KSF
 637 002015  5214          JMP .-1
 638 002016  6036          KRB
 639 002017  6046          TLS
 640 002020  6041          TSF
 641 002021  5220          JMP .-1
 642 002022  0377          AND (7
 643 002023  7001          IAC
 644 002024  3114          DCA FIELDS
 645 002025  4570          JMS I [CRLF
 646 002026  5600          JMP I INIT
 647               
 648 002027  0000  CDTERR, 0
 649 002030  4571          JMS I [STRING
 650 002031  0304          TEXT /CDTOIF FAILED IN FIELD /
     002032  2417  
     002033  1106  
     002034  4006  
     002035  0111  
     002036  1405  
     002037  0440  
     002040  1116  
     002041  4006  
     002042  1105  
     002043  1404  
     002044  4000  
 651 002045  1110          TAD COUNT1
 652 002046  1114          TAD FIELDS
 653 002047  0162          AND [7
 654 002050  1161          TAD ["0
 655 002051  4254          JMS TYPE
 656 002052  4570          JMS I [CRLF
 657 002053  5627          JMP I CDTERR
 658               
 659 002054  0000  TYPE,   0
 660 002055  6046          TLS
 661 002056  6041          TSF
 662 002057  5256          JMP .-1
 663 002060  7200          CLA
 664 002061  6031          KSF
 665 002062  5654          JMP I TYPE
 666 002063  1376  CTRLQ,  TAD (7600
 667 002064  6034          KRS
 668 002065  1375          TAD (-7603
 669 002066  7450          SNA
 670 002067  5776          JMP I (7600
 671 002070  1374          TAD (3-23
 672 002071  7650          SNA CLA
 673 002072  5275          JMP CTRLS
 674 002073  6032          KCC
 675 002074  5654          JMP I TYPE
 676 002075  6032  CTRLS,  KCC
 677 002076  6031          KSF
 678 002077  5276          JMP .-1
 679 002100  5263          JMP CTRLQ
 680 002174  7760  PAGE
     002175  0175  
     002176  7600  
     002177  0007  
 681               /THE IOT TABLE. THE FORMAT IS: IOT;SHOULD-TRAP-IF-TRAPPED;SHOULD-TRAP-
 682               /IF-UNTRAPPED. THE TABLE ENDS WITH IOT=0
 683               
 684                         Y=7777
 685                         N=0000
 686 002200  6000  TABLE,  6000;Y;N
     002201  7777  
     002202  0000  
 687 002203  6006          6006;N;N      /SGT
     002204  0000  
     002205  0000  
 688               IFDEF PRODUCTION <
 689                       6010;Y;N
 690                       6020;Y;N
 691                       6030;Y;N
 692                       6040;Y;N
 693                       6050;Y;N
 694                       6060;Y;N
 695                       6070;Y;N
 696                       6100;Y;N
 697                       6110;Y;N
 698                       6120;Y;N
 699                       6130;Y;N
 700                       6140;Y;N
 701                       6150;Y;N
 702                       6160;Y;N
 703                       6170;Y;N      / >
 704 002206  6200          6200;Y;Y      /CDTOIF
     002207  7777  
     002210  7777  
 705 002211  6201          6201;Y;N      /CDF 0
     002212  7777  
     002213  0000  
 706 002214  6202          6202;Y;N      /CIF 0
     002215  7777  
     002216  0000  
 707 002217  6203          6203;Y;N      /CDF CIF 0
     002220  7777  
     002221  0000  
 708 002222  6204          6204;Y;Y      /CINT
     002223  7777  
     002224  7777  
 709 002225  6205          6205;Y;Y       /RTM
     002226  7777  
     002227  7777  
 710 002230  6206          6206;Y;Y
     002231  7777  
     002232  7777  
 711 002233  6207          6207;Y;Y
     002234  7777  
     002235  7777  
 712 002236  6210          6210;Y;Y
     002237  7777  
     002240  7777  
 713 002241  6211          6211;Y;N       /CDF 10
     002242  7777  
     002243  0000  
 714 002244  6212          6212;Y;N       /CIF 10
     002245  7777  
     002246  0000  
 715 002247  6213          6213;Y;N       /CDF CIF 10
     002250  7777  
     002251  0000  
 716 002252  6214          6214;N;N       /RDF
     002253  0000  
     002254  0000  
 717 002255  6215          6215;Y;Y       /SKME
     002256  7777  
     002257  7777  
 718 002260  6216          6216;Y;Y
     002261  7777  
     002262  7777  
 719 002263  6217          6217;Y;Y
     002264  7777  
     002265  7777  
 720 002266  6220          6220;Y;Y
     002267  7777  
     002270  7777  
 721 002271  6221          6221;Y;N       /CDF 20
     002272  7777  
     002273  0000  
 722 002274  6222          6222;Y;N       /CIF 20
     002275  7777  
     002276  0000  
 723 002277  6223          6223;Y;N       /CDF CIF 30
     002300  7777  
     002301  0000  
 724 002302  6224          6224;N;N       /RIF
     002303  0000  
     002304  0000  
 725 002305  6225          6225;Y;Y       /SKMM
     002306  7777  
     002307  7777  
 726 002310  6226          6226;Y;Y
     002311  7777  
     002312  7777  
 727 002313  6227          6227;Y;Y
     002314  7777  
     002315  7777  
 728 002316  6230          6230;Y;Y
     002317  7777  
     002320  7777  
 729 002321  6231          6231;Y;N       /CDF 30
     002322  7777  
     002323  0000  
 730 002324  6232          6232;Y;N       /CIF 30
     002325  7777  
     002326  0000  
 731 002327  6233          6233;Y;N       /CDF CIF 0
     002330  7777  
     002331  0000  
 732 002332  6234          6234;Y;Y
     002333  7777  
     002334  7777  
 733 002335  6235          6235;Y;Y
     002336  7777  
     002337  7777  
 734 002340  6236          6236;Y;Y
     002341  7777  
     002342  7777  
 735 002343  6237          6237;Y;Y
     002344  7777  
     002345  7777  
 736 002346  6240          6240;Y;Y
     002347  7777  
     002350  7777  
 737 002351  6241          6241;Y;N       /CDF 40
     002352  7777  
     002353  0000  
 738 002354  6242          6242;Y;N       /CIF 40
     002355  7777  
     002356  0000  
 739 002357  6243          6243;Y;N       /CDF CIF 40
     002360  7777  
     002361  0000  
 740 002362  6244          6244;Y;Y
     002363  7777  
     002364  7777  
 741 002365  6245          6245;Y;Y
     002366  7777  
     002367  7777  
 742 002370  6246          6246;Y;Y
     002371  7777  
     002372  7777  
 743 002373  6247          6247;Y;Y
     002374  7777  
     002375  7777  
 744 002376  6250          6250;Y;Y
     002377  7777  
     002400  7777  
 745 002401  6251          6251;Y;N       /CDF 50
     002402  7777  
     002403  0000  
 746 002404  6252          6252;Y;N       /CIF 50
     002405  7777  
     002406  0000  
 747 002407  6253          6253;Y;N       /CDF CIF 50
     002410  7777  
     002411  0000  
 748 002412  6254          6254;Y;Y
     002413  7777  
     002414  7777  
 749 002415  6255          6255;Y;Y
     002416  7777  
     002417  7777  
 750 002420  6256          6256;Y;Y
     002421  7777  
     002422  7777  
 751 002423  6257          6257;Y;Y
     002424  7777  
     002425  7777  
 752 002426  6260          6260;Y;Y
     002427  7777  
     002430  7777  
 753 002431  6261          6261;Y;N      /CDF 60
     002432  7777  
     002433  0000  
 754 002434  6262          6262;Y;N      /CIF 60
     002435  7777  
     002436  0000  
 755 002437  6263          6263;Y;N      /CDF CIF 60
     002440  7777  
     002441  0000  
 756 002442  6264          6264;Y;Y
     002443  7777  
     002444  7777  
 757 002445  6265          6265;Y;Y
     002446  7777  
     002447  7777  
 758 002450  6266          6266;Y;Y
     002451  7777  
     002452  7777  
 759 002453  6267          6267;Y;Y
     002454  7777  
     002455  7777  
 760 002456  6270          6270;Y;Y
     002457  7777  
     002460  7777  
 761 002461  6271          6271;Y;N      /CDF 70
     002462  7777  
     002463  0000  
 762 002464  6272          6272;Y;N      /CIF 70
     002465  7777  
     002466  0000  
 763 002467  6273          6273;Y;N      /CDF CIF 70
     002470  7777  
     002471  0000  
 764 002472  6274          6274;Y;Y
     002473  7777  
     002474  7777  
 765 002475  6275          6275;Y;Y
     002476  7777  
     002477  7777  
 766 002500  6276          6276;Y;Y
     002501  7777  
     002502  7777  
 767 002503  6277          6277;Y;Y
     002504  7777  
     002505  7777  
 768               IFDEF PRODUCTION <
 769                       6300;Y;N
 770                       6310;Y;N
 771                       6320;Y;N
 772                       6320;Y;N
 773                       6330;Y;N
 774                       6340;Y;N
 775                       6350;Y;N
 776                       6360;Y;N
 777                       6370;Y;N
 778                       6400;Y;N
 779                       6410;Y;N
 780                       6420;Y;N
 781                       6430;Y;N
 782                       6440;Y;N
 783                       6450;Y;N
 784                       6460;Y;N
 785                       6470;Y;N
 786                       6500;Y;N
 787                       6510;Y;N
 788                       6520;Y;N
 789                       6530;Y;N
 790                       6540;Y;N
 791                       6550;Y;N
 792                       6560;Y;N
 793                       6570;Y;N
 794                       6600;Y;N
 795                       6610;Y;N
 796                       6620;Y;N
 797                       6630;Y;N
 798                       6640;Y;N
 799                       6650;Y;N
 800                       6660;Y;N
 801                       6670;Y;N
 802                       6700;Y;N
 803                       6710;Y;N
 804                       6720;Y;N
 805                       6730;Y;N
 806                       6740;Y;N
 807                       6750;Y;N
 808                       6760;Y;N
 809                       6770;Y;N       / >
 810 002506  7402          7402;Y;Y       /HLT
     002507  7777  
     002510  7777  
 811 002511  7404          7404;Y;Y       /OSR
     002512  7777  
     002513  7777  
 812 002514  0000          0             /END OF TABLE
 813               
 814               /LIST FOR STATIC IOT TEST. EACH ENTRY CONSISTS OF
 815               /IOT-CODE, SHOULD-SKIP, MAY-CHANGE-AC, (SHOULD-CLEAR-AC).
 816               /THE LAST ELEMENT IS ONLY NEEDED IF MAY-CHANGE-AC IS YES.
 817 002515  6200  IOTLST, 6200;N;N
     002516  0000  
     002517  0000  
 818 002520  6275          CMME;N;N
     002521  0000  
     002522  0000  
 819 002523  6205          RTM;N;Y;N
     002524  0000  
     002525  7777  
     002526  0000  
 820 002527  6215          SKME;N;N
     002530  0000  
     002531  0000  
 821 002532  6225          SKMM;Y;N
     002533  7777  
     002534  0000  
 822 002535  6235          LTM;N;Y;Y
     002536  0000  
     002537  7777  
     002540  7777  
 823 002541  6245          LRM;N;Y;Y
     002542  0000  
     002543  7777  
     002544  7777  
 824 002545  6265          SMME;N;N
     002546  0000  
     002547  0000  
 825 002550  6215          SKME;Y;N
     002551  7777  
     002552  0000  
 826 002553  6225          SKMM;Y;N
     002554  7777  
     002555  0000  
 827 002556  6205          RTM;N;Y;N
     002557  0000  
     002560  7777  
     002561  0000  
 828 002562  6235          LTM;N;Y;Y
     002563  0000  
     002564  7777  
     002565  7777  
 829 002566  6245          LRM;N;Y;Y
     002567  0000  
     002570  7777  
     002571  7777  
 830 002572  0000          0
 831 000161  0260  $
     000162  0007  
     000163  6201  
     000164  0070  
     000165  6202  
     000166  0510  
     000167  1715  
     000170  1666  
     000171  1674  
     000172  1632  
     000173  0067  
     000174  7000  
     000175  7727  
     000176  1023  
     000177  1000  
