Analysis & Synthesis report for mmu8l
Thu Jun 25 23:21:45 2026
Quartus II 64-Bit Version 13.0.1 Build 232 06/12/2013 Service Pack 1 SJ Web Edition


---------------------
; Table of Contents ;
---------------------
  1. Legal Notice
  2. Analysis & Synthesis Summary
  3. Analysis & Synthesis Settings
  4. Parallel Compilation
  5. Analysis & Synthesis Source Files Read
  6. Analysis & Synthesis Resource Usage Summary
  7. Analysis & Synthesis Resource Utilization by Entity
  8. User-Specified and Inferred Latches
  9. Analysis & Synthesis Messages
 10. Analysis & Synthesis Suppressed Messages



----------------
; Legal Notice ;
----------------
Copyright (C) 1991-2013 Altera Corporation
Your use of Altera Corporation's design tools, logic functions 
and other software and tools, and its AMPP partner logic 
functions, and any output files from any of the foregoing 
(including device programming or simulation files), and any 
associated documentation or information are expressly subject 
to the terms and conditions of the Altera Program License 
Subscription Agreement, Altera MegaCore Function License 
Agreement, or other applicable license agreement, including, 
without limitation, that your use is for the sole purpose of 
programming logic devices manufactured by Altera and sold by 
Altera or its authorized distributors.  Please refer to the 
applicable agreement for further details.



+-------------------------------------------------------------------------------+
; Analysis & Synthesis Summary                                                  ;
+-----------------------------+-------------------------------------------------+
; Analysis & Synthesis Status ; Successful - Thu Jun 25 23:21:45 2026           ;
; Quartus II 64-Bit Version   ; 13.0.1 Build 232 06/12/2013 SP 1 SJ Web Edition ;
; Revision Name               ; mmu8l                                           ;
; Top-level Entity Name       ; mmu8l                                           ;
; Family                      ; MAX7000S                                        ;
; Total macrocells            ; 51                                              ;
; Total pins                  ; 68                                              ;
+-----------------------------+-------------------------------------------------+


+---------------------------------------------------------------------------------------------------------------+
; Analysis & Synthesis Settings                                                                                 ;
+----------------------------------------------------------------------------+------------------+---------------+
; Option                                                                     ; Setting          ; Default Value ;
+----------------------------------------------------------------------------+------------------+---------------+
; Device                                                                     ; EPM7128SQI100-10 ;               ;
; Top-level entity name                                                      ; mmu8l            ; mmu8l         ;
; Family name                                                                ; MAX7000S         ; Cyclone IV GX ;
; Use smart compilation                                                      ; Off              ; Off           ;
; Enable parallel Assembler and TimeQuest Timing Analyzer during compilation ; On               ; On            ;
; Enable compact report table                                                ; Off              ; Off           ;
; Create Debugging Nodes for IP Cores                                        ; Off              ; Off           ;
; Preserve fewer node names                                                  ; On               ; On            ;
; Disable OpenCore Plus hardware evaluation                                  ; Off              ; Off           ;
; Verilog Version                                                            ; Verilog_2001     ; Verilog_2001  ;
; VHDL Version                                                               ; VHDL_1993        ; VHDL_1993     ;
; State Machine Processing                                                   ; Auto             ; Auto          ;
; Safe State Machine                                                         ; Off              ; Off           ;
; Extract Verilog State Machines                                             ; On               ; On            ;
; Extract VHDL State Machines                                                ; On               ; On            ;
; Ignore Verilog initial constructs                                          ; Off              ; Off           ;
; Iteration limit for constant Verilog loops                                 ; 5000             ; 5000          ;
; Iteration limit for non-constant Verilog loops                             ; 250              ; 250           ;
; Add Pass-Through Logic to Inferred RAMs                                    ; On               ; On            ;
; Infer RAMs from Raw Logic                                                  ; On               ; On            ;
; Parallel Synthesis                                                         ; On               ; On            ;
; NOT Gate Push-Back                                                         ; On               ; On            ;
; Power-Up Don't Care                                                        ; On               ; On            ;
; Remove Duplicate Registers                                                 ; On               ; On            ;
; Ignore CARRY Buffers                                                       ; Off              ; Off           ;
; Ignore CASCADE Buffers                                                     ; Off              ; Off           ;
; Ignore GLOBAL Buffers                                                      ; Off              ; Off           ;
; Ignore ROW GLOBAL Buffers                                                  ; Off              ; Off           ;
; Ignore LCELL Buffers                                                       ; Auto             ; Auto          ;
; Ignore SOFT Buffers                                                        ; Off              ; Off           ;
; Limit AHDL Integers to 32 Bits                                             ; Off              ; Off           ;
; Optimization Technique                                                     ; Speed            ; Speed         ;
; Allow XOR Gate Usage                                                       ; On               ; On            ;
; Auto Logic Cell Insertion                                                  ; On               ; On            ;
; Parallel Expander Chain Length                                             ; 4                ; 4             ;
; Auto Parallel Expanders                                                    ; On               ; On            ;
; Auto Open-Drain Pins                                                       ; On               ; On            ;
; Auto Resource Sharing                                                      ; Off              ; Off           ;
; Maximum Fan-in Per Macrocell                                               ; 100              ; 100           ;
; Use LogicLock Constraints during Resource Balancing                        ; On               ; On            ;
; Ignore translate_off and synthesis_off directives                          ; Off              ; Off           ;
; Report Parameter Settings                                                  ; On               ; On            ;
; Report Source Assignments                                                  ; On               ; On            ;
; Report Connectivity Checks                                                 ; On               ; On            ;
; HDL message level                                                          ; Level2           ; Level2        ;
; Suppress Register Optimization Related Messages                            ; Off              ; Off           ;
; Number of Removed Registers Reported in Synthesis Report                   ; 5000             ; 5000          ;
; Number of Swept Nodes Reported in Synthesis Report                         ; 5000             ; 5000          ;
; Number of Inverted Registers Reported in Synthesis Report                  ; 100              ; 100           ;
; Block Design Naming                                                        ; Auto             ; Auto          ;
; Synthesis Effort                                                           ; Auto             ; Auto          ;
; Shift Register Replacement - Allow Asynchronous Clear Signal               ; On               ; On            ;
; Pre-Mapping Resynthesis Optimization                                       ; Off              ; Off           ;
; Analysis & Synthesis Message Level                                         ; Medium           ; Medium        ;
; Disable Register Merging Across Hierarchies                                ; Auto             ; Auto          ;
; Synthesis Seed                                                             ; 1                ; 1             ;
+----------------------------------------------------------------------------+------------------+---------------+


Parallel compilation was disabled, but you have multiple processors available. Enable parallel compilation to reduce compilation time.
+-------------------------------------+
; Parallel Compilation                ;
+----------------------------+--------+
; Processors                 ; Number ;
+----------------------------+--------+
; Number detected on machine ; 16     ;
; Maximum allowed            ; 1      ;
+----------------------------+--------+


+--------------------------------------------------------------------------------------------------------------------------------------------------------------------------------------+
; Analysis & Synthesis Source Files Read                                                                                                                                               ;
+----------------------------------------------------------------+-----------------+------------------------+----------------------------------------------------------------+---------+
; File Name with User-Entered Path                               ; Used in Netlist ; File Type              ; File Name with Absolute Path                                   ; Library ;
+----------------------------------------------------------------+-----------------+------------------------+----------------------------------------------------------------+---------+
; //wsl.localhost/Ubuntu/home/vrs/Verilog/projects/mmu8l/mmu8l.v ; yes             ; User Verilog HDL File  ; //wsl.localhost/Ubuntu/home/vrs/Verilog/projects/mmu8l/mmu8l.v ;         ;
+----------------------------------------------------------------+-----------------+------------------------+----------------------------------------------------------------+---------+


+---------------------------------------------+
; Analysis & Synthesis Resource Usage Summary ;
+----------------------+----------------------+
; Resource             ; Usage                ;
+----------------------+----------------------+
; Logic cells          ; 51                   ;
; Total registers      ; 0                    ;
; I/O pins             ; 68                   ;
; Shareable expanders  ; 7                    ;
; Parallel expanders   ; 1                    ;
; Maximum fan-out node ; MB[5]                ;
; Maximum fan-out      ; 22                   ;
; Total fan-out        ; 393                  ;
; Average fan-out      ; 3.12                 ;
+----------------------+----------------------+


+-------------------------------------------------------------------------------------+
; Analysis & Synthesis Resource Utilization by Entity                                 ;
+----------------------------+------------+------+---------------------+--------------+
; Compilation Hierarchy Node ; Macrocells ; Pins ; Full Hierarchy Name ; Library Name ;
+----------------------------+------------+------+---------------------+--------------+
; |mmu8l                     ; 51         ; 68   ; |mmu8l              ; work         ;
+----------------------------+------------+------+---------------------+--------------+


+----------------------------------------------------------------------------------------------------+
; User-Specified and Inferred Latches                                                                ;
+-----------------------------------------------------+---------------------+------------------------+
; Latch Name                                          ; Latch Enable Signal ; Free of Timing Hazards ;
+-----------------------------------------------------+---------------------+------------------------+
; EA[1]$latch                                         ; EA[0]               ; yes                    ;
; EA[2]$latch                                         ; EA[0]               ; yes                    ;
; EA[0]$latch                                         ; EA[0]               ; yes                    ;
; inth                                                ; GND                 ; yes                    ;
; DF[1]                                               ; DF[0]               ; yes                    ;
; ib[1]                                               ; ib[0]               ; yes                    ;
; IF[1]                                               ; IF[0]               ; yes                    ;
; WRITE                                               ; GND                 ; yes                    ;
; DF[2]                                               ; DF[0]               ; yes                    ;
; ib[2]                                               ; ib[0]               ; yes                    ;
; IF[2]                                               ; IF[0]               ; yes                    ;
; DF[0]                                               ; DF[0]               ; yes                    ;
; ib[0]                                               ; ib[0]               ; yes                    ;
; IF[0]                                               ; IF[0]               ; yes                    ;
; sf[3]                                               ; LOAD_SF_L           ; yes                    ;
; sf[2]                                               ; LOAD_SF_L           ; yes                    ;
; sf[5]                                               ; LOAD_SF_L           ; yes                    ;
; sf[6]                                               ; LOAD_SF_L           ; yes                    ;
; sf[4]                                               ; LOAD_SF_L           ; yes                    ;
; Number of user-specified and inferred latches = 19  ;                     ;                        ;
+-----------------------------------------------------+---------------------+------------------------+
Note: All latches listed above may not be present at the end of synthesis due to various synthesis optimizations.


+-------------------------------+
; Analysis & Synthesis Messages ;
+-------------------------------+
Info: *******************************************************************
Info: Running Quartus II 64-Bit Analysis & Synthesis
    Info: Version 13.0.1 Build 232 06/12/2013 Service Pack 1 SJ Web Edition
    Info: Processing started: Thu Jun 25 23:21:43 2026
Info: Command: quartus_map --read_settings_files=on --write_settings_files=off mmu8l -c mmu8l
Info (12021): Found 1 design units, including 1 entities, in source file //wsl.localhost/ubuntu/home/vrs/verilog/projects/mmu8l/mc8l.v
    Info (12023): Found entity 1: mc8l
Info (12021): Found 1 design units, including 1 entities, in source file //wsl.localhost/ubuntu/home/vrs/verilog/projects/mmu8l/mmu8l.v
    Info (12023): Found entity 1: mmu8l
Info (12021): Found 1 design units, including 1 entities, in source file //wsl.localhost/ubuntu/home/vrs/verilog/projects/mmu8l/mm32k.v
    Info (12023): Found entity 1: mm32k
Info (12127): Elaborating entity "mmu8l" for the top level hierarchy
Warning (10240): Verilog HDL Always Construct warning at mmu8l.v(171): inferring latch(es) for variable "EA", which holds its previous value in one or more paths through the always construct
Warning (10240): Verilog HDL Always Construct warning at mmu8l.v(181): inferring latch(es) for variable "IF", which holds its previous value in one or more paths through the always construct
Warning (10240): Verilog HDL Always Construct warning at mmu8l.v(191): inferring latch(es) for variable "ib", which holds its previous value in one or more paths through the always construct
Warning (10240): Verilog HDL Always Construct warning at mmu8l.v(203): inferring latch(es) for variable "DF", which holds its previous value in one or more paths through the always construct
Warning (10240): Verilog HDL Always Construct warning at mmu8l.v(218): inferring latch(es) for variable "inth", which holds its previous value in one or more paths through the always construct
Warning (10240): Verilog HDL Always Construct warning at mmu8l.v(230): inferring latch(es) for variable "WRITE", which holds its previous value in one or more paths through the always construct
Warning (10240): Verilog HDL Always Construct warning at mmu8l.v(297): inferring latch(es) for variable "sf", which holds its previous value in one or more paths through the always construct
Info (10041): Inferred latch for "sf[6]" at mmu8l.v(300)
Info (10041): Inferred latch for "sf[5]" at mmu8l.v(300)
Info (10041): Inferred latch for "sf[4]" at mmu8l.v(300)
Info (10041): Inferred latch for "sf[3]" at mmu8l.v(300)
Info (10041): Inferred latch for "sf[2]" at mmu8l.v(300)
Info (10041): Inferred latch for "sf[1]" at mmu8l.v(300)
Info (10041): Inferred latch for "WRITE" at mmu8l.v(233)
Info (10041): Inferred latch for "inth" at mmu8l.v(221)
Info (10041): Inferred latch for "DF[2]" at mmu8l.v(206)
Info (10041): Inferred latch for "DF[1]" at mmu8l.v(206)
Info (10041): Inferred latch for "DF[0]" at mmu8l.v(206)
Info (10041): Inferred latch for "ib[2]" at mmu8l.v(194)
Info (10041): Inferred latch for "ib[1]" at mmu8l.v(194)
Info (10041): Inferred latch for "ib[0]" at mmu8l.v(194)
Info (10041): Inferred latch for "IF[2]" at mmu8l.v(184)
Info (10041): Inferred latch for "IF[1]" at mmu8l.v(184)
Info (10041): Inferred latch for "IF[0]" at mmu8l.v(184)
Info (10041): Inferred latch for "EA[2]" at mmu8l.v(174)
Info (10041): Inferred latch for "EA[1]" at mmu8l.v(174)
Info (10041): Inferred latch for "EA[0]" at mmu8l.v(174)
Warning (21074): Design contains 14 input pin(s) that do not drive logic
    Warning (15610): No output dependent on input pin "DEL1"
    Warning (15610): No output dependent on input pin "DEL2"
    Warning (15610): No output dependent on input pin "DEL4"
    Warning (15610): No output dependent on input pin "DEL6"
Info (21057): Implemented 126 device resources after synthesis - the final resource count might be different
    Info (21058): Implemented 45 input pins
    Info (21059): Implemented 23 output pins
    Info (21063): Implemented 51 macrocells
    Info (21073): Implemented 7 shareable expanders
Info (144001): Generated suppressed messages file //wsl.localhost/Ubuntu/home/vrs/Eagle/projects/DEC/Posibus/pld/MM8L/mmu8l/output_files/mmu8l.map.smsg
Info: Quartus II 64-Bit Analysis & Synthesis was successful. 0 errors, 12 warnings
    Info: Peak virtual memory: 4586 megabytes
    Info: Processing ended: Thu Jun 25 23:21:45 2026
    Info: Elapsed time: 00:00:02
    Info: Total CPU time (on all processors): 00:00:01


+------------------------------------------+
; Analysis & Synthesis Suppressed Messages ;
+------------------------------------------+
The suppressed messages can be found in //wsl.localhost/Ubuntu/home/vrs/Eagle/projects/DEC/Posibus/pld/MM8L/mmu8l/output_files/mmu8l.map.smsg.


