Flow report for mmu8l
Thu Jun 25 23:21:53 2026
Quartus II 64-Bit Version 13.0.1 Build 232 06/12/2013 Service Pack 1 SJ Web Edition


---------------------
; Table of Contents ;
---------------------
  1. Legal Notice
  2. Flow Summary
  3. Flow Settings
  4. Flow Non-Default Global Settings
  5. Flow Elapsed Time
  6. Flow OS Summary
  7. Flow Log
  8. Flow Messages
  9. Flow Suppressed Messages



----------------
; Legal Notice ;
----------------
Copyright (C) 1991-2013 Altera Corporation
Your use of Altera Corporation's design tools, logic functions 
and other software and tools, and its AMPP partner logic 
functions, and any output files from any of the foregoing 
(including device programming or simulation files), and any 
associated documentation or information are expressly subject 
to the terms and conditions of the Altera Program License 
Subscription Agreement, Altera MegaCore Function License 
Agreement, or other applicable license agreement, including, 
without limitation, that your use is for the sole purpose of 
programming logic devices manufactured by Altera and sold by 
Altera or its authorized distributors.  Please refer to the 
applicable agreement for further details.



+-----------------------------------------------------------------------------+
; Flow Summary                                                                ;
+---------------------------+-------------------------------------------------+
; Flow Status               ; Successful - Thu Jun 25 23:21:51 2026           ;
; Quartus II 64-Bit Version ; 13.0.1 Build 232 06/12/2013 SP 1 SJ Web Edition ;
; Revision Name             ; mmu8l                                           ;
; Top-level Entity Name     ; mmu8l                                           ;
; Family                    ; MAX7000S                                        ;
; Device                    ; EPM7128SQI100-10                                ;
; Timing Models             ; Final                                           ;
; Total macrocells          ; 51 / 128 ( 40 % )                               ;
; Total pins                ; 72 / 84 ( 86 % )                                ;
+---------------------------+-------------------------------------------------+


+-----------------------------------------+
; Flow Settings                           ;
+-------------------+---------------------+
; Option            ; Setting             ;
+-------------------+---------------------+
; Start date & time ; 06/25/2026 23:21:44 ;
; Main task         ; Compilation         ;
; Revision Name     ; mmu8l               ;
+-------------------+---------------------+


+-------------------------------------------------------------------------------------------------------------------------------+
; Flow Non-Default Global Settings                                                                                              ;
+--------------------------------------------------+---------------------------------+---------------+-------------+------------+
; Assignment Name                                  ; Value                           ; Default Value ; Entity Name ; Section Id ;
+--------------------------------------------------+---------------------------------+---------------+-------------+------------+
; COMPILER_SIGNATURE_ID                            ; 260109148983944.178245490415940 ; --            ; --          ; --         ;
; FITTER_EFFORT                                    ; Standard Fit                    ; Auto Fit      ; --          ; --         ;
; OPTIMIZE_HOLD_TIMING                             ; Off                             ; --            ; --          ; --         ;
; PROJECT_OUTPUT_DIRECTORY                         ; output_files                    ; --            ; --          ; --         ;
; TIMEQUEST_REPORT_SCRIPT_INCLUDE_DEFAULT_ANALYSIS ; Off                             ; On            ; --          ; --         ;
+--------------------------------------------------+---------------------------------+---------------+-------------+------------+


+-------------------------------------------------------------------------------------------------------------------------------+
; Flow Elapsed Time                                                                                                             ;
+---------------------------+--------------+-------------------------+---------------------+------------------------------------+
; Module Name               ; Elapsed Time ; Average Processors Used ; Peak Virtual Memory ; Total CPU Time (on all processors) ;
+---------------------------+--------------+-------------------------+---------------------+------------------------------------+
; Analysis & Synthesis      ; 00:00:02     ; 1.0                     ; 4586 MB             ; 00:00:01                           ;
; Fitter                    ; 00:00:03     ; 1.0                     ; 4695 MB             ; 00:00:01                           ;
; Assembler                 ; 00:00:01     ; 1.0                     ; 4515 MB             ; 00:00:00                           ;
; TimeQuest Timing Analyzer ; 00:00:01     ; 1.0                     ; 4524 MB             ; 00:00:01                           ;
; Total                     ; 00:00:07     ; --                      ; --                  ; 00:00:03                           ;
+---------------------------+--------------+-------------------------+---------------------+------------------------------------+


+----------------------------------------------------------------------------------------+
; Flow OS Summary                                                                        ;
+---------------------------+------------------+-----------+------------+----------------+
; Module Name               ; Machine Hostname ; OS Name   ; OS Version ; Processor type ;
+---------------------------+------------------+-----------+------------+----------------+
; Analysis & Synthesis      ; vrs42            ; Windows 7 ; 6.2        ; x86_64         ;
; Fitter                    ; vrs42            ; Windows 7 ; 6.2        ; x86_64         ;
; Assembler                 ; vrs42            ; Windows 7 ; 6.2        ; x86_64         ;
; TimeQuest Timing Analyzer ; vrs42            ; Windows 7 ; 6.2        ; x86_64         ;
+---------------------------+------------------+-----------+------------+----------------+


------------
; Flow Log ;
------------
quartus_map --read_settings_files=on --write_settings_files=off mmu8l -c mmu8l
quartus_fit --read_settings_files=off --write_settings_files=off mmu8l -c mmu8l
quartus_asm --read_settings_files=off --write_settings_files=off mmu8l -c mmu8l
quartus_sta mmu8l -c mmu8l



