TimeQuest Timing Analyzer report for mmu8l
Thu Jun 25 23:21:53 2026
Quartus II 64-Bit Version 13.0.1 Build 232 06/12/2013 Service Pack 1 SJ Web Edition


---------------------
; Table of Contents ;
---------------------
  1. Legal Notice
  2. TimeQuest Timing Analyzer Summary
  3. Parallel Compilation
  4. Clocks
  5. Fmax Summary
  6. Setup Summary
  7. Hold Summary
  8. Recovery Summary
  9. Removal Summary
 10. Minimum Pulse Width Summary
 11. Propagation Delay
 12. Minimum Propagation Delay
 13. Clock Transfers
 14. Report TCCS
 15. Report RSKM
 16. Unconstrained Paths
 17. TimeQuest Timing Analyzer Messages
 18. TimeQuest Timing Analyzer Suppressed Messages



----------------
; Legal Notice ;
----------------
Copyright (C) 1991-2013 Altera Corporation
Your use of Altera Corporation's design tools, logic functions 
and other software and tools, and its AMPP partner logic 
functions, and any output files from any of the foregoing 
(including device programming or simulation files), and any 
associated documentation or information are expressly subject 
to the terms and conditions of the Altera Program License 
Subscription Agreement, Altera MegaCore Function License 
Agreement, or other applicable license agreement, including, 
without limitation, that your use is for the sole purpose of 
programming logic devices manufactured by Altera and sold by 
Altera or its authorized distributors.  Please refer to the 
applicable agreement for further details.



+----------------------------------------------------------------------------------------+
; TimeQuest Timing Analyzer Summary                                                      ;
+--------------------+-------------------------------------------------------------------+
; Quartus II Version ; Version 13.0.1 Build 232 06/12/2013 Service Pack 1 SJ Web Edition ;
; Revision Name      ; mmu8l                                                             ;
; Device Family      ; MAX7000S                                                          ;
; Device Name        ; EPM7128SQI100-10                                                  ;
; Timing Models      ; Final                                                             ;
; Delay Model        ; Slow Model                                                        ;
; Rise/Fall Delays   ; Unavailable                                                       ;
+--------------------+-------------------------------------------------------------------+


Parallel compilation was disabled, but you have multiple processors available. Enable parallel compilation to reduce compilation time.
+-------------------------------------+
; Parallel Compilation                ;
+----------------------------+--------+
; Processors                 ; Number ;
+----------------------------+--------+
; Number detected on machine ; 16     ;
; Maximum allowed            ; 1      ;
+----------------------------+--------+


----------
; Clocks ;
----------
No clocks to report.


----------------
; Fmax Summary ;
----------------
No paths to report.


-----------------
; Setup Summary ;
-----------------
No paths to report.


----------------
; Hold Summary ;
----------------
No paths to report.


--------------------
; Recovery Summary ;
--------------------
No paths to report.


-------------------
; Removal Summary ;
-------------------
No paths to report.


-------------------------------
; Minimum Pulse Width Summary ;
-------------------------------
No paths to report.


+---------------------------------------------------------------------+
; Propagation Delay                                                   ;
+---------------+-------------+---------+---------+---------+---------+
; Input Port    ; Output Port ; RR      ; RF      ; FR      ; FF      ;
+---------------+-------------+---------+---------+---------+---------+
; BF_ENABLE_L   ; EA[0]       ; 18.000  ;         ;         ; 18.000  ;
; BF_ENABLE_L   ; EA[1]       ; 18.000  ;         ;         ; 18.000  ;
; BF_ENABLE_L   ; EA[2]       ; 18.000  ; 18.000  ; 18.000  ; 18.000  ;
; BF_ENABLE_L   ; EA_L        ; 26.000  ; 26.000  ; 26.000  ; 26.000  ;
; BF_ENABLE_L   ; EMA         ; 26.000  ; 26.000  ; 26.000  ; 26.000  ;
; BF_ENABLE_L   ; EMA_L       ; 26.000  ; 26.000  ; 26.000  ; 26.000  ;
; BF_ENABLE_L   ; FIELD1      ; 26.000  ; 26.000  ; 26.000  ; 26.000  ;
; DEL3          ; EA[0]       ; 18.000  ; 15.000  ; 15.000  ; 18.000  ;
; DEL3          ; EA[1]       ; 18.000  ; 15.000  ; 15.000  ; 18.000  ;
; DEL3          ; EA[2]       ; 18.000  ; 26.000  ; 26.000  ; 18.000  ;
; DEL3          ; EA_L        ; 34.000  ; 26.000  ; 26.000  ; 34.000  ;
; DEL3          ; EMA         ; 26.000  ; 34.000  ; 34.000  ; 26.000  ;
; DEL3          ; EMA_L       ; 34.000  ; 26.000  ; 26.000  ; 34.000  ;
; DEL3          ; FIELD1      ; 26.000  ; 34.000  ; 34.000  ; 26.000  ;
; DEL5          ; EA[0]       ; 28.000  ; 31.000  ; 31.000  ; 28.000  ;
; DEL5          ; EA[1]       ; 28.000  ; 31.000  ; 31.000  ; 28.000  ;
; DEL5          ; EA[2]       ; 39.000  ; 31.000  ; 31.000  ; 39.000  ;
; DEL5          ; EA_L        ; 39.000  ; 47.000  ; 47.000  ; 39.000  ;
; DEL5          ; EMA         ; 47.000  ; 39.000  ; 39.000  ; 47.000  ;
; DEL5          ; EMA_L       ; 39.000  ; 47.000  ; 47.000  ; 39.000  ;
; DEL5          ; FIELD1      ; 47.000  ; 39.000  ; 39.000  ; 47.000  ;
; DF_ENABLE_L   ; EA[0]       ; 18.000  ; 18.000  ; 18.000  ; 18.000  ;
; DF_ENABLE_L   ; EA[1]       ; 18.000  ; 18.000  ; 18.000  ; 18.000  ;
; DF_ENABLE_L   ; EA[2]       ; 18.000  ; 18.000  ; 18.000  ; 18.000  ;
; DF_ENABLE_L   ; EA_L        ; 26.000  ; 26.000  ; 26.000  ; 26.000  ;
; DF_ENABLE_L   ; EMA         ; 26.000  ; 26.000  ; 26.000  ; 26.000  ;
; DF_ENABLE_L   ; EMA_L       ; 26.000  ; 26.000  ; 26.000  ; 26.000  ;
; DF_ENABLE_L   ; FIELD1      ; 26.000  ; 26.000  ; 26.000  ; 26.000  ;
; EXDA_L[0]     ; EA[2]       ;         ; 18.000  ; 18.000  ;         ;
; EXDA_L[0]     ; EA_L        ; 26.000  ;         ;         ; 26.000  ;
; EXDA_L[0]     ; EMA         ;         ; 26.000  ; 26.000  ;         ;
; EXDA_L[0]     ; EMA_L       ; 26.000  ;         ;         ; 26.000  ;
; EXDA_L[0]     ; FIELD1      ;         ; 26.000  ; 26.000  ;         ;
; EXDA_L[1]     ; EA[2]       ;         ; 18.000  ; 18.000  ;         ;
; EXDA_L[1]     ; EA_L        ; 26.000  ;         ;         ; 26.000  ;
; EXDA_L[1]     ; EMA         ;         ; 26.000  ; 26.000  ;         ;
; EXDA_L[1]     ; EMA_L       ; 26.000  ;         ;         ; 26.000  ;
; EXDA_L[1]     ; FIELD1      ;         ; 26.000  ; 26.000  ;         ;
; EXDA_L[2]     ; EA[2]       ;         ; 18.000  ; 18.000  ;         ;
; EXDA_L[2]     ; EA_L        ; 26.000  ;         ;         ; 26.000  ;
; EXDA_L[2]     ; EMA         ;         ; 26.000  ; 26.000  ;         ;
; EXDA_L[2]     ; EMA_L       ; 26.000  ;         ;         ; 26.000  ;
; EXDA_L[2]     ; FIELD1      ;         ; 26.000  ; 26.000  ;         ;
; E_OR_F_SET    ; EA[0]       ; 23.000  ; 18.000  ; 18.000  ; 23.000  ;
; E_OR_F_SET    ; EA[1]       ; 23.000  ; 18.000  ; 18.000  ; 23.000  ;
; E_OR_F_SET    ; EA[2]       ; 23.000  ; 18.000  ; 18.000  ; 23.000  ;
; E_OR_F_SET    ; EA_L        ; 26.000  ; 31.000  ; 31.000  ; 26.000  ;
; E_OR_F_SET    ; EMA         ; 31.000  ; 26.000  ; 26.000  ; 31.000  ;
; E_OR_F_SET    ; EMA_L       ; 26.000  ; 31.000  ; 31.000  ; 26.000  ;
; E_OR_F_SET    ; FIELD1      ; 31.000  ; 31.000  ; 31.000  ; 31.000  ;
; E_OR_F_SET    ; INT_INH_L   ; 18.000  ; 18.800  ; 18.800  ; 18.000  ;
; INIT          ; EA[0]       ; 23.000  ; 122.000 ; 122.000 ; 23.000  ;
; INIT          ; EA[1]       ; 23.000  ; 146.000 ; 146.000 ; 23.000  ;
; INIT          ; EA[2]       ; 34.000  ; 170.000 ; 170.000 ; 34.000  ;
; INIT          ; EA_L        ; 178.000 ; 42.000  ; 42.000  ; 178.000 ;
; INIT          ; EMA         ; 42.000  ; 178.000 ; 178.000 ; 42.000  ;
; INIT          ; EMA_L       ; 178.000 ; 42.000  ; 42.000  ; 178.000 ;
; INIT          ; FIELD1      ; 154.000 ; 178.000 ; 178.000 ; 154.000 ;
; INIT          ; IB_L[6]     ;         ; 114.000 ; 114.000 ;         ;
; INIT          ; IB_L[7]     ;         ; 138.000 ; 138.000 ;         ;
; INIT          ; IB_L[8]     ;         ; 162.000 ; 162.000 ;         ;
; INIT          ; IB_L[10]    ;         ; 34.000  ; 34.000  ;         ;
; INIT          ; IB_L[11]    ;         ; 66.000  ; 66.000  ;         ;
; INIT          ; INT_INH_L   ;         ; 18.800  ; 18.800  ;         ;
; IOP1          ; EA[0]       ; 34.000  ; 31.000  ; 31.000  ; 34.000  ;
; IOP1          ; EA[1]       ; 58.000  ; 55.000  ; 55.000  ; 58.000  ;
; IOP1          ; EA[2]       ; 82.000  ; 79.000  ; 79.000  ; 82.000  ;
; IOP1          ; EA_L        ; 87.000  ; 90.000  ; 90.000  ; 87.000  ;
; IOP1          ; EMA         ; 90.000  ; 87.000  ; 87.000  ; 90.000  ;
; IOP1          ; EMA_L       ; 87.000  ; 90.000  ; 90.000  ; 87.000  ;
; IOP1          ; FIELD1      ; 90.000  ; 87.000  ; 87.000  ; 90.000  ;
; IOP1          ; IB_L[6]     ; 26.000  ; 23.000  ; 23.000  ; 26.000  ;
; IOP1          ; IB_L[7]     ; 50.000  ; 47.000  ; 47.000  ; 50.000  ;
; IOP1          ; IB_L[8]     ; 74.000  ; 71.000  ; 71.000  ; 74.000  ;
; IOP2          ; EA[0]       ; 122.000 ; 127.000 ; 127.000 ; 122.000 ;
; IOP2          ; EA[1]       ; 146.000 ; 151.000 ; 151.000 ; 146.000 ;
; IOP2          ; EA[2]       ; 170.000 ; 175.000 ; 175.000 ; 170.000 ;
; IOP2          ; EA_L        ; 183.000 ; 178.000 ; 178.000 ; 183.000 ;
; IOP2          ; EMA         ; 178.000 ; 183.000 ; 183.000 ; 178.000 ;
; IOP2          ; EMA_L       ; 183.000 ; 178.000 ; 178.000 ; 183.000 ;
; IOP2          ; FIELD1      ; 178.000 ; 183.000 ; 183.000 ; 178.000 ;
; IOP2          ; IB_L[6]     ; 114.000 ; 119.000 ; 119.000 ; 114.000 ;
; IOP2          ; IB_L[7]     ; 138.000 ; 143.000 ; 143.000 ; 138.000 ;
; IOP2          ; IB_L[8]     ; 162.000 ; 167.000 ; 167.000 ; 162.000 ;
; IOP2          ; IB_L[10]    ; 34.000  ; 39.000  ; 39.000  ; 34.000  ;
; IOP2          ; IB_L[11]    ; 66.000  ; 71.000  ; 71.000  ; 66.000  ;
; IOP2          ; INT_INH_L   ; 18.800  ;         ;         ; 18.800  ;
; IOP4          ; EA[0]       ; 98.000  ; 127.000 ; 127.000 ; 98.000  ;
; IOP4          ; EA[1]       ; 122.000 ; 151.000 ; 151.000 ; 122.000 ;
; IOP4          ; EA[2]       ; 146.000 ; 175.000 ; 175.000 ; 146.000 ;
; IOP4          ; EA_L        ; 183.000 ; 154.000 ; 154.000 ; 183.000 ;
; IOP4          ; EMA         ; 154.000 ; 183.000 ; 183.000 ; 154.000 ;
; IOP4          ; EMA_L       ; 183.000 ; 154.000 ; 154.000 ; 183.000 ;
; IOP4          ; FIELD1      ; 159.000 ; 183.000 ; 183.000 ; 159.000 ;
; IOP4          ; IB_L[0]     ; 16.500  ;         ;         ; 16.500  ;
; IOP4          ; IB_L[1]     ; 16.500  ;         ;         ; 16.500  ;
; IOP4          ; IB_L[2]     ; 16.500  ;         ;         ; 16.500  ;
; IOP4          ; IB_L[3]     ; 16.500  ;         ;         ; 16.500  ;
; IOP4          ; IB_L[4]     ; 16.500  ;         ;         ; 16.500  ;
; IOP4          ; IB_L[5]     ; 16.500  ;         ;         ; 16.500  ;
; IOP4          ; IB_L[6]     ; 90.000  ; 119.000 ; 119.000 ; 90.000  ;
; IOP4          ; IB_L[7]     ; 114.000 ; 143.000 ; 143.000 ; 114.000 ;
; IOP4          ; IB_L[8]     ; 138.000 ; 167.000 ; 167.000 ; 138.000 ;
; IOP4          ; IB_L[9]     ; 16.500  ;         ;         ; 16.500  ;
; IOP4          ; IB_L[10]    ; 16.500  ; 39.000  ; 39.000  ; 16.500  ;
; IOP4          ; IB_L[11]    ; 42.000  ; 71.000  ; 71.000  ; 42.000  ;
; IOP4          ; INT_INH_L   ; 18.000  ;         ;         ; 18.000  ;
; JMP_OR_JMS    ; EA[0]       ; 119.000 ; 114.000 ; 114.000 ; 119.000 ;
; JMP_OR_JMS    ; EA[1]       ; 143.000 ; 138.000 ; 138.000 ; 143.000 ;
; JMP_OR_JMS    ; EA[2]       ; 167.000 ; 162.000 ; 162.000 ; 167.000 ;
; JMP_OR_JMS    ; EA_L        ; 170.000 ; 175.000 ; 175.000 ; 170.000 ;
; JMP_OR_JMS    ; EMA         ; 175.000 ; 170.000 ; 170.000 ; 175.000 ;
; JMP_OR_JMS    ; EMA_L       ; 170.000 ; 175.000 ; 175.000 ; 170.000 ;
; JMP_OR_JMS    ; FIELD1      ; 175.000 ; 170.000 ; 170.000 ; 175.000 ;
; JMP_OR_JMS    ; IB_L[6]     ; 111.000 ; 106.000 ; 106.000 ; 111.000 ;
; JMP_OR_JMS    ; IB_L[7]     ; 135.000 ; 130.000 ; 130.000 ; 135.000 ;
; JMP_OR_JMS    ; IB_L[8]     ; 159.000 ; 154.000 ; 154.000 ; 159.000 ;
; JMP_OR_JMS    ; IB_L[10]    ; 31.000  ; 26.000  ; 26.000  ; 31.000  ;
; JMP_OR_JMS    ; IB_L[11]    ; 63.000  ; 58.000  ; 58.000  ; 63.000  ;
; JMP_OR_JMS    ; INT_INH_L   ; 18.000  ; 18.000  ; 18.000  ; 18.000  ;
; KEY_CLR_L     ; INT_INH_L   ; 18.800  ;         ;         ; 18.800  ;
; KEY_DF_L[0]   ; EA[2]       ;         ; 34.000  ; 34.000  ;         ;
; KEY_DF_L[0]   ; EA_L        ; 42.000  ;         ;         ; 42.000  ;
; KEY_DF_L[0]   ; EMA         ;         ; 42.000  ; 42.000  ;         ;
; KEY_DF_L[0]   ; EMA_L       ; 42.000  ;         ;         ; 42.000  ;
; KEY_DF_L[0]   ; FIELD1      ;         ; 42.000  ; 42.000  ;         ;
; KEY_DF_L[0]   ; IB_L[8]     ;         ; 26.000  ; 26.000  ;         ;
; KEY_DF_L[1]   ; EA[2]       ;         ; 34.000  ; 34.000  ;         ;
; KEY_DF_L[1]   ; EA_L        ; 42.000  ;         ;         ; 42.000  ;
; KEY_DF_L[1]   ; EMA         ;         ; 42.000  ; 42.000  ;         ;
; KEY_DF_L[1]   ; EMA_L       ; 42.000  ;         ;         ; 42.000  ;
; KEY_DF_L[1]   ; FIELD1      ;         ; 42.000  ; 42.000  ;         ;
; KEY_DF_L[1]   ; IB_L[8]     ;         ; 26.000  ; 26.000  ;         ;
; KEY_DF_L[2]   ; EA[2]       ;         ; 34.000  ; 34.000  ;         ;
; KEY_DF_L[2]   ; EA_L        ; 42.000  ;         ;         ; 42.000  ;
; KEY_DF_L[2]   ; EMA         ;         ; 42.000  ; 42.000  ;         ;
; KEY_DF_L[2]   ; EMA_L       ; 42.000  ;         ;         ; 42.000  ;
; KEY_DF_L[2]   ; FIELD1      ;         ; 42.000  ; 42.000  ;         ;
; KEY_DF_L[2]   ; IB_L[8]     ;         ; 26.000  ; 26.000  ;         ;
; KEY_IF_L[0]   ; EA[0]       ;         ; 66.000  ; 66.000  ;         ;
; KEY_IF_L[0]   ; EA[1]       ;         ; 90.000  ; 90.000  ;         ;
; KEY_IF_L[0]   ; EA[2]       ;         ; 114.000 ; 114.000 ;         ;
; KEY_IF_L[0]   ; EA_L        ; 122.000 ;         ;         ; 122.000 ;
; KEY_IF_L[0]   ; EMA         ;         ; 122.000 ; 122.000 ;         ;
; KEY_IF_L[0]   ; EMA_L       ; 122.000 ;         ;         ; 122.000 ;
; KEY_IF_L[0]   ; FIELD1      ; 98.000  ; 122.000 ; 122.000 ; 98.000  ;
; KEY_IF_L[0]   ; IB_L[6]     ;         ; 58.000  ; 58.000  ;         ;
; KEY_IF_L[0]   ; IB_L[7]     ;         ; 82.000  ; 82.000  ;         ;
; KEY_IF_L[0]   ; IB_L[8]     ;         ; 106.000 ; 106.000 ;         ;
; KEY_IF_L[1]   ; EA[0]       ;         ; 66.000  ; 66.000  ;         ;
; KEY_IF_L[1]   ; EA[1]       ;         ; 90.000  ; 90.000  ;         ;
; KEY_IF_L[1]   ; EA[2]       ;         ; 114.000 ; 114.000 ;         ;
; KEY_IF_L[1]   ; EA_L        ; 122.000 ;         ;         ; 122.000 ;
; KEY_IF_L[1]   ; EMA         ;         ; 122.000 ; 122.000 ;         ;
; KEY_IF_L[1]   ; EMA_L       ; 122.000 ;         ;         ; 122.000 ;
; KEY_IF_L[1]   ; FIELD1      ; 98.000  ; 122.000 ; 122.000 ; 98.000  ;
; KEY_IF_L[1]   ; IB_L[6]     ;         ; 58.000  ; 58.000  ;         ;
; KEY_IF_L[1]   ; IB_L[7]     ;         ; 82.000  ; 82.000  ;         ;
; KEY_IF_L[1]   ; IB_L[8]     ;         ; 106.000 ; 106.000 ;         ;
; KEY_IF_L[2]   ; EA[0]       ;         ; 66.000  ; 66.000  ;         ;
; KEY_IF_L[2]   ; EA[1]       ;         ; 90.000  ; 90.000  ;         ;
; KEY_IF_L[2]   ; EA[2]       ;         ; 114.000 ; 114.000 ;         ;
; KEY_IF_L[2]   ; EA_L        ; 122.000 ;         ;         ; 122.000 ;
; KEY_IF_L[2]   ; EMA         ;         ; 122.000 ; 122.000 ;         ;
; KEY_IF_L[2]   ; EMA_L       ; 122.000 ;         ;         ; 122.000 ;
; KEY_IF_L[2]   ; FIELD1      ; 98.000  ; 122.000 ; 122.000 ; 98.000  ;
; KEY_IF_L[2]   ; IB_L[6]     ;         ; 58.000  ; 58.000  ;         ;
; KEY_IF_L[2]   ; IB_L[7]     ;         ; 82.000  ; 82.000  ;         ;
; KEY_IF_L[2]   ; IB_L[8]     ;         ; 106.000 ; 106.000 ;         ;
; KEY_LOAD_L    ; EA[0]       ; 122.000 ; 119.000 ; 119.000 ; 122.000 ;
; KEY_LOAD_L    ; EA[1]       ; 146.000 ; 143.000 ; 143.000 ; 146.000 ;
; KEY_LOAD_L    ; EA[2]       ; 170.000 ; 167.000 ; 167.000 ; 170.000 ;
; KEY_LOAD_L    ; EA_L        ; 175.000 ; 178.000 ; 178.000 ; 175.000 ;
; KEY_LOAD_L    ; EMA         ; 178.000 ; 175.000 ; 175.000 ; 178.000 ;
; KEY_LOAD_L    ; EMA_L       ; 175.000 ; 178.000 ; 178.000 ; 175.000 ;
; KEY_LOAD_L    ; FIELD1      ; 178.000 ; 175.000 ; 175.000 ; 178.000 ;
; KEY_LOAD_L    ; IB_L[6]     ; 114.000 ; 111.000 ; 111.000 ; 114.000 ;
; KEY_LOAD_L    ; IB_L[7]     ; 138.000 ; 135.000 ; 135.000 ; 138.000 ;
; KEY_LOAD_L    ; IB_L[8]     ; 162.000 ; 159.000 ; 159.000 ; 162.000 ;
; KEY_LOAD_L    ; IB_L[10]    ; 34.000  ; 31.000  ; 31.000  ; 34.000  ;
; KEY_LOAD_L    ; IB_L[11]    ; 66.000  ; 63.000  ; 63.000  ; 66.000  ;
; LOAD_SF_L     ; EA[0]       ; 106.000 ; 106.000 ; 106.000 ; 106.000 ;
; LOAD_SF_L     ; EA[1]       ; 130.000 ; 130.000 ; 130.000 ; 130.000 ;
; LOAD_SF_L     ; EA[2]       ; 154.000 ; 154.000 ; 154.000 ; 154.000 ;
; LOAD_SF_L     ; EA_L        ; 162.000 ; 162.000 ; 162.000 ; 162.000 ;
; LOAD_SF_L     ; EMA         ; 162.000 ; 162.000 ; 162.000 ; 162.000 ;
; LOAD_SF_L     ; EMA_L       ; 162.000 ; 162.000 ; 162.000 ; 162.000 ;
; LOAD_SF_L     ; FIELD1      ; 162.000 ; 162.000 ; 162.000 ; 162.000 ;
; LOAD_SF_L     ; IB_L[6]     ; 98.000  ; 98.000  ; 98.000  ; 98.000  ;
; LOAD_SF_L     ; IB_L[7]     ; 122.000 ; 122.000 ; 122.000 ; 122.000 ;
; LOAD_SF_L     ; IB_L[8]     ; 146.000 ; 146.000 ; 146.000 ; 146.000 ;
; LOAD_SF_L     ; IB_L[10]    ; 18.000  ; 18.000  ; 18.000  ; 18.000  ;
; LOAD_SF_L     ; IB_L[11]    ; 50.000  ; 50.000  ; 50.000  ; 50.000  ;
; MB[3]         ; EA[0]       ; 127.000 ; 122.000 ; 122.000 ; 127.000 ;
; MB[3]         ; EA[1]       ; 151.000 ; 146.000 ; 146.000 ; 151.000 ;
; MB[3]         ; EA[2]       ; 175.000 ; 170.000 ; 170.000 ; 175.000 ;
; MB[3]         ; EA_L        ; 178.000 ; 183.000 ; 183.000 ; 178.000 ;
; MB[3]         ; EMA         ; 183.000 ; 178.000 ; 178.000 ; 183.000 ;
; MB[3]         ; EMA_L       ; 178.000 ; 183.000 ; 183.000 ; 178.000 ;
; MB[3]         ; FIELD1      ; 183.000 ; 178.000 ; 178.000 ; 183.000 ;
; MB[3]         ; IB_L[0]     ;         ; 16.500  ; 16.500  ;         ;
; MB[3]         ; IB_L[1]     ;         ; 16.500  ; 16.500  ;         ;
; MB[3]         ; IB_L[2]     ;         ; 16.500  ; 16.500  ;         ;
; MB[3]         ; IB_L[3]     ;         ; 16.500  ; 16.500  ;         ;
; MB[3]         ; IB_L[4]     ;         ; 16.500  ; 16.500  ;         ;
; MB[3]         ; IB_L[5]     ;         ; 16.500  ; 16.500  ;         ;
; MB[3]         ; IB_L[6]     ; 119.000 ; 114.000 ; 114.000 ; 119.000 ;
; MB[3]         ; IB_L[7]     ; 143.000 ; 138.000 ; 138.000 ; 143.000 ;
; MB[3]         ; IB_L[8]     ; 167.000 ; 162.000 ; 162.000 ; 167.000 ;
; MB[3]         ; IB_L[9]     ;         ; 16.500  ; 16.500  ;         ;
; MB[3]         ; IB_L[10]    ; 39.000  ; 34.000  ; 34.000  ; 39.000  ;
; MB[3]         ; IB_L[11]    ; 71.000  ; 66.000  ; 66.000  ; 71.000  ;
; MB[3]         ; INT_INH_L   ;         ; 18.800  ; 18.800  ;         ;
; MB[4]         ; EA[0]       ; 122.000 ; 127.000 ; 127.000 ; 122.000 ;
; MB[4]         ; EA[1]       ; 146.000 ; 151.000 ; 151.000 ; 146.000 ;
; MB[4]         ; EA[2]       ; 170.000 ; 175.000 ; 175.000 ; 170.000 ;
; MB[4]         ; EA_L        ; 183.000 ; 178.000 ; 178.000 ; 183.000 ;
; MB[4]         ; EMA         ; 178.000 ; 183.000 ; 183.000 ; 178.000 ;
; MB[4]         ; EMA_L       ; 183.000 ; 178.000 ; 178.000 ; 183.000 ;
; MB[4]         ; FIELD1      ; 178.000 ; 183.000 ; 183.000 ; 178.000 ;
; MB[4]         ; IB_L[0]     ; 16.500  ;         ;         ; 16.500  ;
; MB[4]         ; IB_L[1]     ; 16.500  ;         ;         ; 16.500  ;
; MB[4]         ; IB_L[2]     ; 16.500  ;         ;         ; 16.500  ;
; MB[4]         ; IB_L[3]     ; 16.500  ;         ;         ; 16.500  ;
; MB[4]         ; IB_L[4]     ; 16.500  ;         ;         ; 16.500  ;
; MB[4]         ; IB_L[5]     ; 16.500  ;         ;         ; 16.500  ;
; MB[4]         ; IB_L[6]     ; 114.000 ; 119.000 ; 119.000 ; 114.000 ;
; MB[4]         ; IB_L[7]     ; 138.000 ; 143.000 ; 143.000 ; 138.000 ;
; MB[4]         ; IB_L[8]     ; 162.000 ; 167.000 ; 167.000 ; 162.000 ;
; MB[4]         ; IB_L[9]     ; 16.500  ;         ;         ; 16.500  ;
; MB[4]         ; IB_L[10]    ; 34.000  ; 39.000  ; 39.000  ; 34.000  ;
; MB[4]         ; IB_L[11]    ; 66.000  ; 71.000  ; 71.000  ; 66.000  ;
; MB[4]         ; INT_INH_L   ; 18.800  ;         ;         ; 18.800  ;
; MB[5]         ; EA[0]       ; 127.000 ; 122.000 ; 122.000 ; 127.000 ;
; MB[5]         ; EA[1]       ; 151.000 ; 146.000 ; 146.000 ; 151.000 ;
; MB[5]         ; EA[2]       ; 175.000 ; 170.000 ; 170.000 ; 175.000 ;
; MB[5]         ; EA_L        ; 178.000 ; 183.000 ; 183.000 ; 178.000 ;
; MB[5]         ; EMA         ; 183.000 ; 178.000 ; 178.000 ; 183.000 ;
; MB[5]         ; EMA_L       ; 178.000 ; 183.000 ; 183.000 ; 178.000 ;
; MB[5]         ; FIELD1      ; 183.000 ; 178.000 ; 178.000 ; 183.000 ;
; MB[5]         ; IB_L[0]     ;         ; 16.500  ; 16.500  ;         ;
; MB[5]         ; IB_L[1]     ;         ; 16.500  ; 16.500  ;         ;
; MB[5]         ; IB_L[2]     ;         ; 16.500  ; 16.500  ;         ;
; MB[5]         ; IB_L[3]     ;         ; 16.500  ; 16.500  ;         ;
; MB[5]         ; IB_L[4]     ;         ; 16.500  ; 16.500  ;         ;
; MB[5]         ; IB_L[5]     ;         ; 16.500  ; 16.500  ;         ;
; MB[5]         ; IB_L[6]     ; 119.000 ; 114.000 ; 114.000 ; 119.000 ;
; MB[5]         ; IB_L[7]     ; 143.000 ; 138.000 ; 138.000 ; 143.000 ;
; MB[5]         ; IB_L[8]     ; 167.000 ; 162.000 ; 162.000 ; 167.000 ;
; MB[5]         ; IB_L[9]     ;         ; 16.500  ; 16.500  ;         ;
; MB[5]         ; IB_L[10]    ; 39.000  ; 34.000  ; 34.000  ; 39.000  ;
; MB[5]         ; IB_L[11]    ; 71.000  ; 66.000  ; 66.000  ; 71.000  ;
; MB[5]         ; INT_INH_L   ;         ; 18.800  ; 18.800  ;         ;
; MB[6]         ; EA[0]       ; 122.000 ; 127.000 ; 127.000 ; 122.000 ;
; MB[6]         ; EA[1]       ; 146.000 ; 151.000 ; 151.000 ; 146.000 ;
; MB[6]         ; EA[2]       ; 170.000 ; 175.000 ; 175.000 ; 170.000 ;
; MB[6]         ; EA_L        ; 183.000 ; 178.000 ; 178.000 ; 183.000 ;
; MB[6]         ; EMA         ; 178.000 ; 183.000 ; 183.000 ; 178.000 ;
; MB[6]         ; EMA_L       ; 183.000 ; 178.000 ; 178.000 ; 183.000 ;
; MB[6]         ; FIELD1      ; 178.000 ; 183.000 ; 183.000 ; 178.000 ;
; MB[6]         ; IB_L[0]     ;         ; 16.500  ; 16.500  ;         ;
; MB[6]         ; IB_L[1]     ;         ; 16.500  ; 16.500  ;         ;
; MB[6]         ; IB_L[2]     ;         ; 16.500  ; 16.500  ;         ;
; MB[6]         ; IB_L[3]     ;         ; 16.500  ; 16.500  ;         ;
; MB[6]         ; IB_L[4]     ;         ; 16.500  ; 16.500  ;         ;
; MB[6]         ; IB_L[5]     ;         ; 16.500  ; 16.500  ;         ;
; MB[6]         ; IB_L[6]     ; 114.000 ; 119.000 ; 119.000 ; 114.000 ;
; MB[6]         ; IB_L[7]     ; 138.000 ; 143.000 ; 143.000 ; 138.000 ;
; MB[6]         ; IB_L[8]     ; 162.000 ; 167.000 ; 167.000 ; 162.000 ;
; MB[6]         ; IB_L[9]     ;         ; 16.500  ; 16.500  ;         ;
; MB[6]         ; IB_L[10]    ; 34.000  ; 39.000  ; 39.000  ; 34.000  ;
; MB[6]         ; IB_L[11]    ; 66.000  ; 71.000  ; 71.000  ; 66.000  ;
; MB[6]         ; INT_INH_L   ; 18.000  ;         ;         ; 18.000  ;
; MB[7]         ; EA[0]       ; 127.000 ; 98.000  ; 98.000  ; 127.000 ;
; MB[7]         ; EA[1]       ; 151.000 ; 122.000 ; 122.000 ; 151.000 ;
; MB[7]         ; EA[2]       ; 175.000 ; 146.000 ; 146.000 ; 175.000 ;
; MB[7]         ; EA_L        ; 154.000 ; 183.000 ; 183.000 ; 154.000 ;
; MB[7]         ; EMA         ; 183.000 ; 154.000 ; 154.000 ; 183.000 ;
; MB[7]         ; EMA_L       ; 154.000 ; 183.000 ; 183.000 ; 154.000 ;
; MB[7]         ; FIELD1      ; 183.000 ; 159.000 ; 159.000 ; 183.000 ;
; MB[7]         ; IB_L[0]     ; 16.500  ;         ;         ; 16.500  ;
; MB[7]         ; IB_L[1]     ; 16.500  ;         ;         ; 16.500  ;
; MB[7]         ; IB_L[2]     ; 16.500  ;         ;         ; 16.500  ;
; MB[7]         ; IB_L[3]     ; 16.500  ;         ;         ; 16.500  ;
; MB[7]         ; IB_L[4]     ; 16.500  ;         ;         ; 16.500  ;
; MB[7]         ; IB_L[5]     ; 16.500  ;         ;         ; 16.500  ;
; MB[7]         ; IB_L[6]     ; 119.000 ; 90.000  ; 90.000  ; 119.000 ;
; MB[7]         ; IB_L[7]     ; 143.000 ; 114.000 ; 114.000 ; 143.000 ;
; MB[7]         ; IB_L[8]     ; 167.000 ; 138.000 ; 138.000 ; 167.000 ;
; MB[7]         ; IB_L[9]     ; 16.500  ;         ;         ; 16.500  ;
; MB[7]         ; IB_L[10]    ; 39.000  ;         ;         ; 39.000  ;
; MB[7]         ; IB_L[11]    ; 71.000  ; 42.000  ; 42.000  ; 71.000  ;
; MB[7]         ; INT_INH_L   ;         ; 18.000  ; 18.000  ;         ;
; MB[8]         ; EA[0]       ; 127.000 ; 98.000  ; 98.000  ; 127.000 ;
; MB[8]         ; EA[1]       ; 151.000 ; 122.000 ; 122.000 ; 151.000 ;
; MB[8]         ; EA[2]       ; 175.000 ; 146.000 ; 146.000 ; 175.000 ;
; MB[8]         ; EA_L        ; 154.000 ; 183.000 ; 183.000 ; 154.000 ;
; MB[8]         ; EMA         ; 183.000 ; 154.000 ; 154.000 ; 183.000 ;
; MB[8]         ; EMA_L       ; 154.000 ; 183.000 ; 183.000 ; 154.000 ;
; MB[8]         ; FIELD1      ; 183.000 ; 159.000 ; 159.000 ; 183.000 ;
; MB[8]         ; IB_L[0]     ; 16.500  ;         ;         ; 16.500  ;
; MB[8]         ; IB_L[1]     ; 16.500  ;         ;         ; 16.500  ;
; MB[8]         ; IB_L[2]     ; 16.500  ;         ;         ; 16.500  ;
; MB[8]         ; IB_L[3]     ; 16.500  ;         ;         ; 16.500  ;
; MB[8]         ; IB_L[4]     ; 16.500  ;         ;         ; 16.500  ;
; MB[8]         ; IB_L[5]     ; 16.500  ;         ;         ; 16.500  ;
; MB[8]         ; IB_L[6]     ; 119.000 ; 90.000  ; 90.000  ; 119.000 ;
; MB[8]         ; IB_L[7]     ; 143.000 ; 114.000 ; 114.000 ; 143.000 ;
; MB[8]         ; IB_L[8]     ; 167.000 ; 138.000 ; 138.000 ; 167.000 ;
; MB[8]         ; IB_L[9]     ; 16.500  ;         ;         ; 16.500  ;
; MB[8]         ; IB_L[10]    ; 39.000  ;         ;         ; 39.000  ;
; MB[8]         ; IB_L[11]    ; 71.000  ; 42.000  ; 42.000  ; 71.000  ;
; MB[8]         ; INT_INH_L   ;         ; 18.000  ; 18.000  ;         ;
; SP_CYC_NEXT_L ; EA[0]       ; 18.000  ;         ;         ; 18.000  ;
; SP_CYC_NEXT_L ; EA[1]       ; 18.000  ;         ;         ; 18.000  ;
; SP_CYC_NEXT_L ; EA[2]       ; 18.000  ;         ;         ; 18.000  ;
; SP_CYC_NEXT_L ; EA_L        ;         ; 26.000  ; 26.000  ;         ;
; SP_CYC_NEXT_L ; EMA         ; 26.000  ;         ;         ; 26.000  ;
; SP_CYC_NEXT_L ; EMA_L       ;         ; 26.000  ; 26.000  ;         ;
; SP_CYC_NEXT_L ; FIELD1      ; 26.000  ; 26.000  ; 26.000  ; 26.000  ;
; TP2           ; EA[0]       ; 31.000  ; 28.000  ; 28.000  ; 31.000  ;
; TP2           ; EA[1]       ; 31.000  ; 28.000  ; 28.000  ; 31.000  ;
; TP2           ; EA[2]       ; 31.000  ; 39.000  ; 39.000  ; 31.000  ;
; TP2           ; EA_L        ; 47.000  ; 39.000  ; 39.000  ; 47.000  ;
; TP2           ; EMA         ; 39.000  ; 47.000  ; 47.000  ; 39.000  ;
; TP2           ; EMA_L       ; 47.000  ; 39.000  ; 39.000  ; 47.000  ;
; TP2           ; FIELD1      ; 39.000  ; 47.000  ; 47.000  ; 39.000  ;
; TP3           ; INT_INH_L   ; 18.000  ; 18.000  ; 18.000  ; 18.000  ;
+---------------+-------------+---------+---------+---------+---------+


+-----------------------------------------------------------------+
; Minimum Propagation Delay                                       ;
+---------------+-------------+--------+--------+--------+--------+
; Input Port    ; Output Port ; RR     ; RF     ; FR     ; FF     ;
+---------------+-------------+--------+--------+--------+--------+
; BF_ENABLE_L   ; EA[0]       ; 18.000 ;        ;        ; 18.000 ;
; BF_ENABLE_L   ; EA[1]       ; 18.000 ;        ;        ; 18.000 ;
; BF_ENABLE_L   ; EA[2]       ; 18.000 ; 18.000 ; 18.000 ; 18.000 ;
; BF_ENABLE_L   ; EA_L        ; 26.000 ; 26.000 ; 26.000 ; 26.000 ;
; BF_ENABLE_L   ; EMA         ; 26.000 ; 26.000 ; 26.000 ; 26.000 ;
; BF_ENABLE_L   ; EMA_L       ; 26.000 ; 26.000 ; 26.000 ; 26.000 ;
; BF_ENABLE_L   ; FIELD1      ; 26.000 ; 26.000 ; 26.000 ; 26.000 ;
; DEL3          ; EA[0]       ; 10.000 ; 15.000 ; 15.000 ; 10.000 ;
; DEL3          ; EA[1]       ; 10.000 ; 15.000 ; 15.000 ; 10.000 ;
; DEL3          ; EA[2]       ; 10.000 ; 15.000 ; 15.000 ; 10.000 ;
; DEL3          ; EA_L        ; 23.000 ; 18.000 ; 18.000 ; 23.000 ;
; DEL3          ; EMA         ; 18.000 ; 23.000 ; 23.000 ; 18.000 ;
; DEL3          ; EMA_L       ; 23.000 ; 18.000 ; 18.000 ; 23.000 ;
; DEL3          ; FIELD1      ; 18.000 ; 18.000 ; 18.000 ; 18.000 ;
; DEL5          ; EA[0]       ; 28.000 ; 23.000 ; 23.000 ; 28.000 ;
; DEL5          ; EA[1]       ; 28.000 ; 23.000 ; 23.000 ; 28.000 ;
; DEL5          ; EA[2]       ; 28.000 ; 23.000 ; 23.000 ; 28.000 ;
; DEL5          ; EA_L        ; 31.000 ; 36.000 ; 36.000 ; 31.000 ;
; DEL5          ; EMA         ; 36.000 ; 31.000 ; 31.000 ; 36.000 ;
; DEL5          ; EMA_L       ; 31.000 ; 36.000 ; 36.000 ; 31.000 ;
; DEL5          ; FIELD1      ; 31.000 ; 31.000 ; 31.000 ; 31.000 ;
; DF_ENABLE_L   ; EA[0]       ; 18.000 ; 18.000 ; 18.000 ; 18.000 ;
; DF_ENABLE_L   ; EA[1]       ; 18.000 ; 18.000 ; 18.000 ; 18.000 ;
; DF_ENABLE_L   ; EA[2]       ; 18.000 ; 18.000 ; 18.000 ; 18.000 ;
; DF_ENABLE_L   ; EA_L        ; 26.000 ; 26.000 ; 26.000 ; 26.000 ;
; DF_ENABLE_L   ; EMA         ; 26.000 ; 26.000 ; 26.000 ; 26.000 ;
; DF_ENABLE_L   ; EMA_L       ; 26.000 ; 26.000 ; 26.000 ; 26.000 ;
; DF_ENABLE_L   ; FIELD1      ; 26.000 ; 26.000 ; 26.000 ; 26.000 ;
; EXDA_L[0]     ; EA[2]       ;        ; 18.000 ; 18.000 ;        ;
; EXDA_L[0]     ; EA_L        ; 26.000 ;        ;        ; 26.000 ;
; EXDA_L[0]     ; EMA         ;        ; 26.000 ; 26.000 ;        ;
; EXDA_L[0]     ; EMA_L       ; 26.000 ;        ;        ; 26.000 ;
; EXDA_L[0]     ; FIELD1      ;        ; 26.000 ; 26.000 ;        ;
; EXDA_L[1]     ; EA[2]       ;        ; 18.000 ; 18.000 ;        ;
; EXDA_L[1]     ; EA_L        ; 26.000 ;        ;        ; 26.000 ;
; EXDA_L[1]     ; EMA         ;        ; 26.000 ; 26.000 ;        ;
; EXDA_L[1]     ; EMA_L       ; 26.000 ;        ;        ; 26.000 ;
; EXDA_L[1]     ; FIELD1      ;        ; 26.000 ; 26.000 ;        ;
; EXDA_L[2]     ; EA[2]       ;        ; 18.000 ; 18.000 ;        ;
; EXDA_L[2]     ; EA_L        ; 26.000 ;        ;        ; 26.000 ;
; EXDA_L[2]     ; EMA         ;        ; 26.000 ; 26.000 ;        ;
; EXDA_L[2]     ; EMA_L       ; 26.000 ;        ;        ; 26.000 ;
; EXDA_L[2]     ; FIELD1      ;        ; 26.000 ; 26.000 ;        ;
; E_OR_F_SET    ; EA[0]       ; 23.000 ; 18.000 ; 18.000 ; 23.000 ;
; E_OR_F_SET    ; EA[1]       ; 23.000 ; 18.000 ; 18.000 ; 23.000 ;
; E_OR_F_SET    ; EA[2]       ; 23.000 ; 18.000 ; 18.000 ; 23.000 ;
; E_OR_F_SET    ; EA_L        ; 26.000 ; 31.000 ; 31.000 ; 26.000 ;
; E_OR_F_SET    ; EMA         ; 31.000 ; 26.000 ; 26.000 ; 31.000 ;
; E_OR_F_SET    ; EMA_L       ; 26.000 ; 31.000 ; 31.000 ; 26.000 ;
; E_OR_F_SET    ; FIELD1      ; 26.000 ; 26.000 ; 26.000 ; 26.000 ;
; E_OR_F_SET    ; INT_INH_L   ; 18.000 ; 18.000 ; 18.000 ; 18.000 ;
; INIT          ; EA[0]       ; 23.000 ; 10.000 ; 10.000 ; 23.000 ;
; INIT          ; EA[1]       ; 23.000 ; 10.000 ; 10.000 ; 23.000 ;
; INIT          ; EA[2]       ; 23.000 ; 10.000 ; 10.000 ; 23.000 ;
; INIT          ; EA_L        ; 18.000 ; 31.000 ; 31.000 ; 18.000 ;
; INIT          ; EMA         ; 31.000 ; 18.000 ; 18.000 ; 31.000 ;
; INIT          ; EMA_L       ; 18.000 ; 31.000 ; 31.000 ; 18.000 ;
; INIT          ; FIELD1      ; 18.000 ; 18.000 ; 18.000 ; 18.000 ;
; INIT          ; IB_L[6]     ;        ; 18.000 ; 18.000 ;        ;
; INIT          ; IB_L[7]     ;        ; 18.000 ; 18.000 ;        ;
; INIT          ; IB_L[8]     ;        ; 18.000 ; 18.000 ;        ;
; INIT          ; IB_L[10]    ;        ; 18.000 ; 18.000 ;        ;
; INIT          ; IB_L[11]    ;        ; 18.000 ; 18.000 ;        ;
; INIT          ; INT_INH_L   ;        ; 10.000 ; 10.000 ;        ;
; IOP1          ; EA[0]       ; 26.000 ; 31.000 ; 31.000 ; 26.000 ;
; IOP1          ; EA[1]       ; 26.000 ; 31.000 ; 31.000 ; 26.000 ;
; IOP1          ; EA[2]       ; 26.000 ; 31.000 ; 31.000 ; 26.000 ;
; IOP1          ; EA_L        ; 39.000 ; 34.000 ; 34.000 ; 39.000 ;
; IOP1          ; EMA         ; 34.000 ; 39.000 ; 39.000 ; 34.000 ;
; IOP1          ; EMA_L       ; 39.000 ; 34.000 ; 34.000 ; 39.000 ;
; IOP1          ; FIELD1      ; 34.000 ; 34.000 ; 34.000 ; 34.000 ;
; IOP1          ; IB_L[6]     ; 18.000 ; 23.000 ; 23.000 ; 18.000 ;
; IOP1          ; IB_L[7]     ; 18.000 ; 23.000 ; 23.000 ; 18.000 ;
; IOP1          ; IB_L[8]     ; 18.000 ; 23.000 ; 23.000 ; 18.000 ;
; IOP2          ; EA[0]       ; 26.000 ; 31.000 ; 31.000 ; 26.000 ;
; IOP2          ; EA[1]       ; 26.000 ; 31.000 ; 31.000 ; 26.000 ;
; IOP2          ; EA[2]       ; 26.000 ; 31.000 ; 31.000 ; 26.000 ;
; IOP2          ; EA_L        ; 39.000 ; 34.000 ; 34.000 ; 39.000 ;
; IOP2          ; EMA         ; 34.000 ; 39.000 ; 39.000 ; 34.000 ;
; IOP2          ; EMA_L       ; 39.000 ; 34.000 ; 34.000 ; 39.000 ;
; IOP2          ; FIELD1      ; 34.000 ; 34.000 ; 34.000 ; 34.000 ;
; IOP2          ; IB_L[6]     ; 26.000 ; 31.000 ; 31.000 ; 26.000 ;
; IOP2          ; IB_L[7]     ; 26.000 ; 31.000 ; 31.000 ; 26.000 ;
; IOP2          ; IB_L[8]     ; 26.000 ; 31.000 ; 31.000 ; 26.000 ;
; IOP2          ; IB_L[10]    ; 34.000 ; 39.000 ; 39.000 ; 34.000 ;
; IOP2          ; IB_L[11]    ; 34.000 ; 39.000 ; 39.000 ; 34.000 ;
; IOP2          ; INT_INH_L   ; 18.000 ;        ;        ; 18.000 ;
; IOP4          ; EA[0]       ; 26.000 ; 31.000 ; 31.000 ; 26.000 ;
; IOP4          ; EA[1]       ; 26.000 ; 31.000 ; 31.000 ; 26.000 ;
; IOP4          ; EA[2]       ; 26.000 ; 31.000 ; 31.000 ; 26.000 ;
; IOP4          ; EA_L        ; 39.000 ; 34.000 ; 34.000 ; 39.000 ;
; IOP4          ; EMA         ; 34.000 ; 39.000 ; 39.000 ; 34.000 ;
; IOP4          ; EMA_L       ; 39.000 ; 34.000 ; 34.000 ; 39.000 ;
; IOP4          ; FIELD1      ; 34.000 ; 34.000 ; 34.000 ; 34.000 ;
; IOP4          ; IB_L[0]     ; 16.500 ;        ;        ; 16.500 ;
; IOP4          ; IB_L[1]     ; 16.500 ;        ;        ; 16.500 ;
; IOP4          ; IB_L[2]     ; 16.500 ;        ;        ; 16.500 ;
; IOP4          ; IB_L[3]     ; 16.500 ;        ;        ; 16.500 ;
; IOP4          ; IB_L[4]     ; 16.500 ;        ;        ; 16.500 ;
; IOP4          ; IB_L[5]     ; 16.500 ;        ;        ; 16.500 ;
; IOP4          ; IB_L[6]     ; 10.000 ; 23.000 ; 23.000 ; 10.000 ;
; IOP4          ; IB_L[7]     ; 10.000 ; 23.000 ; 23.000 ; 10.000 ;
; IOP4          ; IB_L[8]     ; 10.000 ; 23.000 ; 23.000 ; 10.000 ;
; IOP4          ; IB_L[9]     ; 16.500 ;        ;        ; 16.500 ;
; IOP4          ; IB_L[10]    ; 10.000 ; 39.000 ; 39.000 ; 10.000 ;
; IOP4          ; IB_L[11]    ; 10.000 ; 39.000 ; 39.000 ; 10.000 ;
; IOP4          ; INT_INH_L   ; 18.000 ;        ;        ; 18.000 ;
; JMP_OR_JMS    ; EA[0]       ; 23.000 ; 18.000 ; 18.000 ; 23.000 ;
; JMP_OR_JMS    ; EA[1]       ; 23.000 ; 18.000 ; 18.000 ; 23.000 ;
; JMP_OR_JMS    ; EA[2]       ; 23.000 ; 18.000 ; 18.000 ; 23.000 ;
; JMP_OR_JMS    ; EA_L        ; 26.000 ; 31.000 ; 31.000 ; 26.000 ;
; JMP_OR_JMS    ; EMA         ; 31.000 ; 26.000 ; 26.000 ; 31.000 ;
; JMP_OR_JMS    ; EMA_L       ; 26.000 ; 31.000 ; 31.000 ; 26.000 ;
; JMP_OR_JMS    ; FIELD1      ; 26.000 ; 26.000 ; 26.000 ; 26.000 ;
; JMP_OR_JMS    ; IB_L[6]     ; 18.000 ; 18.000 ; 18.000 ; 18.000 ;
; JMP_OR_JMS    ; IB_L[7]     ; 18.000 ; 18.000 ; 18.000 ; 18.000 ;
; JMP_OR_JMS    ; IB_L[8]     ; 18.000 ; 18.000 ; 18.000 ; 18.000 ;
; JMP_OR_JMS    ; IB_L[10]    ; 26.000 ; 26.000 ; 26.000 ; 26.000 ;
; JMP_OR_JMS    ; IB_L[11]    ; 26.000 ; 26.000 ; 26.000 ; 26.000 ;
; JMP_OR_JMS    ; INT_INH_L   ; 18.000 ; 18.000 ; 18.000 ; 18.000 ;
; KEY_CLR_L     ; INT_INH_L   ; 10.000 ;        ;        ; 10.000 ;
; KEY_DF_L[0]   ; EA[2]       ;        ; 34.000 ; 34.000 ;        ;
; KEY_DF_L[0]   ; EA_L        ; 42.000 ;        ;        ; 42.000 ;
; KEY_DF_L[0]   ; EMA         ;        ; 42.000 ; 42.000 ;        ;
; KEY_DF_L[0]   ; EMA_L       ; 42.000 ;        ;        ; 42.000 ;
; KEY_DF_L[0]   ; FIELD1      ;        ; 42.000 ; 42.000 ;        ;
; KEY_DF_L[0]   ; IB_L[8]     ;        ; 26.000 ; 26.000 ;        ;
; KEY_DF_L[1]   ; EA[2]       ;        ; 34.000 ; 34.000 ;        ;
; KEY_DF_L[1]   ; EA_L        ; 42.000 ;        ;        ; 42.000 ;
; KEY_DF_L[1]   ; EMA         ;        ; 42.000 ; 42.000 ;        ;
; KEY_DF_L[1]   ; EMA_L       ; 42.000 ;        ;        ; 42.000 ;
; KEY_DF_L[1]   ; FIELD1      ;        ; 42.000 ; 42.000 ;        ;
; KEY_DF_L[1]   ; IB_L[8]     ;        ; 26.000 ; 26.000 ;        ;
; KEY_DF_L[2]   ; EA[2]       ;        ; 34.000 ; 34.000 ;        ;
; KEY_DF_L[2]   ; EA_L        ; 42.000 ;        ;        ; 42.000 ;
; KEY_DF_L[2]   ; EMA         ;        ; 42.000 ; 42.000 ;        ;
; KEY_DF_L[2]   ; EMA_L       ; 42.000 ;        ;        ; 42.000 ;
; KEY_DF_L[2]   ; FIELD1      ;        ; 42.000 ; 42.000 ;        ;
; KEY_DF_L[2]   ; IB_L[8]     ;        ; 26.000 ; 26.000 ;        ;
; KEY_IF_L[0]   ; EA[0]       ;        ; 50.000 ; 50.000 ;        ;
; KEY_IF_L[0]   ; EA[1]       ;        ; 74.000 ; 74.000 ;        ;
; KEY_IF_L[0]   ; EA[2]       ;        ; 26.000 ; 26.000 ;        ;
; KEY_IF_L[0]   ; EA_L        ; 34.000 ;        ;        ; 34.000 ;
; KEY_IF_L[0]   ; EMA         ;        ; 34.000 ; 34.000 ;        ;
; KEY_IF_L[0]   ; EMA_L       ; 34.000 ;        ;        ; 34.000 ;
; KEY_IF_L[0]   ; FIELD1      ; 58.000 ; 34.000 ; 34.000 ; 58.000 ;
; KEY_IF_L[0]   ; IB_L[6]     ;        ; 42.000 ; 42.000 ;        ;
; KEY_IF_L[0]   ; IB_L[7]     ;        ; 66.000 ; 66.000 ;        ;
; KEY_IF_L[0]   ; IB_L[8]     ;        ; 18.000 ; 18.000 ;        ;
; KEY_IF_L[1]   ; EA[0]       ;        ; 50.000 ; 50.000 ;        ;
; KEY_IF_L[1]   ; EA[1]       ;        ; 74.000 ; 74.000 ;        ;
; KEY_IF_L[1]   ; EA[2]       ;        ; 26.000 ; 26.000 ;        ;
; KEY_IF_L[1]   ; EA_L        ; 34.000 ;        ;        ; 34.000 ;
; KEY_IF_L[1]   ; EMA         ;        ; 34.000 ; 34.000 ;        ;
; KEY_IF_L[1]   ; EMA_L       ; 34.000 ;        ;        ; 34.000 ;
; KEY_IF_L[1]   ; FIELD1      ; 58.000 ; 34.000 ; 34.000 ; 58.000 ;
; KEY_IF_L[1]   ; IB_L[6]     ;        ; 42.000 ; 42.000 ;        ;
; KEY_IF_L[1]   ; IB_L[7]     ;        ; 66.000 ; 66.000 ;        ;
; KEY_IF_L[1]   ; IB_L[8]     ;        ; 18.000 ; 18.000 ;        ;
; KEY_IF_L[2]   ; EA[0]       ;        ; 50.000 ; 50.000 ;        ;
; KEY_IF_L[2]   ; EA[1]       ;        ; 74.000 ; 74.000 ;        ;
; KEY_IF_L[2]   ; EA[2]       ;        ; 26.000 ; 26.000 ;        ;
; KEY_IF_L[2]   ; EA_L        ; 34.000 ;        ;        ; 34.000 ;
; KEY_IF_L[2]   ; EMA         ;        ; 34.000 ; 34.000 ;        ;
; KEY_IF_L[2]   ; EMA_L       ; 34.000 ;        ;        ; 34.000 ;
; KEY_IF_L[2]   ; FIELD1      ; 58.000 ; 34.000 ; 34.000 ; 58.000 ;
; KEY_IF_L[2]   ; IB_L[6]     ;        ; 42.000 ; 42.000 ;        ;
; KEY_IF_L[2]   ; IB_L[7]     ;        ; 66.000 ; 66.000 ;        ;
; KEY_IF_L[2]   ; IB_L[8]     ;        ; 18.000 ; 18.000 ;        ;
; KEY_LOAD_L    ; EA[0]       ; 10.000 ; 10.000 ; 10.000 ; 10.000 ;
; KEY_LOAD_L    ; EA[1]       ; 10.000 ; 10.000 ; 10.000 ; 10.000 ;
; KEY_LOAD_L    ; EA[2]       ; 10.000 ; 10.000 ; 10.000 ; 10.000 ;
; KEY_LOAD_L    ; EA_L        ; 18.000 ; 18.000 ; 18.000 ; 18.000 ;
; KEY_LOAD_L    ; EMA         ; 18.000 ; 18.000 ; 18.000 ; 18.000 ;
; KEY_LOAD_L    ; EMA_L       ; 18.000 ; 18.000 ; 18.000 ; 18.000 ;
; KEY_LOAD_L    ; FIELD1      ; 18.000 ; 18.000 ; 18.000 ; 18.000 ;
; KEY_LOAD_L    ; IB_L[6]     ; 18.000 ; 18.000 ; 18.000 ; 18.000 ;
; KEY_LOAD_L    ; IB_L[7]     ; 18.000 ; 18.000 ; 18.000 ; 18.000 ;
; KEY_LOAD_L    ; IB_L[8]     ; 18.000 ; 18.000 ; 18.000 ; 18.000 ;
; KEY_LOAD_L    ; IB_L[10]    ; 26.000 ; 31.000 ; 31.000 ; 26.000 ;
; KEY_LOAD_L    ; IB_L[11]    ; 26.000 ; 31.000 ; 31.000 ; 26.000 ;
; LOAD_SF_L     ; EA[0]       ; 42.000 ; 42.000 ; 42.000 ; 42.000 ;
; LOAD_SF_L     ; EA[1]       ; 42.000 ; 42.000 ; 42.000 ; 42.000 ;
; LOAD_SF_L     ; EA[2]       ; 42.000 ; 42.000 ; 42.000 ; 42.000 ;
; LOAD_SF_L     ; EA_L        ; 50.000 ; 50.000 ; 50.000 ; 50.000 ;
; LOAD_SF_L     ; EMA         ; 50.000 ; 50.000 ; 50.000 ; 50.000 ;
; LOAD_SF_L     ; EMA_L       ; 50.000 ; 50.000 ; 50.000 ; 50.000 ;
; LOAD_SF_L     ; FIELD1      ; 50.000 ; 50.000 ; 50.000 ; 50.000 ;
; LOAD_SF_L     ; IB_L[6]     ; 34.000 ; 34.000 ; 34.000 ; 34.000 ;
; LOAD_SF_L     ; IB_L[7]     ; 18.000 ; 18.000 ; 18.000 ; 18.000 ;
; LOAD_SF_L     ; IB_L[8]     ; 18.000 ; 18.000 ; 18.000 ; 18.000 ;
; LOAD_SF_L     ; IB_L[10]    ; 18.000 ; 18.000 ; 18.000 ; 18.000 ;
; LOAD_SF_L     ; IB_L[11]    ; 18.000 ; 18.000 ; 18.000 ; 18.000 ;
; MB[3]         ; EA[0]       ; 31.000 ; 26.000 ; 26.000 ; 31.000 ;
; MB[3]         ; EA[1]       ; 31.000 ; 26.000 ; 26.000 ; 31.000 ;
; MB[3]         ; EA[2]       ; 31.000 ; 26.000 ; 26.000 ; 31.000 ;
; MB[3]         ; EA_L        ; 34.000 ; 39.000 ; 39.000 ; 34.000 ;
; MB[3]         ; EMA         ; 39.000 ; 34.000 ; 34.000 ; 39.000 ;
; MB[3]         ; EMA_L       ; 34.000 ; 39.000 ; 39.000 ; 34.000 ;
; MB[3]         ; FIELD1      ; 34.000 ; 34.000 ; 34.000 ; 34.000 ;
; MB[3]         ; IB_L[0]     ;        ; 16.500 ; 16.500 ;        ;
; MB[3]         ; IB_L[1]     ;        ; 16.500 ; 16.500 ;        ;
; MB[3]         ; IB_L[2]     ;        ; 16.500 ; 16.500 ;        ;
; MB[3]         ; IB_L[3]     ;        ; 16.500 ; 16.500 ;        ;
; MB[3]         ; IB_L[4]     ;        ; 16.500 ; 16.500 ;        ;
; MB[3]         ; IB_L[5]     ;        ; 16.500 ; 16.500 ;        ;
; MB[3]         ; IB_L[6]     ; 23.000 ; 10.000 ; 10.000 ; 23.000 ;
; MB[3]         ; IB_L[7]     ; 23.000 ; 10.000 ; 10.000 ; 23.000 ;
; MB[3]         ; IB_L[8]     ; 23.000 ; 10.000 ; 10.000 ; 23.000 ;
; MB[3]         ; IB_L[9]     ;        ; 16.500 ; 16.500 ;        ;
; MB[3]         ; IB_L[10]    ; 39.000 ; 10.000 ; 10.000 ; 39.000 ;
; MB[3]         ; IB_L[11]    ; 39.000 ; 10.000 ; 10.000 ; 39.000 ;
; MB[3]         ; INT_INH_L   ;        ; 18.000 ; 18.000 ;        ;
; MB[4]         ; EA[0]       ; 26.000 ; 31.000 ; 31.000 ; 26.000 ;
; MB[4]         ; EA[1]       ; 26.000 ; 31.000 ; 31.000 ; 26.000 ;
; MB[4]         ; EA[2]       ; 26.000 ; 31.000 ; 31.000 ; 26.000 ;
; MB[4]         ; EA_L        ; 39.000 ; 34.000 ; 34.000 ; 39.000 ;
; MB[4]         ; EMA         ; 34.000 ; 39.000 ; 39.000 ; 34.000 ;
; MB[4]         ; EMA_L       ; 39.000 ; 34.000 ; 34.000 ; 39.000 ;
; MB[4]         ; FIELD1      ; 34.000 ; 34.000 ; 34.000 ; 34.000 ;
; MB[4]         ; IB_L[0]     ; 16.500 ;        ;        ; 16.500 ;
; MB[4]         ; IB_L[1]     ; 16.500 ;        ;        ; 16.500 ;
; MB[4]         ; IB_L[2]     ; 16.500 ;        ;        ; 16.500 ;
; MB[4]         ; IB_L[3]     ; 16.500 ;        ;        ; 16.500 ;
; MB[4]         ; IB_L[4]     ; 16.500 ;        ;        ; 16.500 ;
; MB[4]         ; IB_L[5]     ; 16.500 ;        ;        ; 16.500 ;
; MB[4]         ; IB_L[6]     ; 10.000 ; 23.000 ; 23.000 ; 10.000 ;
; MB[4]         ; IB_L[7]     ; 10.000 ; 23.000 ; 23.000 ; 10.000 ;
; MB[4]         ; IB_L[8]     ; 10.000 ; 23.000 ; 23.000 ; 10.000 ;
; MB[4]         ; IB_L[9]     ; 16.500 ;        ;        ; 16.500 ;
; MB[4]         ; IB_L[10]    ; 10.000 ; 39.000 ; 39.000 ; 10.000 ;
; MB[4]         ; IB_L[11]    ; 10.000 ; 39.000 ; 39.000 ; 10.000 ;
; MB[4]         ; INT_INH_L   ; 18.000 ;        ;        ; 18.000 ;
; MB[5]         ; EA[0]       ; 31.000 ; 26.000 ; 26.000 ; 31.000 ;
; MB[5]         ; EA[1]       ; 31.000 ; 26.000 ; 26.000 ; 31.000 ;
; MB[5]         ; EA[2]       ; 31.000 ; 26.000 ; 26.000 ; 31.000 ;
; MB[5]         ; EA_L        ; 34.000 ; 39.000 ; 39.000 ; 34.000 ;
; MB[5]         ; EMA         ; 39.000 ; 34.000 ; 34.000 ; 39.000 ;
; MB[5]         ; EMA_L       ; 34.000 ; 39.000 ; 39.000 ; 34.000 ;
; MB[5]         ; FIELD1      ; 34.000 ; 34.000 ; 34.000 ; 34.000 ;
; MB[5]         ; IB_L[0]     ;        ; 16.500 ; 16.500 ;        ;
; MB[5]         ; IB_L[1]     ;        ; 16.500 ; 16.500 ;        ;
; MB[5]         ; IB_L[2]     ;        ; 16.500 ; 16.500 ;        ;
; MB[5]         ; IB_L[3]     ;        ; 16.500 ; 16.500 ;        ;
; MB[5]         ; IB_L[4]     ;        ; 16.500 ; 16.500 ;        ;
; MB[5]         ; IB_L[5]     ;        ; 16.500 ; 16.500 ;        ;
; MB[5]         ; IB_L[6]     ; 23.000 ; 10.000 ; 10.000 ; 23.000 ;
; MB[5]         ; IB_L[7]     ; 23.000 ; 10.000 ; 10.000 ; 23.000 ;
; MB[5]         ; IB_L[8]     ; 23.000 ; 10.000 ; 10.000 ; 23.000 ;
; MB[5]         ; IB_L[9]     ;        ; 16.500 ; 16.500 ;        ;
; MB[5]         ; IB_L[10]    ; 39.000 ; 10.000 ; 10.000 ; 39.000 ;
; MB[5]         ; IB_L[11]    ; 39.000 ; 10.000 ; 10.000 ; 39.000 ;
; MB[5]         ; INT_INH_L   ;        ; 18.000 ; 18.000 ;        ;
; MB[6]         ; EA[0]       ; 26.000 ; 31.000 ; 31.000 ; 26.000 ;
; MB[6]         ; EA[1]       ; 26.000 ; 31.000 ; 31.000 ; 26.000 ;
; MB[6]         ; EA[2]       ; 26.000 ; 31.000 ; 31.000 ; 26.000 ;
; MB[6]         ; EA_L        ; 39.000 ; 34.000 ; 34.000 ; 39.000 ;
; MB[6]         ; EMA         ; 34.000 ; 39.000 ; 39.000 ; 34.000 ;
; MB[6]         ; EMA_L       ; 39.000 ; 34.000 ; 34.000 ; 39.000 ;
; MB[6]         ; FIELD1      ; 34.000 ; 34.000 ; 34.000 ; 34.000 ;
; MB[6]         ; IB_L[0]     ;        ; 16.500 ; 16.500 ;        ;
; MB[6]         ; IB_L[1]     ;        ; 16.500 ; 16.500 ;        ;
; MB[6]         ; IB_L[2]     ;        ; 16.500 ; 16.500 ;        ;
; MB[6]         ; IB_L[3]     ;        ; 16.500 ; 16.500 ;        ;
; MB[6]         ; IB_L[4]     ;        ; 16.500 ; 16.500 ;        ;
; MB[6]         ; IB_L[5]     ;        ; 16.500 ; 16.500 ;        ;
; MB[6]         ; IB_L[6]     ; 18.000 ; 10.000 ; 10.000 ; 18.000 ;
; MB[6]         ; IB_L[7]     ; 18.000 ; 10.000 ; 10.000 ; 18.000 ;
; MB[6]         ; IB_L[8]     ; 18.000 ; 10.000 ; 10.000 ; 18.000 ;
; MB[6]         ; IB_L[9]     ;        ; 16.500 ; 16.500 ;        ;
; MB[6]         ; IB_L[10]    ; 34.000 ; 10.000 ; 10.000 ; 34.000 ;
; MB[6]         ; IB_L[11]    ; 34.000 ; 10.000 ; 10.000 ; 34.000 ;
; MB[6]         ; INT_INH_L   ; 18.000 ;        ;        ; 18.000 ;
; MB[7]         ; EA[0]       ; 31.000 ; 26.000 ; 26.000 ; 31.000 ;
; MB[7]         ; EA[1]       ; 31.000 ; 26.000 ; 26.000 ; 31.000 ;
; MB[7]         ; EA[2]       ; 31.000 ; 26.000 ; 26.000 ; 31.000 ;
; MB[7]         ; EA_L        ; 34.000 ; 39.000 ; 39.000 ; 34.000 ;
; MB[7]         ; EMA         ; 39.000 ; 34.000 ; 34.000 ; 39.000 ;
; MB[7]         ; EMA_L       ; 34.000 ; 39.000 ; 39.000 ; 34.000 ;
; MB[7]         ; FIELD1      ; 34.000 ; 34.000 ; 34.000 ; 34.000 ;
; MB[7]         ; IB_L[0]     ; 16.500 ;        ;        ; 16.500 ;
; MB[7]         ; IB_L[1]     ; 16.500 ;        ;        ; 16.500 ;
; MB[7]         ; IB_L[2]     ; 16.500 ;        ;        ; 16.500 ;
; MB[7]         ; IB_L[3]     ; 16.500 ;        ;        ; 16.500 ;
; MB[7]         ; IB_L[4]     ; 16.500 ;        ;        ; 16.500 ;
; MB[7]         ; IB_L[5]     ; 16.500 ;        ;        ; 16.500 ;
; MB[7]         ; IB_L[6]     ; 10.000 ; 10.000 ; 10.000 ; 10.000 ;
; MB[7]         ; IB_L[7]     ; 10.000 ; 10.000 ; 10.000 ; 10.000 ;
; MB[7]         ; IB_L[8]     ; 10.000 ; 10.000 ; 10.000 ; 10.000 ;
; MB[7]         ; IB_L[9]     ; 16.500 ;        ;        ; 16.500 ;
; MB[7]         ; IB_L[10]    ; 10.000 ;        ;        ; 10.000 ;
; MB[7]         ; IB_L[11]    ; 10.000 ; 34.000 ; 34.000 ; 10.000 ;
; MB[7]         ; INT_INH_L   ;        ; 18.000 ; 18.000 ;        ;
; MB[8]         ; EA[0]       ; 31.000 ; 26.000 ; 26.000 ; 31.000 ;
; MB[8]         ; EA[1]       ; 31.000 ; 26.000 ; 26.000 ; 31.000 ;
; MB[8]         ; EA[2]       ; 31.000 ; 26.000 ; 26.000 ; 31.000 ;
; MB[8]         ; EA_L        ; 34.000 ; 39.000 ; 39.000 ; 34.000 ;
; MB[8]         ; EMA         ; 39.000 ; 34.000 ; 34.000 ; 39.000 ;
; MB[8]         ; EMA_L       ; 34.000 ; 39.000 ; 39.000 ; 34.000 ;
; MB[8]         ; FIELD1      ; 34.000 ; 34.000 ; 34.000 ; 34.000 ;
; MB[8]         ; IB_L[0]     ; 16.500 ;        ;        ; 16.500 ;
; MB[8]         ; IB_L[1]     ; 16.500 ;        ;        ; 16.500 ;
; MB[8]         ; IB_L[2]     ; 16.500 ;        ;        ; 16.500 ;
; MB[8]         ; IB_L[3]     ; 16.500 ;        ;        ; 16.500 ;
; MB[8]         ; IB_L[4]     ; 16.500 ;        ;        ; 16.500 ;
; MB[8]         ; IB_L[5]     ; 16.500 ;        ;        ; 16.500 ;
; MB[8]         ; IB_L[6]     ; 10.000 ; 10.000 ; 10.000 ; 10.000 ;
; MB[8]         ; IB_L[7]     ; 10.000 ; 10.000 ; 10.000 ; 10.000 ;
; MB[8]         ; IB_L[8]     ; 10.000 ; 10.000 ; 10.000 ; 10.000 ;
; MB[8]         ; IB_L[9]     ; 16.500 ;        ;        ; 16.500 ;
; MB[8]         ; IB_L[10]    ; 10.000 ;        ;        ; 10.000 ;
; MB[8]         ; IB_L[11]    ; 10.000 ; 34.000 ; 34.000 ; 10.000 ;
; MB[8]         ; INT_INH_L   ;        ; 18.000 ; 18.000 ;        ;
; SP_CYC_NEXT_L ; EA[0]       ; 18.000 ;        ;        ; 18.000 ;
; SP_CYC_NEXT_L ; EA[1]       ; 18.000 ;        ;        ; 18.000 ;
; SP_CYC_NEXT_L ; EA[2]       ; 18.000 ;        ;        ; 18.000 ;
; SP_CYC_NEXT_L ; EA_L        ;        ; 26.000 ; 26.000 ;        ;
; SP_CYC_NEXT_L ; EMA         ; 26.000 ;        ;        ; 26.000 ;
; SP_CYC_NEXT_L ; EMA_L       ;        ; 26.000 ; 26.000 ;        ;
; SP_CYC_NEXT_L ; FIELD1      ; 26.000 ; 26.000 ; 26.000 ; 26.000 ;
; TP2           ; EA[0]       ; 18.000 ; 23.000 ; 23.000 ; 18.000 ;
; TP2           ; EA[1]       ; 18.000 ; 23.000 ; 23.000 ; 18.000 ;
; TP2           ; EA[2]       ; 18.000 ; 23.000 ; 23.000 ; 18.000 ;
; TP2           ; EA_L        ; 31.000 ; 26.000 ; 26.000 ; 31.000 ;
; TP2           ; EMA         ; 26.000 ; 31.000 ; 31.000 ; 26.000 ;
; TP2           ; EMA_L       ; 31.000 ; 26.000 ; 26.000 ; 31.000 ;
; TP2           ; FIELD1      ; 26.000 ; 26.000 ; 26.000 ; 26.000 ;
; TP3           ; INT_INH_L   ; 18.000 ; 18.000 ; 18.000 ; 18.000 ;
+---------------+-------------+--------+--------+--------+--------+


-------------------
; Clock Transfers ;
-------------------
Nothing to report.


---------------
; Report TCCS ;
---------------
No dedicated SERDES Transmitter circuitry present in device or used in design


---------------
; Report RSKM ;
---------------
No dedicated SERDES Receiver circuitry present in device or used in design


+------------------------------------------------+
; Unconstrained Paths                            ;
+---------------------------------+-------+------+
; Property                        ; Setup ; Hold ;
+---------------------------------+-------+------+
; Illegal Clocks                  ; 0     ; 0    ;
; Unconstrained Clocks            ; 0     ; 0    ;
; Unconstrained Input Ports       ; 31    ; 31   ;
; Unconstrained Input Port Paths  ; 328   ; 328  ;
; Unconstrained Output Ports      ; 20    ; 20   ;
; Unconstrained Output Port Paths ; 328   ; 328  ;
+---------------------------------+-------+------+


+------------------------------------+
; TimeQuest Timing Analyzer Messages ;
+------------------------------------+
Info: *******************************************************************
Info: Running Quartus II 64-Bit TimeQuest Timing Analyzer
    Info: Version 13.0.1 Build 232 06/12/2013 Service Pack 1 SJ Web Edition
    Info: Processing started: Thu Jun 25 23:21:52 2026
Info: Command: quartus_sta mmu8l -c mmu8l
Info: qsta_default_script.tcl version: #1
Info (306004): Started post-fitting delay annotation
Info (306005): Delay annotation completed successfully
Critical Warning (332012): Synopsys Design Constraints File file not found: 'mmu8l.sdc'. A Synopsys Design Constraints File is required by the TimeQuest Timing Analyzer to get proper timing constraints. Without it, the Compiler will not properly optimize the design.
Info (332142): No user constrained base clocks found in the design. Calling "derive_clocks -period 1.0"
Info (332096): The command derive_clocks did not find any clocks to derive.  No clocks were created or changed.
Warning (332125): Found combinational loop of 2 nodes
    Warning (332126): Node "EA[2]$latch~10|[2]"
    Warning (332126): Node "EA[2]$latch~10|dataout"
Warning (332125): Found combinational loop of 2 nodes
    Warning (332126): Node "DF[2]~76|[2]"
    Warning (332126): Node "DF[2]~76|dataout"
Warning (332125): Found combinational loop of 2 nodes
    Warning (332126): Node "EA[1]$latch~9|[2]"
    Warning (332126): Node "EA[1]$latch~9|dataout"
Warning (332125): Found combinational loop of 2 nodes
    Warning (332126): Node "sf[6]~53|[3]"
    Warning (332126): Node "sf[6]~53|dataout"
Warning (332125): Found combinational loop of 2 nodes
    Warning (332126): Node "DF[1]~61|[2]"
    Warning (332126): Node "DF[1]~61|dataout"
Warning (332125): Found combinational loop of 2 nodes
    Warning (332126): Node "EA[0]$latch~9|[2]"
    Warning (332126): Node "EA[0]$latch~9|dataout"
Warning (332125): Found combinational loop of 2 nodes
    Warning (332126): Node "sf[5]~49|[3]"
    Warning (332126): Node "sf[5]~49|dataout"
Warning (332125): Found combinational loop of 2 nodes
    Warning (332126): Node "DF[0]~52|[2]"
    Warning (332126): Node "DF[0]~52|dataout"
Warning (332125): Found combinational loop of 2 nodes
    Warning (332126): Node "sf[4]~45|[3]"
    Warning (332126): Node "sf[4]~45|dataout"
Warning (332125): Found combinational loop of 2 nodes
    Warning (332126): Node "IF[2]~52|[1]"
    Warning (332126): Node "IF[2]~52|dataout"
Warning (332125): Found combinational loop of 2 nodes
    Warning (332126): Node "ib[2]~69|[2]"
    Warning (332126): Node "ib[2]~69|dataout"
Warning (332125): Found combinational loop of 2 nodes
    Warning (332126): Node "sf[3]~41|[3]"
    Warning (332126): Node "sf[3]~41|dataout"
Warning (332125): Found combinational loop of 2 nodes
    Warning (332126): Node "IF[1]~43|[1]"
    Warning (332126): Node "IF[1]~43|dataout"
Warning (332125): Found combinational loop of 2 nodes
    Warning (332126): Node "ib[1]~54|[2]"
    Warning (332126): Node "ib[1]~54|dataout"
Warning (332125): Found combinational loop of 2 nodes
    Warning (332126): Node "sf[2]~37|[3]"
    Warning (332126): Node "sf[2]~37|dataout"
Warning (332125): Found combinational loop of 2 nodes
    Warning (332126): Node "IF[0]~37|[1]"
    Warning (332126): Node "IF[0]~37|dataout"
Warning (332125): Found combinational loop of 2 nodes
    Warning (332126): Node "inth~10|[0]"
    Warning (332126): Node "inth~10|dataout"
Warning (332125): Found combinational loop of 2 nodes
    Warning (332126): Node "ib[0]~45|[1]"
    Warning (332126): Node "ib[0]~45|dataout"
Warning (332125): Found combinational loop of 2 nodes
    Warning (332126): Node "WRITE~13|[0]"
    Warning (332126): Node "WRITE~13|dataout"
Warning (332068): No clocks defined in design.
Info: Found TIMEQUEST_REPORT_SCRIPT_INCLUDE_DEFAULT_ANALYSIS = OFF
Info (332159): No clocks to report
Info (332140): No fmax paths to report
Info (332140): No Setup paths to report
Info (332140): No Hold paths to report
Info (332140): No Recovery paths to report
Info (332140): No Removal paths to report
Info (332140): No Minimum Pulse Width paths to report
Info (332001): The selected device family is not supported by the report_metastability command.
Info (332102): Design is not fully constrained for setup requirements
Info (332102): Design is not fully constrained for hold requirements
Info (144001): Generated suppressed messages file //wsl.localhost/Ubuntu/home/vrs/Eagle/projects/DEC/Posibus/pld/MM8L/mmu8l/output_files/mmu8l.sta.smsg
Info: Quartus II 64-Bit TimeQuest Timing Analyzer was successful. 0 errors, 59 warnings
    Info: Peak virtual memory: 4524 megabytes
    Info: Processing ended: Thu Jun 25 23:21:53 2026
    Info: Elapsed time: 00:00:01
    Info: Total CPU time (on all processors): 00:00:01


+-----------------------------------------------+
; TimeQuest Timing Analyzer Suppressed Messages ;
+-----------------------------------------------+
The suppressed messages can be found in //wsl.localhost/Ubuntu/home/vrs/Eagle/projects/DEC/Posibus/pld/MM8L/mmu8l/output_files/mmu8l.sta.smsg.


