Partlist

Exported from M7104B.sch at 4/20/2017 11:10:43 PM

EAGLE Version 6.6.0 Copyright (c) 1988-2014 CadSoft

Assembly variant: 

Part     Value          Device            Package      Library  Sheet

C1       .01uF          C-US              C063-025X075 dec-con  1
C2       .01uF          C-US              C063-025X075 dec-con  1
C3       .01uF          C-US              C063-025X075 dec-con  1
C4       .01uF          C-US              C063-025X075 dec-con  1
C5       .01uF          C-US              C063-025X075 dec-con  1
C6       .01uF          C-US              C063-025X075 dec-con  1
C7       .01uF          C-US              C063-025X075 dec-con  1
C8       .01uF          C-US              C063-025X075 dec-con  1
C9       .01uF          C-US              C063-025X075 dec-con  1
C10      .01uF          C-US              C063-025X075 dec-con  1
C11      .01uF          C-US              C063-025X075 dec-con  1
C12      .01uF          C-US              C063-025X075 dec-con  1
C13      .01uF          C-US              C063-025X075 dec-con  1
C14      .01uF          C-US              C063-025X075 dec-con  1
C15      .01uF          C-US              C063-025X075 dec-con  1
C16      .01uF          C-US              C063-025X075 dec-con  1
C17      .01uF          C-US              C063-025X075 dec-con  1
C18      .01uF          C-US              C063-025X075 dec-con  1
C19      .01uF          C-US              C063-025X075 dec-con  1
C20      .01uF          C-US              C063-025X075 dec-con  1
C21      .01uF          C-US              C063-025X075 dec-con  1
C22      .01uF          C-US              C063-025X075 dec-con  1
C23      .01uF          C-US              C063-025X075 dec-con  1
C24      .01uF          C-US              C063-025X075 dec-con  1
C25      .01uF          C-US              C063-025X075 dec-con  1
C26      .01uF          C-US              C063-025X075 dec-con  1
C27      .01uF          C-US              C063-025X075 dec-con  1
C28      .01uF          C-US              C063-025X075 dec-con  1
C29      .01uF          C-US              C063-025X075 dec-con  1
C30      .01uF          C-US              C063-025X075 dec-con  1
C31      .01uF          C-US              C063-025X075 dec-con  1
C32      .01uF          C-US              C063-025X075 dec-con  1
C33      .01uF          C-US              C063-025X075 dec-con  1
C34      .01uF          C-US              C063-025X075 dec-con  1
C35      .01uF          C-US              C063-025X075 dec-con  1
C36      .01uF          C-US              C063-025X075 dec-con  1
C37      .01uF          C-US              C063-025X075 dec-con  1
C38      .01uF          C-US              C063-025X075 dec-con  1
C39      .01uF          C-US              C063-025X075 dec-con  1
C40      .01uF          C-US              C063-025X075 dec-con  1
C41      .01uF          C-US              C063-025X075 dec-con  1
C42      .01uF          C-US              C063-025X075 dec-con  1
C43      .01uF          C-US              C063-025X075 dec-con  1
C44      .01uF          C-US              C063-025X075 dec-con  1
C45      .01uF          C-US              C063-025X075 dec-con  1
C46      .01uF          C-US              C063-025X075 dec-con  1
C47      39pF           C-US              C063-025X075 dec-con  1
C48      10pF           C-US              C063-025X075 dec-con  1
C49      470pF          C-US              C063-025X075 dec-con  1
C50      180pF          C-US              C063-025X075 dec-con  5
C51      330pF          C-US              C063-025X075 dec-con  5
C52      180pF          C-US              C063-025X075 dec-con  5
C53      6.8uF          CPOL-USE20-8AXIAL E12-8        dec-con  1
C54      6.8uF          CPOL-USE20-8AXIAL E12-8        dec-con  1
C55      6.8uF          CPOL-USE20-8AXIAL E12-8        dec-con  1
C56      470pF          C-US              C063-025X075 dec-con  1
DL1      100ns          RC-L-22           RCL-L-XX-22  dec-con  5
E1       SP314N         SP314N            DIL14        dec-con  4
E2       DS8640N        DS8640N           DIL14        dec-con  4
E3       7495N          7495N             DIL14        74xx-us  2
E4       74174N         74174N            DIL16        74xx-us  2
E5       7495N          7495N             DIL14        74xx-us  2
E6       74H53N         74H53N            DIL14        dec-con  1
E7       74123N         74123N            DIL16        74xx-us  1
E8       DEC8235        DEC8235           DIL16        dec-con  3
E9       7495N          7495N             DIL14        74xx-us  2
E10      74174N         74174N            DIL16        74xx-us  2
E11      7408N          74S08N            DIL14        74xx-us  1
E12      7473N          74LS73N           DIL14        74xx-us  1
E13      7402N          7402N             DIL14        74xx-us  1
E14      7476N          7476N             DIL16        74xx-us  1
E15      DS8640N        DS8640N           DIL14        dec-con  4
E16      7404N          7404N             DIL14        74xx-us  2
E17      7495N          7495N             DIL14        74xx-us  2
E18      74174N         74174N            DIL16        74xx-us  2
E19      7402N          7402N             DIL14        74xx-us  1
E20      74H00N         74S00N            DIL14        74xx-us  1
E21      74H04N         7404N             DIL14        74xx-us  3
E22      DEC8235        DEC8235           DIL16        dec-con  3
E23      7404N          7404N             DIL14        74xx-us  2
E24      7495N          7495N             DIL14        74xx-us  2
E25      74174N         74174N            DIL16        74xx-us  2
E26      74H53N         74H53N            DIL14        dec-con  1
E27      7404N          7404N             DIL14        74xx-us  1
E28      7402N          7402N             DIL14        74xx-us  3
E29      DEC8235        DEC8235           DIL16        dec-con  3
E30      SP384N         SP384N            DIL14        dec-con  3
E31      7404N          7404N             DIL14        74xx-us  2
E32      7495N          7495N             DIL14        74xx-us  2
E33      7437N          7437N             DIL14        74xx-us  3
E34      7402N          7402N             DIL14        74xx-us  1
E35      DS8640N        DS8640N           DIL14        dec-con  4
E36      N8881N         N8881N            DIL14        dec-con  3
E37      DEC8251        DEC8251           DIL16        dec-con  4
E38      74H74N         74S74N            DIL14        74xx-us  3
E39      7474N          74S74N            DIL14        74xx-us  5
E40      7408N          74S08N            DIL14        74xx-us  3
E41      7440N          7440N             DIL14        dec-con  4
E42      DS8640N        DS8640N           DIL14        dec-con  4
E43      74193N         74193N            DIL16        dec-con  5
E44      7440N          7440N             DIL14        dec-con  3
E45      7400N          7400N             DIL14        74xx-us  5
E46      7400N          7400N             DIL14        74xx-us  5
E47      7410N          7410N             DIL14        74xx-us  1
E48      7408N          74S08N            DIL14        74xx-us  5
E49      DEC8235        DEC8235           DIL16        dec-con  3
E50      7496N          74LS96N           DIL16        74xx-us  5
E51      7402N          7402N             DIL14        74xx-us  4
E52      7474N          74S74N            DIL14        74xx-us  1
E53      7402N          7402N             DIL14        74xx-us  5
E54      7400N          7400N             DIL14        74xx-us  1
H        EDGE-TOP       EDGE-TOP          EDGE-CON2    dec-con  1
J        EDGE-TOP       EDGE-TOP          EDGE-CON2    dec-con  1
OMNIBUS  QUAD           QUAD              EDGE-CON8    dec-con  1
R1       390            R-US_0207/10      0207/10      rcl      5
R2       180            R-US_0207/10      0207/10      rcl      5
R3       180            R-US_0207/10      0207/10      rcl      5
R4       390            R-US_0207/10      0207/10      rcl      5
R5       100            R-US_0207/10      0207/10      rcl      5
R6       5.11K          R-US_0207/15      0207/15      rcl      1
R7       5.11K          R-US_0207/15      0207/15      rcl      1
R8       100            R-US_0207/10      0207/10      rcl      5
R9       2.2K           R-US_0207/10      0207/10      rcl      4
R10      100            R-US_0207/10      0207/10      rcl      5
R11      1.8K           R-US_0207/10      0207/10      rcl      4
R12      4.7K           R-US_0207/10      0207/10      rcl      5
R13      4.7K           R-US_0207/10      0207/10      rcl      5
R14      100            R-US_0207/10      0207/10      rcl      1
R15      100            R-US_0207/10      0207/10      rcl      1
R16      1K             R-US_0207/10      0207/10      rcl      5
R17      1K             R-US_0207/10      0207/10      rcl      5
W1W4                    0R2               0R2/10       jumper   4
W2W5                    0R2               0R2/10       jumper   4
W3W6                    0R2               0R2/10       jumper   4
