TimeQuest Timing Analyzer report for M8340
Fri Oct 18 11:51:13 2019
Quartus II 64-Bit Version 13.0.1 Build 232 06/12/2013 Service Pack 1 SJ Web Edition


---------------------
; Table of Contents ;
---------------------
  1. Legal Notice
  2. TimeQuest Timing Analyzer Summary
  3. Parallel Compilation
  4. Clocks
  5. Fmax Summary
  6. Setup Summary
  7. Hold Summary
  8. Recovery Summary
  9. Removal Summary
 10. Minimum Pulse Width Summary
 11. Propagation Delay
 12. Minimum Propagation Delay
 13. Clock Transfers
 14. Report TCCS
 15. Report RSKM
 16. Unconstrained Paths
 17. TimeQuest Timing Analyzer Messages



----------------
; Legal Notice ;
----------------
Copyright (C) 1991-2013 Altera Corporation
Your use of Altera Corporation's design tools, logic functions 
and other software and tools, and its AMPP partner logic 
functions, and any output files from any of the foregoing 
(including device programming or simulation files), and any 
associated documentation or information are expressly subject 
to the terms and conditions of the Altera Program License 
Subscription Agreement, Altera MegaCore Function License 
Agreement, or other applicable license agreement, including, 
without limitation, that your use is for the sole purpose of 
programming logic devices manufactured by Altera and sold by 
Altera or its authorized distributors.  Please refer to the 
applicable agreement for further details.



+----------------------------------------------------------------------------------------+
; TimeQuest Timing Analyzer Summary                                                      ;
+--------------------+-------------------------------------------------------------------+
; Quartus II Version ; Version 13.0.1 Build 232 06/12/2013 Service Pack 1 SJ Web Edition ;
; Revision Name      ; M8340                                                             ;
; Device Family      ; MAX7000S                                                          ;
; Device Name        ; EPM7128SQC100-15                                                  ;
; Timing Models      ; Final                                                             ;
; Delay Model        ; Slow Model                                                        ;
; Rise/Fall Delays   ; Unavailable                                                       ;
+--------------------+-------------------------------------------------------------------+


Parallel compilation was disabled, but you have multiple processors available. Enable parallel compilation to reduce compilation time.
+-------------------------------------+
; Parallel Compilation                ;
+----------------------------+--------+
; Processors                 ; Number ;
+----------------------------+--------+
; Number detected on machine ; 4      ;
; Maximum allowed            ; 1      ;
+----------------------------+--------+


----------
; Clocks ;
----------
No clocks to report.


----------------
; Fmax Summary ;
----------------
No paths to report.


-----------------
; Setup Summary ;
-----------------
No paths to report.


----------------
; Hold Summary ;
----------------
No paths to report.


--------------------
; Recovery Summary ;
--------------------
No paths to report.


-------------------
; Removal Summary ;
-------------------
No paths to report.


-------------------------------
; Minimum Pulse Width Summary ;
-------------------------------
No paths to report.


+----------------------------------------------------------------------+
; Propagation Delay                                                    ;
+-------------+----------------+---------+---------+---------+---------+
; Input Port  ; Output Port    ; RR      ; RF      ; FR      ; FF      ;
+-------------+----------------+---------+---------+---------+---------+
; data7       ; data7          ;         ; 61.000  ; 61.000  ;         ;
; data7       ; last_step_l    ; 50.000  ; 50.000  ; 50.000  ; 50.000  ;
; data7       ; sc_0_low       ; 54.000  ;         ;         ; 54.000  ;
; data8       ; data7          ; 87.000  ; 79.000  ; 79.000  ; 87.000  ;
; data8       ; data8          ;         ; 61.000  ; 61.000  ;         ;
; data8       ; div_12_l       ; 54.000  ;         ;         ; 54.000  ;
; data8       ; last_step_l    ; 76.000  ; 76.000  ; 76.000  ; 76.000  ;
; data8       ; sc_0_low       ; 72.000  ; 80.000  ; 80.000  ; 72.000  ;
; data9       ; data7          ; 105.000 ; 113.000 ; 113.000 ; 105.000 ;
; data9       ; data8          ; 87.000  ; 79.000  ; 79.000  ; 87.000  ;
; data9       ; data9          ;         ; 61.000  ; 61.000  ;         ;
; data9       ; div_12_l       ; 72.000  ; 80.000  ; 80.000  ; 72.000  ;
; data9       ; last_step_l    ; 102.000 ; 102.000 ; 102.000 ; 102.000 ;
; data9       ; sc_0_low       ; 106.000 ; 98.000  ; 98.000  ; 106.000 ;
; data10      ; data7          ; 139.000 ; 131.000 ; 131.000 ; 139.000 ;
; data10      ; data8          ; 105.000 ; 113.000 ; 113.000 ; 105.000 ;
; data10      ; data9          ; 87.000  ; 79.000  ; 79.000  ; 87.000  ;
; data10      ; data10         ; 54.000  ; 61.000  ; 61.000  ; 54.000  ;
; data10      ; div_12_l       ; 106.000 ; 98.000  ; 98.000  ; 106.000 ;
; data10      ; last_step_l    ; 128.000 ; 128.000 ; 128.000 ; 128.000 ;
; data10      ; sc_0_low       ; 124.000 ; 132.000 ; 132.000 ; 124.000 ;
; data11      ; data7          ; 157.000 ; 165.000 ; 165.000 ; 157.000 ;
; data11      ; data8          ; 139.000 ; 131.000 ; 131.000 ; 139.000 ;
; data11      ; data9          ; 105.000 ; 113.000 ; 113.000 ; 105.000 ;
; data11      ; data10         ; 87.000  ; 80.000  ; 80.000  ; 87.000  ;
; data11      ; data11         ; 54.000  ; 61.000  ; 61.000  ; 54.000  ;
; data11      ; div_12_l       ; 124.000 ; 132.000 ; 132.000 ; 124.000 ;
; data11      ; last_step_l    ; 154.000 ; 154.000 ; 154.000 ; 154.000 ;
; data11      ; sc_0_low       ; 158.000 ; 150.000 ; 150.000 ; 158.000 ;
; defer       ; fe_set         ; 41.000  ;         ;         ; 41.000  ;
; defer       ; next_loc       ; 53.000  ;         ;         ; 53.000  ;
; e           ; fe_set         ;         ; 15.000  ; 15.000  ;         ;
; fetch       ; adlk_dis_low   ; 77.000  ; 77.000  ; 77.000  ; 77.000  ;
; fetch       ; c0             ; 106.000 ; 106.000 ; 106.000 ; 106.000 ;
; fetch       ; dad_or_dst     ; 72.000  ; 72.000  ; 72.000  ; 72.000  ;
; fetch       ; dad_or_dst_low ; 81.000  ; 81.000  ; 81.000  ; 81.000  ;
; fetch       ; data7          ; 246.000 ; 246.000 ; 246.000 ; 246.000 ;
; fetch       ; data8          ; 220.000 ; 220.000 ; 220.000 ; 220.000 ;
; fetch       ; data9          ; 194.000 ; 194.000 ; 194.000 ; 194.000 ;
; fetch       ; data10         ; 168.000 ; 168.000 ; 168.000 ; 168.000 ;
; fetch       ; data11         ; 142.000 ; 142.000 ; 142.000 ; 142.000 ;
; fetch       ; div_12_l       ; 213.000 ; 213.000 ; 213.000 ; 213.000 ;
; fetch       ; eir2           ; 36.000  ; 28.000  ; 28.000  ; 36.000  ;
; fetch       ; eir3           ; 36.000  ; 28.000  ; 28.000  ; 36.000  ;
; fetch       ; fd_set         ; 85.000  ; 85.000  ; 85.000  ; 85.000  ;
; fetch       ; fe_set         ; 103.000 ; 103.000 ; 103.000 ; 103.000 ;
; fetch       ; last_step_l    ; 235.000 ; 235.000 ; 235.000 ; 235.000 ;
; fetch       ; modeb          ; 63.000  ; 63.000  ; 63.000  ; 63.000  ;
; fetch       ; next_loc       ; 115.000 ; 115.000 ; 115.000 ; 115.000 ;
; fetch       ; rom_11_l       ; 76.000  ; 76.000  ; 76.000  ; 76.000  ;
; fetch       ; rom_12_l       ; 85.000  ; 85.000  ; 85.000  ; 85.000  ;
; fetch       ; rom_13_l       ; 85.000  ; 85.000  ; 85.000  ; 85.000  ;
; fetch       ; rom_14_l       ; 77.000  ; 77.000  ; 77.000  ; 77.000  ;
; fetch       ; rom_15_l       ; 85.000  ; 85.000  ; 85.000  ; 85.000  ;
; fetch       ; rom_17_l       ; 77.000  ; 77.000  ; 77.000  ; 77.000  ;
; fetch       ; rom_22_l       ; 85.000  ; 85.000  ; 85.000  ; 85.000  ;
; fetch       ; rom_24_l       ; 68.000  ; 68.000  ; 68.000  ; 68.000  ;
; fetch       ; sc_0_low       ; 239.000 ; 239.000 ; 239.000 ; 239.000 ;
; incr_sc     ; data7          ; 148.000 ; 148.000 ; 148.000 ; 148.000 ;
; incr_sc     ; data8          ; 122.000 ; 122.000 ; 122.000 ; 122.000 ;
; incr_sc     ; data9          ; 96.000  ; 96.000  ; 96.000  ; 96.000  ;
; incr_sc     ; data10         ; 70.000  ; 70.000  ; 70.000  ; 70.000  ;
; incr_sc     ; data11         ; 44.000  ; 44.000  ; 44.000  ; 44.000  ;
; incr_sc     ; div_12_l       ; 115.000 ; 115.000 ; 115.000 ; 115.000 ;
; incr_sc     ; last_step_l    ; 137.000 ; 137.000 ; 137.000 ; 137.000 ;
; incr_sc     ; sc_0_low       ; 141.000 ; 141.000 ; 141.000 ; 141.000 ;
; init        ; adlk_dis_low   ; 42.000  ;         ;         ; 42.000  ;
; init        ; c0             ; 71.000  ; 71.000  ; 71.000  ; 71.000  ;
; init        ; dad_or_dst     ; 37.000  ;         ;         ; 37.000  ;
; init        ; dad_or_dst_low ; 46.000  ;         ;         ; 46.000  ;
; init        ; data7          ; 211.000 ; 211.000 ; 211.000 ; 211.000 ;
; init        ; data8          ; 185.000 ; 185.000 ; 185.000 ; 185.000 ;
; init        ; data9          ; 159.000 ; 159.000 ; 159.000 ; 159.000 ;
; init        ; data10         ; 133.000 ; 133.000 ; 133.000 ; 133.000 ;
; init        ; data11         ; 107.000 ; 107.000 ; 107.000 ; 107.000 ;
; init        ; div_12_l       ; 178.000 ; 178.000 ; 178.000 ; 178.000 ;
; init        ; fd_set         ;         ; 50.000  ; 50.000  ;         ;
; init        ; fe_set         ; 68.000  ; 42.000  ; 42.000  ; 68.000  ;
; init        ; last_step_l    ; 200.000 ; 200.000 ; 200.000 ; 200.000 ;
; init        ; modeb          ; 28.000  ;         ;         ; 28.000  ;
; init        ; next_loc       ; 80.000  ; 62.000  ; 62.000  ; 80.000  ;
; init        ; rom_11_l       ; 41.000  ; 41.000  ; 41.000  ; 41.000  ;
; init        ; rom_12_l       ; 42.000  ; 50.000  ; 50.000  ; 42.000  ;
; init        ; rom_13_l       ; 42.000  ; 50.000  ; 50.000  ; 42.000  ;
; init        ; rom_14_l       ; 42.000  ; 42.000  ; 42.000  ; 42.000  ;
; init        ; rom_15_l       ; 42.000  ; 50.000  ; 50.000  ; 42.000  ;
; init        ; rom_17_l       ; 42.000  ;         ;         ; 42.000  ;
; init        ; rom_22_l       ; 33.000  ; 50.000  ; 50.000  ; 33.000  ;
; init        ; rom_24_l       ; 33.000  ; 33.000  ; 33.000  ; 33.000  ;
; init        ; sc_0_low       ; 204.000 ; 204.000 ; 204.000 ; 204.000 ;
; int_in_prog ; adlk_dis_low   ; 77.000  ; 77.000  ; 77.000  ; 77.000  ;
; int_in_prog ; c0             ; 106.000 ; 106.000 ; 106.000 ; 106.000 ;
; int_in_prog ; dad_or_dst     ; 72.000  ; 72.000  ; 72.000  ; 72.000  ;
; int_in_prog ; dad_or_dst_low ; 81.000  ; 81.000  ; 81.000  ; 81.000  ;
; int_in_prog ; data7          ; 246.000 ; 246.000 ; 246.000 ; 246.000 ;
; int_in_prog ; data8          ; 220.000 ; 220.000 ; 220.000 ; 220.000 ;
; int_in_prog ; data9          ; 194.000 ; 194.000 ; 194.000 ; 194.000 ;
; int_in_prog ; data10         ; 168.000 ; 168.000 ; 168.000 ; 168.000 ;
; int_in_prog ; data11         ; 142.000 ; 142.000 ; 142.000 ; 142.000 ;
; int_in_prog ; div_12_l       ; 213.000 ; 213.000 ; 213.000 ; 213.000 ;
; int_in_prog ; eir2           ; 28.000  ;         ;         ; 28.000  ;
; int_in_prog ; eir3           ; 28.000  ;         ;         ; 28.000  ;
; int_in_prog ; fd_set         ; 85.000  ; 85.000  ; 85.000  ; 85.000  ;
; int_in_prog ; fe_set         ; 103.000 ; 103.000 ; 103.000 ; 103.000 ;
; int_in_prog ; last_step_l    ; 235.000 ; 235.000 ; 235.000 ; 235.000 ;
; int_in_prog ; modeb          ; 63.000  ; 63.000  ; 63.000  ; 63.000  ;
; int_in_prog ; next_loc       ; 115.000 ; 115.000 ; 115.000 ; 115.000 ;
; int_in_prog ; rom_11_l       ; 76.000  ; 76.000  ; 76.000  ; 76.000  ;
; int_in_prog ; rom_12_l       ; 85.000  ; 85.000  ; 85.000  ; 85.000  ;
; int_in_prog ; rom_13_l       ; 85.000  ; 85.000  ; 85.000  ; 85.000  ;
; int_in_prog ; rom_14_l       ; 77.000  ; 77.000  ; 77.000  ; 77.000  ;
; int_in_prog ; rom_15_l       ; 85.000  ; 85.000  ; 85.000  ; 85.000  ;
; int_in_prog ; rom_17_l       ; 77.000  ; 77.000  ; 77.000  ; 77.000  ;
; int_in_prog ; rom_22_l       ; 85.000  ; 85.000  ; 85.000  ; 85.000  ;
; int_in_prog ; rom_24_l       ; 68.000  ; 68.000  ; 68.000  ; 68.000  ;
; int_in_prog ; sc_0_low       ; 239.000 ; 239.000 ; 239.000 ; 239.000 ;
; ma_ms_lc    ; adlk_dis_low   ; 86.000  ; 86.000  ; 86.000  ; 86.000  ;
; ma_ms_lc    ; c0             ; 115.000 ; 115.000 ; 115.000 ; 115.000 ;
; ma_ms_lc    ; dad_or_dst     ; 81.000  ; 81.000  ; 81.000  ; 81.000  ;
; ma_ms_lc    ; dad_or_dst_low ; 90.000  ; 90.000  ; 90.000  ; 90.000  ;
; ma_ms_lc    ; data7          ; 255.000 ; 255.000 ; 255.000 ; 255.000 ;
; ma_ms_lc    ; data8          ; 229.000 ; 229.000 ; 229.000 ; 229.000 ;
; ma_ms_lc    ; data9          ; 203.000 ; 203.000 ; 203.000 ; 203.000 ;
; ma_ms_lc    ; data10         ; 177.000 ; 177.000 ; 177.000 ; 177.000 ;
; ma_ms_lc    ; data11         ; 151.000 ; 151.000 ; 151.000 ; 151.000 ;
; ma_ms_lc    ; div_12_l       ; 222.000 ; 222.000 ; 222.000 ; 222.000 ;
; ma_ms_lc    ; eir2           ; 37.000  ;         ;         ; 37.000  ;
; ma_ms_lc    ; eir3           ; 37.000  ;         ;         ; 37.000  ;
; ma_ms_lc    ; fd_set         ; 94.000  ; 94.000  ; 94.000  ; 94.000  ;
; ma_ms_lc    ; fe_set         ; 112.000 ; 112.000 ; 112.000 ; 112.000 ;
; ma_ms_lc    ; last_step_l    ; 244.000 ; 244.000 ; 244.000 ; 244.000 ;
; ma_ms_lc    ; modeb          ; 72.000  ; 72.000  ; 72.000  ; 72.000  ;
; ma_ms_lc    ; next_loc       ; 124.000 ; 124.000 ; 124.000 ; 124.000 ;
; ma_ms_lc    ; rom_11_l       ; 85.000  ; 85.000  ; 85.000  ; 85.000  ;
; ma_ms_lc    ; rom_12_l       ; 94.000  ; 94.000  ; 94.000  ; 94.000  ;
; ma_ms_lc    ; rom_13_l       ; 94.000  ; 94.000  ; 94.000  ; 94.000  ;
; ma_ms_lc    ; rom_14_l       ; 86.000  ; 86.000  ; 86.000  ; 86.000  ;
; ma_ms_lc    ; rom_15_l       ; 94.000  ; 94.000  ; 94.000  ; 94.000  ;
; ma_ms_lc    ; rom_17_l       ; 86.000  ; 86.000  ; 86.000  ; 86.000  ;
; ma_ms_lc    ; rom_22_l       ; 94.000  ; 94.000  ; 94.000  ; 94.000  ;
; ma_ms_lc    ; rom_24_l       ; 77.000  ; 77.000  ; 77.000  ; 77.000  ;
; ma_ms_lc    ; sc_0_low       ; 248.000 ; 248.000 ; 248.000 ; 248.000 ;
; md0         ; adlk_dis_low   ; 69.000  ; 69.000  ; 69.000  ; 69.000  ;
; md0         ; c0             ; 98.000  ; 98.000  ; 98.000  ; 98.000  ;
; md0         ; dad_or_dst     ; 64.000  ; 64.000  ; 64.000  ; 64.000  ;
; md0         ; dad_or_dst_low ; 73.000  ; 73.000  ; 73.000  ; 73.000  ;
; md0         ; data7          ; 238.000 ; 238.000 ; 238.000 ; 238.000 ;
; md0         ; data8          ; 212.000 ; 212.000 ; 212.000 ; 212.000 ;
; md0         ; data9          ; 186.000 ; 186.000 ; 186.000 ; 186.000 ;
; md0         ; data10         ; 160.000 ; 160.000 ; 160.000 ; 160.000 ;
; md0         ; data11         ; 134.000 ; 134.000 ; 134.000 ; 134.000 ;
; md0         ; div_12_l       ; 205.000 ; 205.000 ; 205.000 ; 205.000 ;
; md0         ; fd_set         ; 77.000  ; 77.000  ; 77.000  ; 77.000  ;
; md0         ; fe_set         ; 95.000  ; 95.000  ; 95.000  ; 95.000  ;
; md0         ; last_step_l    ; 227.000 ; 227.000 ; 227.000 ; 227.000 ;
; md0         ; modeb          ; 55.000  ; 55.000  ; 55.000  ; 55.000  ;
; md0         ; next_loc       ; 107.000 ; 107.000 ; 107.000 ; 107.000 ;
; md0         ; rom_11_l       ; 68.000  ; 68.000  ; 68.000  ; 68.000  ;
; md0         ; rom_12_l       ; 77.000  ; 77.000  ; 77.000  ; 77.000  ;
; md0         ; rom_13_l       ; 77.000  ; 77.000  ; 77.000  ; 77.000  ;
; md0         ; rom_14_l       ; 69.000  ; 69.000  ; 69.000  ; 69.000  ;
; md0         ; rom_15_l       ; 77.000  ; 77.000  ; 77.000  ; 77.000  ;
; md0         ; rom_17_l       ; 69.000  ; 69.000  ; 69.000  ; 69.000  ;
; md0         ; rom_22_l       ; 77.000  ; 77.000  ; 77.000  ; 77.000  ;
; md0         ; rom_24_l       ; 60.000  ; 60.000  ; 60.000  ; 60.000  ;
; md0         ; sc_0_low       ; 231.000 ; 231.000 ; 231.000 ; 231.000 ;
; md1         ; adlk_dis_low   ; 69.000  ; 69.000  ; 69.000  ; 69.000  ;
; md1         ; c0             ; 98.000  ; 98.000  ; 98.000  ; 98.000  ;
; md1         ; dad_or_dst     ; 64.000  ; 64.000  ; 64.000  ; 64.000  ;
; md1         ; dad_or_dst_low ; 73.000  ; 73.000  ; 73.000  ; 73.000  ;
; md1         ; data7          ; 238.000 ; 238.000 ; 238.000 ; 238.000 ;
; md1         ; data8          ; 212.000 ; 212.000 ; 212.000 ; 212.000 ;
; md1         ; data9          ; 186.000 ; 186.000 ; 186.000 ; 186.000 ;
; md1         ; data10         ; 160.000 ; 160.000 ; 160.000 ; 160.000 ;
; md1         ; data11         ; 134.000 ; 134.000 ; 134.000 ; 134.000 ;
; md1         ; div_12_l       ; 205.000 ; 205.000 ; 205.000 ; 205.000 ;
; md1         ; fd_set         ; 77.000  ; 77.000  ; 77.000  ; 77.000  ;
; md1         ; fe_set         ; 95.000  ; 95.000  ; 95.000  ; 95.000  ;
; md1         ; last_step_l    ; 227.000 ; 227.000 ; 227.000 ; 227.000 ;
; md1         ; modeb          ; 55.000  ; 55.000  ; 55.000  ; 55.000  ;
; md1         ; next_loc       ; 107.000 ; 107.000 ; 107.000 ; 107.000 ;
; md1         ; rom_11_l       ; 68.000  ; 68.000  ; 68.000  ; 68.000  ;
; md1         ; rom_12_l       ; 77.000  ; 77.000  ; 77.000  ; 77.000  ;
; md1         ; rom_13_l       ; 77.000  ; 77.000  ; 77.000  ; 77.000  ;
; md1         ; rom_14_l       ; 69.000  ; 69.000  ; 69.000  ; 69.000  ;
; md1         ; rom_15_l       ; 77.000  ; 77.000  ; 77.000  ; 77.000  ;
; md1         ; rom_17_l       ; 69.000  ; 69.000  ; 69.000  ; 69.000  ;
; md1         ; rom_22_l       ; 77.000  ; 77.000  ; 77.000  ; 77.000  ;
; md1         ; rom_24_l       ; 60.000  ; 60.000  ; 60.000  ; 60.000  ;
; md1         ; sc_0_low       ; 231.000 ; 231.000 ; 231.000 ; 231.000 ;
; md2         ; adlk_dis_low   ; 69.000  ; 69.000  ; 69.000  ; 69.000  ;
; md2         ; c0             ; 98.000  ; 98.000  ; 98.000  ; 98.000  ;
; md2         ; dad_or_dst     ; 64.000  ; 64.000  ; 64.000  ; 64.000  ;
; md2         ; dad_or_dst_low ; 73.000  ; 73.000  ; 73.000  ; 73.000  ;
; md2         ; data7          ; 238.000 ; 238.000 ; 238.000 ; 238.000 ;
; md2         ; data8          ; 212.000 ; 212.000 ; 212.000 ; 212.000 ;
; md2         ; data9          ; 186.000 ; 186.000 ; 186.000 ; 186.000 ;
; md2         ; data10         ; 160.000 ; 160.000 ; 160.000 ; 160.000 ;
; md2         ; data11         ; 134.000 ; 134.000 ; 134.000 ; 134.000 ;
; md2         ; div_12_l       ; 205.000 ; 205.000 ; 205.000 ; 205.000 ;
; md2         ; fd_set         ; 77.000  ; 77.000  ; 77.000  ; 77.000  ;
; md2         ; fe_set         ; 95.000  ; 95.000  ; 95.000  ; 95.000  ;
; md2         ; last_step_l    ; 227.000 ; 227.000 ; 227.000 ; 227.000 ;
; md2         ; modeb          ; 55.000  ; 55.000  ; 55.000  ; 55.000  ;
; md2         ; next_loc       ; 107.000 ; 107.000 ; 107.000 ; 107.000 ;
; md2         ; rom_11_l       ; 68.000  ; 68.000  ; 68.000  ; 68.000  ;
; md2         ; rom_12_l       ; 77.000  ; 77.000  ; 77.000  ; 77.000  ;
; md2         ; rom_13_l       ; 77.000  ; 77.000  ; 77.000  ; 77.000  ;
; md2         ; rom_14_l       ; 69.000  ; 69.000  ; 69.000  ; 69.000  ;
; md2         ; rom_15_l       ; 77.000  ; 77.000  ; 77.000  ; 77.000  ;
; md2         ; rom_17_l       ; 69.000  ; 69.000  ; 69.000  ; 69.000  ;
; md2         ; rom_22_l       ; 77.000  ; 77.000  ; 77.000  ; 77.000  ;
; md2         ; rom_24_l       ; 60.000  ; 60.000  ; 60.000  ; 60.000  ;
; md2         ; sc_0_low       ; 231.000 ; 231.000 ; 231.000 ; 231.000 ;
; md3         ; adlk_dis_low   ; 69.000  ; 69.000  ; 69.000  ; 69.000  ;
; md3         ; c0             ; 98.000  ; 98.000  ; 98.000  ; 98.000  ;
; md3         ; dad_or_dst     ; 64.000  ; 64.000  ; 64.000  ; 64.000  ;
; md3         ; dad_or_dst_low ; 73.000  ; 73.000  ; 73.000  ; 73.000  ;
; md3         ; data7          ; 238.000 ; 238.000 ; 238.000 ; 238.000 ;
; md3         ; data8          ; 212.000 ; 212.000 ; 212.000 ; 212.000 ;
; md3         ; data9          ; 186.000 ; 186.000 ; 186.000 ; 186.000 ;
; md3         ; data10         ; 160.000 ; 160.000 ; 160.000 ; 160.000 ;
; md3         ; data11         ; 134.000 ; 134.000 ; 134.000 ; 134.000 ;
; md3         ; div_12_l       ; 205.000 ; 205.000 ; 205.000 ; 205.000 ;
; md3         ; fd_set         ; 77.000  ; 77.000  ; 77.000  ; 77.000  ;
; md3         ; fe_set         ; 95.000  ; 95.000  ; 95.000  ; 95.000  ;
; md3         ; last_step_l    ; 227.000 ; 227.000 ; 227.000 ; 227.000 ;
; md3         ; modeb          ; 55.000  ; 55.000  ; 55.000  ; 55.000  ;
; md3         ; next_loc       ; 107.000 ; 107.000 ; 107.000 ; 107.000 ;
; md3         ; rom_11_l       ; 68.000  ; 68.000  ; 68.000  ; 68.000  ;
; md3         ; rom_12_l       ; 77.000  ; 77.000  ; 77.000  ; 77.000  ;
; md3         ; rom_13_l       ; 77.000  ; 77.000  ; 77.000  ; 77.000  ;
; md3         ; rom_14_l       ; 69.000  ; 69.000  ; 69.000  ; 69.000  ;
; md3         ; rom_15_l       ; 77.000  ; 77.000  ; 77.000  ; 77.000  ;
; md3         ; rom_17_l       ; 69.000  ; 69.000  ; 69.000  ; 69.000  ;
; md3         ; rom_22_l       ; 77.000  ; 77.000  ; 77.000  ; 77.000  ;
; md3         ; rom_24_l       ; 60.000  ; 60.000  ; 60.000  ; 60.000  ;
; md3         ; sc_0_low       ; 231.000 ; 231.000 ; 231.000 ; 231.000 ;
; md4         ; adlk_dis_low   ; 69.000  ;         ;         ; 69.000  ;
; md4         ; c0             ; 98.000  ; 98.000  ; 98.000  ; 98.000  ;
; md4         ; dad_or_dst     ; 64.000  ;         ;         ; 64.000  ;
; md4         ; dad_or_dst_low ; 73.000  ;         ;         ; 73.000  ;
; md4         ; data7          ; 238.000 ; 238.000 ; 238.000 ; 238.000 ;
; md4         ; data8          ; 212.000 ; 212.000 ; 212.000 ; 212.000 ;
; md4         ; data9          ; 186.000 ; 186.000 ; 186.000 ; 186.000 ;
; md4         ; data10         ; 160.000 ; 160.000 ; 160.000 ; 160.000 ;
; md4         ; data11         ; 134.000 ; 134.000 ; 134.000 ; 134.000 ;
; md4         ; div_12_l       ; 205.000 ; 205.000 ; 205.000 ; 205.000 ;
; md4         ; fd_set         ;         ; 77.000  ; 77.000  ;         ;
; md4         ; fe_set         ; 95.000  ; 69.000  ; 69.000  ; 95.000  ;
; md4         ; last_step_l    ; 227.000 ; 227.000 ; 227.000 ; 227.000 ;
; md4         ; modeb          ; 55.000  ;         ;         ; 55.000  ;
; md4         ; next_loc       ; 107.000 ; 89.000  ; 89.000  ; 107.000 ;
; md4         ; rom_11_l       ; 68.000  ; 68.000  ; 68.000  ; 68.000  ;
; md4         ; rom_12_l       ; 69.000  ; 77.000  ; 77.000  ; 69.000  ;
; md4         ; rom_13_l       ; 69.000  ; 77.000  ; 77.000  ; 69.000  ;
; md4         ; rom_14_l       ; 69.000  ; 69.000  ; 69.000  ; 69.000  ;
; md4         ; rom_15_l       ; 69.000  ; 77.000  ; 77.000  ; 69.000  ;
; md4         ; rom_17_l       ; 69.000  ; 42.000  ; 42.000  ; 69.000  ;
; md4         ; rom_22_l       ; 60.000  ; 77.000  ; 77.000  ; 60.000  ;
; md4         ; rom_24_l       ; 60.000  ; 60.000  ; 60.000  ; 60.000  ;
; md4         ; sc_0_low       ; 231.000 ; 231.000 ; 231.000 ; 231.000 ;
; md5         ; adlk_dis_low   ; 69.000  ;         ;         ; 69.000  ;
; md5         ; c0             ; 98.000  ; 98.000  ; 98.000  ; 98.000  ;
; md5         ; dad_or_dst     ; 64.000  ;         ;         ; 64.000  ;
; md5         ; dad_or_dst_low ; 73.000  ;         ;         ; 73.000  ;
; md5         ; data7          ; 238.000 ; 238.000 ; 238.000 ; 238.000 ;
; md5         ; data8          ; 212.000 ; 212.000 ; 212.000 ; 212.000 ;
; md5         ; data9          ; 186.000 ; 186.000 ; 186.000 ; 186.000 ;
; md5         ; data10         ; 160.000 ; 160.000 ; 160.000 ; 160.000 ;
; md5         ; data11         ; 134.000 ; 134.000 ; 134.000 ; 134.000 ;
; md5         ; div_12_l       ; 205.000 ; 205.000 ; 205.000 ; 205.000 ;
; md5         ; fd_set         ;         ; 77.000  ; 77.000  ;         ;
; md5         ; fe_set         ; 95.000  ; 69.000  ; 69.000  ; 95.000  ;
; md5         ; last_step_l    ; 227.000 ; 227.000 ; 227.000 ; 227.000 ;
; md5         ; modeb          ; 55.000  ;         ;         ; 55.000  ;
; md5         ; next_loc       ; 107.000 ; 89.000  ; 89.000  ; 107.000 ;
; md5         ; rom_11_l       ; 68.000  ; 68.000  ; 68.000  ; 68.000  ;
; md5         ; rom_12_l       ; 69.000  ; 77.000  ; 77.000  ; 69.000  ;
; md5         ; rom_13_l       ; 69.000  ; 77.000  ; 77.000  ; 69.000  ;
; md5         ; rom_14_l       ; 69.000  ; 69.000  ; 69.000  ; 69.000  ;
; md5         ; rom_15_l       ; 69.000  ; 77.000  ; 77.000  ; 69.000  ;
; md5         ; rom_17_l       ; 69.000  ; 42.000  ; 42.000  ; 69.000  ;
; md5         ; rom_22_l       ; 60.000  ; 77.000  ; 77.000  ; 60.000  ;
; md5         ; rom_24_l       ; 60.000  ; 60.000  ; 60.000  ; 60.000  ;
; md5         ; sc_0_low       ; 231.000 ; 231.000 ; 231.000 ; 231.000 ;
; md6         ; adlk_dis_low   ; 69.000  ; 69.000  ; 69.000  ; 69.000  ;
; md6         ; c0             ; 98.000  ; 98.000  ; 98.000  ; 98.000  ;
; md6         ; dad_or_dst     ; 64.000  ; 64.000  ; 64.000  ; 64.000  ;
; md6         ; dad_or_dst_low ; 73.000  ; 73.000  ; 73.000  ; 73.000  ;
; md6         ; data7          ; 238.000 ; 238.000 ; 238.000 ; 238.000 ;
; md6         ; data8          ; 212.000 ; 212.000 ; 212.000 ; 212.000 ;
; md6         ; data9          ; 186.000 ; 186.000 ; 186.000 ; 186.000 ;
; md6         ; data10         ; 160.000 ; 160.000 ; 160.000 ; 160.000 ;
; md6         ; data11         ; 134.000 ; 134.000 ; 134.000 ; 134.000 ;
; md6         ; div_12_l       ; 205.000 ; 205.000 ; 205.000 ; 205.000 ;
; md6         ; fd_set         ; 77.000  ; 77.000  ; 77.000  ; 77.000  ;
; md6         ; fe_set         ; 95.000  ; 95.000  ; 95.000  ; 95.000  ;
; md6         ; last_step_l    ; 227.000 ; 227.000 ; 227.000 ; 227.000 ;
; md6         ; modeb          ; 55.000  ; 55.000  ; 55.000  ; 55.000  ;
; md6         ; next_loc       ; 107.000 ; 107.000 ; 107.000 ; 107.000 ;
; md6         ; rom_11_l       ; 68.000  ; 68.000  ; 68.000  ; 68.000  ;
; md6         ; rom_12_l       ; 77.000  ; 77.000  ; 77.000  ; 77.000  ;
; md6         ; rom_13_l       ; 77.000  ; 77.000  ; 77.000  ; 77.000  ;
; md6         ; rom_14_l       ; 69.000  ; 69.000  ; 69.000  ; 69.000  ;
; md6         ; rom_15_l       ; 77.000  ; 77.000  ; 77.000  ; 77.000  ;
; md6         ; rom_17_l       ; 69.000  ; 69.000  ; 69.000  ; 69.000  ;
; md6         ; rom_22_l       ; 77.000  ; 77.000  ; 77.000  ; 77.000  ;
; md6         ; rom_24_l       ; 60.000  ; 60.000  ; 60.000  ; 60.000  ;
; md6         ; sc_0_low       ; 231.000 ; 231.000 ; 231.000 ; 231.000 ;
; md7         ; adlk_dis_low   ; 69.000  ; 69.000  ; 69.000  ; 69.000  ;
; md7         ; c0             ; 98.000  ; 98.000  ; 98.000  ; 98.000  ;
; md7         ; dad_or_dst     ; 64.000  ; 64.000  ; 64.000  ; 64.000  ;
; md7         ; dad_or_dst_low ; 73.000  ; 73.000  ; 73.000  ; 73.000  ;
; md7         ; data7          ; 238.000 ; 238.000 ; 238.000 ; 238.000 ;
; md7         ; data8          ; 212.000 ; 212.000 ; 212.000 ; 212.000 ;
; md7         ; data9          ; 186.000 ; 186.000 ; 186.000 ; 186.000 ;
; md7         ; data10         ; 160.000 ; 160.000 ; 160.000 ; 160.000 ;
; md7         ; data11         ; 134.000 ; 134.000 ; 134.000 ; 134.000 ;
; md7         ; div_12_l       ; 205.000 ; 205.000 ; 205.000 ; 205.000 ;
; md7         ; fd_set         ; 77.000  ; 77.000  ; 77.000  ; 77.000  ;
; md7         ; fe_set         ; 95.000  ; 95.000  ; 95.000  ; 95.000  ;
; md7         ; last_step_l    ; 227.000 ; 227.000 ; 227.000 ; 227.000 ;
; md7         ; modeb          ; 55.000  ; 55.000  ; 55.000  ; 55.000  ;
; md7         ; next_loc       ; 107.000 ; 107.000 ; 107.000 ; 107.000 ;
; md7         ; rom_11_l       ; 68.000  ; 68.000  ; 68.000  ; 68.000  ;
; md7         ; rom_12_l       ; 77.000  ; 77.000  ; 77.000  ; 77.000  ;
; md7         ; rom_13_l       ; 77.000  ; 77.000  ; 77.000  ; 77.000  ;
; md7         ; rom_14_l       ; 69.000  ; 69.000  ; 69.000  ; 69.000  ;
; md7         ; rom_15_l       ; 77.000  ; 77.000  ; 77.000  ; 77.000  ;
; md7         ; rom_17_l       ; 69.000  ; 69.000  ; 69.000  ; 69.000  ;
; md7         ; rom_22_l       ; 77.000  ; 77.000  ; 77.000  ; 77.000  ;
; md7         ; rom_24_l       ; 60.000  ; 60.000  ; 60.000  ; 60.000  ;
; md7         ; sc_0_low       ; 231.000 ; 231.000 ; 231.000 ; 231.000 ;
; md8         ; adlk_dis_low   ; 69.000  ; 69.000  ; 69.000  ; 69.000  ;
; md8         ; c0             ; 98.000  ; 98.000  ; 98.000  ; 98.000  ;
; md8         ; dad_or_dst     ; 64.000  ; 64.000  ; 64.000  ; 64.000  ;
; md8         ; dad_or_dst_low ; 73.000  ; 73.000  ; 73.000  ; 73.000  ;
; md8         ; data7          ; 238.000 ; 238.000 ; 238.000 ; 238.000 ;
; md8         ; data8          ; 212.000 ; 212.000 ; 212.000 ; 212.000 ;
; md8         ; data9          ; 186.000 ; 186.000 ; 186.000 ; 186.000 ;
; md8         ; data10         ; 160.000 ; 160.000 ; 160.000 ; 160.000 ;
; md8         ; data11         ; 134.000 ; 134.000 ; 134.000 ; 134.000 ;
; md8         ; div_12_l       ; 205.000 ; 205.000 ; 205.000 ; 205.000 ;
; md8         ; fd_set         ; 77.000  ; 77.000  ; 77.000  ; 77.000  ;
; md8         ; fe_set         ; 95.000  ; 95.000  ; 95.000  ; 95.000  ;
; md8         ; last_step_l    ; 227.000 ; 227.000 ; 227.000 ; 227.000 ;
; md8         ; modeb          ; 55.000  ; 55.000  ; 55.000  ; 55.000  ;
; md8         ; next_loc       ; 107.000 ; 107.000 ; 107.000 ; 107.000 ;
; md8         ; rom_11_l       ; 68.000  ; 68.000  ; 68.000  ; 68.000  ;
; md8         ; rom_12_l       ; 77.000  ; 77.000  ; 77.000  ; 77.000  ;
; md8         ; rom_13_l       ; 77.000  ; 77.000  ; 77.000  ; 77.000  ;
; md8         ; rom_14_l       ; 69.000  ; 69.000  ; 69.000  ; 69.000  ;
; md8         ; rom_15_l       ; 77.000  ; 77.000  ; 77.000  ; 77.000  ;
; md8         ; rom_17_l       ; 69.000  ; 69.000  ; 69.000  ; 69.000  ;
; md8         ; rom_22_l       ; 77.000  ; 77.000  ; 77.000  ; 77.000  ;
; md8         ; rom_24_l       ; 60.000  ; 60.000  ; 60.000  ; 60.000  ;
; md8         ; sc_0_low       ; 231.000 ; 231.000 ; 231.000 ; 231.000 ;
; md9         ; adlk_dis_low   ; 69.000  ; 69.000  ; 69.000  ; 69.000  ;
; md9         ; c0             ; 98.000  ; 98.000  ; 98.000  ; 98.000  ;
; md9         ; dad_or_dst     ; 64.000  ; 64.000  ; 64.000  ; 64.000  ;
; md9         ; dad_or_dst_low ; 73.000  ; 73.000  ; 73.000  ; 73.000  ;
; md9         ; data7          ; 238.000 ; 238.000 ; 238.000 ; 238.000 ;
; md9         ; data8          ; 212.000 ; 212.000 ; 212.000 ; 212.000 ;
; md9         ; data9          ; 186.000 ; 186.000 ; 186.000 ; 186.000 ;
; md9         ; data10         ; 160.000 ; 160.000 ; 160.000 ; 160.000 ;
; md9         ; data11         ; 134.000 ; 134.000 ; 134.000 ; 134.000 ;
; md9         ; div_12_l       ; 205.000 ; 205.000 ; 205.000 ; 205.000 ;
; md9         ; eir2           ; 28.000  ;         ;         ; 28.000  ;
; md9         ; fd_set         ; 77.000  ; 77.000  ; 77.000  ; 77.000  ;
; md9         ; fe_set         ; 95.000  ; 95.000  ; 95.000  ; 95.000  ;
; md9         ; last_step_l    ; 227.000 ; 227.000 ; 227.000 ; 227.000 ;
; md9         ; modeb          ; 55.000  ; 55.000  ; 55.000  ; 55.000  ;
; md9         ; next_loc       ; 107.000 ; 107.000 ; 107.000 ; 107.000 ;
; md9         ; rom_11_l       ; 68.000  ; 68.000  ; 68.000  ; 68.000  ;
; md9         ; rom_12_l       ; 77.000  ; 77.000  ; 77.000  ; 77.000  ;
; md9         ; rom_13_l       ; 77.000  ; 77.000  ; 77.000  ; 77.000  ;
; md9         ; rom_14_l       ; 69.000  ; 69.000  ; 69.000  ; 69.000  ;
; md9         ; rom_15_l       ; 77.000  ; 77.000  ; 77.000  ; 77.000  ;
; md9         ; rom_17_l       ; 69.000  ; 69.000  ; 69.000  ; 69.000  ;
; md9         ; rom_22_l       ; 77.000  ; 77.000  ; 77.000  ; 77.000  ;
; md9         ; rom_24_l       ; 60.000  ; 60.000  ; 60.000  ; 60.000  ;
; md9         ; sc_0_low       ; 231.000 ; 231.000 ; 231.000 ; 231.000 ;
; md10        ; adlk_dis_low   ; 69.000  ; 69.000  ; 69.000  ; 69.000  ;
; md10        ; c0             ; 98.000  ; 98.000  ; 98.000  ; 98.000  ;
; md10        ; dad_or_dst     ; 64.000  ; 64.000  ; 64.000  ; 64.000  ;
; md10        ; dad_or_dst_low ; 73.000  ; 73.000  ; 73.000  ; 73.000  ;
; md10        ; data7          ; 238.000 ; 238.000 ; 238.000 ; 238.000 ;
; md10        ; data8          ; 212.000 ; 212.000 ; 212.000 ; 212.000 ;
; md10        ; data9          ; 186.000 ; 186.000 ; 186.000 ; 186.000 ;
; md10        ; data10         ; 160.000 ; 160.000 ; 160.000 ; 160.000 ;
; md10        ; data11         ; 134.000 ; 134.000 ; 134.000 ; 134.000 ;
; md10        ; div_12_l       ; 205.000 ; 205.000 ; 205.000 ; 205.000 ;
; md10        ; eir3           ; 28.000  ;         ;         ; 28.000  ;
; md10        ; fd_set         ; 77.000  ; 77.000  ; 77.000  ; 77.000  ;
; md10        ; fe_set         ; 95.000  ; 95.000  ; 95.000  ; 95.000  ;
; md10        ; last_step_l    ; 227.000 ; 227.000 ; 227.000 ; 227.000 ;
; md10        ; modeb          ; 55.000  ; 55.000  ; 55.000  ; 55.000  ;
; md10        ; next_loc       ; 107.000 ; 107.000 ; 107.000 ; 107.000 ;
; md10        ; rom_11_l       ; 68.000  ; 68.000  ; 68.000  ; 68.000  ;
; md10        ; rom_12_l       ; 77.000  ; 77.000  ; 77.000  ; 77.000  ;
; md10        ; rom_13_l       ; 77.000  ; 77.000  ; 77.000  ; 77.000  ;
; md10        ; rom_14_l       ; 69.000  ; 69.000  ; 69.000  ; 69.000  ;
; md10        ; rom_15_l       ; 77.000  ; 77.000  ; 77.000  ; 77.000  ;
; md10        ; rom_17_l       ; 69.000  ; 69.000  ; 69.000  ; 69.000  ;
; md10        ; rom_22_l       ; 77.000  ; 77.000  ; 77.000  ; 77.000  ;
; md10        ; rom_24_l       ; 60.000  ; 60.000  ; 60.000  ; 60.000  ;
; md10        ; sc_0_low       ; 231.000 ; 231.000 ; 231.000 ; 231.000 ;
; md11        ; adlk_dis_low   ; 69.000  ; 69.000  ; 69.000  ; 69.000  ;
; md11        ; c0             ; 98.000  ; 98.000  ; 98.000  ; 98.000  ;
; md11        ; dad_or_dst     ; 64.000  ; 64.000  ; 64.000  ; 64.000  ;
; md11        ; dad_or_dst_low ; 73.000  ; 73.000  ; 73.000  ; 73.000  ;
; md11        ; data7          ; 238.000 ; 238.000 ; 238.000 ; 238.000 ;
; md11        ; data8          ; 212.000 ; 212.000 ; 212.000 ; 212.000 ;
; md11        ; data9          ; 186.000 ; 186.000 ; 186.000 ; 186.000 ;
; md11        ; data10         ; 160.000 ; 160.000 ; 160.000 ; 160.000 ;
; md11        ; data11         ; 134.000 ; 134.000 ; 134.000 ; 134.000 ;
; md11        ; div_12_l       ; 205.000 ; 205.000 ; 205.000 ; 205.000 ;
; md11        ; fd_set         ; 77.000  ; 77.000  ; 77.000  ; 77.000  ;
; md11        ; fe_set         ; 95.000  ; 95.000  ; 95.000  ; 95.000  ;
; md11        ; last_step_l    ; 227.000 ; 227.000 ; 227.000 ; 227.000 ;
; md11        ; modeb          ; 55.000  ; 55.000  ; 55.000  ; 55.000  ;
; md11        ; next_loc       ; 107.000 ; 107.000 ; 107.000 ; 107.000 ;
; md11        ; rom_11_l       ; 68.000  ; 68.000  ; 68.000  ; 68.000  ;
; md11        ; rom_12_l       ; 77.000  ; 77.000  ; 77.000  ; 77.000  ;
; md11        ; rom_13_l       ; 77.000  ; 77.000  ; 77.000  ; 77.000  ;
; md11        ; rom_14_l       ; 69.000  ; 69.000  ; 69.000  ; 69.000  ;
; md11        ; rom_15_l       ; 77.000  ; 77.000  ; 77.000  ; 77.000  ;
; md11        ; rom_17_l       ; 69.000  ; 69.000  ; 69.000  ; 69.000  ;
; md11        ; rom_22_l       ; 77.000  ; 77.000  ; 77.000  ; 77.000  ;
; md11        ; rom_24_l       ; 60.000  ; 60.000  ; 60.000  ; 60.000  ;
; md11        ; sc_0_low       ; 231.000 ; 231.000 ; 231.000 ; 231.000 ;
; rom_12_l    ; last_step_l    ; 15.000  ;         ;         ; 15.000  ;
; rom_14_l    ; last_step_l    ;         ; 15.000  ; 15.000  ;         ;
; tp1         ; adlk_dis_low   ; 77.000  ; 77.000  ; 77.000  ; 77.000  ;
; tp1         ; c0             ; 106.000 ; 106.000 ; 106.000 ; 106.000 ;
; tp1         ; dad_or_dst     ; 72.000  ; 72.000  ; 72.000  ; 72.000  ;
; tp1         ; dad_or_dst_low ; 81.000  ; 81.000  ; 81.000  ; 81.000  ;
; tp1         ; data7          ; 246.000 ; 246.000 ; 246.000 ; 246.000 ;
; tp1         ; data8          ; 220.000 ; 220.000 ; 220.000 ; 220.000 ;
; tp1         ; data9          ; 194.000 ; 194.000 ; 194.000 ; 194.000 ;
; tp1         ; data10         ; 168.000 ; 168.000 ; 168.000 ; 168.000 ;
; tp1         ; data11         ; 142.000 ; 142.000 ; 142.000 ; 142.000 ;
; tp1         ; div_12_l       ; 213.000 ; 213.000 ; 213.000 ; 213.000 ;
; tp1         ; eir2           ; 28.000  ;         ;         ; 28.000  ;
; tp1         ; eir3           ; 28.000  ;         ;         ; 28.000  ;
; tp1         ; fd_set         ; 85.000  ; 85.000  ; 85.000  ; 85.000  ;
; tp1         ; fe_set         ; 103.000 ; 103.000 ; 103.000 ; 103.000 ;
; tp1         ; last_step_l    ; 235.000 ; 235.000 ; 235.000 ; 235.000 ;
; tp1         ; modeb          ; 63.000  ; 63.000  ; 63.000  ; 63.000  ;
; tp1         ; next_loc       ; 115.000 ; 115.000 ; 115.000 ; 115.000 ;
; tp1         ; rom_11_l       ; 76.000  ; 76.000  ; 76.000  ; 76.000  ;
; tp1         ; rom_12_l       ; 85.000  ; 85.000  ; 85.000  ; 85.000  ;
; tp1         ; rom_13_l       ; 85.000  ; 85.000  ; 85.000  ; 85.000  ;
; tp1         ; rom_14_l       ; 77.000  ; 77.000  ; 77.000  ; 77.000  ;
; tp1         ; rom_15_l       ; 85.000  ; 85.000  ; 85.000  ; 85.000  ;
; tp1         ; rom_17_l       ; 77.000  ; 77.000  ; 77.000  ; 77.000  ;
; tp1         ; rom_22_l       ; 85.000  ; 85.000  ; 85.000  ; 85.000  ;
; tp1         ; rom_24_l       ; 68.000  ; 68.000  ; 68.000  ; 68.000  ;
; tp1         ; sc_0_low       ; 239.000 ; 239.000 ; 239.000 ; 239.000 ;
; tp2         ; adlk_dis_low   ; 77.000  ; 77.000  ; 77.000  ; 77.000  ;
; tp2         ; c0             ; 106.000 ; 106.000 ; 106.000 ; 106.000 ;
; tp2         ; dad_or_dst     ; 72.000  ; 72.000  ; 72.000  ; 72.000  ;
; tp2         ; dad_or_dst_low ; 81.000  ; 81.000  ; 81.000  ; 81.000  ;
; tp2         ; data7          ; 246.000 ; 246.000 ; 246.000 ; 246.000 ;
; tp2         ; data8          ; 220.000 ; 220.000 ; 220.000 ; 220.000 ;
; tp2         ; data9          ; 194.000 ; 194.000 ; 194.000 ; 194.000 ;
; tp2         ; data10         ; 168.000 ; 168.000 ; 168.000 ; 168.000 ;
; tp2         ; data11         ; 142.000 ; 142.000 ; 142.000 ; 142.000 ;
; tp2         ; div_12_l       ; 213.000 ; 213.000 ; 213.000 ; 213.000 ;
; tp2         ; eir2           ; 28.000  ; 36.000  ; 36.000  ; 28.000  ;
; tp2         ; eir3           ; 28.000  ; 36.000  ; 36.000  ; 28.000  ;
; tp2         ; fd_set         ; 85.000  ; 85.000  ; 85.000  ; 85.000  ;
; tp2         ; fe_set         ; 103.000 ; 103.000 ; 103.000 ; 103.000 ;
; tp2         ; last_step_l    ; 235.000 ; 235.000 ; 235.000 ; 235.000 ;
; tp2         ; modeb          ; 63.000  ; 63.000  ; 63.000  ; 63.000  ;
; tp2         ; next_loc       ; 115.000 ; 115.000 ; 115.000 ; 115.000 ;
; tp2         ; rom_11_l       ; 76.000  ; 76.000  ; 76.000  ; 76.000  ;
; tp2         ; rom_12_l       ; 85.000  ; 85.000  ; 85.000  ; 85.000  ;
; tp2         ; rom_13_l       ; 85.000  ; 85.000  ; 85.000  ; 85.000  ;
; tp2         ; rom_14_l       ; 77.000  ; 77.000  ; 77.000  ; 77.000  ;
; tp2         ; rom_15_l       ; 85.000  ; 85.000  ; 85.000  ; 85.000  ;
; tp2         ; rom_17_l       ; 77.000  ; 77.000  ; 77.000  ; 77.000  ;
; tp2         ; rom_22_l       ; 85.000  ; 85.000  ; 85.000  ; 85.000  ;
; tp2         ; rom_24_l       ; 68.000  ; 68.000  ; 68.000  ; 68.000  ;
; tp2         ; sc_0_low       ; 239.000 ; 239.000 ; 239.000 ; 239.000 ;
; tp2_d       ; c0             ; 44.000  ; 44.000  ; 44.000  ; 44.000  ;
; tp2_d       ; data7          ; 184.000 ; 184.000 ; 184.000 ; 184.000 ;
; tp2_d       ; data8          ; 158.000 ; 158.000 ; 158.000 ; 158.000 ;
; tp2_d       ; data9          ; 132.000 ; 132.000 ; 132.000 ; 132.000 ;
; tp2_d       ; data10         ; 106.000 ; 106.000 ; 106.000 ; 106.000 ;
; tp2_d       ; data11         ; 80.000  ; 80.000  ; 80.000  ; 80.000  ;
; tp2_d       ; div_12_l       ; 151.000 ; 151.000 ; 151.000 ; 151.000 ;
; tp2_d       ; last_step_l    ; 173.000 ; 173.000 ; 173.000 ; 173.000 ;
; tp2_d       ; sc_0_low       ; 177.000 ; 177.000 ; 177.000 ; 177.000 ;
; tp3         ; c0             ; 37.000  ; 44.000  ; 44.000  ; 37.000  ;
; tp3         ; data7          ; 176.000 ; 184.000 ; 184.000 ; 176.000 ;
; tp3         ; data8          ; 158.000 ; 150.000 ; 150.000 ; 158.000 ;
; tp3         ; data9          ; 124.000 ; 132.000 ; 132.000 ; 124.000 ;
; tp3         ; data10         ; 106.000 ; 99.000  ; 99.000  ; 106.000 ;
; tp3         ; data11         ; 73.000  ; 80.000  ; 80.000  ; 73.000  ;
; tp3         ; div_12_l       ; 143.000 ; 151.000 ; 151.000 ; 143.000 ;
; tp3         ; last_step_l    ; 173.000 ; 173.000 ; 173.000 ; 173.000 ;
; tp3         ; sc_0_low       ; 177.000 ; 169.000 ; 169.000 ; 177.000 ;
; tp4         ; adlk_dis_low   ; 86.000  ; 86.000  ; 86.000  ; 86.000  ;
; tp4         ; c0             ; 115.000 ; 115.000 ; 115.000 ; 115.000 ;
; tp4         ; dad_or_dst     ; 81.000  ; 81.000  ; 81.000  ; 81.000  ;
; tp4         ; dad_or_dst_low ; 90.000  ; 90.000  ; 90.000  ; 90.000  ;
; tp4         ; data7          ; 255.000 ; 255.000 ; 255.000 ; 255.000 ;
; tp4         ; data8          ; 229.000 ; 229.000 ; 229.000 ; 229.000 ;
; tp4         ; data9          ; 203.000 ; 203.000 ; 203.000 ; 203.000 ;
; tp4         ; data10         ; 177.000 ; 177.000 ; 177.000 ; 177.000 ;
; tp4         ; data11         ; 151.000 ; 151.000 ; 151.000 ; 151.000 ;
; tp4         ; div_12_l       ; 222.000 ; 222.000 ; 222.000 ; 222.000 ;
; tp4         ; eir2           ;         ; 37.000  ; 37.000  ;         ;
; tp4         ; eir3           ;         ; 37.000  ; 37.000  ;         ;
; tp4         ; fd_set         ; 94.000  ; 94.000  ; 94.000  ; 94.000  ;
; tp4         ; fe_set         ; 112.000 ; 112.000 ; 112.000 ; 112.000 ;
; tp4         ; last_step_l    ; 244.000 ; 244.000 ; 244.000 ; 244.000 ;
; tp4         ; modeb          ; 72.000  ; 72.000  ; 72.000  ; 72.000  ;
; tp4         ; next_loc       ; 124.000 ; 124.000 ; 124.000 ; 124.000 ;
; tp4         ; rom_11_l       ; 85.000  ; 85.000  ; 85.000  ; 85.000  ;
; tp4         ; rom_12_l       ; 94.000  ; 94.000  ; 94.000  ; 94.000  ;
; tp4         ; rom_13_l       ; 94.000  ; 94.000  ; 94.000  ; 94.000  ;
; tp4         ; rom_14_l       ; 86.000  ; 86.000  ; 86.000  ; 86.000  ;
; tp4         ; rom_15_l       ; 94.000  ; 94.000  ; 94.000  ; 94.000  ;
; tp4         ; rom_17_l       ; 86.000  ; 86.000  ; 86.000  ; 86.000  ;
; tp4         ; rom_22_l       ; 94.000  ; 94.000  ; 94.000  ; 94.000  ;
; tp4         ; rom_24_l       ; 77.000  ; 77.000  ; 77.000  ; 77.000  ;
; tp4         ; sc_0_low       ; 248.000 ; 248.000 ; 248.000 ; 248.000 ;
; ts3         ; data7          ; 19.000  ; 34.000  ; 34.000  ; 19.000  ;
; ts3         ; data8          ; 19.000  ; 34.000  ; 34.000  ; 19.000  ;
; ts3         ; data9          ; 19.000  ; 34.000  ; 34.000  ; 19.000  ;
; ts3         ; data10         ;         ; 34.000  ; 34.000  ;         ;
; ts3         ; data11         ;         ; 34.000  ; 34.000  ;         ;
+-------------+----------------+---------+---------+---------+---------+


+------------------------------------------------------------------+
; Minimum Propagation Delay                                        ;
+-------------+----------------+--------+--------+--------+--------+
; Input Port  ; Output Port    ; RR     ; RF     ; FR     ; FF     ;
+-------------+----------------+--------+--------+--------+--------+
; data7       ; data7          ;        ; 37.000 ; 37.000 ;        ;
; data7       ; last_step_l    ; 33.000 ; 33.000 ; 33.000 ; 33.000 ;
; data7       ; sc_0_low       ; 37.000 ;        ;        ; 37.000 ;
; data8       ; data7          ; 54.000 ; 46.000 ; 46.000 ; 54.000 ;
; data8       ; data8          ;        ; 37.000 ; 37.000 ;        ;
; data8       ; div_12_l       ; 37.000 ;        ;        ; 37.000 ;
; data8       ; last_step_l    ; 33.000 ; 42.000 ; 42.000 ; 33.000 ;
; data8       ; sc_0_low       ; 37.000 ; 54.000 ; 54.000 ; 37.000 ;
; data9       ; data7          ; 54.000 ; 46.000 ; 46.000 ; 54.000 ;
; data9       ; data8          ; 54.000 ; 46.000 ; 46.000 ; 54.000 ;
; data9       ; data9          ;        ; 37.000 ; 37.000 ;        ;
; data9       ; div_12_l       ; 46.000 ; 54.000 ; 54.000 ; 46.000 ;
; data9       ; last_step_l    ; 33.000 ; 42.000 ; 42.000 ; 33.000 ;
; data9       ; sc_0_low       ; 46.000 ; 37.000 ; 37.000 ; 46.000 ;
; data10      ; data7          ; 54.000 ; 46.000 ; 46.000 ; 54.000 ;
; data10      ; data8          ; 54.000 ; 46.000 ; 46.000 ; 54.000 ;
; data10      ; data9          ; 54.000 ; 46.000 ; 46.000 ; 54.000 ;
; data10      ; data10         ; 37.000 ; 44.000 ; 44.000 ; 37.000 ;
; data10      ; div_12_l       ; 46.000 ; 37.000 ; 37.000 ; 46.000 ;
; data10      ; last_step_l    ; 42.000 ; 33.000 ; 33.000 ; 42.000 ;
; data10      ; sc_0_low       ; 46.000 ; 37.000 ; 37.000 ; 46.000 ;
; data11      ; data7          ; 54.000 ; 46.000 ; 46.000 ; 54.000 ;
; data11      ; data8          ; 54.000 ; 46.000 ; 46.000 ; 54.000 ;
; data11      ; data9          ; 54.000 ; 46.000 ; 46.000 ; 54.000 ;
; data11      ; data10         ; 46.000 ; 53.000 ; 53.000 ; 46.000 ;
; data11      ; data11         ; 37.000 ; 44.000 ; 44.000 ; 37.000 ;
; data11      ; div_12_l       ; 46.000 ; 37.000 ; 37.000 ; 46.000 ;
; data11      ; last_step_l    ; 42.000 ; 33.000 ; 33.000 ; 42.000 ;
; data11      ; sc_0_low       ; 37.000 ; 46.000 ; 46.000 ; 37.000 ;
; defer       ; fe_set         ; 41.000 ;        ;        ; 41.000 ;
; defer       ; next_loc       ; 53.000 ;        ;        ; 53.000 ;
; e           ; fe_set         ;        ; 15.000 ; 15.000 ;        ;
; fetch       ; adlk_dis_low   ; 24.000 ; 24.000 ; 24.000 ; 24.000 ;
; fetch       ; c0             ; 37.000 ; 37.000 ; 37.000 ; 37.000 ;
; fetch       ; dad_or_dst     ; 28.000 ; 28.000 ; 28.000 ; 28.000 ;
; fetch       ; dad_or_dst_low ; 37.000 ; 37.000 ; 37.000 ; 37.000 ;
; fetch       ; data7          ; 28.000 ; 28.000 ; 28.000 ; 28.000 ;
; fetch       ; data8          ; 28.000 ; 28.000 ; 28.000 ; 28.000 ;
; fetch       ; data9          ; 28.000 ; 28.000 ; 28.000 ; 28.000 ;
; fetch       ; data10         ; 36.000 ; 36.000 ; 36.000 ; 36.000 ;
; fetch       ; data11         ; 36.000 ; 36.000 ; 36.000 ; 36.000 ;
; fetch       ; div_12_l       ; 46.000 ; 46.000 ; 46.000 ; 46.000 ;
; fetch       ; eir2           ; 27.000 ; 19.000 ; 19.000 ; 27.000 ;
; fetch       ; eir3           ; 27.000 ; 19.000 ; 19.000 ; 27.000 ;
; fetch       ; fd_set         ; 24.000 ; 24.000 ; 24.000 ; 24.000 ;
; fetch       ; fe_set         ; 24.000 ; 24.000 ; 24.000 ; 24.000 ;
; fetch       ; last_step_l    ; 42.000 ; 42.000 ; 42.000 ; 42.000 ;
; fetch       ; modeb          ; 28.000 ; 28.000 ; 28.000 ; 28.000 ;
; fetch       ; next_loc       ; 28.000 ; 28.000 ; 28.000 ; 28.000 ;
; fetch       ; rom_11_l       ; 32.000 ; 23.000 ; 23.000 ; 32.000 ;
; fetch       ; rom_12_l       ; 24.000 ; 24.000 ; 24.000 ; 24.000 ;
; fetch       ; rom_13_l       ; 24.000 ; 24.000 ; 24.000 ; 24.000 ;
; fetch       ; rom_14_l       ; 24.000 ; 24.000 ; 24.000 ; 24.000 ;
; fetch       ; rom_15_l       ; 24.000 ; 24.000 ; 24.000 ; 24.000 ;
; fetch       ; rom_17_l       ; 24.000 ; 24.000 ; 24.000 ; 24.000 ;
; fetch       ; rom_22_l       ; 24.000 ; 24.000 ; 24.000 ; 24.000 ;
; fetch       ; rom_24_l       ; 24.000 ; 24.000 ; 24.000 ; 24.000 ;
; fetch       ; sc_0_low       ; 46.000 ; 46.000 ; 46.000 ; 46.000 ;
; incr_sc     ; data7          ; 37.000 ; 37.000 ; 37.000 ; 37.000 ;
; incr_sc     ; data8          ; 36.000 ; 28.000 ; 28.000 ; 36.000 ;
; incr_sc     ; data9          ; 36.000 ; 28.000 ; 28.000 ; 36.000 ;
; incr_sc     ; data10         ; 28.000 ; 35.000 ; 35.000 ; 28.000 ;
; incr_sc     ; data11         ; 28.000 ; 28.000 ; 28.000 ; 28.000 ;
; incr_sc     ; div_12_l       ; 28.000 ; 28.000 ; 28.000 ; 28.000 ;
; incr_sc     ; last_step_l    ; 24.000 ; 24.000 ; 24.000 ; 24.000 ;
; incr_sc     ; sc_0_low       ; 28.000 ; 28.000 ; 28.000 ; 28.000 ;
; init        ; adlk_dis_low   ; 33.000 ;        ;        ; 33.000 ;
; init        ; c0             ; 28.000 ; 55.000 ; 55.000 ; 28.000 ;
; init        ; dad_or_dst     ; 28.000 ;        ;        ; 28.000 ;
; init        ; dad_or_dst_low ; 37.000 ;        ;        ; 37.000 ;
; init        ; data7          ; 36.000 ; 36.000 ; 36.000 ; 36.000 ;
; init        ; data8          ; 36.000 ; 36.000 ; 36.000 ; 36.000 ;
; init        ; data9          ; 36.000 ; 36.000 ; 36.000 ; 36.000 ;
; init        ; data10         ; 44.000 ; 44.000 ; 44.000 ; 44.000 ;
; init        ; data11         ; 44.000 ; 44.000 ; 44.000 ; 44.000 ;
; init        ; div_12_l       ; 46.000 ; 46.000 ; 46.000 ; 46.000 ;
; init        ; fd_set         ;        ; 24.000 ; 24.000 ;        ;
; init        ; fe_set         ; 59.000 ; 24.000 ; 24.000 ; 59.000 ;
; init        ; last_step_l    ; 42.000 ; 42.000 ; 42.000 ; 42.000 ;
; init        ; modeb          ; 19.000 ;        ;        ; 19.000 ;
; init        ; next_loc       ; 28.000 ; 44.000 ; 44.000 ; 28.000 ;
; init        ; rom_11_l       ; 32.000 ; 32.000 ; 32.000 ; 32.000 ;
; init        ; rom_12_l       ; 33.000 ; 33.000 ; 33.000 ; 33.000 ;
; init        ; rom_13_l       ; 33.000 ; 33.000 ; 33.000 ; 33.000 ;
; init        ; rom_14_l       ; 33.000 ; 33.000 ; 33.000 ; 33.000 ;
; init        ; rom_15_l       ; 33.000 ; 33.000 ; 33.000 ; 33.000 ;
; init        ; rom_17_l       ; 33.000 ;        ;        ; 33.000 ;
; init        ; rom_22_l       ; 24.000 ; 24.000 ; 24.000 ; 24.000 ;
; init        ; rom_24_l       ; 24.000 ; 24.000 ; 24.000 ; 24.000 ;
; init        ; sc_0_low       ; 46.000 ; 46.000 ; 46.000 ; 46.000 ;
; int_in_prog ; adlk_dis_low   ; 33.000 ; 33.000 ; 33.000 ; 33.000 ;
; int_in_prog ; c0             ; 54.000 ; 54.000 ; 54.000 ; 54.000 ;
; int_in_prog ; dad_or_dst     ; 36.000 ; 28.000 ; 28.000 ; 36.000 ;
; int_in_prog ; dad_or_dst_low ; 45.000 ; 37.000 ; 37.000 ; 45.000 ;
; int_in_prog ; data7          ; 28.000 ; 28.000 ; 28.000 ; 28.000 ;
; int_in_prog ; data8          ; 28.000 ; 28.000 ; 28.000 ; 28.000 ;
; int_in_prog ; data9          ; 28.000 ; 28.000 ; 28.000 ; 28.000 ;
; int_in_prog ; data10         ; 36.000 ; 36.000 ; 36.000 ; 36.000 ;
; int_in_prog ; data11         ; 36.000 ; 36.000 ; 36.000 ; 36.000 ;
; int_in_prog ; div_12_l       ; 46.000 ; 46.000 ; 46.000 ; 46.000 ;
; int_in_prog ; eir2           ; 19.000 ;        ;        ; 19.000 ;
; int_in_prog ; eir3           ; 19.000 ;        ;        ; 19.000 ;
; int_in_prog ; fd_set         ; 24.000 ; 24.000 ; 24.000 ; 24.000 ;
; int_in_prog ; fe_set         ; 24.000 ; 24.000 ; 24.000 ; 24.000 ;
; int_in_prog ; last_step_l    ; 42.000 ; 42.000 ; 42.000 ; 42.000 ;
; int_in_prog ; modeb          ; 45.000 ; 45.000 ; 45.000 ; 45.000 ;
; int_in_prog ; next_loc       ; 28.000 ; 28.000 ; 28.000 ; 28.000 ;
; int_in_prog ; rom_11_l       ; 32.000 ; 32.000 ; 32.000 ; 32.000 ;
; int_in_prog ; rom_12_l       ; 24.000 ; 24.000 ; 24.000 ; 24.000 ;
; int_in_prog ; rom_13_l       ; 33.000 ; 33.000 ; 33.000 ; 33.000 ;
; int_in_prog ; rom_14_l       ; 24.000 ; 24.000 ; 24.000 ; 24.000 ;
; int_in_prog ; rom_15_l       ; 33.000 ; 24.000 ; 24.000 ; 33.000 ;
; int_in_prog ; rom_17_l       ; 24.000 ; 24.000 ; 24.000 ; 24.000 ;
; int_in_prog ; rom_22_l       ; 24.000 ; 24.000 ; 24.000 ; 24.000 ;
; int_in_prog ; rom_24_l       ; 24.000 ; 24.000 ; 24.000 ; 24.000 ;
; int_in_prog ; sc_0_low       ; 46.000 ; 46.000 ; 46.000 ; 46.000 ;
; ma_ms_lc    ; adlk_dis_low   ; 42.000 ; 42.000 ; 42.000 ; 42.000 ;
; ma_ms_lc    ; c0             ; 63.000 ; 63.000 ; 63.000 ; 63.000 ;
; ma_ms_lc    ; dad_or_dst     ; 45.000 ; 37.000 ; 37.000 ; 45.000 ;
; ma_ms_lc    ; dad_or_dst_low ; 54.000 ; 46.000 ; 46.000 ; 54.000 ;
; ma_ms_lc    ; data7          ; 37.000 ; 37.000 ; 37.000 ; 37.000 ;
; ma_ms_lc    ; data8          ; 37.000 ; 37.000 ; 37.000 ; 37.000 ;
; ma_ms_lc    ; data9          ; 37.000 ; 37.000 ; 37.000 ; 37.000 ;
; ma_ms_lc    ; data10         ; 45.000 ; 45.000 ; 45.000 ; 45.000 ;
; ma_ms_lc    ; data11         ; 45.000 ; 45.000 ; 45.000 ; 45.000 ;
; ma_ms_lc    ; div_12_l       ; 55.000 ; 55.000 ; 55.000 ; 55.000 ;
; ma_ms_lc    ; eir2           ; 28.000 ;        ;        ; 28.000 ;
; ma_ms_lc    ; eir3           ; 28.000 ;        ;        ; 28.000 ;
; ma_ms_lc    ; fd_set         ; 33.000 ; 33.000 ; 33.000 ; 33.000 ;
; ma_ms_lc    ; fe_set         ; 24.000 ; 33.000 ; 33.000 ; 24.000 ;
; ma_ms_lc    ; last_step_l    ; 51.000 ; 51.000 ; 51.000 ; 51.000 ;
; ma_ms_lc    ; modeb          ; 54.000 ; 54.000 ; 54.000 ; 54.000 ;
; ma_ms_lc    ; next_loc       ; 36.000 ; 37.000 ; 37.000 ; 36.000 ;
; ma_ms_lc    ; rom_11_l       ; 41.000 ; 41.000 ; 41.000 ; 41.000 ;
; ma_ms_lc    ; rom_12_l       ; 33.000 ; 33.000 ; 33.000 ; 33.000 ;
; ma_ms_lc    ; rom_13_l       ; 42.000 ; 42.000 ; 42.000 ; 42.000 ;
; ma_ms_lc    ; rom_14_l       ; 33.000 ; 33.000 ; 33.000 ; 33.000 ;
; ma_ms_lc    ; rom_15_l       ; 42.000 ; 33.000 ; 33.000 ; 42.000 ;
; ma_ms_lc    ; rom_17_l       ; 33.000 ; 33.000 ; 33.000 ; 33.000 ;
; ma_ms_lc    ; rom_22_l       ; 33.000 ; 33.000 ; 33.000 ; 33.000 ;
; ma_ms_lc    ; rom_24_l       ; 33.000 ; 33.000 ; 33.000 ; 33.000 ;
; ma_ms_lc    ; sc_0_low       ; 55.000 ; 55.000 ; 55.000 ; 55.000 ;
; md0         ; adlk_dis_low   ; 42.000 ; 50.000 ; 50.000 ; 42.000 ;
; md0         ; c0             ; 55.000 ; 55.000 ; 55.000 ; 55.000 ;
; md0         ; dad_or_dst     ; 55.000 ; 37.000 ; 37.000 ; 55.000 ;
; md0         ; dad_or_dst_low ; 64.000 ; 46.000 ; 46.000 ; 64.000 ;
; md0         ; data7          ; 61.000 ; 46.000 ; 46.000 ; 61.000 ;
; md0         ; data8          ; 61.000 ; 46.000 ; 46.000 ; 61.000 ;
; md0         ; data9          ; 61.000 ; 46.000 ; 46.000 ; 61.000 ;
; md0         ; data10         ; 54.000 ; 64.000 ; 64.000 ; 54.000 ;
; md0         ; data11         ; 54.000 ; 64.000 ; 64.000 ; 54.000 ;
; md0         ; div_12_l       ; 64.000 ; 64.000 ; 64.000 ; 64.000 ;
; md0         ; fd_set         ; 51.000 ; 42.000 ; 42.000 ; 51.000 ;
; md0         ; fe_set         ; 42.000 ; 51.000 ; 51.000 ; 42.000 ;
; md0         ; last_step_l    ; 60.000 ; 60.000 ; 60.000 ; 60.000 ;
; md0         ; modeb          ; 46.000 ; 46.000 ; 46.000 ; 46.000 ;
; md0         ; next_loc       ; 55.000 ; 54.000 ; 54.000 ; 55.000 ;
; md0         ; rom_11_l       ; 41.000 ; 41.000 ; 41.000 ; 41.000 ;
; md0         ; rom_12_l       ; 42.000 ; 42.000 ; 42.000 ; 42.000 ;
; md0         ; rom_13_l       ; 42.000 ; 50.000 ; 50.000 ; 42.000 ;
; md0         ; rom_14_l       ; 42.000 ; 42.000 ; 42.000 ; 42.000 ;
; md0         ; rom_15_l       ; 42.000 ; 42.000 ; 42.000 ; 42.000 ;
; md0         ; rom_17_l       ; 42.000 ; 42.000 ; 42.000 ; 42.000 ;
; md0         ; rom_22_l       ; 51.000 ; 42.000 ; 42.000 ; 51.000 ;
; md0         ; rom_24_l       ; 51.000 ; 42.000 ; 42.000 ; 51.000 ;
; md0         ; sc_0_low       ; 64.000 ; 64.000 ; 64.000 ; 64.000 ;
; md1         ; adlk_dis_low   ; 50.000 ; 42.000 ; 42.000 ; 50.000 ;
; md1         ; c0             ; 55.000 ; 55.000 ; 55.000 ; 55.000 ;
; md1         ; dad_or_dst     ; 37.000 ; 55.000 ; 55.000 ; 37.000 ;
; md1         ; dad_or_dst_low ; 46.000 ; 64.000 ; 64.000 ; 46.000 ;
; md1         ; data7          ; 46.000 ; 61.000 ; 61.000 ; 46.000 ;
; md1         ; data8          ; 46.000 ; 61.000 ; 61.000 ; 46.000 ;
; md1         ; data9          ; 46.000 ; 61.000 ; 61.000 ; 46.000 ;
; md1         ; data10         ; 64.000 ; 54.000 ; 54.000 ; 64.000 ;
; md1         ; data11         ; 64.000 ; 54.000 ; 54.000 ; 64.000 ;
; md1         ; div_12_l       ; 64.000 ; 64.000 ; 64.000 ; 64.000 ;
; md1         ; fd_set         ; 42.000 ; 51.000 ; 51.000 ; 42.000 ;
; md1         ; fe_set         ; 51.000 ; 42.000 ; 42.000 ; 51.000 ;
; md1         ; last_step_l    ; 60.000 ; 60.000 ; 60.000 ; 60.000 ;
; md1         ; modeb          ; 46.000 ; 46.000 ; 46.000 ; 46.000 ;
; md1         ; next_loc       ; 54.000 ; 55.000 ; 55.000 ; 54.000 ;
; md1         ; rom_11_l       ; 41.000 ; 41.000 ; 41.000 ; 41.000 ;
; md1         ; rom_12_l       ; 42.000 ; 42.000 ; 42.000 ; 42.000 ;
; md1         ; rom_13_l       ; 50.000 ; 42.000 ; 42.000 ; 50.000 ;
; md1         ; rom_14_l       ; 42.000 ; 42.000 ; 42.000 ; 42.000 ;
; md1         ; rom_15_l       ; 42.000 ; 42.000 ; 42.000 ; 42.000 ;
; md1         ; rom_17_l       ; 42.000 ; 42.000 ; 42.000 ; 42.000 ;
; md1         ; rom_22_l       ; 42.000 ; 51.000 ; 51.000 ; 42.000 ;
; md1         ; rom_24_l       ; 42.000 ; 51.000 ; 51.000 ; 42.000 ;
; md1         ; sc_0_low       ; 64.000 ; 64.000 ; 64.000 ; 64.000 ;
; md2         ; adlk_dis_low   ; 50.000 ; 42.000 ; 42.000 ; 50.000 ;
; md2         ; c0             ; 55.000 ; 55.000 ; 55.000 ; 55.000 ;
; md2         ; dad_or_dst     ; 37.000 ; 55.000 ; 55.000 ; 37.000 ;
; md2         ; dad_or_dst_low ; 46.000 ; 64.000 ; 64.000 ; 46.000 ;
; md2         ; data7          ; 46.000 ; 61.000 ; 61.000 ; 46.000 ;
; md2         ; data8          ; 46.000 ; 61.000 ; 61.000 ; 46.000 ;
; md2         ; data9          ; 46.000 ; 61.000 ; 61.000 ; 46.000 ;
; md2         ; data10         ; 64.000 ; 54.000 ; 54.000 ; 64.000 ;
; md2         ; data11         ; 64.000 ; 54.000 ; 54.000 ; 64.000 ;
; md2         ; div_12_l       ; 64.000 ; 64.000 ; 64.000 ; 64.000 ;
; md2         ; fd_set         ; 42.000 ; 51.000 ; 51.000 ; 42.000 ;
; md2         ; fe_set         ; 51.000 ; 42.000 ; 42.000 ; 51.000 ;
; md2         ; last_step_l    ; 60.000 ; 60.000 ; 60.000 ; 60.000 ;
; md2         ; modeb          ; 46.000 ; 46.000 ; 46.000 ; 46.000 ;
; md2         ; next_loc       ; 54.000 ; 55.000 ; 55.000 ; 54.000 ;
; md2         ; rom_11_l       ; 41.000 ; 41.000 ; 41.000 ; 41.000 ;
; md2         ; rom_12_l       ; 42.000 ; 42.000 ; 42.000 ; 42.000 ;
; md2         ; rom_13_l       ; 50.000 ; 42.000 ; 42.000 ; 50.000 ;
; md2         ; rom_14_l       ; 42.000 ; 42.000 ; 42.000 ; 42.000 ;
; md2         ; rom_15_l       ; 42.000 ; 42.000 ; 42.000 ; 42.000 ;
; md2         ; rom_17_l       ; 42.000 ; 42.000 ; 42.000 ; 42.000 ;
; md2         ; rom_22_l       ; 42.000 ; 51.000 ; 51.000 ; 42.000 ;
; md2         ; rom_24_l       ; 42.000 ; 51.000 ; 51.000 ; 42.000 ;
; md2         ; sc_0_low       ; 64.000 ; 64.000 ; 64.000 ; 64.000 ;
; md3         ; adlk_dis_low   ; 50.000 ; 42.000 ; 42.000 ; 50.000 ;
; md3         ; c0             ; 55.000 ; 55.000 ; 55.000 ; 55.000 ;
; md3         ; dad_or_dst     ; 37.000 ; 55.000 ; 55.000 ; 37.000 ;
; md3         ; dad_or_dst_low ; 46.000 ; 64.000 ; 64.000 ; 46.000 ;
; md3         ; data7          ; 46.000 ; 61.000 ; 61.000 ; 46.000 ;
; md3         ; data8          ; 46.000 ; 61.000 ; 61.000 ; 46.000 ;
; md3         ; data9          ; 46.000 ; 61.000 ; 61.000 ; 46.000 ;
; md3         ; data10         ; 64.000 ; 54.000 ; 54.000 ; 64.000 ;
; md3         ; data11         ; 64.000 ; 54.000 ; 54.000 ; 64.000 ;
; md3         ; div_12_l       ; 64.000 ; 64.000 ; 64.000 ; 64.000 ;
; md3         ; fd_set         ; 42.000 ; 51.000 ; 51.000 ; 42.000 ;
; md3         ; fe_set         ; 51.000 ; 42.000 ; 42.000 ; 51.000 ;
; md3         ; last_step_l    ; 60.000 ; 60.000 ; 60.000 ; 60.000 ;
; md3         ; modeb          ; 46.000 ; 46.000 ; 46.000 ; 46.000 ;
; md3         ; next_loc       ; 54.000 ; 55.000 ; 55.000 ; 54.000 ;
; md3         ; rom_11_l       ; 41.000 ; 41.000 ; 41.000 ; 41.000 ;
; md3         ; rom_12_l       ; 42.000 ; 42.000 ; 42.000 ; 42.000 ;
; md3         ; rom_13_l       ; 50.000 ; 42.000 ; 42.000 ; 50.000 ;
; md3         ; rom_14_l       ; 42.000 ; 42.000 ; 42.000 ; 42.000 ;
; md3         ; rom_15_l       ; 42.000 ; 42.000 ; 42.000 ; 42.000 ;
; md3         ; rom_17_l       ; 42.000 ; 42.000 ; 42.000 ; 42.000 ;
; md3         ; rom_22_l       ; 42.000 ; 51.000 ; 51.000 ; 42.000 ;
; md3         ; rom_24_l       ; 42.000 ; 51.000 ; 51.000 ; 42.000 ;
; md3         ; sc_0_low       ; 64.000 ; 64.000 ; 64.000 ; 64.000 ;
; md4         ; adlk_dis_low   ; 69.000 ;        ;        ; 69.000 ;
; md4         ; c0             ; 64.000 ; 80.000 ; 80.000 ; 64.000 ;
; md4         ; dad_or_dst     ; 64.000 ;        ;        ; 64.000 ;
; md4         ; dad_or_dst_low ; 73.000 ;        ;        ; 73.000 ;
; md4         ; data7          ; 61.000 ; 46.000 ; 46.000 ; 61.000 ;
; md4         ; data8          ; 61.000 ; 46.000 ; 46.000 ; 61.000 ;
; md4         ; data9          ; 61.000 ; 46.000 ; 46.000 ; 61.000 ;
; md4         ; data10         ; 54.000 ; 64.000 ; 64.000 ; 54.000 ;
; md4         ; data11         ; 54.000 ; 64.000 ; 64.000 ; 54.000 ;
; md4         ; div_12_l       ; 64.000 ; 64.000 ; 64.000 ; 64.000 ;
; md4         ; fd_set         ;        ; 60.000 ; 60.000 ;        ;
; md4         ; fe_set         ; 42.000 ; 60.000 ; 60.000 ; 42.000 ;
; md4         ; last_step_l    ; 60.000 ; 60.000 ; 60.000 ; 60.000 ;
; md4         ; modeb          ; 55.000 ;        ;        ; 55.000 ;
; md4         ; next_loc       ; 64.000 ; 80.000 ; 80.000 ; 64.000 ;
; md4         ; rom_11_l       ; 68.000 ; 68.000 ; 68.000 ; 68.000 ;
; md4         ; rom_12_l       ; 42.000 ; 42.000 ; 42.000 ; 42.000 ;
; md4         ; rom_13_l       ; 43.000 ; 50.000 ; 50.000 ; 43.000 ;
; md4         ; rom_14_l       ; 42.000 ; 42.000 ; 42.000 ; 42.000 ;
; md4         ; rom_15_l       ; 42.000 ; 42.000 ; 42.000 ; 42.000 ;
; md4         ; rom_17_l       ; 42.000 ; 42.000 ; 42.000 ; 42.000 ;
; md4         ; rom_22_l       ; 60.000 ; 60.000 ; 60.000 ; 60.000 ;
; md4         ; rom_24_l       ; 60.000 ; 42.000 ; 42.000 ; 60.000 ;
; md4         ; sc_0_low       ; 64.000 ; 64.000 ; 64.000 ; 64.000 ;
; md5         ; adlk_dis_low   ; 69.000 ;        ;        ; 69.000 ;
; md5         ; c0             ; 64.000 ; 80.000 ; 80.000 ; 64.000 ;
; md5         ; dad_or_dst     ; 64.000 ;        ;        ; 64.000 ;
; md5         ; dad_or_dst_low ; 73.000 ;        ;        ; 73.000 ;
; md5         ; data7          ; 61.000 ; 46.000 ; 46.000 ; 61.000 ;
; md5         ; data8          ; 61.000 ; 46.000 ; 46.000 ; 61.000 ;
; md5         ; data9          ; 61.000 ; 46.000 ; 46.000 ; 61.000 ;
; md5         ; data10         ; 54.000 ; 64.000 ; 64.000 ; 54.000 ;
; md5         ; data11         ; 54.000 ; 64.000 ; 64.000 ; 54.000 ;
; md5         ; div_12_l       ; 64.000 ; 64.000 ; 64.000 ; 64.000 ;
; md5         ; fd_set         ;        ; 60.000 ; 60.000 ;        ;
; md5         ; fe_set         ; 42.000 ; 60.000 ; 60.000 ; 42.000 ;
; md5         ; last_step_l    ; 60.000 ; 60.000 ; 60.000 ; 60.000 ;
; md5         ; modeb          ; 55.000 ;        ;        ; 55.000 ;
; md5         ; next_loc       ; 64.000 ; 80.000 ; 80.000 ; 64.000 ;
; md5         ; rom_11_l       ; 68.000 ; 68.000 ; 68.000 ; 68.000 ;
; md5         ; rom_12_l       ; 42.000 ; 42.000 ; 42.000 ; 42.000 ;
; md5         ; rom_13_l       ; 43.000 ; 50.000 ; 50.000 ; 43.000 ;
; md5         ; rom_14_l       ; 42.000 ; 42.000 ; 42.000 ; 42.000 ;
; md5         ; rom_15_l       ; 42.000 ; 42.000 ; 42.000 ; 42.000 ;
; md5         ; rom_17_l       ; 42.000 ; 42.000 ; 42.000 ; 42.000 ;
; md5         ; rom_22_l       ; 60.000 ; 60.000 ; 60.000 ; 60.000 ;
; md5         ; rom_24_l       ; 60.000 ; 42.000 ; 42.000 ; 60.000 ;
; md5         ; sc_0_low       ; 64.000 ; 64.000 ; 64.000 ; 64.000 ;
; md6         ; adlk_dis_low   ; 69.000 ; 42.000 ; 42.000 ; 69.000 ;
; md6         ; c0             ; 64.000 ; 64.000 ; 64.000 ; 64.000 ;
; md6         ; dad_or_dst     ; 64.000 ; 37.000 ; 37.000 ; 64.000 ;
; md6         ; dad_or_dst_low ; 73.000 ; 46.000 ; 46.000 ; 73.000 ;
; md6         ; data7          ; 37.000 ; 37.000 ; 37.000 ; 37.000 ;
; md6         ; data8          ; 37.000 ; 37.000 ; 37.000 ; 37.000 ;
; md6         ; data9          ; 37.000 ; 37.000 ; 37.000 ; 37.000 ;
; md6         ; data10         ; 45.000 ; 45.000 ; 45.000 ; 45.000 ;
; md6         ; data11         ; 45.000 ; 45.000 ; 45.000 ; 45.000 ;
; md6         ; div_12_l       ; 55.000 ; 55.000 ; 55.000 ; 55.000 ;
; md6         ; fd_set         ; 50.000 ; 33.000 ; 33.000 ; 50.000 ;
; md6         ; fe_set         ; 42.000 ; 33.000 ; 33.000 ; 42.000 ;
; md6         ; last_step_l    ; 51.000 ; 51.000 ; 51.000 ; 51.000 ;
; md6         ; modeb          ; 55.000 ; 55.000 ; 55.000 ; 55.000 ;
; md6         ; next_loc       ; 37.000 ; 37.000 ; 37.000 ; 37.000 ;
; md6         ; rom_11_l       ; 41.000 ; 41.000 ; 41.000 ; 41.000 ;
; md6         ; rom_12_l       ; 42.000 ; 42.000 ; 42.000 ; 42.000 ;
; md6         ; rom_13_l       ; 42.000 ; 42.000 ; 42.000 ; 42.000 ;
; md6         ; rom_14_l       ; 42.000 ; 42.000 ; 42.000 ; 42.000 ;
; md6         ; rom_15_l       ; 42.000 ; 42.000 ; 42.000 ; 42.000 ;
; md6         ; rom_17_l       ; 42.000 ; 42.000 ; 42.000 ; 42.000 ;
; md6         ; rom_22_l       ; 33.000 ; 33.000 ; 33.000 ; 33.000 ;
; md6         ; rom_24_l       ; 33.000 ; 33.000 ; 33.000 ; 33.000 ;
; md6         ; sc_0_low       ; 55.000 ; 55.000 ; 55.000 ; 55.000 ;
; md7         ; adlk_dis_low   ; 69.000 ; 69.000 ; 69.000 ; 69.000 ;
; md7         ; c0             ; 64.000 ; 64.000 ; 64.000 ; 64.000 ;
; md7         ; dad_or_dst     ; 64.000 ; 64.000 ; 64.000 ; 64.000 ;
; md7         ; dad_or_dst_low ; 73.000 ; 73.000 ; 73.000 ; 73.000 ;
; md7         ; data7          ; 37.000 ; 46.000 ; 46.000 ; 37.000 ;
; md7         ; data8          ; 46.000 ; 46.000 ; 46.000 ; 46.000 ;
; md7         ; data9          ; 46.000 ; 46.000 ; 46.000 ; 46.000 ;
; md7         ; data10         ; 54.000 ; 54.000 ; 54.000 ; 54.000 ;
; md7         ; data11         ; 54.000 ; 54.000 ; 54.000 ; 54.000 ;
; md7         ; div_12_l       ; 64.000 ; 64.000 ; 64.000 ; 64.000 ;
; md7         ; fd_set         ; 60.000 ; 60.000 ; 60.000 ; 60.000 ;
; md7         ; fe_set         ; 60.000 ; 42.000 ; 42.000 ; 60.000 ;
; md7         ; last_step_l    ; 33.000 ; 33.000 ; 33.000 ; 33.000 ;
; md7         ; modeb          ; 55.000 ; 55.000 ; 55.000 ; 55.000 ;
; md7         ; next_loc       ; 64.000 ; 64.000 ; 64.000 ; 64.000 ;
; md7         ; rom_11_l       ; 68.000 ; 68.000 ; 68.000 ; 68.000 ;
; md7         ; rom_12_l       ; 42.000 ; 42.000 ; 42.000 ; 42.000 ;
; md7         ; rom_13_l       ; 43.000 ; 69.000 ; 69.000 ; 43.000 ;
; md7         ; rom_14_l       ; 42.000 ; 42.000 ; 42.000 ; 42.000 ;
; md7         ; rom_15_l       ; 42.000 ; 42.000 ; 42.000 ; 42.000 ;
; md7         ; rom_17_l       ; 42.000 ; 42.000 ; 42.000 ; 42.000 ;
; md7         ; rom_22_l       ; 60.000 ; 60.000 ; 60.000 ; 60.000 ;
; md7         ; rom_24_l       ; 42.000 ; 42.000 ; 42.000 ; 42.000 ;
; md7         ; sc_0_low       ; 64.000 ; 37.000 ; 37.000 ; 64.000 ;
; md8         ; adlk_dis_low   ; 42.000 ; 42.000 ; 42.000 ; 42.000 ;
; md8         ; c0             ; 64.000 ; 64.000 ; 64.000 ; 64.000 ;
; md8         ; dad_or_dst     ; 64.000 ; 64.000 ; 64.000 ; 64.000 ;
; md8         ; dad_or_dst_low ; 73.000 ; 73.000 ; 73.000 ; 73.000 ;
; md8         ; data7          ; 37.000 ; 37.000 ; 37.000 ; 37.000 ;
; md8         ; data8          ; 37.000 ; 37.000 ; 37.000 ; 37.000 ;
; md8         ; data9          ; 37.000 ; 37.000 ; 37.000 ; 37.000 ;
; md8         ; data10         ; 45.000 ; 45.000 ; 45.000 ; 45.000 ;
; md8         ; data11         ; 45.000 ; 45.000 ; 45.000 ; 45.000 ;
; md8         ; div_12_l       ; 55.000 ; 37.000 ; 37.000 ; 55.000 ;
; md8         ; fd_set         ; 33.000 ; 33.000 ; 33.000 ; 33.000 ;
; md8         ; fe_set         ; 60.000 ; 33.000 ; 33.000 ; 60.000 ;
; md8         ; last_step_l    ; 42.000 ; 33.000 ; 33.000 ; 42.000 ;
; md8         ; modeb          ; 55.000 ; 55.000 ; 55.000 ; 55.000 ;
; md8         ; next_loc       ; 37.000 ; 37.000 ; 37.000 ; 37.000 ;
; md8         ; rom_11_l       ; 41.000 ; 68.000 ; 68.000 ; 41.000 ;
; md8         ; rom_12_l       ; 41.000 ; 33.000 ; 33.000 ; 41.000 ;
; md8         ; rom_13_l       ; 42.000 ; 42.000 ; 42.000 ; 42.000 ;
; md8         ; rom_14_l       ; 33.000 ; 33.000 ; 33.000 ; 33.000 ;
; md8         ; rom_15_l       ; 42.000 ; 33.000 ; 33.000 ; 42.000 ;
; md8         ; rom_17_l       ; 33.000 ; 42.000 ; 42.000 ; 33.000 ;
; md8         ; rom_22_l       ; 33.000 ; 33.000 ; 33.000 ; 33.000 ;
; md8         ; rom_24_l       ; 33.000 ; 33.000 ; 33.000 ; 33.000 ;
; md8         ; sc_0_low       ; 54.000 ; 37.000 ; 37.000 ; 54.000 ;
; md9         ; adlk_dis_low   ; 42.000 ; 42.000 ; 42.000 ; 42.000 ;
; md9         ; c0             ; 64.000 ; 64.000 ; 64.000 ; 64.000 ;
; md9         ; dad_or_dst     ; 64.000 ; 64.000 ; 64.000 ; 64.000 ;
; md9         ; dad_or_dst_low ; 73.000 ; 73.000 ; 73.000 ; 73.000 ;
; md9         ; data7          ; 37.000 ; 37.000 ; 37.000 ; 37.000 ;
; md9         ; data8          ; 37.000 ; 37.000 ; 37.000 ; 37.000 ;
; md9         ; data9          ; 37.000 ; 37.000 ; 37.000 ; 37.000 ;
; md9         ; data10         ; 45.000 ; 45.000 ; 45.000 ; 45.000 ;
; md9         ; data11         ; 45.000 ; 45.000 ; 45.000 ; 45.000 ;
; md9         ; div_12_l       ; 54.000 ; 46.000 ; 46.000 ; 54.000 ;
; md9         ; eir2           ; 28.000 ;        ;        ; 28.000 ;
; md9         ; fd_set         ; 33.000 ; 42.000 ; 42.000 ; 33.000 ;
; md9         ; fe_set         ; 60.000 ; 33.000 ; 33.000 ; 60.000 ;
; md9         ; last_step_l    ; 42.000 ; 33.000 ; 33.000 ; 42.000 ;
; md9         ; modeb          ; 55.000 ; 55.000 ; 55.000 ; 55.000 ;
; md9         ; next_loc       ; 37.000 ; 54.000 ; 54.000 ; 37.000 ;
; md9         ; rom_11_l       ; 41.000 ; 68.000 ; 68.000 ; 41.000 ;
; md9         ; rom_12_l       ; 33.000 ; 33.000 ; 33.000 ; 33.000 ;
; md9         ; rom_13_l       ; 42.000 ; 42.000 ; 42.000 ; 42.000 ;
; md9         ; rom_14_l       ; 33.000 ; 33.000 ; 33.000 ; 33.000 ;
; md9         ; rom_15_l       ; 42.000 ; 33.000 ; 33.000 ; 42.000 ;
; md9         ; rom_17_l       ; 42.000 ; 33.000 ; 33.000 ; 42.000 ;
; md9         ; rom_22_l       ; 33.000 ; 33.000 ; 33.000 ; 33.000 ;
; md9         ; rom_24_l       ; 33.000 ; 33.000 ; 33.000 ; 33.000 ;
; md9         ; sc_0_low       ; 37.000 ; 46.000 ; 46.000 ; 37.000 ;
; md10        ; adlk_dis_low   ; 42.000 ; 42.000 ; 42.000 ; 42.000 ;
; md10        ; c0             ; 64.000 ; 64.000 ; 64.000 ; 64.000 ;
; md10        ; dad_or_dst     ; 64.000 ; 64.000 ; 64.000 ; 64.000 ;
; md10        ; dad_or_dst_low ; 73.000 ; 73.000 ; 73.000 ; 73.000 ;
; md10        ; data7          ; 37.000 ; 37.000 ; 37.000 ; 37.000 ;
; md10        ; data8          ; 37.000 ; 37.000 ; 37.000 ; 37.000 ;
; md10        ; data9          ; 37.000 ; 37.000 ; 37.000 ; 37.000 ;
; md10        ; data10         ; 44.000 ; 37.000 ; 37.000 ; 44.000 ;
; md10        ; data11         ; 45.000 ; 45.000 ; 45.000 ; 45.000 ;
; md10        ; div_12_l       ; 37.000 ; 46.000 ; 46.000 ; 37.000 ;
; md10        ; eir3           ; 28.000 ;        ;        ; 28.000 ;
; md10        ; fd_set         ; 33.000 ; 33.000 ; 33.000 ; 33.000 ;
; md10        ; fe_set         ; 33.000 ; 33.000 ; 33.000 ; 33.000 ;
; md10        ; last_step_l    ; 33.000 ; 42.000 ; 42.000 ; 33.000 ;
; md10        ; modeb          ; 55.000 ; 55.000 ; 55.000 ; 55.000 ;
; md10        ; next_loc       ; 37.000 ; 54.000 ; 54.000 ; 37.000 ;
; md10        ; rom_11_l       ; 68.000 ; 41.000 ; 41.000 ; 68.000 ;
; md10        ; rom_12_l       ; 33.000 ; 33.000 ; 33.000 ; 33.000 ;
; md10        ; rom_13_l       ; 43.000 ; 42.000 ; 42.000 ; 43.000 ;
; md10        ; rom_14_l       ; 33.000 ; 33.000 ; 33.000 ; 33.000 ;
; md10        ; rom_15_l       ; 42.000 ; 33.000 ; 33.000 ; 42.000 ;
; md10        ; rom_17_l       ; 33.000 ; 42.000 ; 42.000 ; 33.000 ;
; md10        ; rom_22_l       ; 33.000 ; 33.000 ; 33.000 ; 33.000 ;
; md10        ; rom_24_l       ; 33.000 ; 42.000 ; 42.000 ; 33.000 ;
; md10        ; sc_0_low       ; 37.000 ; 46.000 ; 46.000 ; 37.000 ;
; md11        ; adlk_dis_low   ; 50.000 ; 42.000 ; 42.000 ; 50.000 ;
; md11        ; c0             ; 55.000 ; 55.000 ; 55.000 ; 55.000 ;
; md11        ; dad_or_dst     ; 37.000 ; 55.000 ; 55.000 ; 37.000 ;
; md11        ; dad_or_dst_low ; 46.000 ; 64.000 ; 64.000 ; 46.000 ;
; md11        ; data7          ; 46.000 ; 54.000 ; 54.000 ; 46.000 ;
; md11        ; data8          ; 46.000 ; 54.000 ; 54.000 ; 46.000 ;
; md11        ; data9          ; 46.000 ; 54.000 ; 54.000 ; 46.000 ;
; md11        ; data10         ; 53.000 ; 46.000 ; 46.000 ; 53.000 ;
; md11        ; data11         ; 44.000 ; 37.000 ; 37.000 ; 44.000 ;
; md11        ; div_12_l       ; 37.000 ; 46.000 ; 46.000 ; 37.000 ;
; md11        ; fd_set         ; 42.000 ; 51.000 ; 51.000 ; 42.000 ;
; md11        ; fe_set         ; 51.000 ; 42.000 ; 42.000 ; 51.000 ;
; md11        ; last_step_l    ; 33.000 ; 42.000 ; 42.000 ; 33.000 ;
; md11        ; modeb          ; 46.000 ; 46.000 ; 46.000 ; 46.000 ;
; md11        ; next_loc       ; 54.000 ; 55.000 ; 55.000 ; 54.000 ;
; md11        ; rom_11_l       ; 41.000 ; 41.000 ; 41.000 ; 41.000 ;
; md11        ; rom_12_l       ; 42.000 ; 42.000 ; 42.000 ; 42.000 ;
; md11        ; rom_13_l       ; 50.000 ; 42.000 ; 42.000 ; 50.000 ;
; md11        ; rom_14_l       ; 42.000 ; 42.000 ; 42.000 ; 42.000 ;
; md11        ; rom_15_l       ; 42.000 ; 42.000 ; 42.000 ; 42.000 ;
; md11        ; rom_17_l       ; 42.000 ; 42.000 ; 42.000 ; 42.000 ;
; md11        ; rom_22_l       ; 42.000 ; 51.000 ; 51.000 ; 42.000 ;
; md11        ; rom_24_l       ; 42.000 ; 51.000 ; 51.000 ; 42.000 ;
; md11        ; sc_0_low       ; 46.000 ; 37.000 ; 37.000 ; 46.000 ;
; rom_12_l    ; last_step_l    ; 15.000 ;        ;        ; 15.000 ;
; rom_14_l    ; last_step_l    ;        ; 15.000 ; 15.000 ;        ;
; tp1         ; adlk_dis_low   ; 33.000 ; 33.000 ; 33.000 ; 33.000 ;
; tp1         ; c0             ; 54.000 ; 54.000 ; 54.000 ; 54.000 ;
; tp1         ; dad_or_dst     ; 36.000 ; 28.000 ; 28.000 ; 36.000 ;
; tp1         ; dad_or_dst_low ; 45.000 ; 37.000 ; 37.000 ; 45.000 ;
; tp1         ; data7          ; 28.000 ; 28.000 ; 28.000 ; 28.000 ;
; tp1         ; data8          ; 28.000 ; 28.000 ; 28.000 ; 28.000 ;
; tp1         ; data9          ; 28.000 ; 28.000 ; 28.000 ; 28.000 ;
; tp1         ; data10         ; 36.000 ; 36.000 ; 36.000 ; 36.000 ;
; tp1         ; data11         ; 36.000 ; 36.000 ; 36.000 ; 36.000 ;
; tp1         ; div_12_l       ; 46.000 ; 46.000 ; 46.000 ; 46.000 ;
; tp1         ; eir2           ; 19.000 ;        ;        ; 19.000 ;
; tp1         ; eir3           ; 19.000 ;        ;        ; 19.000 ;
; tp1         ; fd_set         ; 24.000 ; 24.000 ; 24.000 ; 24.000 ;
; tp1         ; fe_set         ; 24.000 ; 24.000 ; 24.000 ; 24.000 ;
; tp1         ; last_step_l    ; 42.000 ; 42.000 ; 42.000 ; 42.000 ;
; tp1         ; modeb          ; 45.000 ; 45.000 ; 45.000 ; 45.000 ;
; tp1         ; next_loc       ; 28.000 ; 28.000 ; 28.000 ; 28.000 ;
; tp1         ; rom_11_l       ; 32.000 ; 32.000 ; 32.000 ; 32.000 ;
; tp1         ; rom_12_l       ; 24.000 ; 24.000 ; 24.000 ; 24.000 ;
; tp1         ; rom_13_l       ; 33.000 ; 33.000 ; 33.000 ; 33.000 ;
; tp1         ; rom_14_l       ; 24.000 ; 24.000 ; 24.000 ; 24.000 ;
; tp1         ; rom_15_l       ; 33.000 ; 24.000 ; 24.000 ; 33.000 ;
; tp1         ; rom_17_l       ; 24.000 ; 24.000 ; 24.000 ; 24.000 ;
; tp1         ; rom_22_l       ; 24.000 ; 24.000 ; 24.000 ; 24.000 ;
; tp1         ; rom_24_l       ; 24.000 ; 24.000 ; 24.000 ; 24.000 ;
; tp1         ; sc_0_low       ; 46.000 ; 46.000 ; 46.000 ; 46.000 ;
; tp2         ; adlk_dis_low   ; 33.000 ; 33.000 ; 33.000 ; 33.000 ;
; tp2         ; c0             ; 37.000 ; 37.000 ; 37.000 ; 37.000 ;
; tp2         ; dad_or_dst     ; 28.000 ; 28.000 ; 28.000 ; 28.000 ;
; tp2         ; dad_or_dst_low ; 37.000 ; 37.000 ; 37.000 ; 37.000 ;
; tp2         ; data7          ; 28.000 ; 28.000 ; 28.000 ; 28.000 ;
; tp2         ; data8          ; 28.000 ; 28.000 ; 28.000 ; 28.000 ;
; tp2         ; data9          ; 28.000 ; 28.000 ; 28.000 ; 28.000 ;
; tp2         ; data10         ; 36.000 ; 36.000 ; 36.000 ; 36.000 ;
; tp2         ; data11         ; 36.000 ; 36.000 ; 36.000 ; 36.000 ;
; tp2         ; div_12_l       ; 46.000 ; 46.000 ; 46.000 ; 46.000 ;
; tp2         ; eir2           ; 19.000 ; 27.000 ; 27.000 ; 19.000 ;
; tp2         ; eir3           ; 19.000 ; 27.000 ; 27.000 ; 19.000 ;
; tp2         ; fd_set         ; 24.000 ; 24.000 ; 24.000 ; 24.000 ;
; tp2         ; fe_set         ; 24.000 ; 24.000 ; 24.000 ; 24.000 ;
; tp2         ; last_step_l    ; 42.000 ; 42.000 ; 42.000 ; 42.000 ;
; tp2         ; modeb          ; 28.000 ; 28.000 ; 28.000 ; 28.000 ;
; tp2         ; next_loc       ; 28.000 ; 28.000 ; 28.000 ; 28.000 ;
; tp2         ; rom_11_l       ; 32.000 ; 32.000 ; 32.000 ; 32.000 ;
; tp2         ; rom_12_l       ; 24.000 ; 24.000 ; 24.000 ; 24.000 ;
; tp2         ; rom_13_l       ; 33.000 ; 33.000 ; 33.000 ; 33.000 ;
; tp2         ; rom_14_l       ; 24.000 ; 24.000 ; 24.000 ; 24.000 ;
; tp2         ; rom_15_l       ; 32.000 ; 24.000 ; 24.000 ; 32.000 ;
; tp2         ; rom_17_l       ; 24.000 ; 24.000 ; 24.000 ; 24.000 ;
; tp2         ; rom_22_l       ; 24.000 ; 24.000 ; 24.000 ; 24.000 ;
; tp2         ; rom_24_l       ; 24.000 ; 24.000 ; 24.000 ; 24.000 ;
; tp2         ; sc_0_low       ; 46.000 ; 46.000 ; 46.000 ; 46.000 ;
; tp2_d       ; c0             ; 28.000 ; 28.000 ; 28.000 ; 28.000 ;
; tp2_d       ; data7          ; 37.000 ; 45.000 ; 45.000 ; 37.000 ;
; tp2_d       ; data8          ; 37.000 ; 45.000 ; 45.000 ; 37.000 ;
; tp2_d       ; data9          ; 37.000 ; 45.000 ; 45.000 ; 37.000 ;
; tp2_d       ; data10         ; 44.000 ; 37.000 ; 37.000 ; 44.000 ;
; tp2_d       ; data11         ; 44.000 ; 37.000 ; 37.000 ; 44.000 ;
; tp2_d       ; div_12_l       ; 37.000 ; 37.000 ; 37.000 ; 37.000 ;
; tp2_d       ; last_step_l    ; 33.000 ; 33.000 ; 33.000 ; 33.000 ;
; tp2_d       ; sc_0_low       ; 37.000 ; 37.000 ; 37.000 ; 37.000 ;
; tp3         ; c0             ; 28.000 ; 35.000 ; 35.000 ; 28.000 ;
; tp3         ; data7          ; 46.000 ; 37.000 ; 37.000 ; 46.000 ;
; tp3         ; data8          ; 46.000 ; 37.000 ; 37.000 ; 46.000 ;
; tp3         ; data9          ; 46.000 ; 37.000 ; 37.000 ; 46.000 ;
; tp3         ; data10         ; 37.000 ; 44.000 ; 44.000 ; 37.000 ;
; tp3         ; data11         ; 37.000 ; 44.000 ; 44.000 ; 37.000 ;
; tp3         ; div_12_l       ; 37.000 ; 37.000 ; 37.000 ; 37.000 ;
; tp3         ; last_step_l    ; 33.000 ; 33.000 ; 33.000 ; 33.000 ;
; tp3         ; sc_0_low       ; 37.000 ; 37.000 ; 37.000 ; 37.000 ;
; tp4         ; adlk_dis_low   ; 42.000 ; 42.000 ; 42.000 ; 42.000 ;
; tp4         ; c0             ; 63.000 ; 63.000 ; 63.000 ; 63.000 ;
; tp4         ; dad_or_dst     ; 37.000 ; 45.000 ; 45.000 ; 37.000 ;
; tp4         ; dad_or_dst_low ; 46.000 ; 54.000 ; 54.000 ; 46.000 ;
; tp4         ; data7          ; 37.000 ; 37.000 ; 37.000 ; 37.000 ;
; tp4         ; data8          ; 37.000 ; 37.000 ; 37.000 ; 37.000 ;
; tp4         ; data9          ; 37.000 ; 37.000 ; 37.000 ; 37.000 ;
; tp4         ; data10         ; 45.000 ; 45.000 ; 45.000 ; 45.000 ;
; tp4         ; data11         ; 45.000 ; 45.000 ; 45.000 ; 45.000 ;
; tp4         ; div_12_l       ; 55.000 ; 55.000 ; 55.000 ; 55.000 ;
; tp4         ; eir2           ;        ; 28.000 ; 28.000 ;        ;
; tp4         ; eir3           ;        ; 28.000 ; 28.000 ;        ;
; tp4         ; fd_set         ; 33.000 ; 33.000 ; 33.000 ; 33.000 ;
; tp4         ; fe_set         ; 33.000 ; 24.000 ; 24.000 ; 33.000 ;
; tp4         ; last_step_l    ; 51.000 ; 51.000 ; 51.000 ; 51.000 ;
; tp4         ; modeb          ; 54.000 ; 54.000 ; 54.000 ; 54.000 ;
; tp4         ; next_loc       ; 37.000 ; 36.000 ; 36.000 ; 37.000 ;
; tp4         ; rom_11_l       ; 41.000 ; 41.000 ; 41.000 ; 41.000 ;
; tp4         ; rom_12_l       ; 33.000 ; 33.000 ; 33.000 ; 33.000 ;
; tp4         ; rom_13_l       ; 42.000 ; 42.000 ; 42.000 ; 42.000 ;
; tp4         ; rom_14_l       ; 33.000 ; 33.000 ; 33.000 ; 33.000 ;
; tp4         ; rom_15_l       ; 33.000 ; 42.000 ; 42.000 ; 33.000 ;
; tp4         ; rom_17_l       ; 33.000 ; 33.000 ; 33.000 ; 33.000 ;
; tp4         ; rom_22_l       ; 33.000 ; 33.000 ; 33.000 ; 33.000 ;
; tp4         ; rom_24_l       ; 33.000 ; 33.000 ; 33.000 ; 33.000 ;
; tp4         ; sc_0_low       ; 55.000 ; 55.000 ; 55.000 ; 55.000 ;
; ts3         ; data7          ; 19.000 ; 34.000 ; 34.000 ; 19.000 ;
; ts3         ; data8          ; 19.000 ; 34.000 ; 34.000 ; 19.000 ;
; ts3         ; data9          ; 19.000 ; 34.000 ; 34.000 ; 19.000 ;
; ts3         ; data10         ;        ; 27.000 ; 27.000 ;        ;
; ts3         ; data11         ;        ; 27.000 ; 27.000 ;        ;
+-------------+----------------+--------+--------+--------+--------+


-------------------
; Clock Transfers ;
-------------------
Nothing to report.


---------------
; Report TCCS ;
---------------
No dedicated SERDES Transmitter circuitry present in device or used in design


---------------
; Report RSKM ;
---------------
No dedicated SERDES Receiver circuitry present in device or used in design


+------------------------------------------------+
; Unconstrained Paths                            ;
+---------------------------------+-------+------+
; Property                        ; Setup ; Hold ;
+---------------------------------+-------+------+
; Illegal Clocks                  ; 0     ; 0    ;
; Unconstrained Clocks            ; 0     ; 0    ;
; Unconstrained Input Ports       ; 32    ; 32   ;
; Unconstrained Input Port Paths  ; 535   ; 535  ;
; Unconstrained Output Ports      ; 26    ; 26   ;
; Unconstrained Output Port Paths ; 535   ; 535  ;
+---------------------------------+-------+------+


+------------------------------------+
; TimeQuest Timing Analyzer Messages ;
+------------------------------------+
Info: *******************************************************************
Info: Running Quartus II 64-Bit TimeQuest Timing Analyzer
    Info: Version 13.0.1 Build 232 06/12/2013 Service Pack 1 SJ Web Edition
    Info: Processing started: Fri Oct 18 11:51:11 2019
Info: Command: quartus_sta M8340X -c M8340
Info: qsta_default_script.tcl version: #1
Warning (20028): Parallel compilation is not licensed and has been disabled
Info (306004): Started post-fitting delay annotation
Info (306005): Delay annotation completed successfully
Warning (335095): TimeQuest Timing Analyzer does not support the analysis of latches as synchronous elements for the currently selected device family.
Critical Warning (332012): Synopsys Design Constraints File file not found: 'M8340.sdc'. A Synopsys Design Constraints File is required by the TimeQuest Timing Analyzer to get proper timing constraints. Without it, the Compiler will not properly optimize the design.
Info (332142): No user constrained base clocks found in the design. Calling "derive_clocks -period 1.0"
Info (332096): The command derive_clocks did not find any clocks to derive.  No clocks were created or changed.
Warning (332125): Found combinational loop of 6 nodes
    Warning (332126): Node "n_t_38x~10|dataout"
    Warning (332126): Node "n_t_38x_m~10|[0]"
    Warning (332126): Node "n_t_38x_m~10|dataout"
    Warning (332126): Node "n_t_38x_m~10|[1]"
    Warning (332126): Node "n_t_38x~10|[0]"
    Warning (332126): Node "n_t_38x~10|[1]"
Warning (332125): Found combinational loop of 6 nodes
    Warning (332126): Node "n_t_42x~10|dataout"
    Warning (332126): Node "n_t_42x~10|[1]"
    Warning (332126): Node "n_t_42x_m~10|[0]"
    Warning (332126): Node "n_t_42x_m~10|dataout"
    Warning (332126): Node "n_t_42x_m~10|[1]"
    Warning (332126): Node "n_t_42x~10|[0]"
Warning (332125): Found combinational loop of 6 nodes
    Warning (332126): Node "n_t_19x~10|dataout"
    Warning (332126): Node "n_t_19x~10|[1]"
    Warning (332126): Node "n_t_19x_m~10|[0]"
    Warning (332126): Node "n_t_19x_m~10|dataout"
    Warning (332126): Node "n_t_19x_m~10|[1]"
    Warning (332126): Node "n_t_19x~10|[0]"
Warning (332125): Found combinational loop of 6 nodes
    Warning (332126): Node "n_t_40x~10|dataout"
    Warning (332126): Node "n_t_40x~10|[1]"
    Warning (332126): Node "n_t_40x_m~10|[0]"
    Warning (332126): Node "n_t_40x_m~10|dataout"
    Warning (332126): Node "n_t_40x_m~10|[1]"
    Warning (332126): Node "n_t_40x~10|[0]"
Warning (332125): Found combinational loop of 6 nodes
    Warning (332126): Node "n_t_39x~10|dataout"
    Warning (332126): Node "n_t_39x~10|[2]"
    Warning (332126): Node "n_t_39x_m~10|[0]"
    Warning (332126): Node "n_t_39x_m~10|dataout"
    Warning (332126): Node "n_t_39x_m~10|[2]"
    Warning (332126): Node "n_t_39x~10|[0]"
Warning (332125): Found combinational loop of 2 nodes
    Warning (332126): Node "ex1~9|dataout"
    Warning (332126): Node "ex1~9|[2]"
Warning (332125): Found combinational loop of 2 nodes
    Warning (332126): Node "ex1_m~9|dataout"
    Warning (332126): Node "ex1_m~9|[1]"
Warning (332125): Found combinational loop of 2 nodes
    Warning (332126): Node "n_t_26x~9|dataout"
    Warning (332126): Node "n_t_26x~9|[3]"
Warning (332125): Found combinational loop of 2 nodes
    Warning (332126): Node "n_t_26x_m~9|dataout"
    Warning (332126): Node "n_t_26x_m~9|[3]"
Warning (332125): Found combinational loop of 8 nodes
    Warning (332126): Node "modea~9|dataout"
    Warning (332126): Node "modea~9|[2]"
    Warning (332126): Node "modea_m~6|[7]"
    Warning (332126): Node "modea_m~6|dataout"
    Warning (332126): Node "modea_m~17|[0]"
    Warning (332126): Node "modea_m~17|dataout"
    Warning (332126): Node "modea_m~17|[2]"
    Warning (332126): Node "modea~9|[0]"
Warning (332125): Found combinational loop of 2 nodes
    Warning (332126): Node "n_t_10x~9|dataout"
    Warning (332126): Node "n_t_10x~9|[1]"
Warning (332125): Found combinational loop of 2 nodes
    Warning (332126): Node "n_t_10x_m~9|dataout"
    Warning (332126): Node "n_t_10x_m~9|[1]"
Warning (332125): Found combinational loop of 2 nodes
    Warning (332126): Node "n_t_3x~9|dataout"
    Warning (332126): Node "n_t_3x~9|[1]"
Warning (332125): Found combinational loop of 2 nodes
    Warning (332126): Node "n_t_3x_m~9|dataout"
    Warning (332126): Node "n_t_3x_m~9|[1]"
Warning (332125): Found combinational loop of 2 nodes
    Warning (332126): Node "n_t_8x~9|dataout"
    Warning (332126): Node "n_t_8x~9|[1]"
Warning (332125): Found combinational loop of 2 nodes
    Warning (332126): Node "n_t_8x_m~9|dataout"
    Warning (332126): Node "n_t_8x_m~9|[1]"
Warning (332125): Found combinational loop of 2 nodes
    Warning (332126): Node "n_t_14x~9|dataout"
    Warning (332126): Node "n_t_14x~9|[1]"
Warning (332125): Found combinational loop of 2 nodes
    Warning (332126): Node "n_t_14x_m~9|dataout"
    Warning (332126): Node "n_t_14x_m~9|[1]"
Warning (332125): Found combinational loop of 2 nodes
    Warning (332126): Node "n_t_17x~9|dataout"
    Warning (332126): Node "n_t_17x~9|[1]"
Warning (332125): Found combinational loop of 2 nodes
    Warning (332126): Node "n_t_17x_m~9|dataout"
    Warning (332126): Node "n_t_17x_m~9|[1]"
Warning (332125): Found combinational loop of 2 nodes
    Warning (332126): Node "n_t_11x~9|dataout"
    Warning (332126): Node "n_t_11x~9|[1]"
Warning (332125): Found combinational loop of 2 nodes
    Warning (332126): Node "n_t_11x_m~9|dataout"
    Warning (332126): Node "n_t_11x_m~9|[1]"
Warning (332125): Found combinational loop of 2 nodes
    Warning (332126): Node "n_t_18x~9|dataout"
    Warning (332126): Node "n_t_18x~9|[1]"
Warning (332125): Found combinational loop of 2 nodes
    Warning (332126): Node "n_t_18x_m~9|dataout"
    Warning (332126): Node "n_t_18x_m~9|[1]"
Warning (332125): Found combinational loop of 2 nodes
    Warning (332126): Node "n_t_5x~9|dataout"
    Warning (332126): Node "n_t_5x~9|[1]"
Warning (332125): Found combinational loop of 2 nodes
    Warning (332126): Node "n_t_5x_m~9|dataout"
    Warning (332126): Node "n_t_5x_m~9|[1]"
Warning (332125): Found combinational loop of 2 nodes
    Warning (332126): Node "n_t_2x~9|dataout"
    Warning (332126): Node "n_t_2x~9|[1]"
Warning (332125): Found combinational loop of 2 nodes
    Warning (332126): Node "n_t_2x_m~9|dataout"
    Warning (332126): Node "n_t_2x_m~9|[1]"
Warning (332125): Found combinational loop of 2 nodes
    Warning (332126): Node "n_t_1x~9|dataout"
    Warning (332126): Node "n_t_1x~9|[1]"
Warning (332125): Found combinational loop of 2 nodes
    Warning (332126): Node "n_t_1x_m~9|dataout"
    Warning (332126): Node "n_t_1x_m~9|[1]"
Warning (332125): Found combinational loop of 2 nodes
    Warning (332126): Node "n_t_4x~9|dataout"
    Warning (332126): Node "n_t_4x~9|[1]"
Warning (332125): Found combinational loop of 2 nodes
    Warning (332126): Node "n_t_4x_m~9|dataout"
    Warning (332126): Node "n_t_4x_m~9|[1]"
Warning (332125): Found combinational loop of 2 nodes
    Warning (332126): Node "n_t_7x~9|dataout"
    Warning (332126): Node "n_t_7x~9|[1]"
Warning (332125): Found combinational loop of 2 nodes
    Warning (332126): Node "n_t_7x_m~9|dataout"
    Warning (332126): Node "n_t_7x_m~9|[1]"
Warning (332068): No clocks defined in design.
Info: Found TIMEQUEST_REPORT_SCRIPT_INCLUDE_DEFAULT_ANALYSIS = ON
Info (332159): No clocks to report
Info (332140): No fmax paths to report
Info (332140): No Setup paths to report
Info (332140): No Hold paths to report
Info (332140): No Recovery paths to report
Info (332140): No Removal paths to report
Info (332140): No Minimum Pulse Width paths to report
Info (332001): The selected device family is not supported by the report_metastability command.
Info (332102): Design is not fully constrained for setup requirements
Info (332102): Design is not fully constrained for hold requirements
Info: Quartus II 64-Bit TimeQuest Timing Analyzer was successful. 0 errors, 132 warnings
    Info: Peak virtual memory: 4541 megabytes
    Info: Processing ended: Fri Oct 18 11:51:13 2019
    Info: Elapsed time: 00:00:02
    Info: Total CPU time (on all processors): 00:00:01


