Analysis & Synthesis report for M8341X
Mon Oct 14 00:46:19 2019
Quartus II 64-Bit Version 13.0.1 Build 232 06/12/2013 Service Pack 1 SJ Web Edition


---------------------
; Table of Contents ;
---------------------
  1. Legal Notice
  2. Analysis & Synthesis Summary
  3. Analysis & Synthesis Settings
  4. Parallel Compilation
  5. Analysis & Synthesis Source Files Read
  6. Analysis & Synthesis Resource Usage Summary
  7. Analysis & Synthesis Resource Utilization by Entity
  8. User-Specified and Inferred Latches
  9. Analysis & Synthesis Messages



----------------
; Legal Notice ;
----------------
Copyright (C) 1991-2013 Altera Corporation
Your use of Altera Corporation's design tools, logic functions 
and other software and tools, and its AMPP partner logic 
functions, and any output files from any of the foregoing 
(including device programming or simulation files), and any 
associated documentation or information are expressly subject 
to the terms and conditions of the Altera Program License 
Subscription Agreement, Altera MegaCore Function License 
Agreement, or other applicable license agreement, including, 
without limitation, that your use is for the sole purpose of 
programming logic devices manufactured by Altera and sold by 
Altera or its authorized distributors.  Please refer to the 
applicable agreement for further details.



+-------------------------------------------------------------------------------+
; Analysis & Synthesis Summary                                                  ;
+-----------------------------+-------------------------------------------------+
; Analysis & Synthesis Status ; Successful - Mon Oct 14 00:46:19 2019           ;
; Quartus II 64-Bit Version   ; 13.0.1 Build 232 06/12/2013 SP 1 SJ Web Edition ;
; Revision Name               ; M8341X                                          ;
; Top-level Entity Name       ; M8341                                           ;
; Family                      ; MAX7000S                                        ;
; Total macrocells            ; 61                                              ;
; Total pins                  ; 71                                              ;
+-----------------------------+-------------------------------------------------+


+---------------------------------------------------------------------------------------------------------------+
; Analysis & Synthesis Settings                                                                                 ;
+----------------------------------------------------------------------------+------------------+---------------+
; Option                                                                     ; Setting          ; Default Value ;
+----------------------------------------------------------------------------+------------------+---------------+
; Device                                                                     ; EPM7128STI100-10 ;               ;
; Top-level entity name                                                      ; M8341            ; M8341X        ;
; Family name                                                                ; MAX7000S         ; Cyclone V     ;
; Use smart compilation                                                      ; Off              ; Off           ;
; Enable parallel Assembler and TimeQuest Timing Analyzer during compilation ; On               ; On            ;
; Enable compact report table                                                ; Off              ; Off           ;
; Create Debugging Nodes for IP Cores                                        ; Off              ; Off           ;
; Preserve fewer node names                                                  ; On               ; On            ;
; Disable OpenCore Plus hardware evaluation                                  ; Off              ; Off           ;
; Verilog Version                                                            ; Verilog_2001     ; Verilog_2001  ;
; VHDL Version                                                               ; VHDL_1993        ; VHDL_1993     ;
; State Machine Processing                                                   ; Auto             ; Auto          ;
; Safe State Machine                                                         ; Off              ; Off           ;
; Extract Verilog State Machines                                             ; On               ; On            ;
; Extract VHDL State Machines                                                ; On               ; On            ;
; Ignore Verilog initial constructs                                          ; Off              ; Off           ;
; Iteration limit for constant Verilog loops                                 ; 5000             ; 5000          ;
; Iteration limit for non-constant Verilog loops                             ; 250              ; 250           ;
; Add Pass-Through Logic to Inferred RAMs                                    ; On               ; On            ;
; Infer RAMs from Raw Logic                                                  ; On               ; On            ;
; Parallel Synthesis                                                         ; On               ; On            ;
; NOT Gate Push-Back                                                         ; On               ; On            ;
; Power-Up Don't Care                                                        ; On               ; On            ;
; Remove Duplicate Registers                                                 ; On               ; On            ;
; Ignore CARRY Buffers                                                       ; Off              ; Off           ;
; Ignore CASCADE Buffers                                                     ; Off              ; Off           ;
; Ignore GLOBAL Buffers                                                      ; Off              ; Off           ;
; Ignore ROW GLOBAL Buffers                                                  ; Off              ; Off           ;
; Ignore LCELL Buffers                                                       ; Auto             ; Auto          ;
; Ignore SOFT Buffers                                                        ; Off              ; Off           ;
; Limit AHDL Integers to 32 Bits                                             ; Off              ; Off           ;
; Optimization Technique                                                     ; Speed            ; Speed         ;
; Allow XOR Gate Usage                                                       ; On               ; On            ;
; Auto Logic Cell Insertion                                                  ; On               ; On            ;
; Parallel Expander Chain Length                                             ; 4                ; 4             ;
; Auto Parallel Expanders                                                    ; On               ; On            ;
; Auto Open-Drain Pins                                                       ; On               ; On            ;
; Auto Resource Sharing                                                      ; Off              ; Off           ;
; Maximum Fan-in Per Macrocell                                               ; 100              ; 100           ;
; Use LogicLock Constraints during Resource Balancing                        ; On               ; On            ;
; Ignore translate_off and synthesis_off directives                          ; Off              ; Off           ;
; Report Parameter Settings                                                  ; On               ; On            ;
; Report Source Assignments                                                  ; On               ; On            ;
; Report Connectivity Checks                                                 ; On               ; On            ;
; HDL message level                                                          ; Level2           ; Level2        ;
; Suppress Register Optimization Related Messages                            ; Off              ; Off           ;
; Number of Removed Registers Reported in Synthesis Report                   ; 5000             ; 5000          ;
; Number of Swept Nodes Reported in Synthesis Report                         ; 5000             ; 5000          ;
; Number of Inverted Registers Reported in Synthesis Report                  ; 100              ; 100           ;
; Block Design Naming                                                        ; Auto             ; Auto          ;
; Synthesis Effort                                                           ; Auto             ; Auto          ;
; Shift Register Replacement - Allow Asynchronous Clear Signal               ; On               ; On            ;
; Pre-Mapping Resynthesis Optimization                                       ; Off              ; Off           ;
; Analysis & Synthesis Message Level                                         ; Medium           ; Medium        ;
; Disable Register Merging Across Hierarchies                                ; Auto             ; Auto          ;
; Synthesis Seed                                                             ; 1                ; 1             ;
+----------------------------------------------------------------------------+------------------+---------------+


Parallel compilation was disabled, but you have multiple processors available. Enable parallel compilation to reduce compilation time.
+-------------------------------------+
; Parallel Compilation                ;
+----------------------------+--------+
; Processors                 ; Number ;
+----------------------------+--------+
; Number detected on machine ; 4      ;
; Maximum allowed            ; 1      ;
+----------------------------+--------+


+----------------------------------------------------------------------------------------------------------------------------------------------------------+
; Analysis & Synthesis Source Files Read                                                                                                                   ;
+----------------------------------+-----------------+------------------------+------------------------------------------------------------------+---------+
; File Name with User-Entered Path ; Used in Netlist ; File Type              ; File Name with Absolute Path                                     ; Library ;
+----------------------------------+-----------------+------------------------+------------------------------------------------------------------+---------+
; M8341.v                          ; yes             ; User Verilog HDL File  ; C:/Users/vrs/Documents/Eagle/projects/DEC/Mxxx/M8341/pld/M8341.v ;         ;
+----------------------------------+-----------------+------------------------+------------------------------------------------------------------+---------+


+---------------------------------------------+
; Analysis & Synthesis Resource Usage Summary ;
+----------------------+----------------------+
; Resource             ; Usage                ;
+----------------------+----------------------+
; Logic cells          ; 61                   ;
; Total registers      ; 4                    ;
; I/O pins             ; 71                   ;
; Shareable expanders  ; 11                   ;
; Parallel expanders   ; 7                    ;
; Maximum fan-out node ; rom_12_l             ;
; Maximum fan-out      ; 24                   ;
; Total fan-out        ; 405                  ;
; Average fan-out      ; 2.83                 ;
+----------------------+----------------------+


+-------------------------------------------------------------------------------------+
; Analysis & Synthesis Resource Utilization by Entity                                 ;
+----------------------------+------------+------+---------------------+--------------+
; Compilation Hierarchy Node ; Macrocells ; Pins ; Full Hierarchy Name ; Library Name ;
+----------------------------+------------+------+---------------------+--------------+
; |M8341                     ; 61         ; 71   ; |M8341              ; work         ;
+----------------------------+------------+------+---------------------+--------------+


+----------------------------------------------------------------------------------------------------+
; User-Specified and Inferred Latches                                                                ;
+-----------------------------------------------------+---------------------+------------------------+
; Latch Name                                          ; Latch Enable Signal ; Free of Timing Hazards ;
+-----------------------------------------------------+---------------------+------------------------+
; eae_on                                              ; etp_or_tp3          ; yes                    ;
; eae_on_m                                            ; etp_or_tp3          ; yes                    ;
; n_t_42x                                             ; ac_load_low~direct  ; yes                    ;
; n_t_84x                                             ; etp                 ; yes                    ;
; n_t_69x                                             ; tp2_d~direct        ; yes                    ;
; n_t_13x                                             ; n_t_43x             ; yes                    ;
; n_t_42x_m                                           ; ac_load_low~direct  ; yes                    ;
; n_t_84x_m                                           ; etp                 ; yes                    ;
; n_t_69x_m                                           ; tp2_d~direct        ; yes                    ;
; n_t_13x_m                                           ; n_t_43x             ; yes                    ;
; tp$latch                                            ; clock               ; yes                    ;
; n_t_60x                                             ; tp2                 ; yes                    ;
; tp_m                                                ; clock               ; yes                    ;
; n_t_60x_m                                           ; GND                 ; yes                    ;
; Number of user-specified and inferred latches = 14  ;                     ;                        ;
+-----------------------------------------------------+---------------------+------------------------+
Note: All latches listed above may not be present at the end of synthesis due to various synthesis optimizations.


+-------------------------------+
; Analysis & Synthesis Messages ;
+-------------------------------+
Info: *******************************************************************
Info: Running Quartus II 64-Bit Analysis & Synthesis
    Info: Version 13.0.1 Build 232 06/12/2013 Service Pack 1 SJ Web Edition
    Info: Processing started: Mon Oct 14 00:46:16 2019
Info: Command: quartus_map --read_settings_files=on --write_settings_files=off M8341X -c M8341X
Warning (20028): Parallel compilation is not licensed and has been disabled
Info (12021): Found 1 design units, including 1 entities, in source file m8341.v
    Info (12023): Found entity 1: M8341
Info (12127): Elaborating entity "M8341" for the top level hierarchy
Warning (10240): Verilog HDL Always Construct warning at M8341.v(191): inferring latch(es) for variable "tp_m", which holds its previous value in one or more paths through the always construct
Warning (10240): Verilog HDL Always Construct warning at M8341.v(198): inferring latch(es) for variable "tp", which holds its previous value in one or more paths through the always construct
Warning (10240): Verilog HDL Always Construct warning at M8341.v(263): inferring latch(es) for variable "n_t_42x_m", which holds its previous value in one or more paths through the always construct
Warning (10240): Verilog HDL Always Construct warning at M8341.v(270): inferring latch(es) for variable "n_t_42x", which holds its previous value in one or more paths through the always construct
Warning (10240): Verilog HDL Always Construct warning at M8341.v(277): inferring latch(es) for variable "n_t_84x_m", which holds its previous value in one or more paths through the always construct
Warning (10240): Verilog HDL Always Construct warning at M8341.v(287): inferring latch(es) for variable "n_t_84x", which holds its previous value in one or more paths through the always construct
Warning (10240): Verilog HDL Always Construct warning at M8341.v(314): inferring latch(es) for variable "n_t_69x_m", which holds its previous value in one or more paths through the always construct
Warning (10240): Verilog HDL Always Construct warning at M8341.v(321): inferring latch(es) for variable "n_t_69x", which holds its previous value in one or more paths through the always construct
Warning (10240): Verilog HDL Always Construct warning at M8341.v(346): inferring latch(es) for variable "eae_on_m", which holds its previous value in one or more paths through the always construct
Warning (10240): Verilog HDL Always Construct warning at M8341.v(353): inferring latch(es) for variable "eae_on", which holds its previous value in one or more paths through the always construct
Warning (10240): Verilog HDL Always Construct warning at M8341.v(360): inferring latch(es) for variable "n_t_60x_m", which holds its previous value in one or more paths through the always construct
Warning (10240): Verilog HDL Always Construct warning at M8341.v(367): inferring latch(es) for variable "n_t_60x", which holds its previous value in one or more paths through the always construct
Warning (10240): Verilog HDL Always Construct warning at M8341.v(478): inferring latch(es) for variable "n_t_13x_m", which holds its previous value in one or more paths through the always construct
Warning (10240): Verilog HDL Always Construct warning at M8341.v(485): inferring latch(es) for variable "n_t_13x", which holds its previous value in one or more paths through the always construct
Info (10041): Inferred latch for "n_t_13x" at M8341.v(485)
Info (10041): Inferred latch for "n_t_13x_m" at M8341.v(478)
Info (10041): Inferred latch for "n_t_60x" at M8341.v(367)
Info (10041): Inferred latch for "n_t_60x_m" at M8341.v(360)
Info (10041): Inferred latch for "eae_on" at M8341.v(353)
Info (10041): Inferred latch for "eae_on_m" at M8341.v(346)
Info (10041): Inferred latch for "n_t_69x" at M8341.v(321)
Info (10041): Inferred latch for "n_t_69x_m" at M8341.v(314)
Info (10041): Inferred latch for "n_t_84x" at M8341.v(287)
Info (10041): Inferred latch for "n_t_84x_m" at M8341.v(277)
Info (10041): Inferred latch for "n_t_42x" at M8341.v(270)
Info (10041): Inferred latch for "n_t_42x_m" at M8341.v(263)
Info (10041): Inferred latch for "tp" at M8341.v(198)
Info (10041): Inferred latch for "tp_m" at M8341.v(191)
Warning (13034): The following nodes have both tri-state and non-tri-state drivers
    Warning (13035): Inserted always-enabled tri-state buffer between "tp" and its non-tri-state driver.
    Warning (13035): Inserted always-enabled tri-state buffer between "tp2_d" and its non-tri-state driver.
Info (13060): One or more bidirs are fed by always enabled tri-state buffers
    Info (13061): Fan-out of permanently enabled tri-state buffer feeding bidir "tp" is moved to its source
    Info (13061): Fan-out of permanently enabled tri-state buffer feeding bidir "tp2_d" is moved to its source
Warning (13009): TRI or OPNDRN buffers permanently enabled
    Warning (13010): Node "tp~synth"
    Warning (13010): Node "tp2_d~synth"
Info (280013): Promoted pin-driven signal(s) to global signal
    Info (280014): Promoted clock signal driven by pin "clock" to global clock signal
Info (21057): Implemented 143 device resources after synthesis - the final resource count might be different
    Info (21058): Implemented 44 input pins
    Info (21059): Implemented 21 output pins
    Info (21060): Implemented 6 bidirectional pins
    Info (21063): Implemented 61 macrocells
    Info (21073): Implemented 11 shareable expanders
Info: Quartus II 64-Bit Analysis & Synthesis was successful. 0 errors, 21 warnings
    Info: Peak virtual memory: 4584 megabytes
    Info: Processing ended: Mon Oct 14 00:46:19 2019
    Info: Elapsed time: 00:00:03
    Info: Total CPU time (on all processors): 00:00:01


