   1               /MI8-EK (DC72:CR8-F)
   2               RCSF=6631               / READ SKIP ON DATA READY
   3               RCRB=6634               / READ DATA IN BINARY
   4               RCSE=6672               / READ CARD START, SKIP IF STARTED
   5                       FIELD   0
   6               LOAD=7470
   7                       *7540
   8 007540  0000          0000            / THESE ARE "DON'T CARE"
   9 007541  0000          0000            / (YOU CAN PUT MORE STUFF HERE)
  10 007542  0000          0000
  11 007543  0000          0000
  12 007544  0000          0000
  13 007545  0000          0000
  14 007546  0000          0000
  15 007547  0000          0000
  16 007550  0000          0000
  17 007551  0000          0000
  18 007552  0000          0000
  19 007553  0000          0000
  20 007554  0000          0000
  21 007555  0000          0000
  22 007556  0000          0000
  23 007557  0000          0000
  24 007560  0000          0000
  25 007561  0000          0000
  26 007562  0000          0000
  27 007563  0000          0000
  28 007564  0000          0000
  29 007565  0000          0000
  30 007566  0000          0000
  31 007567  0000          0000
  32 007570  6672  START,  6672            / START THE READ
  33 007571  5370          JMP .-1         / TRY AGAIN
  34 007572  6631  AGAIN,  6631            / DATA READY?
  35 007573  5372          JMP .-1         / WAIT FOR IT
  36 007574  6634          6634            / READ IN BINARY
  37 007575  3270          DCA LOAD        / DEPOSIT IT
  38 007576  2375          ISZ .-1         / BUMP POINTER
  39 007577  5372          JMP AGAIN       / LOOP UNTIL AGAIN IS OVER-WRITTEN
  40               START=7570
  41               $
