   1               /MI8-E (UNENCODED)
   2               /INSTALLED DIODES REPRESENT BITS WITH VALUE '0'.
   3               /THIS IS JUST A BOARD WITH NO DIODES REMOVED YET.
   4               *0000
   5 000000  0000  0000
   6 000001  0000  0000
   7 000002  0000  0000
   8 000003  0000  0000
   9 000004  0000  0000
  10 000005  0000  0000
  11 000006  0000  0000
  12 000007  0000  0000
  13 000010  0000  0000
  14 000011  0000  0000
  15 000012  0000  0000
  16 000013  0000  0000
  17 000014  0000  0000
  18 000015  0000  0000
  19 000016  0000  0000
  20 000017  0000  0000
  21 000020  0000  0000
  22 000021  0000  0000
  23 000022  0000  0000
  24 000023  0000  0000
  25 000024  0000  0000
  26 000025  0000  0000
  27 000026  0000  0000
  28 000027  0000  0000
  29 000030  0000  0000
  30 000031  0000  0000
  31 000032  0000  0000
  32 000033  0000  0000
  33 000034  0000  0000
  34 000035  0000  0000
  35 000036  0000  0000
  36 000037  0000  0000
  37               
  38               START=0000
  39               $
