   1               /MI8-ED (RK8)
   2               CAF=6007        / CLEAR ALL FLAGS
   3               DCLA=6751       / CLEAR, SEEK TRACK 0
   4               DSKD=6745       / SKIP ON DONE
   5               DLDR=6733       / START A READ
   6                       FIELD   0
   7                       *0023
   8 000023  6007  START,  CAF     / INITIALIZE
   9 000024  6751          DCLA    / SEEK 0
  10 000025  6745          DSKD    / WAIT FOR IT
  11 000026  5025          JMP .-1
  12 000027  7200          CLA 
  13 000030  6733          DLDR    / START READ, TRACK 0, SURFACE 0, SECTOR 0
  14 000031  5031          JMP .   / LOOP UNTIL THIS INSTRUCTION IS REPLACED.
  15 000032  7777          7777    / UNUSED...DIODES REMOVED.
  16 000033  7777          7777
  17 000034  7777          7777
  18 000035  7777          7777
  19 000036  7777          7777
  20 000037  7777          7777
  21 000040  7777          7777
  22 000041  7777          7777
  23 000042  7777          7777
  24 000043  7777          7777
  25 000044  7777          7777
  26 000045  7777          7777
  27 000046  7777          7777
  28 000047  7777          7777
  29 000050  7777          7777
  30 000051  7777          7777
  31 000052  7777          7777
  32 000053  7777          7777
  33 000054  7777          7777
  34 000055  7777          7777
  35 000056  7777          7777
  36 000057  7777          7777
  37 000060  7777          7777
  38 000061  7777          7777
  39 000062  7777          7777
  40               $
