   1               /MI8-EJ (RK8-E)
   2               CAF=6007        / CLEAR ALL FLAGS
   3               DLAG=6743       / LOAD DISC ADDRESS & GO
   4               DRST=6745       / READ THE STATUS
   5               *14
   6 000014  0032  PTR,    MESG-1                  / POINTER TO TEXT (AUTOINDEX!)
   7 000015  6007  START,  CAF                     / INITIALIZE
   8 000016  1414          TAD I PTR               / GET A CHARACTER
   9 000017  6046          TLS                     / START IT PRINTING
  10 000020  6041          TSF                     / WAIT FOR IT
  11 000021  5020          JMP .-1
  12 000022  7200          CLA                     / CLEAR AC FOR NEXT
  13 000023  2032          ISZ COUNT               / BUMP COUNTER
  14 000024  5016          JMP START+1             / GO PRINT NEXT
  15 000025  6745          DRST                    / READ STATUS
  16 000026  7440          SZA                     / CLEAR?
  17 000027  5025          JMP .-2                 / NO, WAIT FOR IT
  18 000030  6743          DLAG                    / START AN I/O
  19 000031  5031          JMP .                   / WAIT FOR THIS TO BE REPLACED
  20 000032  7757  COUNT,  -21                     / NUMBER OF CHARS TO PRINT
  21 000033  0215  MESG,   0215                    / CR
  22 000034  0212          0212                    / LF
  23 000035  0000          0000                    / NUL
  24 000036  0000          0000                    / NUL
  25 000037  0000          0000                    / NUL
  26 000040  0311          "I
  27 000041  0316          "N
  28 000042  0311          "I
  29 000043  0324          "T
  30 000044  0311          "I
  31 000045  0301          "A
  32 000046  0314          "L
  33 000047  0311          "I
  34 000050  0332          "Z
  35 000051  0311          "I
  36 000052  0316          "N
  37 000053  0307          "G
  38               
  39               START=0015
  40               $
