Analysis & Synthesis report for M8650
Thu Sep  1 15:28:38 2022
Quartus II 64-Bit Version 13.0.1 Build 232 06/12/2013 Service Pack 1 SJ Web Edition


---------------------
; Table of Contents ;
---------------------
  1. Legal Notice
  2. Analysis & Synthesis Summary
  3. Analysis & Synthesis Settings
  4. Parallel Compilation
  5. Analysis & Synthesis Source Files Read
  6. Analysis & Synthesis Resource Usage Summary
  7. Analysis & Synthesis Resource Utilization by Entity
  8. User-Specified and Inferred Latches
  9. Analysis & Synthesis Messages
 10. Analysis & Synthesis Suppressed Messages



----------------
; Legal Notice ;
----------------
Copyright (C) 1991-2013 Altera Corporation
Your use of Altera Corporation's design tools, logic functions 
and other software and tools, and its AMPP partner logic 
functions, and any output files from any of the foregoing 
(including device programming or simulation files), and any 
associated documentation or information are expressly subject 
to the terms and conditions of the Altera Program License 
Subscription Agreement, Altera MegaCore Function License 
Agreement, or other applicable license agreement, including, 
without limitation, that your use is for the sole purpose of 
programming logic devices manufactured by Altera and sold by 
Altera or its authorized distributors.  Please refer to the 
applicable agreement for further details.



+-------------------------------------------------------------------------------+
; Analysis & Synthesis Summary                                                  ;
+-----------------------------+-------------------------------------------------+
; Analysis & Synthesis Status ; Successful - Thu Sep  1 15:28:38 2022           ;
; Quartus II 64-Bit Version   ; 13.0.1 Build 232 06/12/2013 SP 1 SJ Web Edition ;
; Revision Name               ; M8650                                           ;
; Top-level Entity Name       ; m8650                                           ;
; Family                      ; MAX7000S                                        ;
; Total macrocells            ; 117                                             ;
; Total pins                  ; 36                                              ;
+-----------------------------+-------------------------------------------------+


+--------------------------------------------------------------------------------------------------------------+
; Analysis & Synthesis Settings                                                                                ;
+----------------------------------------------------------------------------+-----------------+---------------+
; Option                                                                     ; Setting         ; Default Value ;
+----------------------------------------------------------------------------+-----------------+---------------+
; Device                                                                     ; EPM7128SLC84-15 ;               ;
; Top-level entity name                                                      ; m8650           ; M8650         ;
; Family name                                                                ; MAX7000S        ; Cyclone IV GX ;
; Optimization Technique                                                     ; Area            ; Speed         ;
; Use smart compilation                                                      ; Off             ; Off           ;
; Enable parallel Assembler and TimeQuest Timing Analyzer during compilation ; On              ; On            ;
; Enable compact report table                                                ; Off             ; Off           ;
; Create Debugging Nodes for IP Cores                                        ; Off             ; Off           ;
; Preserve fewer node names                                                  ; On              ; On            ;
; Disable OpenCore Plus hardware evaluation                                  ; Off             ; Off           ;
; Verilog Version                                                            ; Verilog_2001    ; Verilog_2001  ;
; VHDL Version                                                               ; VHDL_1993       ; VHDL_1993     ;
; State Machine Processing                                                   ; Auto            ; Auto          ;
; Safe State Machine                                                         ; Off             ; Off           ;
; Extract Verilog State Machines                                             ; On              ; On            ;
; Extract VHDL State Machines                                                ; On              ; On            ;
; Ignore Verilog initial constructs                                          ; Off             ; Off           ;
; Iteration limit for constant Verilog loops                                 ; 5000            ; 5000          ;
; Iteration limit for non-constant Verilog loops                             ; 250             ; 250           ;
; Add Pass-Through Logic to Inferred RAMs                                    ; On              ; On            ;
; Infer RAMs from Raw Logic                                                  ; On              ; On            ;
; Parallel Synthesis                                                         ; On              ; On            ;
; NOT Gate Push-Back                                                         ; On              ; On            ;
; Power-Up Don't Care                                                        ; On              ; On            ;
; Remove Duplicate Registers                                                 ; On              ; On            ;
; Ignore CARRY Buffers                                                       ; Off             ; Off           ;
; Ignore CASCADE Buffers                                                     ; Off             ; Off           ;
; Ignore GLOBAL Buffers                                                      ; Off             ; Off           ;
; Ignore ROW GLOBAL Buffers                                                  ; Off             ; Off           ;
; Ignore LCELL Buffers                                                       ; Auto            ; Auto          ;
; Ignore SOFT Buffers                                                        ; Off             ; Off           ;
; Limit AHDL Integers to 32 Bits                                             ; Off             ; Off           ;
; Allow XOR Gate Usage                                                       ; On              ; On            ;
; Auto Logic Cell Insertion                                                  ; On              ; On            ;
; Parallel Expander Chain Length                                             ; 4               ; 4             ;
; Auto Parallel Expanders                                                    ; On              ; On            ;
; Auto Open-Drain Pins                                                       ; On              ; On            ;
; Auto Resource Sharing                                                      ; Off             ; Off           ;
; Maximum Fan-in Per Macrocell                                               ; 100             ; 100           ;
; Use LogicLock Constraints during Resource Balancing                        ; On              ; On            ;
; Ignore translate_off and synthesis_off directives                          ; Off             ; Off           ;
; Report Parameter Settings                                                  ; On              ; On            ;
; Report Source Assignments                                                  ; On              ; On            ;
; Report Connectivity Checks                                                 ; On              ; On            ;
; HDL message level                                                          ; Level2          ; Level2        ;
; Suppress Register Optimization Related Messages                            ; Off             ; Off           ;
; Number of Removed Registers Reported in Synthesis Report                   ; 5000            ; 5000          ;
; Number of Swept Nodes Reported in Synthesis Report                         ; 5000            ; 5000          ;
; Number of Inverted Registers Reported in Synthesis Report                  ; 100             ; 100           ;
; Block Design Naming                                                        ; Auto            ; Auto          ;
; Synthesis Effort                                                           ; Auto            ; Auto          ;
; Shift Register Replacement - Allow Asynchronous Clear Signal               ; On              ; On            ;
; Pre-Mapping Resynthesis Optimization                                       ; Off             ; Off           ;
; Analysis & Synthesis Message Level                                         ; Medium          ; Medium        ;
; Disable Register Merging Across Hierarchies                                ; Auto            ; Auto          ;
; Synthesis Seed                                                             ; 1               ; 1             ;
+----------------------------------------------------------------------------+-----------------+---------------+


Parallel compilation was disabled, but you have multiple processors available. Enable parallel compilation to reduce compilation time.
+-------------------------------------+
; Parallel Compilation                ;
+----------------------------+--------+
; Processors                 ; Number ;
+----------------------------+--------+
; Number detected on machine ; 2      ;
; Maximum allowed            ; 1      ;
+----------------------------+--------+


+---------------------------------------------------------------------------------------------------------------------------------------------+
; Analysis & Synthesis Source Files Read                                                                                                      ;
+----------------------------------+-----------------+------------------------+-----------------------------------------------------+---------+
; File Name with User-Entered Path ; Used in Netlist ; File Type              ; File Name with Absolute Path                        ; Library ;
+----------------------------------+-----------------+------------------------+-----------------------------------------------------+---------+
; M8650.v                          ; yes             ; User Verilog HDL File  ; /home/vrs/Eagle/projects/DEC/Mxxx/M8650/pld/M8650.v ;         ;
+----------------------------------+-----------------+------------------------+-----------------------------------------------------+---------+


+---------------------------------------------+
; Analysis & Synthesis Resource Usage Summary ;
+----------------------+----------------------+
; Resource             ; Usage                ;
+----------------------+----------------------+
; Logic cells          ; 117                  ;
; Total registers      ; 25                   ;
; I/O pins             ; 36                   ;
; Shareable expanders  ; 22                   ;
; Parallel expanders   ; 1                    ;
; Maximum fan-out node ; initialize           ;
; Maximum fan-out      ; 28                   ;
; Total fan-out        ; 681                  ;
; Average fan-out      ; 3.89                 ;
+----------------------+----------------------+


+-------------------------------------------------------------------------------------+
; Analysis & Synthesis Resource Utilization by Entity                                 ;
+----------------------------+------------+------+---------------------+--------------+
; Compilation Hierarchy Node ; Macrocells ; Pins ; Full Hierarchy Name ; Library Name ;
+----------------------------+------------+------+---------------------+--------------+
; |m8650                     ; 117        ; 36   ; |m8650              ; work         ;
+----------------------------+------------+------+---------------------+--------------+


+----------------------------------------------------------------------------------------------------+
; User-Specified and Inferred Latches                                                                ;
+-----------------------------------------------------+---------------------+------------------------+
; Latch Name                                          ; Latch Enable Signal ; Free of Timing Hazards ;
+-----------------------------------------------------+---------------------+------------------------+
; serial_out$latch                                    ; tx_div              ; yes                    ;
; tx_active_l                                         ; rx_rate             ; yes                    ;
; tx_div                                              ; rx_rate             ; yes                    ;
; int_enab_l                                          ; ckkie               ; yes                    ;
; rflg_l                                              ; ck_pulse            ; yes                    ;
; tflg_l                                              ; tx_div              ; yes                    ;
; serial_out_m                                        ; tx_div              ; yes                    ;
; start_l                                             ; tx_active_l         ; yes                    ;
; tx_active_l_m                                       ; rx_rate             ; yes                    ;
; tx_div_m                                            ; rx_rate             ; yes                    ;
; int_enab_l_m                                        ; ckkie               ; yes                    ;
; rflg_l_m                                            ; ck_pulse            ; yes                    ;
; ck_pulse                                            ; rx_active8_l        ; yes                    ;
; tflg_l_m                                            ; tx_div              ; yes                    ;
; tx_data                                             ; tx_shift_l          ; yes                    ;
; start_l_m                                           ; GND                 ; yes                    ;
; enab                                                ; tx_shift_l          ; yes                    ;
; stp2                                                ; rx_rate             ; yes                    ;
; stp1                                                ; rx_rate             ; yes                    ;
; n_t_56x                                             ; tx_shift_l          ; yes                    ;
; n_t_62x                                             ; tx_shift_l          ; yes                    ;
; n_t_60x                                             ; tx_shift_l          ; yes                    ;
; n_t_63x                                             ; tx_shift_l          ; yes                    ;
; n_t_65x                                             ; tx_shift_l          ; yes                    ;
; n_t_66x                                             ; tx_shift_l          ; yes                    ;
; n_t_61x                                             ; tx_shift_l          ; yes                    ;
; ck_pulse_m                                          ; GND                 ; yes                    ;
; rx_active                                           ; n_t_70x             ; yes                    ;
; rx_div8                                             ; rx_div4_l           ; yes                    ;
; tx_data_m                                           ; tx_shift_l          ; yes                    ;
; enab_m                                              ; tx_shift_l          ; yes                    ;
; stp2_m                                              ; rx_rate             ; yes                    ;
; stp1_m                                              ; rx_rate             ; yes                    ;
; n_t_56x_m                                           ; tx_shift_l          ; yes                    ;
; n_t_62x_m                                           ; tx_shift_l          ; yes                    ;
; n_t_60x_m                                           ; tx_shift_l          ; yes                    ;
; n_t_63x_m                                           ; tx_shift_l          ; yes                    ;
; n_t_65x_m                                           ; tx_shift_l          ; yes                    ;
; n_t_66x_m                                           ; tx_shift_l          ; yes                    ;
; n_t_61x_m                                           ; tx_shift_l          ; yes                    ;
; p_pulse_l                                           ; rx_active           ; yes                    ;
; rx_div2_l                                           ; rx_div              ; yes                    ;
; rx_active_m                                         ; GND                 ; yes                    ;
; last_unit                                           ; ck_pulse            ; yes                    ;
; spike_det_l                                         ; rx_active8_l        ; yes                    ;
; rx_div8_m                                           ; rx_div4_l           ; yes                    ;
; rx_div4_l                                           ; rx_div2_l           ; yes                    ;
; gdollar_4                                           ; rx_rate             ; yes                    ;
; p_pulse_l_m                                         ; GND                 ; yes                    ;
; rx_div2_l_m                                         ; rx_div              ; yes                    ;
; last_unit_m                                         ; ck_pulse            ; yes                    ;
; spike_det_l_m                                       ; GND                 ; yes                    ;
; rx_div4_l_m                                         ; rx_div2_l           ; yes                    ;
; gdollar_4_m                                         ; rx_rate             ; yes                    ;
; bd1745                                              ; gdollar_0           ; yes                    ;
; bd1745_m                                            ; gdollar_0           ; yes                    ;
; gdollar_0                                           ; n_t_5x              ; yes                    ;
; n_t_5x                                              ; n_t_2x              ; yes                    ;
; n_t_2x                                              ; bd19200             ; yes                    ;
; gdollar_0_m                                         ; n_t_5x              ; yes                    ;
; n_t_5x_m                                            ; n_t_2x              ; yes                    ;
; n_t_2x_m                                            ; bd19200             ; yes                    ;
; Number of user-specified and inferred latches = 62  ;                     ;                        ;
+-----------------------------------------------------+---------------------+------------------------+
Note: All latches listed above may not be present at the end of synthesis due to various synthesis optimizations.


+-------------------------------+
; Analysis & Synthesis Messages ;
+-------------------------------+
Info: *******************************************************************
Info: Running Quartus II 64-Bit Analysis & Synthesis
    Info: Version 13.0.1 Build 232 06/12/2013 Service Pack 1 SJ Web Edition
    Info: Processing started: Thu Sep  1 15:28:35 2022
Info: Command: quartus_map --read_settings_files=on --write_settings_files=off M8650 -c M8650
Warning (20028): Parallel compilation is not licensed and has been disabled
Info (12021): Found 1 design units, including 1 entities, in source file M8650.v
    Info (12023): Found entity 1: m8650
Warning (10236): Verilog HDL Implicit Net warning at M8650.v(241): created implicit net for "n_t_103x"
Warning (10236): Verilog HDL Implicit Net warning at M8650.v(244): created implicit net for "sw4"
Warning (10236): Verilog HDL Implicit Net warning at M8650.v(245): created implicit net for "sw5"
Warning (10236): Verilog HDL Implicit Net warning at M8650.v(246): created implicit net for "sw6"
Warning (10236): Verilog HDL Implicit Net warning at M8650.v(622): created implicit net for "tx_div_l"
Warning (10236): Verilog HDL Implicit Net warning at M8650.v(1018): created implicit net for "int_enab"
Warning (10037): Verilog HDL or VHDL warning at M8650.v(666): conditional expression evaluates to a constant
Info (12127): Elaborating entity "m8650" for the top level hierarchy
Warning (10036): Verilog HDL or VHDL warning at M8650.v(55): object "r_run_l" assigned a value but never read
Warning (10036): Verilog HDL or VHDL warning at M8650.v(138): object "gdollar_5" assigned a value but never read
Info (280013): Promoted pin-driven signal(s) to global signal
    Info (280014): Promoted clock signal driven by pin "clk" to global clock signal
Info (21057): Implemented 175 device resources after synthesis - the final resource count might be different
    Info (21058): Implemented 18 input pins
    Info (21059): Implemented 9 output pins
    Info (21060): Implemented 9 bidirectional pins
    Info (21063): Implemented 117 macrocells
    Info (21073): Implemented 22 shareable expanders
Info (144001): Generated suppressed messages file /home/vrs/Eagle/projects/DEC/Mxxx/M8650/pld/output_files/M8650.map.smsg
Info: Quartus II 64-Bit Analysis & Synthesis was successful. 0 errors, 10 warnings
    Info: Peak virtual memory: 572 megabytes
    Info: Processing ended: Thu Sep  1 15:28:38 2022
    Info: Elapsed time: 00:00:03
    Info: Total CPU time (on all processors): 00:00:02


+------------------------------------------+
; Analysis & Synthesis Suppressed Messages ;
+------------------------------------------+
The suppressed messages can be found in /home/vrs/Eagle/projects/DEC/Mxxx/M8650/pld/output_files/M8650.map.smsg.


