Fitter report for M8650
Mon Aug 29 16:46:00 2022
Quartus II 64-Bit Version 13.0.1 Build 232 06/12/2013 Service Pack 1 SJ Web Edition


---------------------
; Table of Contents ;
---------------------
  1. Legal Notice
  2. Fitter Summary
  3. Fitter Settings
  4. Parallel Compilation
  5. Pin-Out File
  6. Fitter Resource Usage Summary
  7. Input Pins
  8. Output Pins
  9. Bidir Pins
 10. All Package Pins
 11. I/O Standard
 12. Dedicated Inputs I/O
 13. Output Pin Default Load For Reported TCO
 14. Fitter Resource Utilization by Entity
 15. Control Signals
 16. Global & Other Fast Signals
 17. Non-Global High Fan-Out Signals
 18. Other Routing Usage Summary
 19. LAB External Interconnect
 20. LAB Macrocells
 21. Parallel Expander
 22. Shareable Expander
 23. Logic Cell Interconnection
 24. Fitter Device Options
 25. Fitter Messages



----------------
; Legal Notice ;
----------------
Copyright (C) 1991-2013 Altera Corporation
Your use of Altera Corporation's design tools, logic functions 
and other software and tools, and its AMPP partner logic 
functions, and any output files from any of the foregoing 
(including device programming or simulation files), and any 
associated documentation or information are expressly subject 
to the terms and conditions of the Altera Program License 
Subscription Agreement, Altera MegaCore Function License 
Agreement, or other applicable license agreement, including, 
without limitation, that your use is for the sole purpose of 
programming logic devices manufactured by Altera and sold by 
Altera or its authorized distributors.  Please refer to the 
applicable agreement for further details.



+-----------------------------------------------------------------------------+
; Fitter Summary                                                              ;
+---------------------------+-------------------------------------------------+
; Fitter Status             ; Successful - Mon Aug 29 16:46:00 2022           ;
; Quartus II 64-Bit Version ; 13.0.1 Build 232 06/12/2013 SP 1 SJ Web Edition ;
; Revision Name             ; M8650                                           ;
; Top-level Entity Name     ; m8650                                           ;
; Family                    ; MAX7000S                                        ;
; Device                    ; EPM7128SLC84-15                                 ;
; Timing Models             ; Final                                           ;
; Total macrocells          ; 123 / 128 ( 96 % )                              ;
; Total pins                ; 40 / 68 ( 59 % )                                ;
+---------------------------+-------------------------------------------------+


+--------------------------------------------------------------------------------------------------------------+
; Fitter Settings                                                                                              ;
+----------------------------------------------------------------------------+-----------------+---------------+
; Option                                                                     ; Setting         ; Default Value ;
+----------------------------------------------------------------------------+-----------------+---------------+
; Device                                                                     ; EPM7128SLC84-15 ;               ;
; Slow Slew Rate                                                             ; On              ; Off           ;
; Fitter Effort                                                              ; Standard Fit    ; Auto Fit      ;
; Use smart compilation                                                      ; Off             ; Off           ;
; Enable parallel Assembler and TimeQuest Timing Analyzer during compilation ; On              ; On            ;
; Enable compact report table                                                ; Off             ; Off           ;
; Optimize Multi-Corner Timing                                               ; Off             ; Off           ;
; Optimize Timing for ECOs                                                   ; Off             ; Off           ;
; Regenerate full fit report during ECO compiles                             ; Off             ; Off           ;
; Optimize IOC Register Placement for Timing                                 ; Normal          ; Normal        ;
; Fitter Initial Placement Seed                                              ; 1               ; 1             ;
; Force Fitter to Avoid Periphery Placement Warnings                         ; Off             ; Off           ;
+----------------------------------------------------------------------------+-----------------+---------------+


Parallel compilation was disabled, but you have multiple processors available. Enable parallel compilation to reduce compilation time.
+-------------------------------------+
; Parallel Compilation                ;
+----------------------------+--------+
; Processors                 ; Number ;
+----------------------------+--------+
; Number detected on machine ; 8      ;
; Maximum allowed            ; 1      ;
+----------------------------+--------+


+--------------+
; Pin-Out File ;
+--------------+
The pin-out file can be found in //wsl$/Debian/home/vrs/Eagle/projects/DEC/Mxxx/M8650/pld/output_files/M8650.pin.


+---------------------------------------------------+
; Fitter Resource Usage Summary                     ;
+------------------------------+--------------------+
; Resource                     ; Usage              ;
+------------------------------+--------------------+
; Logic cells                  ; 123 / 128 ( 96 % ) ;
; Registers                    ; 25 / 128 ( 20 % )  ;
; Number of pterms used        ; 360                ;
; I/O pins                     ; 40 / 68 ( 59 % )   ;
;     -- Clock pins            ; 1 / 2 ( 50 % )     ;
;     -- Dedicated input pins  ; 2 / 2 ( 100 % )    ;
;                              ;                    ;
; Global signals               ; 1                  ;
; Shareable expanders          ; 22 / 128 ( 17 % )  ;
; Parallel expanders           ; 5 / 120 ( 4 % )    ;
; Cells using turbo bit        ; 123 / 128 ( 96 % ) ;
; Maximum fan-out              ; 29                 ;
; Highest non-global fan-out   ; 29                 ;
; Total fan-out                ; 626                ;
; Average fan-out              ; 3.38               ;
+------------------------------+--------------------+


+--------------------------------------------------------------------------------------------------------------------------------------------------+
; Input Pins                                                                                                                                       ;
+------------+-------+----------+-----+-----------------------+--------------------+--------+----------------+--------------+----------------------+
; Name       ; Pin # ; I/O Bank ; LAB ; Combinational Fan-Out ; Registered Fan-Out ; Global ; Input Register ; I/O Standard ; Location assigned by ;
+------------+-------+----------+-----+-----------------------+--------------------+--------+----------------+--------------+----------------------+
; clk        ; 83    ; --       ; --  ; 1                     ; 0                  ; yes    ; no             ; TTL          ; User                 ;
; initialize ; 24    ; --       ; 3   ; 29                    ; 0                  ; no     ; no             ; TTL          ; User                 ;
; io_pause_l ; 36    ; --       ; 4   ; 9                     ; 0                  ; no     ; no             ; TTL          ; User                 ;
; md03_l     ; 61    ; --       ; 6   ; 8                     ; 0                  ; no     ; no             ; TTL          ; User                 ;
; md04_l     ; 52    ; --       ; 5   ; 8                     ; 0                  ; no     ; no             ; TTL          ; User                 ;
; md05_l     ; 51    ; --       ; 5   ; 8                     ; 0                  ; no     ; no             ; TTL          ; User                 ;
; md06_l     ; 50    ; --       ; 5   ; 8                     ; 0                  ; no     ; no             ; TTL          ; User                 ;
; md07_l     ; 49    ; --       ; 5   ; 8                     ; 0                  ; no     ; no             ; TTL          ; User                 ;
; md08_l     ; 12    ; --       ; 1   ; 8                     ; 0                  ; no     ; no             ; TTL          ; User                 ;
; md09_l     ; 10    ; --       ; 1   ; 14                    ; 0                  ; no     ; no             ; TTL          ; User                 ;
; md10_l     ; 9     ; --       ; 1   ; 8                     ; 0                  ; no     ; no             ; TTL          ; User                 ;
; md11_l     ; 6     ; --       ; 1   ; 15                    ; 0                  ; no     ; no             ; TTL          ; User                 ;
; power_ok   ; 39    ; --       ; 4   ; 3                     ; 0                  ; no     ; no             ; TTL          ; User                 ;
; serial_in  ; 76    ; --       ; 8   ; 6                     ; 0                  ; no     ; no             ; TTL          ; User                 ;
; sw1        ; 1     ; --       ; --  ; 4                     ; 0                  ; no     ; no             ; TTL          ; User                 ;
; sw2        ; 84    ; --       ; --  ; 4                     ; 0                  ; no     ; no             ; TTL          ; User                 ;
; sw3        ; 74    ; --       ; 8   ; 4                     ; 0                  ; no     ; no             ; TTL          ; User                 ;
; sw4        ; 73    ; --       ; 8   ; 8                     ; 0                  ; no     ; no             ; TTL          ; User                 ;
; sw5        ; 56    ; --       ; 6   ; 8                     ; 0                  ; no     ; no             ; TTL          ; User                 ;
; sw6        ; 55    ; --       ; 6   ; 8                     ; 0                  ; no     ; no             ; TTL          ; User                 ;
; tp3        ; 31    ; --       ; 3   ; 6                     ; 0                  ; no     ; no             ; TTL          ; User                 ;
+------------+-------+----------+-----+-----------------------+--------------------+--------+----------------+--------------+----------------------+


+---------------------------------------------------------------------------------------------------------------------------------------------------------------------------------------------------+
; Output Pins                                                                                                                                                                                       ;
+---------------+-------+----------+-----+-----------------+----------------+------------+---------------+--------------+----------------------+-------+----------------------+---------------------+
; Name          ; Pin # ; I/O Bank ; LAB ; Output Register ; Slow Slew Rate ; Open Drain ; TRI Primitive ; I/O Standard ; Location assigned by ; Load  ; Output Enable Source ; Output Enable Group ;
+---------------+-------+----------+-----+-----------------+----------------+------------+---------------+--------------+----------------------+-------+----------------------+---------------------+
; c0_l          ; 35    ; --       ; 4   ; no              ; yes            ; yes        ; no            ; TTL          ; User                 ; 10 pF ; -                    ; -                   ;
; c1_l          ; 33    ; --       ; 4   ; no              ; yes            ; yes        ; no            ; TTL          ; User                 ; 10 pF ; -                    ; -                   ;
; int_rqst_l    ; 25    ; --       ; 3   ; no              ; yes            ; yes        ; no            ; TTL          ; User                 ; 10 pF ; -                    ; -                   ;
; internal_io_l ; 28    ; --       ; 3   ; no              ; yes            ; yes        ; no            ; TTL          ; User                 ; 10 pF ; -                    ; -                   ;
; serial_out    ; 75    ; --       ; 8   ; no              ; yes            ; no         ; no            ; TTL          ; User                 ; 10 pF ; -                    ; -                   ;
; tp_ca1        ; 37    ; --       ; 4   ; no              ; yes            ; no         ; no            ; TTL          ; User                 ; 10 pF ; -                    ; -                   ;
+---------------+-------+----------+-----+-----------------+----------------+------------+---------------+--------------+----------------------+-------+----------------------+---------------------+


+------------------------------------------------------------------------------------------------------------------------------------------------------------------------------------------------------------------------------------------------------+
; Bidir Pins                                                                                                                                                                                                                                           ;
+----------+-------+----------+-----+-----------------------+--------------------+--------+----------------+-----------------+----------------+------------+--------------+----------------------+-------+-----------------------+---------------------+
; Name     ; Pin # ; I/O Bank ; LAB ; Combinational Fan-Out ; Registered Fan-Out ; Global ; Input Register ; Output Register ; Slow Slew Rate ; Open Drain ; I/O Standard ; Location assigned by ; Load  ; Output Enable Source  ; Output Enable Group ;
+----------+-------+----------+-----+-----------------------+--------------------+--------+----------------+-----------------+----------------+------------+--------------+----------------------+-------+-----------------------+---------------------+
; data04_l ; 46    ; --       ; 5   ; 1                     ; 0                  ; no     ; no             ; no              ; yes            ; yes        ; TTL          ; User                 ; 10 pF ; data04_l~5 (inverted) ; -                   ;
; data05_l ; 45    ; --       ; 5   ; 1                     ; 0                  ; no     ; no             ; no              ; yes            ; yes        ; TTL          ; User                 ; 10 pF ; data05_l~5 (inverted) ; -                   ;
; data06_l ; 44    ; --       ; 5   ; 1                     ; 0                  ; no     ; no             ; no              ; yes            ; yes        ; TTL          ; User                 ; 10 pF ; data06_l~5 (inverted) ; -                   ;
; data07_l ; 40    ; --       ; 4   ; 1                     ; 0                  ; no     ; no             ; no              ; yes            ; yes        ; TTL          ; User                 ; 10 pF ; data07_l~5 (inverted) ; -                   ;
; data08_l ; 4     ; --       ; 1   ; 1                     ; 0                  ; no     ; no             ; no              ; yes            ; yes        ; TTL          ; User                 ; 10 pF ; data08_l~5 (inverted) ; -                   ;
; data09_l ; 81    ; --       ; 8   ; 1                     ; 0                  ; no     ; no             ; no              ; yes            ; yes        ; TTL          ; User                 ; 10 pF ; data09_l~5 (inverted) ; -                   ;
; data10_l ; 80    ; --       ; 8   ; 1                     ; 0                  ; no     ; no             ; no              ; yes            ; yes        ; TTL          ; User                 ; 10 pF ; data10_l~5 (inverted) ; -                   ;
; data11_l ; 77    ; --       ; 8   ; 2                     ; 0                  ; no     ; no             ; no              ; yes            ; yes        ; TTL          ; User                 ; 10 pF ; data11_l~5 (inverted) ; -                   ;
; skip_l   ; 22    ; --       ; 2   ; 0                     ; 0                  ; no     ; no             ; no              ; yes            ; yes        ; TTL          ; User                 ; 10 pF ; skip_l~13 (inverted)  ; -                   ;
+----------+-------+----------+-----+-----------------------+--------------------+--------+----------------+-----------------+----------------+------------+--------------+----------------------+-------+-----------------------+---------------------+


+-------------------------------------------------------------------------------------------------------+
; All Package Pins                                                                                      ;
+----------+------------+----------+----------------+--------+--------------+---------+-----------------+
; Location ; Pad Number ; I/O Bank ; Pin Name/Usage ; Dir.   ; I/O Standard ; Voltage ; User Assignment ;
+----------+------------+----------+----------------+--------+--------------+---------+-----------------+
; 1        ; 0          ; --       ; sw1            ; input  ; TTL          ;         ; Y               ;
; 2        ; 1          ; --       ; GND+           ;        ;              ;         ;                 ;
; 3        ; 2          ; --       ; VCCINT         ; power  ;              ; 5.0V    ;                 ;
; 4        ; 3          ; --       ; data08_l       ; bidir  ; TTL          ;         ; Y               ;
; 5        ; 4          ; --       ; RESERVED_INPUT ;        ;              ;         ;                 ;
; 6        ; 5          ; --       ; md11_l         ; input  ; TTL          ;         ; Y               ;
; 7        ; 6          ; --       ; GND            ; gnd    ;              ;         ;                 ;
; 8        ; 7          ; --       ; RESERVED_INPUT ;        ;              ;         ;                 ;
; 9        ; 8          ; --       ; md10_l         ; input  ; TTL          ;         ; Y               ;
; 10       ; 9          ; --       ; md09_l         ; input  ; TTL          ;         ; Y               ;
; 11       ; 10         ; --       ; RESERVED_INPUT ;        ;              ;         ;                 ;
; 12       ; 11         ; --       ; md08_l         ; input  ; TTL          ;         ; Y               ;
; 13       ; 12         ; --       ; VCCIO          ; power  ;              ; 5.0V    ;                 ;
; 14       ; 13         ; --       ; TDI            ; input  ; TTL          ;         ; Y               ;
; 15       ; 14         ; --       ; RESERVED_INPUT ;        ;              ;         ;                 ;
; 16       ; 15         ; --       ; RESERVED_INPUT ;        ;              ;         ;                 ;
; 17       ; 16         ; --       ; RESERVED_INPUT ;        ;              ;         ;                 ;
; 18       ; 17         ; --       ; RESERVED_INPUT ;        ;              ;         ;                 ;
; 19       ; 18         ; --       ; GND            ; gnd    ;              ;         ;                 ;
; 20       ; 19         ; --       ; RESERVED_INPUT ;        ;              ;         ;                 ;
; 21       ; 20         ; --       ; RESERVED_INPUT ;        ;              ;         ;                 ;
; 22       ; 21         ; --       ; skip_l         ; bidir  ; TTL          ;         ; Y               ;
; 23       ; 22         ; --       ; TMS            ; input  ; TTL          ;         ; Y               ;
; 24       ; 23         ; --       ; initialize     ; input  ; TTL          ;         ; Y               ;
; 25       ; 24         ; --       ; int_rqst_l     ; output ; TTL          ;         ; Y               ;
; 26       ; 25         ; --       ; VCCIO          ; power  ;              ; 5.0V    ;                 ;
; 27       ; 26         ; --       ; RESERVED_INPUT ;        ;              ;         ;                 ;
; 28       ; 27         ; --       ; internal_io_l  ; output ; TTL          ;         ; Y               ;
; 29       ; 28         ; --       ; RESERVED_INPUT ;        ;              ;         ;                 ;
; 30       ; 29         ; --       ; RESERVED_INPUT ;        ;              ;         ;                 ;
; 31       ; 30         ; --       ; tp3            ; input  ; TTL          ;         ; Y               ;
; 32       ; 31         ; --       ; GND            ; gnd    ;              ;         ;                 ;
; 33       ; 32         ; --       ; c1_l           ; output ; TTL          ;         ; Y               ;
; 34       ; 33         ; --       ; RESERVED_INPUT ;        ;              ;         ;                 ;
; 35       ; 34         ; --       ; c0_l           ; output ; TTL          ;         ; Y               ;
; 36       ; 35         ; --       ; io_pause_l     ; input  ; TTL          ;         ; Y               ;
; 37       ; 36         ; --       ; tp_ca1         ; output ; TTL          ;         ; Y               ;
; 38       ; 37         ; --       ; VCCIO          ; power  ;              ; 5.0V    ;                 ;
; 39       ; 38         ; --       ; power_ok       ; input  ; TTL          ;         ; Y               ;
; 40       ; 39         ; --       ; data07_l       ; bidir  ; TTL          ;         ; Y               ;
; 41       ; 40         ; --       ; RESERVED_INPUT ;        ;              ;         ;                 ;
; 42       ; 41         ; --       ; GND            ; gnd    ;              ;         ;                 ;
; 43       ; 42         ; --       ; VCCINT         ; power  ;              ; 5.0V    ;                 ;
; 44       ; 43         ; --       ; data06_l       ; bidir  ; TTL          ;         ; Y               ;
; 45       ; 44         ; --       ; data05_l       ; bidir  ; TTL          ;         ; Y               ;
; 46       ; 45         ; --       ; data04_l       ; bidir  ; TTL          ;         ; Y               ;
; 47       ; 46         ; --       ; GND            ; gnd    ;              ;         ;                 ;
; 48       ; 47         ; --       ; RESERVED_INPUT ;        ;              ;         ;                 ;
; 49       ; 48         ; --       ; md07_l         ; input  ; TTL          ;         ; Y               ;
; 50       ; 49         ; --       ; md06_l         ; input  ; TTL          ;         ; Y               ;
; 51       ; 50         ; --       ; md05_l         ; input  ; TTL          ;         ; Y               ;
; 52       ; 51         ; --       ; md04_l         ; input  ; TTL          ;         ; Y               ;
; 53       ; 52         ; --       ; VCCIO          ; power  ;              ; 5.0V    ;                 ;
; 54       ; 53         ; --       ; RESERVED_INPUT ;        ;              ;         ;                 ;
; 55       ; 54         ; --       ; sw6            ; input  ; TTL          ;         ; Y               ;
; 56       ; 55         ; --       ; sw5            ; input  ; TTL          ;         ; Y               ;
; 57       ; 56         ; --       ; RESERVED_INPUT ;        ;              ;         ;                 ;
; 58       ; 57         ; --       ; RESERVED_INPUT ;        ;              ;         ;                 ;
; 59       ; 58         ; --       ; GND            ; gnd    ;              ;         ;                 ;
; 60       ; 59         ; --       ; RESERVED_INPUT ;        ;              ;         ;                 ;
; 61       ; 60         ; --       ; md03_l         ; input  ; TTL          ;         ; Y               ;
; 62       ; 61         ; --       ; TCK            ; input  ; TTL          ;         ; Y               ;
; 63       ; 62         ; --       ; RESERVED_INPUT ;        ;              ;         ;                 ;
; 64       ; 63         ; --       ; RESERVED_INPUT ;        ;              ;         ;                 ;
; 65       ; 64         ; --       ; RESERVED_INPUT ;        ;              ;         ;                 ;
; 66       ; 65         ; --       ; VCCIO          ; power  ;              ; 5.0V    ;                 ;
; 67       ; 66         ; --       ; RESERVED_INPUT ;        ;              ;         ;                 ;
; 68       ; 67         ; --       ; RESERVED_INPUT ;        ;              ;         ;                 ;
; 69       ; 68         ; --       ; RESERVED_INPUT ;        ;              ;         ;                 ;
; 70       ; 69         ; --       ; RESERVED_INPUT ;        ;              ;         ;                 ;
; 71       ; 70         ; --       ; TDO            ; output ; TTL          ;         ; Y               ;
; 72       ; 71         ; --       ; GND            ; gnd    ;              ;         ;                 ;
; 73       ; 72         ; --       ; sw4            ; input  ; TTL          ;         ; Y               ;
; 74       ; 73         ; --       ; sw3            ; input  ; TTL          ;         ; Y               ;
; 75       ; 74         ; --       ; serial_out     ; output ; TTL          ;         ; Y               ;
; 76       ; 75         ; --       ; serial_in      ; input  ; TTL          ;         ; Y               ;
; 77       ; 76         ; --       ; data11_l       ; bidir  ; TTL          ;         ; Y               ;
; 78       ; 77         ; --       ; VCCIO          ; power  ;              ; 5.0V    ;                 ;
; 79       ; 78         ; --       ; RESERVED_INPUT ;        ;              ;         ;                 ;
; 80       ; 79         ; --       ; data10_l       ; bidir  ; TTL          ;         ; Y               ;
; 81       ; 80         ; --       ; data09_l       ; bidir  ; TTL          ;         ; Y               ;
; 82       ; 81         ; --       ; GND            ; gnd    ;              ;         ;                 ;
; 83       ; 82         ; --       ; clk            ; input  ; TTL          ;         ; Y               ;
; 84       ; 83         ; --       ; sw2            ; input  ; TTL          ;         ; Y               ;
+----------+------------+----------+----------------+--------+--------------+---------+-----------------+
Note: Pin directions (input, output or bidir) are based on device operating in user mode.


+--------------------------------------------------------------------------------------------------+
; I/O Standard                                                                                     ;
+--------------+------------+----------------------+-------------------+-------------------+-------+
; I/O Standard ; Input Vref ; Dedicated Input Pins ; Pins in I/O Bank1 ; Pins in I/O Bank2 ; Total ;
+--------------+------------+----------------------+-------------------+-------------------+-------+
; TTL          ; -          ; 3                    ; 0                 ; 0                 ; 3     ;
+--------------+------------+----------------------+-------------------+-------------------+-------+


+--------------------------------------------------------------------+
; Dedicated Inputs I/O                                               ;
+------+-------+-------+-------+--------------+------------+---------+
; Name ; Pin # ; Type  ; VCCIO ; I/O Standard ; Input Vref ; Current ;
+------+-------+-------+-------+--------------+------------+---------+
; clk  ; 83    ; Input ; --    ; TTL          ; -          ; 0 mA    ;
; sw1  ; 1     ; Input ; --    ; TTL          ; -          ; 0 mA    ;
; sw2  ; 84    ; Input ; --    ; TTL          ; -          ; 0 mA    ;
+------+-------+-------+-------+--------------+------------+---------+


+-----------------------------------------------+
; Output Pin Default Load For Reported TCO      ;
+--------------+-------+------------------------+
; I/O Standard ; Load  ; Termination Resistance ;
+--------------+-------+------------------------+
; 3.3-V LVTTL  ; 10 pF ; Not Available          ;
; 3.3-V LVCMOS ; 10 pF ; Not Available          ;
; TTL          ; 10 pF ; Not Available          ;
+--------------+-------+------------------------+
Note: User assignments will override these defaults. The user specified values are listed in the Output Pins and Bidir Pins tables.


+-------------------------------------------------------------------------------------+
; Fitter Resource Utilization by Entity                                               ;
+----------------------------+------------+------+---------------------+--------------+
; Compilation Hierarchy Node ; Macrocells ; Pins ; Full Hierarchy Name ; Library Name ;
+----------------------------+------------+------+---------------------+--------------+
; |m8650                     ; 123        ; 40   ; |m8650              ; work         ;
+----------------------------+------------+------+---------------------+--------------+


+--------------------------------------------------------------------------------------------+
; Control Signals                                                                            ;
+------------+----------+---------+-------+--------+----------------------+------------------+
; Name       ; Location ; Fan-Out ; Usage ; Global ; Global Resource Used ; Global Line Name ;
+------------+----------+---------+-------+--------+----------------------+------------------+
; bd1200     ; LC121    ; 2       ; Clock ; no     ; --                   ; --               ;
; bd153600   ; LC125    ; 2       ; Clock ; no     ; --                   ; --               ;
; bd1745~9   ; LC3      ; 4       ; Clock ; no     ; --                   ; --               ;
; bd19200    ; LC58     ; 3       ; Clock ; no     ; --                   ; --               ;
; bd218      ; LC124    ; 1       ; Clock ; no     ; --                   ; --               ;
; bd2400     ; LC122    ; 1       ; Clock ; no     ; --                   ; --               ;
; bd307200   ; LC120    ; 1       ; Clock ; no     ; --                   ; --               ;
; bd38400    ; LC54     ; 2       ; Clock ; no     ; --                   ; --               ;
; bd436      ; LC57     ; 1       ; Clock ; no     ; --                   ; --               ;
; bd4800     ; LC62     ; 1       ; Clock ; no     ; --                   ; --               ;
; bd600      ; LC116    ; 2       ; Clock ; no     ; --                   ; --               ;
; bd614400   ; LC119    ; 1       ; Clock ; no     ; --                   ; --               ;
; bd76800    ; LC61     ; 2       ; Clock ; no     ; --                   ; --               ;
; bd873      ; LC36     ; 1       ; Clock ; no     ; --                   ; --               ;
; bd9600     ; LC127    ; 2       ; Clock ; no     ; --                   ; --               ;
; clk        ; PIN_83   ; 1       ; Clock ; yes    ; On                   ; --               ;
; n_t_41x~24 ; SEXP2    ; 7       ; Clock ; no     ; --                   ; --               ;
; n_t_41x~25 ; SEXP3    ; 7       ; Clock ; no     ; --                   ; --               ;
; n_t_41x~8  ; SEXP86   ; 1       ; Clock ; no     ; --                   ; --               ;
; n_t_41x~9  ; SEXP84   ; 1       ; Clock ; no     ; --                   ; --               ;
; rx_rate~21 ; LC56     ; 21      ; Clock ; no     ; --                   ; --               ;
+------------+----------+---------+-------+--------+----------------------+------------------+


+---------------------------------------------------------------------+
; Global & Other Fast Signals                                         ;
+------+----------+---------+----------------------+------------------+
; Name ; Location ; Fan-Out ; Global Resource Used ; Global Line Name ;
+------+----------+---------+----------------------+------------------+
; clk  ; PIN_83   ; 1       ; On                   ; --               ;
+------+----------+---------+----------------------+------------------+


+---------------------------------+
; Non-Global High Fan-Out Signals ;
+---------------------+-----------+
; Name                ; Fan-Out   ;
+---------------------+-----------+
; initialize          ; 29        ;
; rx_rate~21          ; 21        ;
; selected_l~7        ; 19        ;
; tx_shift_l~2        ; 18        ;
; md11_l              ; 15        ;
; rx_active~10        ; 15        ;
; md09_l              ; 14        ;
; tx_div~9            ; 14        ;
; rx_sel~38           ; 13        ;
; last_unit~9         ; 11        ;
; p_pulse_l~9         ; 11        ;
; tls_l~2             ; 10        ;
; ck_pulse~9          ; 10        ;
; io_pause_l          ; 9         ;
; md10_l              ; 8         ;
; md04_l              ; 8         ;
; sw5                 ; 8         ;
; sw4                 ; 8         ;
; md06_l              ; 8         ;
; sw6                 ; 8         ;
; md05_l              ; 8         ;
; md08_l              ; 8         ;
; md07_l              ; 8         ;
; md03_l              ; 8         ;
; div11~1sexp         ; 8         ;
; tx_active_l~9       ; 8         ;
; n_t_41x~25          ; 7         ;
; n_t_41x~24          ; 7         ;
; rx_div4_l~9         ; 7         ;
; serial_in           ; 6         ;
; tp3                 ; 6         ;
; rx_div2_l~9         ; 6         ;
; enab~9              ; 6         ;
; rx_div8~9           ; 6         ;
; rx_active8_l~1sexp  ; 5         ;
; n_t_2x~9            ; 5         ;
; n_t_5x~9            ; 5         ;
; tx_sel~34           ; 5         ;
; sw3                 ; 4         ;
; sw2                 ; 4         ;
; sw1                 ; 4         ;
; gdollar_0~9         ; 4         ;
; bd1745~9            ; 4         ;
; n_t_60x~9           ; 4         ;
; n_t_62x~9           ; 4         ;
; n_t_56x~9           ; 4         ;
; n_t_61x~9           ; 4         ;
; n_t_66x~9           ; 4         ;
; n_t_65x~9           ; 4         ;
; n_t_63x~9           ; 4         ;
; power_ok            ; 3         ;
; rx_last_l~1sexp     ; 3         ;
; n_t_25x~1sexpand1   ; 3         ;
; stp1~9              ; 3         ;
; start_l~9           ; 3         ;
; tflg_l~10           ; 3         ;
; rflg_l~9            ; 3         ;
; int_enab_l~9        ; 3         ;
; rx_div              ; 3         ;
; n_t_40x             ; 3         ;
; bd19200             ; 3         ;
; data11_l~0          ; 2         ;
; n_t_91x~1sexp       ; 2         ;
; rx_again_l~2sexp    ; 2         ;
; gdollar_4_m~9       ; 2         ;
; n_t_2x_m~9          ; 2         ;
; n_t_5x_m~9          ; 2         ;
; gdollar_0_m~9       ; 2         ;
; gdollar_4~9         ; 2         ;
; rx_div4_l_m~9       ; 2         ;
; spike_det_l_m~13    ; 2         ;
; last_unit_m~9       ; 2         ;
; bd1745_m~9          ; 2         ;
; rx_div2_l_m~9       ; 2         ;
; p_pulse_l_m~9       ; 2         ;
; stp1_m~9            ; 2         ;
; stp2_m~9            ; 2         ;
; n_t_60x_m~16        ; 2         ;
; n_t_62x_m~16        ; 2         ;
; n_t_56x_m~16        ; 2         ;
; n_t_61x_m~16        ; 2         ;
; n_t_66x_m~16        ; 2         ;
; n_t_65x_m~16        ; 2         ;
; n_t_63x_m~16        ; 2         ;
; enab_m~9            ; 2         ;
; rx_div8_m~9         ; 2         ;
; spike_det_l~10      ; 2         ;
; rx_active_m~13      ; 2         ;
; stp2~9              ; 2         ;
; tx_data_m~16        ; 2         ;
; n_t_70x~4           ; 2         ;
; ck_pulse_m~9        ; 2         ;
; start_l_m~9         ; 2         ;
; tx_active_l_m~9     ; 2         ;
; tx_div_m~9          ; 2         ;
; tx_data~9           ; 2         ;
; tflg_l_m~10         ; 2         ;
; rflg_l_m~9          ; 2         ;
; int_enab_l_m~9      ; 2         ;
; serial_out_m~10     ; 2         ;
; cktfl~2             ; 2         ;
; n_t_28x~4           ; 2         ;
; ckkie~2             ; 2         ;
; serial_out$latch~10 ; 2         ;
; n_t_39x             ; 2         ;
; n_t_38x             ; 2         ;
; n_t_37x             ; 2         ;
; n_t_35x             ; 2         ;
; n_t_36x             ; 2         ;
; n_t_34x             ; 2         ;
; rx7                 ; 2         ;
; bd153600            ; 2         ;
; bd76800             ; 2         ;
; bd38400             ; 2         ;
; bd9600              ; 2         ;
; bd1200              ; 2         ;
; bd600               ; 2         ;
; n_t_25x~3           ; 1         ;
; data10_l~0          ; 1         ;
; data09_l~0          ; 1         ;
; data08_l~0          ; 1         ;
; data07_l~0          ; 1         ;
; data06_l~0          ; 1         ;
; data05_l~0          ; 1         ;
; data04_l~0          ; 1         ;
; n_t_108x~8sexp3     ; 1         ;
; n_t_108x~8sexp2     ; 1         ;
; n_t_108x~8sexp1     ; 1         ;
; spike_det_l_m~5sexp ; 1         ;
; comb~15sexp         ; 1         ;
; n_t_94x~1sexp       ; 1         ;
; tx8~8sexp           ; 1         ;
; comb~13sexpand0     ; 1         ;
; n_t_8x~0sexpand1    ; 1         ;
; rx_rate~28          ; 1         ;
; tx_sel~35           ; 1         ;
; selected_l~20       ; 1         ;
; rx_sel~39           ; 1         ;
; selected_l~15       ; 1         ;
; n_t_60x_m~7         ; 1         ;
; n_t_62x_m~7         ; 1         ;
; n_t_56x_m~7         ; 1         ;
; n_t_61x_m~7         ; 1         ;
; n_t_66x_m~7         ; 1         ;
; n_t_65x_m~7         ; 1         ;
; n_t_63x_m~7         ; 1         ;
; comb~14             ; 1         ;
; n_t_108x~10         ; 1         ;
; n_t_108x~9          ; 1         ;
; bd873               ; 1         ;
; n_t_41x~9           ; 1         ;
; n_t_41x~8           ; 1         ;
; bd614400            ; 1         ;
; bd436               ; 1         ;
; bd4800              ; 1         ;
; bd307200            ; 1         ;
; bd218               ; 1         ;
; bd2400              ; 1         ;
; bd109               ; 1         ;
; bd300               ; 1         ;
; skip_l~13           ; 1         ;
; data11_l~5          ; 1         ;
; data10_l~5          ; 1         ;
; data09_l~5          ; 1         ;
; data08_l~5          ; 1         ;
; data07_l~5          ; 1         ;
; data06_l~5          ; 1         ;
; data05_l~5          ; 1         ;
; data04_l~5          ; 1         ;
; selected_l~13       ; 1         ;
; int_rqst_l~5        ; 1         ;
; c1_l~5              ; 1         ;
; kcc_l~4             ; 1         ;
+---------------------+-----------+


+--------------------------------------------------+
; Other Routing Usage Summary                      ;
+-----------------------------+--------------------+
; Other Routing Resource Type ; Usage              ;
+-----------------------------+--------------------+
; Output enables              ; 0 / 6 ( 0 % )      ;
; PIA buffers                 ; 192 / 288 ( 67 % ) ;
; PIAs                        ; 218 / 288 ( 76 % ) ;
+-----------------------------+--------------------+


+-----------------------------------------------------------------------------+
; LAB External Interconnect                                                   ;
+-----------------------------------------------+-----------------------------+
; LAB External Interconnects  (Average = 27.25) ; Number of LABs  (Total = 8) ;
+-----------------------------------------------+-----------------------------+
; 0 - 2                                         ; 0                           ;
; 3 - 5                                         ; 0                           ;
; 6 - 8                                         ; 0                           ;
; 9 - 11                                        ; 0                           ;
; 12 - 14                                       ; 0                           ;
; 15 - 17                                       ; 0                           ;
; 18 - 20                                       ; 0                           ;
; 21 - 23                                       ; 2                           ;
; 24 - 26                                       ; 2                           ;
; 27 - 29                                       ; 1                           ;
; 30 - 32                                       ; 3                           ;
+-----------------------------------------------+-----------------------------+


+-----------------------------------------------------------------------+
; LAB Macrocells                                                        ;
+-----------------------------------------+-----------------------------+
; Number of Macrocells  (Average = 15.38) ; Number of LABs  (Total = 8) ;
+-----------------------------------------+-----------------------------+
; 0                                       ; 0                           ;
; 1                                       ; 0                           ;
; 2                                       ; 0                           ;
; 3                                       ; 0                           ;
; 4                                       ; 0                           ;
; 5                                       ; 0                           ;
; 6                                       ; 0                           ;
; 7                                       ; 0                           ;
; 8                                       ; 0                           ;
; 9                                       ; 0                           ;
; 10                                      ; 0                           ;
; 11                                      ; 0                           ;
; 12                                      ; 0                           ;
; 13                                      ; 0                           ;
; 14                                      ; 2                           ;
; 15                                      ; 1                           ;
; 16                                      ; 5                           ;
+-----------------------------------------+-----------------------------+


+---------------------------------------------------------+
; Parallel Expander                                       ;
+--------------------------+------------------------------+
; Parallel Expander Length ; Number of Parallel Expanders ;
+--------------------------+------------------------------+
; 0                        ; 0                            ;
; 1                        ; 5                            ;
+--------------------------+------------------------------+


+-------------------------------------------------------------------------------+
; Shareable Expander                                                            ;
+-------------------------------------------------+-----------------------------+
; Number of shareable expanders  (Average = 2.75) ; Number of LABs  (Total = 7) ;
+-------------------------------------------------+-----------------------------+
; 0                                               ; 1                           ;
; 1                                               ; 1                           ;
; 2                                               ; 2                           ;
; 3                                               ; 2                           ;
; 4                                               ; 0                           ;
; 5                                               ; 1                           ;
; 6                                               ; 1                           ;
+-------------------------------------------------+-----------------------------+


+------------------------------------------------------------------------------------------------------------------------------------------------------------------------------------------------------------------------------------------------------------------------------------------------------------------------------------------------------------------------------------------------------+
; Logic Cell Interconnection                                                                                                                                                                                                                                                                                                                                                                           ;
+-----+------------+----------------------------------------------------------------------------------------------------------------+------------------------------------------------------------------------------------------------------------------------------------------------------------------------------------------------------------------------------------------------------------------+
; LAB ; Logic Cell ; Input                                                                                                          ; Output                                                                                                                                                                                                                                                           ;
+-----+------------+----------------------------------------------------------------------------------------------------------------+------------------------------------------------------------------------------------------------------------------------------------------------------------------------------------------------------------------------------------------------------------------+
;  A  ; LC11       ; rx7, p_pulse_l~9, n_t_41x~24, n_t_41x~25                                                                       ; data05_l~5, n_t_36x                                                                                                                                                                                                                                              ;
;  A  ; LC9        ; n_t_34x, p_pulse_l~9, n_t_41x~24, n_t_41x~25                                                                   ; data06_l~5, n_t_35x                                                                                                                                                                                                                                              ;
;  A  ; LC10       ; n_t_36x, p_pulse_l~9, n_t_41x~24, n_t_41x~25                                                                   ; data07_l~5, n_t_37x                                                                                                                                                                                                                                              ;
;  A  ; LC7        ; n_t_35x, p_pulse_l~9, n_t_41x~24, n_t_41x~25                                                                   ; data08_l~5, n_t_38x                                                                                                                                                                                                                                              ;
;  A  ; LC1        ; n_t_37x, p_pulse_l~9, n_t_41x~24, n_t_41x~25                                                                   ; data09_l~5, n_t_39x                                                                                                                                                                                                                                              ;
;  A  ; LC6        ; n_t_38x, p_pulse_l~9, n_t_41x~24, n_t_41x~25                                                                   ; data10_l~5, n_t_40x                                                                                                                                                                                                                                              ;
;  A  ; LC2        ; n_t_39x, p_pulse_l~9, n_t_41x~24, n_t_41x~25                                                                   ; data11_l~5, rflg_l_m~9, last_unit_m~9                                                                                                                                                                                                                            ;
;  A  ; LC15       ; n_t_2x_m~9, bd19200, n_t_2x~9, div11~1sexp                                                                     ; n_t_5x~9, n_t_2x~9, n_t_5x_m~9, n_t_2x_m~9, div11~1sexp                                                                                                                                                                                                          ;
;  A  ; LC16       ; n_t_37x, md09_l, selected_l~7, rx_sel~38, md11_l                                                               ; data08_l                                                                                                                                                                                                                                                         ;
;  A  ; LC14       ; n_t_5x_m~9, n_t_2x~9, n_t_5x~9, div11~1sexp                                                                    ; gdollar_0~9, n_t_5x~9, gdollar_0_m~9, n_t_5x_m~9, div11~1sexp                                                                                                                                                                                                    ;
;  A  ; LC12       ; bd1745~9, gdollar_0~9, bd1745_m~9, div11~1sexp                                                                 ; bd1745~9, bd1745_m~9                                                                                                                                                                                                                                             ;
;  A  ; LC13       ; gdollar_0_m~9, n_t_5x~9, gdollar_0~9, div11~1sexp                                                              ; bd1745~9, bd1745_m~9, gdollar_0~9, gdollar_0_m~9                                                                                                                                                                                                                 ;
;  A  ; LC3        ; bd1745_m~9, gdollar_0~9, bd1745~9, div11~1sexp                                                                 ; bd873, bd1745~9, bd1745_m~9, div11~1sexp                                                                                                                                                                                                                         ;
;  A  ; LC8        ; n_t_2x~9, bd19200, n_t_2x_m~9, div11~1sexp                                                                     ; n_t_2x~9, n_t_2x_m~9                                                                                                                                                                                                                                             ;
;  A  ; LC5        ; n_t_5x~9, n_t_2x~9, n_t_5x_m~9, div11~1sexp                                                                    ; n_t_5x~9, n_t_5x_m~9                                                                                                                                                                                                                                             ;
;  A  ; LC4        ; gdollar_0~9, n_t_5x~9, gdollar_0_m~9, div11~1sexp                                                              ; gdollar_0~9, gdollar_0_m~9                                                                                                                                                                                                                                       ;
;  B  ; LC17       ; rx_sel~38, rflg_l~9, md09_l, selected_l~7, md11_l, md10_l, tx_sel~34, tflg_l~10, int_enab_l~9                  ; skip_l                                                                                                                                                                                                                                                           ;
;  B  ; LC23       ; stp2_m~9, tx_div~9, rx_rate~21, stp2~9                                                                         ; stp2~9, n_t_108x~8sexp1                                                                                                                                                                                                                                          ;
;  B  ; LC19       ; tp3, tls_l~2, tx_div~9                                                                                         ; tx_data~9, enab~9, n_t_63x~9, n_t_65x~9, n_t_66x~9, n_t_61x~9, n_t_56x~9, n_t_62x~9, n_t_60x~9, tx_data_m~16, enab_m~9, n_t_63x_m~16, n_t_65x_m~16, n_t_66x_m~16, n_t_61x_m~16, n_t_56x_m~16, n_t_62x_m~16, n_t_60x_m~16                                         ;
;  B  ; LC27       ; tx_active_l~9, tx_div~9, rx_rate~21, stp1_m~9                                                                  ; stp1~9, stp1_m~9                                                                                                                                                                                                                                                 ;
;  B  ; LC30       ; stp1_m~9, tx_div~9, rx_rate~21, stp1~9                                                                         ; stp1~9, gdollar_4_m~9, n_t_108x~8sexp2                                                                                                                                                                                                                           ;
;  B  ; LC22       ; tx_data_m~16, initialize, tx_shift_l~2, tx_data~9                                                              ; serial_out_m~10, tx_data~9                                                                                                                                                                                                                                       ;
;  B  ; LC28       ; rx_rate~21, start_l_m~9, comb~13sexpand0                                                                       ; start_l~9, start_l_m~9                                                                                                                                                                                                                                           ;
;  B  ; LC26       ; tflg_l_m~10, tx_div~9, cktfl~2, tflg_l~10, initialize, tx_sel~34, selected_l~7, tp3, md10_l, n_t_25x~3         ; int_rqst_l~5, skip_l~13, tflg_l~10                                                                                                                                                                                                                               ;
;  B  ; LC25       ; tx_data~9, tx_div~9, tx_active_l~9, serial_out_m~10, start_l~9                                                 ; serial_out$latch~10, serial_out_m~10                                                                                                                                                                                                                             ;
;  B  ; LC20       ; gdollar_4~9, tx_div~9, rx_rate~21, stp2_m~9                                                                    ; stp2~9, stp2_m~9                                                                                                                                                                                                                                                 ;
;  B  ; LC18       ; tx_div_m~9, rx_rate~21, tx_div~9, initialize                                                                   ; serial_out$latch~10, tflg_l~10, serial_out_m~10, tx_div~9, tflg_l_m~10, tx_shift_l~2, n_t_108x~10, stp2~9, stp1~9, stp2_m~9, stp1_m~9, gdollar_4~9, gdollar_4_m~9, n_t_94x~1sexp                                                                                 ;
;  B  ; LC21       ; start_l_m~9, tx_active_l~9, start_l~9, rx_rate~21                                                              ; start_l~9, serial_out$latch~10, serial_out_m~10                                                                                                                                                                                                                  ;
;  B  ; LC32       ; rx_rate~21, tx_div_m~9, initialize, n_t_94x~1sexp                                                              ; tx_div~9, tx_div_m~9                                                                                                                                                                                                                                             ;
;  B  ; LC24       ; initialize, tx_shift_l~2, tx_data_m~16, tls_l~2, data11_l, n_t_66x~9                                           ; tx_data~9, tx_data_m~16                                                                                                                                                                                                                                          ;
;  B  ; LC31       ; stp1~9, tx_div~9, rx_rate~21, gdollar_4_m~9                                                                    ; gdollar_4~9, gdollar_4_m~9                                                                                                                                                                                                                                       ;
;  B  ; LC29       ; gdollar_4_m~9, tx_div~9, rx_rate~21, gdollar_4~9                                                               ; stp2_m~9, gdollar_4~9                                                                                                                                                                                                                                            ;
;  C  ; LC34       ; rx_sel~39, md08_l, md05_l, md04_l, md06_l, sw4, sw5, io_pause_l, sw6, md07_l, md03_l                           ; kcc_l~4, c1_l~5, data04_l~5, data05_l~5, data06_l~5, data07_l~5, data08_l~5, data09_l~5, data10_l~5, data11_l~5, skip_l~13, ckkie~2, n_t_28x~4                                                                                                                   ;
;  C  ; LC35       ; n_t_40x, ck_pulse~9, rflg_l_m~9, n_t_28x~4                                                                     ; rflg_l~9, rflg_l_m~9                                                                                                                                                                                                                                             ;
;  C  ; LC48       ; selected_l~15, md05_l, md06_l, md08_l, sw6, sw5, io_pause_l, md07_l, sw4, md04_l, md03_l                       ; kcc_l~4, c1_l~5, data04_l~5, data05_l~5, data06_l~5, data07_l~5, data08_l~5, data09_l~5, data10_l~5, data11_l~5, skip_l~13, ckkie~2, n_t_28x~4, cktfl~2, tls_l~2, n_t_25x~1sexpand1, tflg_l~10, tflg_l_m~10, n_t_25x~3                                           ;
;  C  ; LC45       ; int_enab_l~9, rflg_l~9, tflg_l~10                                                                              ; int_rqst_l                                                                                                                                                                                                                                                       ;
;  C  ; LC40       ; selected_l~20, md05_l, md06_l, md08_l, sw6, sw5, io_pause_l, md07_l, sw4, md04_l, md03_l                       ; internal_io_l                                                                                                                                                                                                                                                    ;
;  C  ; LC41       ; last_unit_m~9, ck_pulse~9, last_unit~9, n_t_91x~1sexp                                                          ; n_t_70x~4, last_unit~9, rx_last_l~1sexp, rx_div2_l~9, rx_div4_l~9, rx_div2_l_m~9, rx_div4_l_m~9, rx_active~10, comb~14, rx_again_l~2sexp, rx_active_m~13                                                                                                         ;
;  C  ; LC46       ; n_t_40x, ck_pulse~9, last_unit_m~9, n_t_91x~1sexp                                                              ; last_unit~9, last_unit_m~9                                                                                                                                                                                                                                       ;
;  C  ; LC47       ; md05_l, md06_l, md08_l, sw6, sw5, io_pause_l, md07_l, sw4, md04_l, md03_l                                      ; selected_l~7                                                                                                                                                                                                                                                     ;
;  C  ; LC33       ; md08_l, md05_l, md04_l, md06_l, sw4, sw5, io_pause_l, sw6, md07_l, md03_l                                      ; rx_sel~38                                                                                                                                                                                                                                                        ;
;  C  ; LC39       ; md05_l, md06_l, md08_l, sw6, sw5, io_pause_l, md07_l, sw4, md04_l, md03_l                                      ; selected_l~13                                                                                                                                                                                                                                                    ;
;  C  ; LC37       ; md07_l, md08_l, sw6, io_pause_l, sw5, sw4, md05_l, md04_l, md06_l, md03_l                                      ; tx_sel~34                                                                                                                                                                                                                                                        ;
;  C  ; LC36       ; bd1745~9                                                                                                       ; bd436                                                                                                                                                                                                                                                            ;
;  C  ; LC38       ; tx_sel~35, md07_l, md08_l, sw6, io_pause_l, sw5, sw4, md05_l, md04_l, md06_l, md03_l                           ; skip_l~13, cktfl~2, tls_l~2, tflg_l~10, tflg_l_m~10                                                                                                                                                                                                              ;
;  C  ; LC42       ; int_enab_l_m~9, initialize, ckkie~2, int_enab_l~9                                                              ; int_rqst_l~5, skip_l~13, int_enab_l~9                                                                                                                                                                                                                            ;
;  C  ; LC44       ; rflg_l_m~9, ck_pulse~9, rflg_l~9, n_t_28x~4                                                                    ; int_rqst_l~5, skip_l~13, rflg_l~9                                                                                                                                                                                                                                ;
;  C  ; LC43       ; initialize, ckkie~2, int_enab_l_m~9, n_t_8x~0sexpand1                                                          ; int_enab_l~9, int_enab_l_m~9                                                                                                                                                                                                                                     ;
;  D  ; LC59       ; selected_l~7, md10_l, rx_sel~38, n_t_25x~1sexpand1                                                             ; c0_l                                                                                                                                                                                                                                                             ;
;  D  ; LC64       ; md09_l, selected_l~7, rx_sel~38, md11_l, md10_l                                                                ; c1_l                                                                                                                                                                                                                                                             ;
;  D  ; LC51       ; n_t_35x, md09_l, selected_l~7, rx_sel~38, md11_l                                                               ; data07_l                                                                                                                                                                                                                                                         ;
;  D  ; LC49       ; selected_l~7, md09_l, tx_sel~34, md11_l                                                                        ; tx_shift_l~2, enab_m~9, n_t_63x_m~7, n_t_65x_m~7, n_t_66x_m~7, n_t_61x_m~7, n_t_56x_m~7, n_t_62x_m~7, n_t_60x_m~7, tx_data_m~16                                                                                                                                  ;
;  D  ; LC62       ; bd9600                                                                                                         ; bd2400                                                                                                                                                                                                                                                           ;
;  D  ; LC57       ; bd873                                                                                                          ; bd218                                                                                                                                                                                                                                                            ;
;  D  ; LC55       ; bd600, sw1, sw2, sw3, bd1200, bd300                                                                            ; rx_rate~21                                                                                                                                                                                                                                                       ;
;  D  ; LC63       ; selected_l~7, md10_l, md09_l, rx_sel~38, tp3, n_t_25x~1sexpand1                                                ; int_enab_l~9, int_enab_l_m~9                                                                                                                                                                                                                                     ;
;  D  ; LC50       ; tp3, md11_l, rx_sel~38, md09_l, selected_l~7, md10_l, initialize                                               ; rflg_l~9, rflg_l_m~9                                                                                                                                                                                                                                             ;
;  D  ; LC54       ; bd76800                                                                                                        ; bd19200, rx_rate~21                                                                                                                                                                                                                                              ;
;  D  ; LC61       ; bd153600                                                                                                       ; bd38400, rx_rate~21                                                                                                                                                                                                                                              ;
;  D  ; LC56       ; rx_rate~28, bd109, sw1, sw2, sw3, bd9600, bd38400, bd76800, bd153600                                           ; tp_ca1, rx_div, tx_div~9, tx_active_l~9, start_l~9, ck_pulse~9, tx_div_m~9, tx_active_l_m~9, start_l_m~9, ck_pulse_m~9, stp2~9, stp1~9, stp2_m~9, stp1_m~9, gdollar_4~9, gdollar_4_m~9, comb~13sexpand0, rx_active~10, comb~14, rx_again_l~2sexp, rx_active_m~13 ;
;  D  ; LC58       ; bd38400                                                                                                        ; bd9600, n_t_2x~9, n_t_2x_m~9                                                                                                                                                                                                                                     ;
;  D  ; LC52       ; tx_div~9, cktfl~2, tflg_l_m~10, initialize, tx_sel~34, selected_l~7, tp3, md10_l, n_t_25x~1sexpand1, tx8~8sexp ; tflg_l~10, tflg_l_m~10                                                                                                                                                                                                                                           ;
;  D  ; LC60       ; selected_l~7, md10_l, tp3, md09_l, tx_sel~34, md11_l                                                           ; tflg_l~10, tflg_l_m~10                                                                                                                                                                                                                                           ;
;  E  ; LC69       ; rx7, md09_l, selected_l~7, rx_sel~38, md11_l                                                                   ; data04_l                                                                                                                                                                                                                                                         ;
;  E  ; LC67       ; n_t_34x, md09_l, selected_l~7, rx_sel~38, md11_l                                                               ; data05_l                                                                                                                                                                                                                                                         ;
;  E  ; LC65       ; n_t_36x, md09_l, selected_l~7, rx_sel~38, md11_l                                                               ; data06_l                                                                                                                                                                                                                                                         ;
;  E  ; LC78       ; data07_l, tls_l~2, n_t_56x~9                                                                                   ; n_t_61x_m~16                                                                                                                                                                                                                                                     ;
;  E  ; LC74       ; data10_l, tls_l~2, n_t_65x~9                                                                                   ; n_t_66x_m~16                                                                                                                                                                                                                                                     ;
;  E  ; LC68       ; n_t_60x_m~7, initialize, tx_shift_l~2, n_t_60x_m~16                                                            ; n_t_60x~9, n_t_60x_m~16                                                                                                                                                                                                                                          ;
;  E  ; LC80       ; data05_l, tls_l~2, n_t_60x~9                                                                                   ; n_t_62x_m~16                                                                                                                                                                                                                                                     ;
;  E  ; LC76       ; n_t_65x_m~16, initialize, tx_shift_l~2, n_t_65x~9                                                              ; n_t_65x~9, n_t_66x_m~7, tx8~8sexp, n_t_108x~10                                                                                                                                                                                                                   ;
;  E  ; LC79       ; n_t_56x_m~7, initialize, tx_shift_l~2, n_t_56x_m~16                                                            ; n_t_56x~9, n_t_56x_m~16                                                                                                                                                                                                                                          ;
;  E  ; LC77       ; tx_active_l_m~9, rx_rate~21, tx_active_l~9, initialize                                                         ; serial_out$latch~10, serial_out_m~10, tx_active_l~9, start_l~9, stp1_m~9, comb~13sexpand0, n_t_94x~1sexp, n_t_108x~8sexp3                                                                                                                                        ;
;  E  ; LC73       ; n_t_56x_m~16, initialize, tx_shift_l~2, n_t_56x~9                                                              ; n_t_56x~9, n_t_61x_m~7, tx8~8sexp, n_t_108x~10                                                                                                                                                                                                                   ;
;  E  ; LC70       ; n_t_65x_m~7, initialize, tx_shift_l~2, n_t_65x_m~16                                                            ; n_t_65x~9, n_t_65x_m~16                                                                                                                                                                                                                                          ;
;  E  ; LC71       ; n_t_60x_m~16, initialize, tx_shift_l~2, n_t_60x~9                                                              ; n_t_60x~9, n_t_62x_m~7, tx8~8sexp, n_t_108x~10                                                                                                                                                                                                                   ;
;  E  ; LC66       ; data08_l, tls_l~2, n_t_61x~9                                                                                   ; n_t_63x_m~16                                                                                                                                                                                                                                                     ;
;  F  ; LC90       ; rx_div8_m~9, rx_div4_l~9, rx_div8~9, rx_last_l~1sexp                                                           ; rx_div8~9, rx_div8_m~9, ck_pulse~9, rx_active8_l~1sexp, spike_det_l~10, n_t_91x~1sexp                                                                                                                                                                            ;
;  F  ; LC85       ; rx_div2_l_m~9, rx_div, rx_div2_l~9, rx_active~10, last_unit~9                                                  ; n_t_41x~8, rx_div2_l~9, rx_div4_l~9, rx_div2_l_m~9, rx_div4_l_m~9, n_t_41x~24                                                                                                                                                                                    ;
;  F  ; LC83       ; ck_pulse_m~9, rx_rate~21, ck_pulse~9, rx_active~10, rx_div8~9, rx_active8_l~1sexp                              ; n_t_41x~8, n_t_41x~9, rflg_l~9, rflg_l_m~9, ck_pulse~9, n_t_70x~4, last_unit~9, last_unit_m~9, n_t_41x~24, n_t_41x~25                                                                                                                                            ;
;  F  ; LC87       ; power_ok, n_t_70x~4, rx_rate~21, serial_in, rx_active~10, last_unit~9                                          ; rx_active_m~13                                                                                                                                                                                                                                                   ;
;  F  ; LC88       ; comb~14, rx_active_m~13, power_ok, rx_rate~21, serial_in, rx_active~10, last_unit~9                            ; rx_active~10, rx_active_m~13                                                                                                                                                                                                                                     ;
;  F  ; LC82       ; rx_rate~21, ck_pulse_m~9, rx_active8_l~1sexp                                                                   ; ck_pulse~9, ck_pulse_m~9                                                                                                                                                                                                                                         ;
;  F  ; LC94       ; spike_det_l_m~13, initialize, spike_det_l~10, rx_active8_l~1sexp, rx_active~10, rx_div8~9, rx_again_l~2sexp    ; n_t_70x~4, spike_det_l~10                                                                                                                                                                                                                                        ;
;  F  ; LC96       ; rx_div8~9, rx_div4_l~9, rx_div8_m~9, rx_last_l~1sexp                                                           ; rx_div8~9, rx_div8_m~9                                                                                                                                                                                                                                           ;
;  F  ; LC89       ; p_pulse_l~9, serial_in, n_t_41x~8, n_t_41x~9                                                                   ; data04_l~5, n_t_34x                                                                                                                                                                                                                                              ;
;  F  ; LC84       ; rx_div4_l_m~9, rx_div2_l~9, rx_div4_l~9, rx_active~10, last_unit~9                                             ; rx_div8~9, p_pulse_l~9, rx_div8_m~9, rx_div4_l~9, p_pulse_l_m~9, rx_div4_l_m~9, comb~15sexp                                                                                                                                                                      ;
;  F  ; LC91       ; rx_div2_l~9, rx_div, rx_div2_l_m~9, rx_active~10, last_unit~9                                                  ; rx_div2_l~9, rx_div2_l_m~9                                                                                                                                                                                                                                       ;
;  F  ; LC95       ; rx_div, rx_rate~21, rx_last_l~1sexp                                                                            ; rx_div, rx_div2_l~9, rx_div2_l_m~9                                                                                                                                                                                                                               ;
;  F  ; LC86       ; last_unit~9, spike_det_l~10, serial_in, ck_pulse~9, rx_active8_l~1sexp                                         ; rx_active~10, comb~14                                                                                                                                                                                                                                            ;
;  F  ; LC92       ; spike_det_l_m~13, rx_again_l~2sexp, spike_det_l_m~5sexp                                                        ; spike_det_l~10, spike_det_l_m~13                                                                                                                                                                                                                                 ;
;  F  ; LC93       ; rx_div4_l~9, rx_div2_l~9, rx_div4_l_m~9, rx_active~10, last_unit~9                                             ; rx_div4_l~9, rx_div4_l_m~9                                                                                                                                                                                                                                       ;
;  F  ; LC81       ; rx_active_m~13, n_t_70x~4, power_ok, rx_active~10, rx_rate~21, serial_in, last_unit~9                          ; rx_active~10, p_pulse_l~9, ck_pulse~9, rx_active8_l~1sexp, spike_det_l~10, rx_last_l~1sexp, rx_div2_l~9, rx_div4_l~9, rx_div2_l_m~9, rx_div4_l_m~9, comb~14, rx_again_l~2sexp, rx_active_m~13, n_t_91x~1sexp, comb~15sexp                                        ;
;  G  ; LC111      ; n_t_61x_m~7, initialize, tx_shift_l~2, n_t_61x_m~16                                                            ; n_t_61x~9, n_t_61x_m~16                                                                                                                                                                                                                                          ;
;  G  ; LC102      ; data06_l, tls_l~2, n_t_62x~9                                                                                   ; n_t_56x_m~16                                                                                                                                                                                                                                                     ;
;  G  ; LC105      ; n_t_66x_m~16, initialize, tx_shift_l~2, n_t_66x~9                                                              ; n_t_66x~9, tx_data_m~16, tx8~8sexp, n_t_108x~10                                                                                                                                                                                                                  ;
;  G  ; LC97       ; n_t_62x_m~7, initialize, tx_shift_l~2, n_t_62x_m~16                                                            ; n_t_62x~9, n_t_62x_m~16                                                                                                                                                                                                                                          ;
;  G  ; LC110      ; data04_l, tls_l~2, enab~9                                                                                      ; n_t_60x_m~16                                                                                                                                                                                                                                                     ;
;  G  ; LC107      ; tls_l~2, initialize, tx_shift_l~2, enab_m~9                                                                    ; enab~9, enab_m~9                                                                                                                                                                                                                                                 ;
;  G  ; LC103      ; rx_rate~21, tx_active_l_m~9, initialize, n_t_108x~8sexp1, n_t_108x~8sexp2, n_t_108x~8sexp3                     ; tx_active_l~9, tx_active_l_m~9                                                                                                                                                                                                                                   ;
;  G  ; LC108      ; n_t_63x_m~7, initialize, tx_shift_l~2, n_t_63x_m~16                                                            ; n_t_63x~9, n_t_63x_m~16                                                                                                                                                                                                                                          ;
;  G  ; LC101      ; data09_l, tls_l~2, n_t_63x~9                                                                                   ; n_t_65x_m~16                                                                                                                                                                                                                                                     ;
;  G  ; LC106      ; n_t_62x_m~16, initialize, tx_shift_l~2, n_t_62x~9                                                              ; n_t_62x~9, n_t_56x_m~7, tx8~8sexp, n_t_108x~10                                                                                                                                                                                                                   ;
;  G  ; LC98       ; n_t_61x_m~16, initialize, tx_shift_l~2, n_t_61x~9                                                              ; n_t_61x~9, n_t_63x_m~7, tx8~8sexp, n_t_108x~10                                                                                                                                                                                                                   ;
;  G  ; LC109      ; n_t_66x_m~7, initialize, tx_shift_l~2, n_t_66x_m~16                                                            ; n_t_66x~9, n_t_66x_m~16                                                                                                                                                                                                                                          ;
;  G  ; LC104      ; enab_m~9, initialize, tx_shift_l~2, enab~9                                                                     ; enab~9, n_t_60x_m~7, tx8~8sexp, n_t_108x~10, n_t_108x~8sexp1, n_t_108x~8sexp2                                                                                                                                                                                    ;
;  G  ; LC99       ; n_t_63x_m~16, initialize, tx_shift_l~2, n_t_63x~9                                                              ; n_t_63x~9, n_t_65x_m~7, tx8~8sexp, n_t_108x~10                                                                                                                                                                                                                   ;
;  H  ; LC128      ; n_t_38x, md09_l, selected_l~7, rx_sel~38, md11_l                                                               ; data09_l                                                                                                                                                                                                                                                         ;
;  H  ; LC113      ; p_pulse_l_m~9, rx_active~10, p_pulse_l~9, rx_div4_l~9                                                          ; rx7, n_t_41x~9, n_t_34x, n_t_36x, n_t_35x, n_t_37x, n_t_38x, n_t_39x, n_t_40x, p_pulse_l~9, n_t_41x~25                                                                                                                                                           ;
;  H  ; LC124      ; bd436                                                                                                          ; bd109                                                                                                                                                                                                                                                            ;
;  H  ; LC122      ; bd4800                                                                                                         ; bd1200                                                                                                                                                                                                                                                           ;
;  H  ; LC125      ; bd307200                                                                                                       ; bd76800, rx_rate~21                                                                                                                                                                                                                                              ;
;  H  ; LC127      ; bd19200                                                                                                        ; bd4800, rx_rate~21                                                                                                                                                                                                                                               ;
;  H  ; LC115      ; bd218                                                                                                          ; rx_rate~21                                                                                                                                                                                                                                                       ;
;  H  ; LC114      ; bd600                                                                                                          ; rx_rate~28                                                                                                                                                                                                                                                       ;
;  H  ; LC121      ; bd2400                                                                                                         ; bd600, rx_rate~28                                                                                                                                                                                                                                                ;
;  H  ; LC118      ; serial_out_m~10, tx_div~9, tx_active_l~9, serial_out$latch~10, start_l~9                                       ; serial_out, serial_out$latch~10                                                                                                                                                                                                                                  ;
;  H  ; LC116      ; bd1200                                                                                                         ; bd300, rx_rate~28                                                                                                                                                                                                                                                ;
;  H  ; LC119      ; clk                                                                                                            ; bd307200                                                                                                                                                                                                                                                         ;
;  H  ; LC123      ; n_t_40x, md09_l, selected_l~7, rx_sel~38, md11_l                                                               ; data11_l                                                                                                                                                                                                                                                         ;
;  H  ; LC126      ; n_t_39x, md09_l, selected_l~7, rx_sel~38, md11_l                                                               ; data10_l                                                                                                                                                                                                                                                         ;
;  H  ; LC120      ; bd614400                                                                                                       ; bd153600                                                                                                                                                                                                                                                         ;
;  H  ; LC117      ; rx_div4_l~9, p_pulse_l_m~9, comb~15sexp                                                                        ; p_pulse_l~9, p_pulse_l_m~9                                                                                                                                                                                                                                       ;
+-----+------------+----------------------------------------------------------------------------------------------------------------+------------------------------------------------------------------------------------------------------------------------------------------------------------------------------------------------------------------------------------------------------------------+


+---------------------------------------------------------------+
; Fitter Device Options                                         ;
+----------------------------------------------+----------------+
; Option                                       ; Setting        ;
+----------------------------------------------+----------------+
; Enable user-supplied start-up clock (CLKUSR) ; Off            ;
; Enable device-wide reset (DEV_CLRn)          ; Off            ;
; Enable device-wide output enable (DEV_OE)    ; Off            ;
; Enable INIT_DONE output                      ; Off            ;
; Configuration scheme                         ; Passive Serial ;
; Security bit                                 ; Off            ;
; Base pin-out file on sameframe device        ; Off            ;
+----------------------------------------------+----------------+


+-----------------+
; Fitter Messages ;
+-----------------+
Info (119006): Selected device EPM7128SLC84-15 for design "M8650"
Warning (15705): Ignored locations or region assignments to the following nodes
    Warning (15706): Node "TCK" is assigned to location or region, but does not exist in design
    Warning (15706): Node "TDI" is assigned to location or region, but does not exist in design
    Warning (15706): Node "TDO" is assigned to location or region, but does not exist in design
    Warning (15706): Node "TMS" is assigned to location or region, but does not exist in design
Info: Quartus II 64-Bit Fitter was successful. 0 errors, 5 warnings
    Info: Peak virtual memory: 4687 megabytes
    Info: Processing ended: Mon Aug 29 16:46:00 2022
    Info: Elapsed time: 00:00:02
    Info: Total CPU time (on all processors): 00:00:01


