Fitter report for warv
Thu Sep 18 07:37:08 2025
Quartus II 64-Bit Version 13.0.1 Build 232 06/12/2013 Service Pack 1 SJ Web Edition


---------------------
; Table of Contents ;
---------------------
  1. Legal Notice
  2. Fitter Summary
  3. Fitter Settings
  4. Parallel Compilation
  5. Pin-Out File
  6. Fitter Resource Usage Summary
  7. Input Pins
  8. Output Pins
  9. Bidir Pins
 10. All Package Pins
 11. I/O Standard
 12. Dedicated Inputs I/O
 13. Output Pin Default Load For Reported TCO
 14. Fitter Resource Utilization by Entity
 15. Control Signals
 16. Global & Other Fast Signals
 17. Non-Global High Fan-Out Signals
 18. Other Routing Usage Summary
 19. LAB External Interconnect
 20. LAB Macrocells
 21. Shareable Expander
 22. Logic Cell Interconnection
 23. Fitter Device Options
 24. Fitter Messages



----------------
; Legal Notice ;
----------------
Copyright (C) 1991-2013 Altera Corporation
Your use of Altera Corporation's design tools, logic functions 
and other software and tools, and its AMPP partner logic 
functions, and any output files from any of the foregoing 
(including device programming or simulation files), and any 
associated documentation or information are expressly subject 
to the terms and conditions of the Altera Program License 
Subscription Agreement, Altera MegaCore Function License 
Agreement, or other applicable license agreement, including, 
without limitation, that your use is for the sole purpose of 
programming logic devices manufactured by Altera and sold by 
Altera or its authorized distributors.  Please refer to the 
applicable agreement for further details.



+-----------------------------------------------------------------------------+
; Fitter Summary                                                              ;
+---------------------------+-------------------------------------------------+
; Fitter Status             ; Successful - Thu Sep 18 07:37:08 2025           ;
; Quartus II 64-Bit Version ; 13.0.1 Build 232 06/12/2013 SP 1 SJ Web Edition ;
; Revision Name             ; warv                                            ;
; Top-level Entity Name     ; warv                                            ;
; Family                    ; MAX7000S                                        ;
; Device                    ; EPM7128SLC84-15                                 ;
; Timing Models             ; Final                                           ;
; Total macrocells          ; 54 / 128 ( 42 % )                               ;
; Total pins                ; 68 / 68 ( 100 % )                               ;
+---------------------------+-------------------------------------------------+


+--------------------------------------------------------------------------------------------------------------+
; Fitter Settings                                                                                              ;
+----------------------------------------------------------------------------+-----------------+---------------+
; Option                                                                     ; Setting         ; Default Value ;
+----------------------------------------------------------------------------+-----------------+---------------+
; Device                                                                     ; EPM7128SLC84-15 ;               ;
; Use smart compilation                                                      ; Off             ; Off           ;
; Enable parallel Assembler and TimeQuest Timing Analyzer during compilation ; On              ; On            ;
; Enable compact report table                                                ; Off             ; Off           ;
; Optimize Multi-Corner Timing                                               ; Off             ; Off           ;
; Optimize Timing for ECOs                                                   ; Off             ; Off           ;
; Regenerate full fit report during ECO compiles                             ; Off             ; Off           ;
; Optimize IOC Register Placement for Timing                                 ; Normal          ; Normal        ;
; Fitter Initial Placement Seed                                              ; 1               ; 1             ;
; Slow Slew Rate                                                             ; Off             ; Off           ;
; Fitter Effort                                                              ; Auto Fit        ; Auto Fit      ;
; Force Fitter to Avoid Periphery Placement Warnings                         ; Off             ; Off           ;
+----------------------------------------------------------------------------+-----------------+---------------+


Parallel compilation was disabled, but you have multiple processors available. Enable parallel compilation to reduce compilation time.
+-------------------------------------+
; Parallel Compilation                ;
+----------------------------+--------+
; Processors                 ; Number ;
+----------------------------+--------+
; Number detected on machine ; 2      ;
; Maximum allowed            ; 1      ;
+----------------------------+--------+


+--------------+
; Pin-Out File ;
+--------------+
The pin-out file can be found in /home/vrs/Eagle/projects/DEC/Mxxx/M885/warv/output_files/warv.pin.


+--------------------------------------------------+
; Fitter Resource Usage Summary                    ;
+------------------------------+-------------------+
; Resource                     ; Usage             ;
+------------------------------+-------------------+
; Logic cells                  ; 54 / 128 ( 42 % ) ;
; Registers                    ; 20 / 128 ( 16 % ) ;
; Number of pterms used        ; 106               ;
; I/O pins                     ; 68 / 68 ( 100 % ) ;
;     -- Clock pins            ; 2 / 2 ( 100 % )   ;
;     -- Dedicated input pins  ; 2 / 2 ( 100 % )   ;
;                              ;                   ;
; Global signals               ; 1                 ;
; Shareable expanders          ; 12 / 128 ( 9 % )  ;
; Parallel expanders           ; 0 / 120 ( 0 % )   ;
; Cells using turbo bit        ; 54 / 128 ( 42 % ) ;
; Maximum fan-out              ; 40                ;
; Highest non-global fan-out   ; 40                ;
; Total fan-out                ; 529               ;
; Average fan-out              ; 3.95              ;
+------------------------------+-------------------+


+--------------------------------------------------------------------------------------------------------------------------------------------------+
; Input Pins                                                                                                                                       ;
+------------+-------+----------+-----+-----------------------+--------------------+--------+----------------+--------------+----------------------+
; Name       ; Pin # ; I/O Bank ; LAB ; Combinational Fan-Out ; Registered Fan-Out ; Global ; Input Register ; I/O Standard ; Location assigned by ;
+------------+-------+----------+-----+-----------------------+--------------------+--------+----------------+--------------+----------------------+
; clock      ; 83    ; --       ; --  ; 3                     ; 0                  ; yes    ; no             ; TTL          ; User                 ;
; d00_l      ; 2     ; --       ; --  ; 1                     ; 0                  ; no     ; no             ; TTL          ; User                 ;
; d01_l      ; 4     ; --       ; 1   ; 1                     ; 0                  ; no     ; no             ; TTL          ; User                 ;
; d02_l      ; 5     ; --       ; 1   ; 1                     ; 0                  ; no     ; no             ; TTL          ; User                 ;
; d03_l      ; 6     ; --       ; 1   ; 1                     ; 0                  ; no     ; no             ; TTL          ; User                 ;
; d08_l      ; 8     ; --       ; 1   ; 1                     ; 0                  ; no     ; no             ; TTL          ; User                 ;
; d09_l      ; 9     ; --       ; 1   ; 1                     ; 0                  ; no     ; no             ; TTL          ; User                 ;
; d10_l      ; 10    ; --       ; 1   ; 1                     ; 0                  ; no     ; no             ; TTL          ; User                 ;
; d11_l      ; 11    ; --       ; 1   ; 1                     ; 0                  ; no     ; no             ; TTL          ; User                 ;
; del_1_low  ; 84    ; --       ; --  ; 0                     ; 0                  ; no     ; no             ; TTL          ; User                 ;
; grn_delay  ; 1     ; --       ; --  ; 0                     ; 0                  ; no     ; no             ; TTL          ; User                 ;
; initialize ; 25    ; --       ; 3   ; 5                     ; 0                  ; no     ; no             ; TTL          ; User                 ;
; ld_del_low ; 81    ; --       ; 8   ; 0                     ; 0                  ; no     ; no             ; TTL          ; User                 ;
; md10_low   ; 20    ; --       ; 2   ; 39                    ; 0                  ; no     ; no             ; TTL          ; User                 ;
; md11_low   ; 18    ; --       ; 2   ; 39                    ; 0                  ; no     ; no             ; TTL          ; User                 ;
; md3_low    ; 50    ; --       ; 5   ; 40                    ; 0                  ; no     ; no             ; TTL          ; User                 ;
; md4_low    ; 44    ; --       ; 5   ; 40                    ; 0                  ; no     ; no             ; TTL          ; User                 ;
; md5_low    ; 41    ; --       ; 4   ; 40                    ; 0                  ; no     ; no             ; TTL          ; User                 ;
; md6_low    ; 40    ; --       ; 4   ; 40                    ; 0                  ; no     ; no             ; TTL          ; User                 ;
; md7_low    ; 39    ; --       ; 4   ; 40                    ; 0                  ; no     ; no             ; TTL          ; User                 ;
; md8_low    ; 22    ; --       ; 2   ; 40                    ; 0                  ; no     ; no             ; TTL          ; User                 ;
; md9_low    ; 21    ; --       ; 2   ; 39                    ; 0                  ; no     ; no             ; TTL          ; User                 ;
; n_t_35x    ; 54    ; --       ; 6   ; 0                     ; 0                  ; no     ; no             ; TTL          ; User                 ;
; pause_low  ; 33    ; --       ; 4   ; 40                    ; 0                  ; no     ; no             ; TTL          ; User                 ;
; red_delay  ; 51    ; --       ; 5   ; 0                     ; 0                  ; no     ; no             ; TTL          ; User                 ;
; set_done   ; 52    ; --       ; 5   ; 0                     ; 0                  ; no     ; no             ; TTL          ; User                 ;
; tp3        ; 29    ; --       ; 3   ; 11                    ; 0                  ; no     ; no             ; TTL          ; User                 ;
+------------+-------+----------+-----+-----------------------+--------------------+--------+----------------+--------------+----------------------+


+-----------------------------------------------------------------------------------------------------------------------------------------------------------------------------------------------------+
; Output Pins                                                                                                                                                                                         ;
+-----------------+-------+----------+-----+-----------------+----------------+------------+---------------+--------------+----------------------+-------+----------------------+---------------------+
; Name            ; Pin # ; I/O Bank ; LAB ; Output Register ; Slow Slew Rate ; Open Drain ; TRI Primitive ; I/O Standard ; Location assigned by ; Load  ; Output Enable Source ; Output Enable Group ;
+-----------------+-------+----------+-----+-----------------+----------------+------------+---------------+--------------+----------------------+-------+----------------------+---------------------+
; b_dixy_low      ; 55    ; --       ; 6   ; no              ; no             ; no         ; no            ; TTL          ; User                 ; 10 pF ; -                    ; -                   ;
; c0_low          ; 31    ; --       ; 3   ; no              ; no             ; yes        ; no            ; TTL          ; User                 ; 10 pF ; -                    ; -                   ;
; c1_low          ; 30    ; --       ; 3   ; no              ; no             ; yes        ; no            ; TTL          ; User                 ; 10 pF ; -                    ; -                   ;
; chan_low        ; 57    ; --       ; 6   ; no              ; no             ; yes        ; no            ; TTL          ; User                 ; 10 pF ; -                    ; -                   ;
; col_red_low     ; 56    ; --       ; 6   ; no              ; no             ; yes        ; no            ; TTL          ; User                 ; 10 pF ; -                    ; -                   ;
; di02_l          ; 64    ; --       ; 7   ; no              ; no             ; no         ; no            ; TTL          ; User                 ; 10 pF ; -                    ; -                   ;
; di03            ; 65    ; --       ; 7   ; no              ; no             ; no         ; no            ; TTL          ; User                 ; 10 pF ; -                    ; -                   ;
; di04            ; 67    ; --       ; 7   ; no              ; no             ; no         ; no            ; TTL          ; User                 ; 10 pF ; -                    ; -                   ;
; di05            ; 68    ; --       ; 7   ; no              ; no             ; no         ; no            ; TTL          ; User                 ; 10 pF ; -                    ; -                   ;
; di06            ; 69    ; --       ; 7   ; no              ; no             ; no         ; no            ; TTL          ; User                 ; 10 pF ; -                    ; -                   ;
; di07            ; 70    ; --       ; 7   ; no              ; no             ; no         ; no            ; TTL          ; User                 ; 10 pF ; -                    ; -                   ;
; di08            ; 73    ; --       ; 8   ; no              ; no             ; no         ; no            ; TTL          ; User                 ; 10 pF ; -                    ; -                   ;
; di09            ; 74    ; --       ; 8   ; no              ; no             ; no         ; no            ; TTL          ; User                 ; 10 pF ; -                    ; -                   ;
; di10            ; 75    ; --       ; 8   ; no              ; no             ; no         ; no            ; TTL          ; User                 ; 10 pF ; -                    ; -                   ;
; di11            ; 76    ; --       ; 8   ; no              ; no             ; no         ; no            ; TTL          ; User                 ; 10 pF ; -                    ; -                   ;
; dly_done_low    ; 63    ; --       ; 7   ; no              ; no             ; no         ; no            ; TTL          ; User                 ; 10 pF ; -                    ; -                   ;
; erase_low       ; 58    ; --       ; 6   ; no              ; no             ; yes        ; no            ; TTL          ; User                 ; 10 pF ; -                    ; -                   ;
; internal_io_low ; 28    ; --       ; 3   ; no              ; no             ; yes        ; no            ; TTL          ; User                 ; 10 pF ; -                    ; -                   ;
; interrupt_low   ; 27    ; --       ; 3   ; no              ; no             ; yes        ; no            ; TTL          ; User                 ; 10 pF ; -                    ; -                   ;
; load_x          ; 77    ; --       ; 8   ; no              ; no             ; no         ; no            ; TTL          ; User                 ; 10 pF ; -                    ; -                   ;
; load_y          ; 79    ; --       ; 8   ; no              ; no             ; no         ; no            ; TTL          ; User                 ; 10 pF ; -                    ; -                   ;
; n_t_27x         ; 61    ; --       ; 6   ; no              ; no             ; yes        ; no            ; TTL          ; User                 ; 10 pF ; -                    ; -                   ;
; non_store_low   ; 80    ; --       ; 8   ; no              ; no             ; no         ; no            ; TTL          ; User                 ; 10 pF ; -                    ; -                   ;
; skip_low        ; 24    ; --       ; 3   ; no              ; no             ; yes        ; no            ; TTL          ; User                 ; 10 pF ; -                    ; -                   ;
; write_thru_low  ; 60    ; --       ; 6   ; no              ; no             ; yes        ; no            ; TTL          ; User                 ; 10 pF ; -                    ; -                   ;
+-----------------+-------+----------+-----+-----------------+----------------+------------+---------------+--------------+----------------------+-------+----------------------+---------------------+


+----------------------------------------------------------------------------------------------------------------------------------------------------------------------------------------------------------------------------------------------------------+
; Bidir Pins                                                                                                                                                                                                                                               ;
+------------+-------+----------+-----+-----------------------+--------------------+--------+----------------+-----------------+----------------+------------+--------------+----------------------+-------+-------------------------+---------------------+
; Name       ; Pin # ; I/O Bank ; LAB ; Combinational Fan-Out ; Registered Fan-Out ; Global ; Input Register ; Output Register ; Slow Slew Rate ; Open Drain ; I/O Standard ; Location assigned by ; Load  ; Output Enable Source    ; Output Enable Group ;
+------------+-------+----------+-----+-----------------------+--------------------+--------+----------------+-----------------+----------------+------------+--------------+----------------------+-------+-------------------------+---------------------+
; data00_low ; 49    ; --       ; 5   ; 0                     ; 0                  ; no     ; no             ; no              ; no             ; yes        ; TTL          ; User                 ; 10 pF ; data00_low~6 (inverted) ; -                   ;
; data01_low ; 48    ; --       ; 5   ; 0                     ; 0                  ; no     ; no             ; no              ; no             ; yes        ; TTL          ; User                 ; 10 pF ; data01_low~4 (inverted) ; -                   ;
; data02_low ; 46    ; --       ; 5   ; 1                     ; 0                  ; no     ; no             ; no              ; no             ; yes        ; TTL          ; User                 ; 10 pF ; data02_low~4 (inverted) ; -                   ;
; data03_low ; 45    ; --       ; 5   ; 1                     ; 0                  ; no     ; no             ; no              ; no             ; yes        ; TTL          ; User                 ; 10 pF ; data03_low~4 (inverted) ; -                   ;
; data04_low ; 37    ; --       ; 4   ; 1                     ; 0                  ; no     ; no             ; no              ; no             ; yes        ; TTL          ; User                 ; 10 pF ; ~VCC~0 (inverted)       ; -                   ;
; data05_low ; 36    ; --       ; 4   ; 1                     ; 0                  ; no     ; no             ; no              ; no             ; yes        ; TTL          ; User                 ; 10 pF ; ~VCC~1 (inverted)       ; -                   ;
; data06_low ; 35    ; --       ; 4   ; 2                     ; 0                  ; no     ; no             ; no              ; no             ; yes        ; TTL          ; User                 ; 10 pF ; data06_low~4 (inverted) ; -                   ;
; data07_low ; 34    ; --       ; 4   ; 2                     ; 0                  ; no     ; no             ; no              ; no             ; yes        ; TTL          ; User                 ; 10 pF ; data07_low~4 (inverted) ; -                   ;
; data08_low ; 17    ; --       ; 2   ; 2                     ; 0                  ; no     ; no             ; no              ; no             ; yes        ; TTL          ; User                 ; 10 pF ; data08_low~4 (inverted) ; -                   ;
; data09_low ; 16    ; --       ; 2   ; 2                     ; 0                  ; no     ; no             ; no              ; no             ; yes        ; TTL          ; User                 ; 10 pF ; data09_low~7 (inverted) ; -                   ;
; data10_low ; 15    ; --       ; 2   ; 2                     ; 0                  ; no     ; no             ; no              ; no             ; yes        ; TTL          ; User                 ; 10 pF ; data10_low~7 (inverted) ; -                   ;
; data11_low ; 12    ; --       ; 1   ; 2                     ; 0                  ; no     ; no             ; no              ; no             ; yes        ; TTL          ; User                 ; 10 pF ; data11_low~7 (inverted) ; -                   ;
+------------+-------+----------+-----+-----------------------+--------------------+--------+----------------+-----------------+----------------+------------+--------------+----------------------+-------+-------------------------+---------------------+


+--------------------------------------------------------------------------------------------------------+
; All Package Pins                                                                                       ;
+----------+------------+----------+-----------------+--------+--------------+---------+-----------------+
; Location ; Pad Number ; I/O Bank ; Pin Name/Usage  ; Dir.   ; I/O Standard ; Voltage ; User Assignment ;
+----------+------------+----------+-----------------+--------+--------------+---------+-----------------+
; 1        ; 0          ; --       ; grn_delay       ; input  ; TTL          ;         ; Y               ;
; 2        ; 1          ; --       ; d00_l           ; input  ; TTL          ;         ; Y               ;
; 3        ; 2          ; --       ; VCCINT          ; power  ;              ; 5.0V    ;                 ;
; 4        ; 3          ; --       ; d01_l           ; input  ; TTL          ;         ; Y               ;
; 5        ; 4          ; --       ; d02_l           ; input  ; TTL          ;         ; Y               ;
; 6        ; 5          ; --       ; d03_l           ; input  ; TTL          ;         ; Y               ;
; 7        ; 6          ; --       ; GND             ; gnd    ;              ;         ;                 ;
; 8        ; 7          ; --       ; d08_l           ; input  ; TTL          ;         ; Y               ;
; 9        ; 8          ; --       ; d09_l           ; input  ; TTL          ;         ; Y               ;
; 10       ; 9          ; --       ; d10_l           ; input  ; TTL          ;         ; Y               ;
; 11       ; 10         ; --       ; d11_l           ; input  ; TTL          ;         ; Y               ;
; 12       ; 11         ; --       ; data11_low      ; bidir  ; TTL          ;         ; Y               ;
; 13       ; 12         ; --       ; VCCIO           ; power  ;              ; 5.0V    ;                 ;
; 14       ; 13         ; --       ; TDI             ; input  ; TTL          ;         ; N               ;
; 15       ; 14         ; --       ; data10_low      ; bidir  ; TTL          ;         ; Y               ;
; 16       ; 15         ; --       ; data09_low      ; bidir  ; TTL          ;         ; Y               ;
; 17       ; 16         ; --       ; data08_low      ; bidir  ; TTL          ;         ; Y               ;
; 18       ; 17         ; --       ; md11_low        ; input  ; TTL          ;         ; Y               ;
; 19       ; 18         ; --       ; GND             ; gnd    ;              ;         ;                 ;
; 20       ; 19         ; --       ; md10_low        ; input  ; TTL          ;         ; Y               ;
; 21       ; 20         ; --       ; md9_low         ; input  ; TTL          ;         ; Y               ;
; 22       ; 21         ; --       ; md8_low         ; input  ; TTL          ;         ; Y               ;
; 23       ; 22         ; --       ; TMS             ; input  ; TTL          ;         ; N               ;
; 24       ; 23         ; --       ; skip_low        ; output ; TTL          ;         ; Y               ;
; 25       ; 24         ; --       ; initialize      ; input  ; TTL          ;         ; Y               ;
; 26       ; 25         ; --       ; VCCIO           ; power  ;              ; 5.0V    ;                 ;
; 27       ; 26         ; --       ; interrupt_low   ; output ; TTL          ;         ; Y               ;
; 28       ; 27         ; --       ; internal_io_low ; output ; TTL          ;         ; Y               ;
; 29       ; 28         ; --       ; tp3             ; input  ; TTL          ;         ; Y               ;
; 30       ; 29         ; --       ; c1_low          ; output ; TTL          ;         ; Y               ;
; 31       ; 30         ; --       ; c0_low          ; output ; TTL          ;         ; Y               ;
; 32       ; 31         ; --       ; GND             ; gnd    ;              ;         ;                 ;
; 33       ; 32         ; --       ; pause_low       ; input  ; TTL          ;         ; Y               ;
; 34       ; 33         ; --       ; data07_low      ; bidir  ; TTL          ;         ; Y               ;
; 35       ; 34         ; --       ; data06_low      ; bidir  ; TTL          ;         ; Y               ;
; 36       ; 35         ; --       ; data05_low      ; bidir  ; TTL          ;         ; Y               ;
; 37       ; 36         ; --       ; data04_low      ; bidir  ; TTL          ;         ; Y               ;
; 38       ; 37         ; --       ; VCCIO           ; power  ;              ; 5.0V    ;                 ;
; 39       ; 38         ; --       ; md7_low         ; input  ; TTL          ;         ; Y               ;
; 40       ; 39         ; --       ; md6_low         ; input  ; TTL          ;         ; Y               ;
; 41       ; 40         ; --       ; md5_low         ; input  ; TTL          ;         ; Y               ;
; 42       ; 41         ; --       ; GND             ; gnd    ;              ;         ;                 ;
; 43       ; 42         ; --       ; VCCINT          ; power  ;              ; 5.0V    ;                 ;
; 44       ; 43         ; --       ; md4_low         ; input  ; TTL          ;         ; Y               ;
; 45       ; 44         ; --       ; data03_low      ; bidir  ; TTL          ;         ; Y               ;
; 46       ; 45         ; --       ; data02_low      ; bidir  ; TTL          ;         ; Y               ;
; 47       ; 46         ; --       ; GND             ; gnd    ;              ;         ;                 ;
; 48       ; 47         ; --       ; data01_low      ; bidir  ; TTL          ;         ; Y               ;
; 49       ; 48         ; --       ; data00_low      ; bidir  ; TTL          ;         ; Y               ;
; 50       ; 49         ; --       ; md3_low         ; input  ; TTL          ;         ; Y               ;
; 51       ; 50         ; --       ; red_delay       ; input  ; TTL          ;         ; Y               ;
; 52       ; 51         ; --       ; set_done        ; input  ; TTL          ;         ; Y               ;
; 53       ; 52         ; --       ; VCCIO           ; power  ;              ; 5.0V    ;                 ;
; 54       ; 53         ; --       ; n_t_35x         ; input  ; TTL          ;         ; Y               ;
; 55       ; 54         ; --       ; b_dixy_low      ; output ; TTL          ;         ; Y               ;
; 56       ; 55         ; --       ; col_red_low     ; output ; TTL          ;         ; Y               ;
; 57       ; 56         ; --       ; chan_low        ; output ; TTL          ;         ; Y               ;
; 58       ; 57         ; --       ; erase_low       ; output ; TTL          ;         ; Y               ;
; 59       ; 58         ; --       ; GND             ; gnd    ;              ;         ;                 ;
; 60       ; 59         ; --       ; write_thru_low  ; output ; TTL          ;         ; Y               ;
; 61       ; 60         ; --       ; n_t_27x         ; output ; TTL          ;         ; Y               ;
; 62       ; 61         ; --       ; TCK             ; input  ; TTL          ;         ; N               ;
; 63       ; 62         ; --       ; dly_done_low    ; output ; TTL          ;         ; Y               ;
; 64       ; 63         ; --       ; di02_l          ; output ; TTL          ;         ; Y               ;
; 65       ; 64         ; --       ; di03            ; output ; TTL          ;         ; Y               ;
; 66       ; 65         ; --       ; VCCIO           ; power  ;              ; 5.0V    ;                 ;
; 67       ; 66         ; --       ; di04            ; output ; TTL          ;         ; Y               ;
; 68       ; 67         ; --       ; di05            ; output ; TTL          ;         ; Y               ;
; 69       ; 68         ; --       ; di06            ; output ; TTL          ;         ; Y               ;
; 70       ; 69         ; --       ; di07            ; output ; TTL          ;         ; Y               ;
; 71       ; 70         ; --       ; TDO             ; output ; TTL          ;         ; N               ;
; 72       ; 71         ; --       ; GND             ; gnd    ;              ;         ;                 ;
; 73       ; 72         ; --       ; di08            ; output ; TTL          ;         ; Y               ;
; 74       ; 73         ; --       ; di09            ; output ; TTL          ;         ; Y               ;
; 75       ; 74         ; --       ; di10            ; output ; TTL          ;         ; Y               ;
; 76       ; 75         ; --       ; di11            ; output ; TTL          ;         ; Y               ;
; 77       ; 76         ; --       ; load_x          ; output ; TTL          ;         ; Y               ;
; 78       ; 77         ; --       ; VCCIO           ; power  ;              ; 5.0V    ;                 ;
; 79       ; 78         ; --       ; load_y          ; output ; TTL          ;         ; Y               ;
; 80       ; 79         ; --       ; non_store_low   ; output ; TTL          ;         ; Y               ;
; 81       ; 80         ; --       ; ld_del_low      ; input  ; TTL          ;         ; Y               ;
; 82       ; 81         ; --       ; GND             ; gnd    ;              ;         ;                 ;
; 83       ; 82         ; --       ; clock           ; input  ; TTL          ;         ; Y               ;
; 84       ; 83         ; --       ; del_1_low       ; input  ; TTL          ;         ; Y               ;
+----------+------------+----------+-----------------+--------+--------------+---------+-----------------+
Note: Pin directions (input, output or bidir) are based on device operating in user mode.


+--------------------------------------------------------------------------------------------------+
; I/O Standard                                                                                     ;
+--------------+------------+----------------------+-------------------+-------------------+-------+
; I/O Standard ; Input Vref ; Dedicated Input Pins ; Pins in I/O Bank1 ; Pins in I/O Bank2 ; Total ;
+--------------+------------+----------------------+-------------------+-------------------+-------+
; TTL          ; -          ; 4                    ; 0                 ; 0                 ; 4     ;
+--------------+------------+----------------------+-------------------+-------------------+-------+


+-------------------------------------------------------------------------+
; Dedicated Inputs I/O                                                    ;
+-----------+-------+-------+-------+--------------+------------+---------+
; Name      ; Pin # ; Type  ; VCCIO ; I/O Standard ; Input Vref ; Current ;
+-----------+-------+-------+-------+--------------+------------+---------+
; clock     ; 83    ; Input ; --    ; TTL          ; -          ; 0 mA    ;
; d00_l     ; 2     ; Input ; --    ; TTL          ; -          ; 0 mA    ;
; del_1_low ; 84    ; Input ; --    ; TTL          ; -          ; 0 mA    ;
; grn_delay ; 1     ; Input ; --    ; TTL          ; -          ; 0 mA    ;
+-----------+-------+-------+-------+--------------+------------+---------+


+-----------------------------------------------+
; Output Pin Default Load For Reported TCO      ;
+--------------+-------+------------------------+
; I/O Standard ; Load  ; Termination Resistance ;
+--------------+-------+------------------------+
; 3.3-V LVTTL  ; 10 pF ; Not Available          ;
; 3.3-V LVCMOS ; 10 pF ; Not Available          ;
; TTL          ; 10 pF ; Not Available          ;
+--------------+-------+------------------------+
Note: User assignments will override these defaults. The user specified values are listed in the Output Pins and Bidir Pins tables.


+-------------------------------------------------------------------------------------+
; Fitter Resource Utilization by Entity                                               ;
+----------------------------+------------+------+---------------------+--------------+
; Compilation Hierarchy Node ; Macrocells ; Pins ; Full Hierarchy Name ; Library Name ;
+----------------------------+------------+------+---------------------+--------------+
; |warv                      ; 54         ; 68   ; |warv               ; work         ;
+----------------------------+------------+------+---------------------+--------------+


+---------------------------------------------------------------------------------------------------+
; Control Signals                                                                                   ;
+------------+----------+---------+--------------+--------+----------------------+------------------+
; Name       ; Location ; Fan-Out ; Usage        ; Global ; Global Resource Used ; Global Line Name ;
+------------+----------+---------+--------------+--------+----------------------+------------------+
; clear~11   ; SEXP120  ; 2       ; Async. clear ; no     ; --                   ; --               ;
; clear~5    ; SEXP86   ; 4       ; Preset       ; no     ; --                   ; --               ;
; clock      ; PIN_83   ; 3       ; Clock        ; yes    ; On                   ; --               ;
; clock      ; PIN_83   ; 3       ; Async. clear ; no     ; --                   ; --               ;
; dk01       ; LC116    ; 1       ; Clock        ; no     ; --                   ; --               ;
; dk02       ; LC124    ; 1       ; Clock        ; no     ; --                   ; --               ;
; dk03       ; LC128    ; 5       ; Async. clear ; no     ; --                   ; --               ;
; dk04~8sexp ; SEXP113  ; 2       ; Clock        ; no     ; --                   ; --               ;
; dk05       ; LC122    ; 1       ; Clock        ; no     ; --                   ; --               ;
; dk06       ; LC121    ; 1       ; Clock        ; no     ; --                   ; --               ;
; dk07       ; LC119    ; 1       ; Clock        ; no     ; --                   ; --               ;
; dk08       ; LC10     ; 1       ; Clock        ; no     ; --                   ; --               ;
; dk09       ; LC8      ; 1       ; Clock        ; no     ; --                   ; --               ;
; dk10       ; LC7      ; 1       ; Clock        ; no     ; --                   ; --               ;
; dk11       ; LC5      ; 1       ; Clock        ; no     ; --                   ; --               ;
; dk12       ; LC2      ; 1       ; Clock        ; no     ; --                   ; --               ;
; dk13       ; LC1      ; 1       ; Clock        ; no     ; --                   ; --               ;
; dk14       ; LC11     ; 1       ; Clock        ; no     ; --                   ; --               ;
; md10_low   ; PIN_20   ; 39      ; Clock        ; no     ; --                   ; --               ;
; md11_low   ; PIN_18   ; 39      ; Clock        ; no     ; --                   ; --               ;
; md3_low    ; PIN_50   ; 40      ; Clock        ; no     ; --                   ; --               ;
; md4_low    ; PIN_44   ; 40      ; Clock        ; no     ; --                   ; --               ;
; md5_low    ; PIN_41   ; 40      ; Clock        ; no     ; --                   ; --               ;
; md6_low    ; PIN_40   ; 40      ; Clock        ; no     ; --                   ; --               ;
; md7_low    ; PIN_39   ; 40      ; Clock        ; no     ; --                   ; --               ;
; md8_low    ; PIN_22   ; 40      ; Clock        ; no     ; --                   ; --               ;
; md9_low    ; PIN_21   ; 39      ; Clock        ; no     ; --                   ; --               ;
; pause_low  ; PIN_33   ; 40      ; Clock        ; no     ; --                   ; --               ;
; tp3        ; PIN_29   ; 11      ; Clock        ; no     ; --                   ; --               ;
+------------+----------+---------+--------------+--------+----------------------+------------------+


+----------------------------------------------------------------------+
; Global & Other Fast Signals                                          ;
+-------+----------+---------+----------------------+------------------+
; Name  ; Location ; Fan-Out ; Global Resource Used ; Global Line Name ;
+-------+----------+---------+----------------------+------------------+
; clock ; PIN_83   ; 3       ; On                   ; --               ;
+-------+----------+---------+----------------------+------------------+


+---------------------------------+
; Non-Global High Fan-Out Signals ;
+-------------------+-------------+
; Name              ; Fan-Out     ;
+-------------------+-------------+
; pause_low         ; 40          ;
; md8_low           ; 40          ;
; md7_low           ; 40          ;
; md6_low           ; 40          ;
; md5_low           ; 40          ;
; md4_low           ; 40          ;
; md3_low           ; 40          ;
; md11_low          ; 39          ;
; md10_low          ; 39          ;
; md9_low           ; 39          ;
; tp3               ; 11          ;
; initialize        ; 5           ;
; dk03              ; 5           ;
; clear~5           ; 4           ;
; dk8ie~6sexpand0   ; 3           ;
; dk8flg~9          ; 3           ;
; color             ; 3           ;
; store             ; 3           ;
; clear~11          ; 2           ;
; data11_low~0      ; 2           ;
; data10_low~0      ; 2           ;
; data09_low~0      ; 2           ;
; data08_low~0      ; 2           ;
; data07_low~0      ; 2           ;
; data06_low~0      ; 2           ;
; dk04~8sexp        ; 2           ;
; dk04~7sexp        ; 2           ;
; dk04~5sexp        ; 2           ;
; dk8ie~14          ; 2           ;
; int_en            ; 2           ;
; chan              ; 2           ;
; write_thru        ; 2           ;
; n_t_23x~5         ; 1           ;
; data05_low~0      ; 1           ;
; data04_low~0      ; 1           ;
; data03_low~0      ; 1           ;
; data02_low~0      ; 1           ;
; d11_l             ; 1           ;
; d10_l             ; 1           ;
; d09_l             ; 1           ;
; d08_l             ; 1           ;
; d03_l             ; 1           ;
; d02_l             ; 1           ;
; d01_l             ; 1           ;
; d00_l             ; 1           ;
; n_t_23x~4sexp     ; 1           ;
; comb~5sexpand3    ; 1           ;
; comb~5sexpand2    ; 1           ;
; comb~5sexpand1    ; 1           ;
; clsk~3sexpand0    ; 1           ;
; ~VCC~2            ; 1           ;
; ~VCC~1            ; 1           ;
; ~VCC~0            ; 1           ;
; skip_low~11       ; 1           ;
; interrupt_low~4   ; 1           ;
; dk15              ; 1           ;
; dk14              ; 1           ;
; dk13              ; 1           ;
; dk12              ; 1           ;
; dk11              ; 1           ;
; dk10              ; 1           ;
; dk09              ; 1           ;
; n_t_27x~2         ; 1           ;
; dk08              ; 1           ;
; dk07              ; 1           ;
; erase             ; 1           ;
; dk06              ; 1           ;
; di09~3            ; 1           ;
; di11~4            ; 1           ;
; di10~4            ; 1           ;
; dk05              ; 1           ;
; di07~3            ; 1           ;
; di06~3            ; 1           ;
; di05~3            ; 1           ;
; di04~3            ; 1           ;
; di08~3            ; 1           ;
; di02~3            ; 1           ;
; di03~3            ; 1           ;
; c0_low~4          ; 1           ;
; c1_low~5          ; 1           ;
; load_x~2          ; 1           ;
; load_y~3          ; 1           ;
; b_dixy_low~2      ; 1           ;
; data00_low~6      ; 1           ;
; data01_low~4      ; 1           ;
; internal_io_low~5 ; 1           ;
; dk02              ; 1           ;
; dk01              ; 1           ;
; data11_low~7      ; 1           ;
; data10_low~7      ; 1           ;
; data09_low~7      ; 1           ;
; data08_low~4      ; 1           ;
; data07_low~4      ; 1           ;
; data06_low~4      ; 1           ;
; data03_low~4      ; 1           ;
; data02_low~4      ; 1           ;
+-------------------+-------------+


+--------------------------------------------------+
; Other Routing Usage Summary                      ;
+-----------------------------+--------------------+
; Other Routing Resource Type ; Usage              ;
+-----------------------------+--------------------+
; Output enables              ; 0 / 6 ( 0 % )      ;
; PIA buffers                 ; 95 / 288 ( 33 % )  ;
; PIAs                        ; 133 / 288 ( 46 % ) ;
+-----------------------------+--------------------+


+-----------------------------------------------------------------------------+
; LAB External Interconnect                                                   ;
+-----------------------------------------------+-----------------------------+
; LAB External Interconnects  (Average = 16.62) ; Number of LABs  (Total = 8) ;
+-----------------------------------------------+-----------------------------+
; 0 - 1                                         ; 0                           ;
; 2 - 3                                         ; 0                           ;
; 4 - 5                                         ; 0                           ;
; 6 - 7                                         ; 0                           ;
; 8 - 9                                         ; 0                           ;
; 10 - 11                                       ; 0                           ;
; 12 - 13                                       ; 1                           ;
; 14 - 15                                       ; 3                           ;
; 16 - 17                                       ; 1                           ;
; 18 - 19                                       ; 1                           ;
; 20 - 21                                       ; 1                           ;
; 22 - 23                                       ; 0                           ;
; 24 - 25                                       ; 1                           ;
+-----------------------------------------------+-----------------------------+


+----------------------------------------------------------------------+
; LAB Macrocells                                                       ;
+----------------------------------------+-----------------------------+
; Number of Macrocells  (Average = 6.75) ; Number of LABs  (Total = 8) ;
+----------------------------------------+-----------------------------+
; 0                                      ; 0                           ;
; 1                                      ; 0                           ;
; 2                                      ; 0                           ;
; 3                                      ; 1                           ;
; 4                                      ; 2                           ;
; 5                                      ; 0                           ;
; 6                                      ; 2                           ;
; 7                                      ; 1                           ;
; 8                                      ; 0                           ;
; 9                                      ; 1                           ;
; 10                                     ; 0                           ;
; 11                                     ; 0                           ;
; 12                                     ; 0                           ;
; 13                                     ; 0                           ;
; 14                                     ; 0                           ;
; 15                                     ; 1                           ;
+----------------------------------------+-----------------------------+


+-------------------------------------------------------------------------------+
; Shareable Expander                                                            ;
+-------------------------------------------------+-----------------------------+
; Number of shareable expanders  (Average = 1.50) ; Number of LABs  (Total = 3) ;
+-------------------------------------------------+-----------------------------+
; 0                                               ; 5                           ;
; 1                                               ; 1                           ;
; 2                                               ; 1                           ;
; 3                                               ; 0                           ;
; 4                                               ; 0                           ;
; 5                                               ; 0                           ;
; 6                                               ; 0                           ;
; 7                                               ; 0                           ;
; 8                                               ; 0                           ;
; 9                                               ; 1                           ;
+-------------------------------------------------+-----------------------------+


+----------------------------------------------------------------------------------------------------------------------------------------------------------------------------------------------------------------------------------+
; Logic Cell Interconnection                                                                                                                                                                                                       ;
+-----+------------+--------------------------------------------------------------------------------------------------------------------------------------------------------------------+------------------------------------------+
; LAB ; Logic Cell ; Input                                                                                                                                                              ; Output                                   ;
+-----+------------+--------------------------------------------------------------------------------------------------------------------------------------------------------------------+------------------------------------------+
;  A  ; LC2        ; dk11                                                                                                                                                               ; dk13                                     ;
;  A  ; LC4        ; dk14                                                                                                                                                               ; dk8flg~9                                 ;
;  A  ; LC3        ; md5_low, md8_low, md6_low, md7_low, md3_low, md4_low, pause_low, md9_low, md10_low, md11_low, d11_l, int_en                                                        ; data11_low                               ;
;  A  ; LC5        ; dk10                                                                                                                                                               ; dk12                                     ;
;  A  ; LC7        ; dk09                                                                                                                                                               ; dk11                                     ;
;  A  ; LC8        ; dk08                                                                                                                                                               ; dk10                                     ;
;  A  ; LC10       ; dk07                                                                                                                                                               ; dk09                                     ;
;  A  ; LC11       ; dk13                                                                                                                                                               ; dk15                                     ;
;  A  ; LC1        ; dk12                                                                                                                                                               ; dk14                                     ;
;  B  ; LC29       ; md5_low, md8_low, md6_low, md7_low, md3_low, md4_low, pause_low, md9_low, md10_low, md11_low, d10_l, chan                                                          ; data10_low                               ;
;  B  ; LC25       ; md5_low, md8_low, md6_low, md7_low, md3_low, md4_low, pause_low, md9_low, md10_low, md11_low, d08_l                                                                ; data08_low                               ;
;  B  ; LC27       ; color, md5_low, md8_low, md6_low, md7_low, md3_low, md4_low, pause_low, md11_low, md9_low, md10_low, d09_l                                                         ; data09_low                               ;
;  C  ; LC40       ; md5_low, md6_low, md7_low, md8_low, md3_low, md4_low, pause_low                                                                                                    ; internal_io_low                          ;
;  C  ; LC46       ; dk8flg~9, md5_low, md8_low, md6_low, md7_low, md3_low, md4_low, pause_low, md11_low, md9_low, md10_low                                                             ; skip_low                                 ;
;  C  ; LC43       ; dk8ie~14, dk8flg~9, int_en                                                                                                                                         ; interrupt_low                            ;
;  C  ; LC37       ; md5_low, md11_low, md8_low, md6_low, md7_low, md3_low, md4_low, pause_low, md9_low, md10_low                                                                       ; c1_low                                   ;
;  C  ; LC35       ; md5_low, md8_low, md6_low, md7_low, md3_low, md4_low, pause_low, md9_low, md10_low, md11_low                                                                       ; c0_low                                   ;
;  C  ; LC34       ; dk8flg~9, dk15, clsk~3sexpand0                                                                                                                                     ; dk8flg~9, interrupt_low~4, skip_low~11   ;
;  D  ; LC59       ; write_thru, md5_low, md8_low, md6_low, md7_low, md3_low, md4_low, pause_low, md11_low, md9_low, md10_low                                                           ; data06_low                               ;
;  D  ; LC61       ; store, md5_low, md8_low, md6_low, md7_low, md3_low, md4_low, pause_low, md11_low, md9_low, md10_low                                                                ; data07_low                               ;
;  D  ; LC57       ;                                                                                                                                                                    ; data05_low                               ;
;  D  ; LC56       ;                                                                                                                                                                    ; data04_low                               ;
;  E  ; LC67       ; md5_low, md8_low, md6_low, md7_low, md3_low, md4_low, pause_low, md9_low, md10_low, md11_low, d03_l                                                                ; data03_low                               ;
;  E  ; LC73       ; md5_low, md8_low, md6_low, md7_low, md3_low, md4_low, pause_low, md11_low, md9_low, md10_low, d00_l                                                                ; data00_low                               ;
;  E  ; LC69       ; md5_low, md8_low, md6_low, md7_low, md3_low, md4_low, pause_low, md9_low, md10_low, md11_low, d02_l                                                                ; data02_low                               ;
;  E  ; LC72       ; md5_low, md8_low, md6_low, md7_low, md3_low, md4_low, pause_low, md9_low, md10_low, md11_low, d01_l                                                                ; data01_low                               ;
;  F  ; LC93       ; data06_low, md9_low, md5_low, md8_low, md6_low, md7_low, md3_low, md4_low, pause_low, md11_low, md10_low, tp3, clear~5                                             ; data06_low~4, write_thru_low             ;
;  F  ; LC86       ; data09_low, md9_low, md5_low, md8_low, md6_low, md7_low, md3_low, md4_low, pause_low, md11_low, md10_low, tp3, clear~5                                             ; data09_low~7, n_t_27x~2, col_red_low     ;
;  F  ; LC88       ; data10_low, md9_low, md5_low, md8_low, md6_low, md7_low, md3_low, md4_low, pause_low, md11_low, md10_low, tp3, clear~5                                             ; data10_low~7, chan_low                   ;
;  F  ; LC94       ; store, color                                                                                                                                                       ; n_t_27x                                  ;
;  F  ; LC91       ; data08_low, md9_low, md5_low, md8_low, md6_low, md7_low, md3_low, md4_low, pause_low, md11_low, md10_low, tp3, clear~5                                             ; erase_low                                ;
;  F  ; LC85       ; md5_low, md8_low, md6_low, md7_low, md3_low, md4_low, pause_low, md11_low, md9_low, md10_low, tp3                                                                  ; b_dixy_low                               ;
;  G  ; LC109      ; md11_low, data07_low, md5_low, md8_low, md6_low, md7_low, md3_low, md4_low, pause_low, md10_low, md9_low                                                           ; di07                                     ;
;  G  ; LC107      ; md11_low, data06_low, md5_low, md8_low, md6_low, md7_low, md3_low, md4_low, pause_low, md10_low, md9_low                                                           ; di06                                     ;
;  G  ; LC105      ; md11_low, data05_low, md5_low, md8_low, md6_low, md7_low, md3_low, md4_low, pause_low, md10_low, md9_low                                                           ; di05                                     ;
;  G  ; LC104      ; md11_low, data04_low, md5_low, md8_low, md6_low, md7_low, md3_low, md4_low, pause_low, md10_low, md9_low                                                           ; di04                                     ;
;  G  ; LC99       ; md11_low, data02_low, md5_low, md8_low, md6_low, md7_low, md3_low, md4_low, pause_low, md10_low, md9_low                                                           ; di02_l                                   ;
;  G  ; LC101      ; md11_low, data03_low, md5_low, md8_low, md6_low, md7_low, md3_low, md4_low, pause_low, md10_low, md9_low                                                           ; di03                                     ;
;  G  ; LC97       ;                                                                                                                                                                    ; dly_done_low                             ;
;  H  ; LC116      ; clock, dk03, clock                                                                                                                                                 ; dk02                                     ;
;  H  ; LC124      ; dk01, dk03, clock                                                                                                                                                  ; dk03                                     ;
;  H  ; LC120      ; data11_low, md9_low, md5_low, md8_low, md6_low, md7_low, md3_low, md4_low, pause_low, md11_low, md10_low                                                           ; di11                                     ;
;  H  ; LC117      ; md11_low, data09_low, md5_low, md8_low, md6_low, md7_low, md3_low, md4_low, pause_low, md10_low, md9_low                                                           ; di09                                     ;
;  H  ; LC121      ; dk05                                                                                                                                                               ; dk07                                     ;
;  H  ; LC126      ; data07_low, md9_low, md5_low, md8_low, md6_low, md7_low, md3_low, md4_low, pause_low, md11_low, md10_low, tp3, clear~11                                            ; data07_low~4, n_t_27x~2, non_store_low   ;
;  H  ; LC118      ; data10_low, md9_low, md5_low, md8_low, md6_low, md7_low, md3_low, md4_low, pause_low, md11_low, md10_low                                                           ; di10                                     ;
;  H  ; LC114      ; data11_low, md9_low, md5_low, md8_low, md6_low, md7_low, md3_low, md4_low, pause_low, md11_low, md10_low, tp3, clear~11                                            ; data11_low~7, interrupt_low~4            ;
;  H  ; LC119      ; dk06                                                                                                                                                               ; dk08                                     ;
;  H  ; LC113      ; dk8ie~14, md7_low, md4_low, md11_low, initialize, md8_low, md5_low, md9_low, md6_low, pause_low, md3_low, md10_low, comb~5sexpand1, comb~5sexpand2, comb~5sexpand3 ; dk8ie~14, interrupt_low~4                ;
;  H  ; LC122      ; dk04~8sexp                                                                                                                                                         ; dk06                                     ;
;  H  ; LC115      ; md11_low, data08_low, md5_low, md8_low, md6_low, md7_low, md3_low, md4_low, pause_low, md10_low, md9_low                                                           ; di08                                     ;
;  H  ; LC123      ; md5_low, md8_low, md6_low, md7_low, md3_low, md4_low, pause_low, md11_low, md9_low, md10_low, tp3                                                                  ; load_x                                   ;
;  H  ; LC125      ; md10_low, md5_low, md8_low, md6_low, md7_low, md3_low, md4_low, pause_low, tp3, md11_low, md9_low                                                                  ; load_y                                   ;
;  H  ; LC128      ; dk02, dk03, clock                                                                                                                                                  ; dk01, dk02, dk03, dk04~5sexp, dk04~7sexp ;
+-----+------------+--------------------------------------------------------------------------------------------------------------------------------------------------------------------+------------------------------------------+


+---------------------------------------------------------------+
; Fitter Device Options                                         ;
+----------------------------------------------+----------------+
; Option                                       ; Setting        ;
+----------------------------------------------+----------------+
; Enable user-supplied start-up clock (CLKUSR) ; Off            ;
; Enable device-wide reset (DEV_CLRn)          ; Off            ;
; Enable device-wide output enable (DEV_OE)    ; Off            ;
; Enable INIT_DONE output                      ; Off            ;
; Configuration scheme                         ; Passive Serial ;
; Security bit                                 ; Off            ;
; Base pin-out file on sameframe device        ; Off            ;
+----------------------------------------------+----------------+


+-----------------+
; Fitter Messages ;
+-----------------+
Info (119006): Selected device EPM7128SLC84-15 for design "warv"
Info: Quartus II 64-Bit Fitter was successful. 0 errors, 0 warnings
    Info: Peak virtual memory: 450 megabytes
    Info: Processing ended: Thu Sep 18 07:37:08 2025
    Info: Elapsed time: 00:00:01
    Info: Total CPU time (on all processors): 00:00:01


