Fitter report for M220C
Thu Aug 06 23:09:39 2026
Quartus II 64-Bit Version 13.0.1 Build 232 06/12/2013 Service Pack 1 SJ Web Edition


---------------------
; Table of Contents ;
---------------------
  1. Legal Notice
  2. Fitter Summary
  3. Fitter Settings
  4. Parallel Compilation
  5. Pin-Out File
  6. Fitter Resource Usage Summary
  7. Input Pins
  8. Output Pins
  9. Bidir Pins
 10. All Package Pins
 11. Output Pin Default Load For Reported TCO
 12. Fitter Resource Utilization by Entity
 13. Control Signals
 14. Non-Global High Fan-Out Signals
 15. Other Routing Usage Summary
 16. LAB External Interconnect
 17. LAB Macrocells
 18. Parallel Expander
 19. Shareable Expander
 20. Logic Cell Interconnection
 21. Fitter Device Options
 22. Fitter Messages



----------------
; Legal Notice ;
----------------
Copyright (C) 1991-2013 Altera Corporation
Your use of Altera Corporation's design tools, logic functions 
and other software and tools, and its AMPP partner logic 
functions, and any output files from any of the foregoing 
(including device programming or simulation files), and any 
associated documentation or information are expressly subject 
to the terms and conditions of the Altera Program License 
Subscription Agreement, Altera MegaCore Function License 
Agreement, or other applicable license agreement, including, 
without limitation, that your use is for the sole purpose of 
programming logic devices manufactured by Altera and sold by 
Altera or its authorized distributors.  Please refer to the 
applicable agreement for further details.



+-----------------------------------------------------------------------------+
; Fitter Summary                                                              ;
+---------------------------+-------------------------------------------------+
; Fitter Status             ; Successful - Thu Aug 06 23:09:39 2026           ;
; Quartus II 64-Bit Version ; 13.0.1 Build 232 06/12/2013 SP 1 SJ Web Edition ;
; Revision Name             ; M220C                                           ;
; Top-level Entity Name     ; m220c                                           ;
; Family                    ; MAX7000S                                        ;
; Device                    ; EPM7128STC100-15                                ;
; Timing Models             ; Final                                           ;
; Total macrocells          ; 39 / 128 ( 30 % )                               ;
; Total pins                ; 70 / 84 ( 83 % )                                ;
+---------------------------+-------------------------------------------------+


+---------------------------------------------------------------------------------------------------------------+
; Fitter Settings                                                                                               ;
+----------------------------------------------------------------------------+------------------+---------------+
; Option                                                                     ; Setting          ; Default Value ;
+----------------------------------------------------------------------------+------------------+---------------+
; Device                                                                     ; EPM7128STC100-15 ;               ;
; Use smart compilation                                                      ; Off              ; Off           ;
; Enable parallel Assembler and TimeQuest Timing Analyzer during compilation ; On               ; On            ;
; Enable compact report table                                                ; Off              ; Off           ;
; Optimize Multi-Corner Timing                                               ; Off              ; Off           ;
; Optimize Timing for ECOs                                                   ; Off              ; Off           ;
; Regenerate full fit report during ECO compiles                             ; Off              ; Off           ;
; Optimize IOC Register Placement for Timing                                 ; Normal           ; Normal        ;
; Fitter Initial Placement Seed                                              ; 1                ; 1             ;
; Slow Slew Rate                                                             ; Off              ; Off           ;
; Fitter Effort                                                              ; Auto Fit         ; Auto Fit      ;
; Force Fitter to Avoid Periphery Placement Warnings                         ; Off              ; Off           ;
+----------------------------------------------------------------------------+------------------+---------------+


Parallel compilation was disabled, but you have multiple processors available. Enable parallel compilation to reduce compilation time.
+-------------------------------------+
; Parallel Compilation                ;
+----------------------------+--------+
; Processors                 ; Number ;
+----------------------------+--------+
; Number detected on machine ; 16     ;
; Maximum allowed            ; 1      ;
+----------------------------+--------+


+--------------+
; Pin-Out File ;
+--------------+
The pin-out file can be found in //wsl.localhost/Ubuntu/home/vrs/Eagle/projects/DEC/Mxxx/M220/atf1508tqfp/output_files/M220C.pin.


+--------------------------------------------------+
; Fitter Resource Usage Summary                    ;
+------------------------------+-------------------+
; Resource                     ; Usage             ;
+------------------------------+-------------------+
; Logic cells                  ; 39 / 128 ( 30 % ) ;
; Registers                    ; 8 / 128 ( 6 % )   ;
; Number of pterms used        ; 163               ;
; I/O pins                     ; 70 / 84 ( 83 % )  ;
;     -- Clock pins            ; 0 / 2 ( 0 % )     ;
;     -- Dedicated input pins  ; 0 / 2 ( 0 % )     ;
;                              ;                   ;
; Global signals               ; 0                 ;
; Shareable expanders          ; 31 / 128 ( 24 % ) ;
; Parallel expanders           ; 8 / 120 ( 7 % )   ;
; Cells using turbo bit        ; 39 / 128 ( 30 % ) ;
; Maximum fan-out              ; 10                ;
; Highest non-global fan-out   ; 10                ;
; Total fan-out                ; 338               ;
; Average fan-out              ; 2.41              ;
+------------------------------+-------------------+


+--------------------------------------------------------------------------------------------------------------------------------------------------+
; Input Pins                                                                                                                                       ;
+------------+-------+----------+-----+-----------------------+--------------------+--------+----------------+--------------+----------------------+
; Name       ; Pin # ; I/O Bank ; LAB ; Combinational Fan-Out ; Registered Fan-Out ; Global ; Input Register ; I/O Standard ; Location assigned by ;
+------------+-------+----------+-----+-----------------------+--------------------+--------+----------------+--------------+----------------------+
; ac_enabl   ; 29    ; --       ; 4   ; 5                     ; 0                  ; no     ; no             ; TTL          ; User                 ;
; ac_enabl_l ; 27    ; --       ; 4   ; 5                     ; 0                  ; no     ; no             ; TTL          ; User                 ;
; adder0     ; 84    ; --       ; 8   ; 4                     ; 0                  ; no     ; no             ; TTL          ; User                 ;
; adder1     ; 81    ; --       ; 8   ; 9                     ; 0                  ; no     ; no             ; TTL          ; User                 ;
; adder4     ; 71    ; --       ; 7   ; 10                    ; 0                  ; no     ; no             ; TTL          ; User                 ;
; adder5     ; 69    ; --       ; 7   ; 5                     ; 0                  ; no     ; no             ; TTL          ; User                 ;
; ak1        ; 68    ; --       ; 7   ; 2                     ; 0                  ; no     ; no             ; TTL          ; User                 ;
; an2        ; 58    ; --       ; 6   ; 2                     ; 0                  ; no     ; no             ; TTL          ; User                 ;
; and_h      ; 85    ; --       ; 8   ; 10                    ; 0                  ; no     ; no             ; TTL          ; User                 ;
; ar1        ; 55    ; --       ; 6   ; 2                     ; 0                  ; no     ; no             ; TTL          ; User                 ;
; au1        ; 48    ; --       ; 5   ; 2                     ; 0                  ; no     ; no             ; TTL          ; User                 ;
; bb2        ; 41    ; --       ; 5   ; 5                     ; 0                  ; no     ; no             ; TTL          ; User                 ;
; be2        ; 33    ; --       ; 4   ; 2                     ; 0                  ; no     ; no             ; TTL          ; User                 ;
; br2        ; 12    ; --       ; 2   ; 3                     ; 0                  ; no     ; no             ; TTL          ; User                 ;
; bu1        ; 6     ; --       ; 2   ; 3                     ; 0                  ; no     ; no             ; TTL          ; User                 ;
; bv1        ; 2     ; --       ; 1   ; 3                     ; 0                  ; no     ; no             ; TTL          ; User                 ;
; bv2        ; 1     ; --       ; 1   ; 3                     ; 0                  ; no     ; no             ; TTL          ; User                 ;
; c0         ; 28    ; --       ; 4   ; 6                     ; 0                  ; no     ; no             ; TTL          ; User                 ;
; da2        ; 10    ; --       ; 2   ; 2                     ; 0                  ; no     ; no             ; TTL          ; User                 ;
; da_enabl   ; 7     ; --       ; 2   ; 5                     ; 0                  ; no     ; no             ; TTL          ; User                 ;
; data2      ; 20    ; --       ; 3   ; 2                     ; 0                  ; no     ; no             ; TTL          ; User                 ;
; data3      ; 14    ; --       ; 2   ; 3                     ; 0                  ; no     ; no             ; TTL          ; User                 ;
; data_enabl ; 23    ; --       ; 3   ; 5                     ; 0                  ; no     ; no             ; TTL          ; User                 ;
; io2        ; 25    ; --       ; 3   ; 2                     ; 0                  ; no     ; no             ; TTL          ; User                 ;
; io3        ; 21    ; --       ; 3   ; 3                     ; 0                  ; no     ; no             ; TTL          ; User                 ;
; io_enabl   ; 22    ; --       ; 3   ; 5                     ; 0                  ; no     ; no             ; TTL          ; User                 ;
; ma_enabl   ; 16    ; --       ; 3   ; 2                     ; 0                  ; no     ; no             ; TTL          ; User                 ;
; mem2       ; 13    ; --       ; 2   ; 2                     ; 0                  ; no     ; no             ; TTL          ; User                 ;
; mem_enabl  ; 5     ; --       ; 2   ; 2                     ; 0                  ; no     ; no             ; TTL          ; User                 ;
; mq2_h      ; 30    ; --       ; 4   ; 2                     ; 0                  ; no     ; no             ; TTL          ; User                 ;
; mq3_h      ; 17    ; --       ; 3   ; 3                     ; 0                  ; no     ; no             ; TTL          ; User                 ;
; mq_enabl   ; 32    ; --       ; 4   ; 5                     ; 0                  ; no     ; no             ; TTL          ; User                 ;
; no_shift   ; 78    ; --       ; 8   ; 7                     ; 0                  ; no     ; no             ; TTL          ; User                 ;
; pc_enabl   ; 9     ; --       ; 2   ; 5                     ; 0                  ; no     ; no             ; TTL          ; User                 ;
; sc2        ; 37    ; --       ; 4   ; 2                     ; 0                  ; no     ; no             ; TTL          ; User                 ;
; sc3        ; 19    ; --       ; 3   ; 3                     ; 0                  ; no     ; no             ; TTL          ; User                 ;
; sc_enabl   ; 31    ; --       ; 4   ; 5                     ; 0                  ; no     ; no             ; TTL          ; User                 ;
; shift_l1   ; 75    ; --       ; 8   ; 9                     ; 0                  ; no     ; no             ; TTL          ; User                 ;
; shift_l2   ; 72    ; --       ; 7   ; 10                    ; 0                  ; no     ; no             ; TTL          ; User                 ;
; shift_r1   ; 79    ; --       ; 8   ; 9                     ; 0                  ; no     ; no             ; TTL          ; User                 ;
; shift_r2   ; 80    ; --       ; 8   ; 9                     ; 0                  ; no     ; no             ; TTL          ; User                 ;
; sr2        ; 35    ; --       ; 4   ; 2                     ; 0                  ; no     ; no             ; TTL          ; User                 ;
; sr3        ; 36    ; --       ; 4   ; 3                     ; 0                  ; no     ; no             ; TTL          ; User                 ;
; sr_enabl   ; 40    ; --       ; 5   ; 5                     ; 0                  ; no     ; no             ; TTL          ; User                 ;
; tt_shift_l ; 83    ; --       ; 8   ; 8                     ; 0                  ; no     ; no             ; TTL          ; User                 ;
+------------+-------+----------+-----+-----------------------+--------------------+--------+----------------+--------------+----------------------+


+-------------------------------------------------------------------------------------------------------------------------------------------------------------------------------------------+
; Output Pins                                                                                                                                                                               ;
+-------+-------+----------+-----+-----------------+----------------+------------+---------------+--------------+----------------------+-------+----------------------+---------------------+
; Name  ; Pin # ; I/O Bank ; LAB ; Output Register ; Slow Slew Rate ; Open Drain ; TRI Primitive ; I/O Standard ; Location assigned by ; Load  ; Output Enable Source ; Output Enable Group ;
+-------+-------+----------+-----+-----------------+----------------+------------+---------------+--------------+----------------------+-------+----------------------+---------------------+
; as1   ; 53    ; --       ; 6   ; no              ; no             ; no         ; no            ; TTL          ; User                 ; 10 pF ; -                    ; -                   ;
; as2   ; 52    ; --       ; 6   ; no              ; no             ; no         ; no            ; TTL          ; User                 ; 10 pF ; -                    ; -                   ;
; at2   ; 49    ; --       ; 5   ; no              ; no             ; no         ; no            ; TTL          ; User                 ; 10 pF ; -                    ; -                   ;
; au2   ; 47    ; --       ; 5   ; no              ; no             ; no         ; no            ; TTL          ; User                 ; 10 pF ; -                    ; -                   ;
; c2    ; 24    ; --       ; 3   ; no              ; no             ; no         ; no            ; TTL          ; User                 ; 10 pF ; -                    ; -                   ;
; ma2_l ; 63    ; --       ; 7   ; no              ; no             ; no         ; no            ; TTL          ; User                 ; 10 pF ; -                    ; -                   ;
; ma3_l ; 65    ; --       ; 7   ; no              ; no             ; no         ; no            ; TTL          ; User                 ; 10 pF ; -                    ; -                   ;
; pc2_l ; 54    ; --       ; 6   ; no              ; no             ; no         ; no            ; TTL          ; User                 ; 10 pF ; -                    ; -                   ;
; pc3_l ; 56    ; --       ; 6   ; no              ; no             ; no         ; no            ; TTL          ; User                 ; 10 pF ; -                    ; -                   ;
+-------+-------+----------+-----+-----------------+----------------+------------+---------------+--------------+----------------------+-------+----------------------+---------------------+


+---------------------------------------------------------------------------------------------------------------------------------------------------------------------------------------------------------------------------------------------------+
; Bidir Pins                                                                                                                                                                                                                                        ;
+--------+-------+----------+-----+-----------------------+--------------------+--------+----------------+-----------------+----------------+------------+--------------+----------------------+-------+----------------------+---------------------+
; Name   ; Pin # ; I/O Bank ; LAB ; Combinational Fan-Out ; Registered Fan-Out ; Global ; Input Register ; Output Register ; Slow Slew Rate ; Open Drain ; I/O Standard ; Location assigned by ; Load  ; Output Enable Source ; Output Enable Group ;
+--------+-------+----------+-----+-----------------------+--------------------+--------+----------------+-----------------+----------------+------------+--------------+----------------------+-------+----------------------+---------------------+
; ac2_h  ; 44    ; --       ; 5   ; 0                     ; 0                  ; no     ; no             ; no              ; no             ; no         ; TTL          ; User                 ; 10 pF ; -                    ; -                   ;
; ac2_l  ; 42    ; --       ; 5   ; 0                     ; 0                  ; no     ; no             ; no              ; no             ; no         ; TTL          ; User                 ; 10 pF ; -                    ; -                   ;
; ac3_h  ; 46    ; --       ; 5   ; 0                     ; 0                  ; no     ; no             ; no              ; no             ; no         ; TTL          ; User                 ; 10 pF ; -                    ; -                   ;
; ac3_l  ; 45    ; --       ; 5   ; 0                     ; 0                  ; no     ; no             ; no              ; no             ; no         ; TTL          ; User                 ; 10 pF ; -                    ; -                   ;
; adder2 ; 77    ; --       ; 8   ; 0                     ; 0                  ; no     ; no             ; no              ; no             ; no         ; TTL          ; User                 ; 10 pF ; -                    ; -                   ;
; adder3 ; 76    ; --       ; 8   ; 0                     ; 0                  ; no     ; no             ; no              ; no             ; no         ; TTL          ; User                 ; 10 pF ; -                    ; -                   ;
; aj1    ; 70    ; --       ; 7   ; 0                     ; 0                  ; no     ; no             ; no              ; no             ; no         ; TTL          ; User                 ; 10 pF ; -                    ; -                   ;
; ak2    ; 67    ; --       ; 7   ; 0                     ; 0                  ; no     ; no             ; no              ; no             ; no         ; TTL          ; User                 ; 10 pF ; -                    ; -                   ;
; ma2_h  ; 61    ; --       ; 6   ; 0                     ; 0                  ; no     ; no             ; no              ; no             ; no         ; TTL          ; User                 ; 10 pF ; -                    ; -                   ;
; ma3_h  ; 64    ; --       ; 7   ; 0                     ; 0                  ; no     ; no             ; no              ; no             ; no         ; TTL          ; User                 ; 10 pF ; -                    ; -                   ;
; pc2_h  ; 57    ; --       ; 6   ; 0                     ; 0                  ; no     ; no             ; no              ; no             ; no         ; TTL          ; User                 ; 10 pF ; -                    ; -                   ;
; pc3_h  ; 60    ; --       ; 6   ; 0                     ; 0                  ; no     ; no             ; no              ; no             ; no         ; TTL          ; User                 ; 10 pF ; -                    ; -                   ;
+--------+-------+----------+-----+-----------------------+--------------------+--------+----------------+-----------------+----------------+------------+--------------+----------------------+-------+----------------------+---------------------+


+-------------------------------------------------------------------------------------------------------+
; All Package Pins                                                                                      ;
+----------+------------+----------+----------------+--------+--------------+---------+-----------------+
; Location ; Pad Number ; I/O Bank ; Pin Name/Usage ; Dir.   ; I/O Standard ; Voltage ; User Assignment ;
+----------+------------+----------+----------------+--------+--------------+---------+-----------------+
; 1        ; 12         ; --       ; bv2            ; input  ; TTL          ;         ; Y               ;
; 2        ; 13         ; --       ; bv1            ; input  ; TTL          ;         ; Y               ;
; 3        ; 14         ; --       ; VCCIO          ; power  ;              ; 5.0V    ;                 ;
; 4        ; 15         ; --       ; TDI            ; input  ; TTL          ;         ; N               ;
; 5        ; 16         ; --       ; mem_enabl      ; input  ; TTL          ;         ; Y               ;
; 6        ; 17         ; --       ; bu1            ; input  ; TTL          ;         ; Y               ;
; 7        ; 18         ; --       ; da_enabl       ; input  ; TTL          ;         ; Y               ;
; 8        ; 19         ; --       ; RESERVED       ;        ;              ;         ;                 ;
; 9        ; 20         ; --       ; pc_enabl       ; input  ; TTL          ;         ; Y               ;
; 10       ; 21         ; --       ; da2            ; input  ; TTL          ;         ; Y               ;
; 11       ; 22         ; --       ; GND            ; gnd    ;              ;         ;                 ;
; 12       ; 23         ; --       ; br2            ; input  ; TTL          ;         ; Y               ;
; 13       ; 24         ; --       ; mem2           ; input  ; TTL          ;         ; Y               ;
; 14       ; 25         ; --       ; data3          ; input  ; TTL          ;         ; Y               ;
; 15       ; 26         ; --       ; TMS            ; input  ; TTL          ;         ; N               ;
; 16       ; 27         ; --       ; ma_enabl       ; input  ; TTL          ;         ; Y               ;
; 17       ; 28         ; --       ; mq3_h          ; input  ; TTL          ;         ; Y               ;
; 18       ; 29         ; --       ; VCCIO          ; power  ;              ; 5.0V    ;                 ;
; 19       ; 30         ; --       ; sc3            ; input  ; TTL          ;         ; Y               ;
; 20       ; 31         ; --       ; data2          ; input  ; TTL          ;         ; Y               ;
; 21       ; 32         ; --       ; io3            ; input  ; TTL          ;         ; Y               ;
; 22       ; 33         ; --       ; io_enabl       ; input  ; TTL          ;         ; Y               ;
; 23       ; 34         ; --       ; data_enabl     ; input  ; TTL          ;         ; Y               ;
; 24       ; 35         ; --       ; c2             ; output ; TTL          ;         ; Y               ;
; 25       ; 36         ; --       ; io2            ; input  ; TTL          ;         ; Y               ;
; 26       ; 37         ; --       ; GND            ; gnd    ;              ;         ;                 ;
; 27       ; 38         ; --       ; ac_enabl_l     ; input  ; TTL          ;         ; Y               ;
; 28       ; 39         ; --       ; c0             ; input  ; TTL          ;         ; Y               ;
; 29       ; 40         ; --       ; ac_enabl       ; input  ; TTL          ;         ; Y               ;
; 30       ; 41         ; --       ; mq2_h          ; input  ; TTL          ;         ; Y               ;
; 31       ; 42         ; --       ; sc_enabl       ; input  ; TTL          ;         ; Y               ;
; 32       ; 43         ; --       ; mq_enabl       ; input  ; TTL          ;         ; Y               ;
; 33       ; 44         ; --       ; be2            ; input  ; TTL          ;         ; Y               ;
; 34       ; 45         ; --       ; VCCIO          ; power  ;              ; 5.0V    ;                 ;
; 35       ; 46         ; --       ; sr2            ; input  ; TTL          ;         ; Y               ;
; 36       ; 47         ; --       ; sr3            ; input  ; TTL          ;         ; Y               ;
; 37       ; 48         ; --       ; sc2            ; input  ; TTL          ;         ; Y               ;
; 38       ; 49         ; --       ; GND            ; gnd    ;              ;         ;                 ;
; 39       ; 50         ; --       ; VCCINT         ; power  ;              ; 5.0V    ;                 ;
; 40       ; 51         ; --       ; sr_enabl       ; input  ; TTL          ;         ; Y               ;
; 41       ; 52         ; --       ; bb2            ; input  ; TTL          ;         ; Y               ;
; 42       ; 53         ; --       ; ac2_l          ; bidir  ; TTL          ;         ; Y               ;
; 43       ; 54         ; --       ; GND            ; gnd    ;              ;         ;                 ;
; 44       ; 55         ; --       ; ac2_h          ; bidir  ; TTL          ;         ; Y               ;
; 45       ; 56         ; --       ; ac3_l          ; bidir  ; TTL          ;         ; Y               ;
; 46       ; 57         ; --       ; ac3_h          ; bidir  ; TTL          ;         ; Y               ;
; 47       ; 58         ; --       ; au2            ; output ; TTL          ;         ; Y               ;
; 48       ; 59         ; --       ; au1            ; input  ; TTL          ;         ; Y               ;
; 49       ; 60         ; --       ; at2            ; output ; TTL          ;         ; Y               ;
; 50       ; 61         ; --       ; RESERVED       ;        ;              ;         ;                 ;
; 51       ; 62         ; --       ; VCCIO          ; power  ;              ; 5.0V    ;                 ;
; 52       ; 63         ; --       ; as2            ; output ; TTL          ;         ; Y               ;
; 53       ; 64         ; --       ; as1            ; output ; TTL          ;         ; Y               ;
; 54       ; 65         ; --       ; pc2_l          ; output ; TTL          ;         ; Y               ;
; 55       ; 66         ; --       ; ar1            ; input  ; TTL          ;         ; Y               ;
; 56       ; 67         ; --       ; pc3_l          ; output ; TTL          ;         ; Y               ;
; 57       ; 68         ; --       ; pc2_h          ; bidir  ; TTL          ;         ; Y               ;
; 58       ; 69         ; --       ; an2            ; input  ; TTL          ;         ; Y               ;
; 59       ; 70         ; --       ; GND            ; gnd    ;              ;         ;                 ;
; 60       ; 71         ; --       ; pc3_h          ; bidir  ; TTL          ;         ; Y               ;
; 61       ; 72         ; --       ; ma2_h          ; bidir  ; TTL          ;         ; Y               ;
; 62       ; 73         ; --       ; TCK            ; input  ; TTL          ;         ; N               ;
; 63       ; 74         ; --       ; ma2_l          ; output ; TTL          ;         ; Y               ;
; 64       ; 75         ; --       ; ma3_h          ; bidir  ; TTL          ;         ; Y               ;
; 65       ; 76         ; --       ; ma3_l          ; output ; TTL          ;         ; Y               ;
; 66       ; 77         ; --       ; VCCIO          ; power  ;              ; 5.0V    ;                 ;
; 67       ; 78         ; --       ; ak2            ; bidir  ; TTL          ;         ; Y               ;
; 68       ; 79         ; --       ; ak1            ; input  ; TTL          ;         ; Y               ;
; 69       ; 80         ; --       ; adder5         ; input  ; TTL          ;         ; Y               ;
; 70       ; 81         ; --       ; aj1            ; bidir  ; TTL          ;         ; Y               ;
; 71       ; 82         ; --       ; adder4         ; input  ; TTL          ;         ; Y               ;
; 72       ; 83         ; --       ; shift_l2       ; input  ; TTL          ;         ; Y               ;
; 73       ; 84         ; --       ; TDO            ; output ; TTL          ;         ; N               ;
; 74       ; 85         ; --       ; GND            ; gnd    ;              ;         ;                 ;
; 75       ; 86         ; --       ; shift_l1       ; input  ; TTL          ;         ; Y               ;
; 76       ; 87         ; --       ; adder3         ; bidir  ; TTL          ;         ; Y               ;
; 77       ; 88         ; --       ; adder2         ; bidir  ; TTL          ;         ; Y               ;
; 78       ; 89         ; --       ; no_shift       ; input  ; TTL          ;         ; Y               ;
; 79       ; 90         ; --       ; shift_r1       ; input  ; TTL          ;         ; Y               ;
; 80       ; 91         ; --       ; shift_r2       ; input  ; TTL          ;         ; Y               ;
; 81       ; 92         ; --       ; adder1         ; input  ; TTL          ;         ; Y               ;
; 82       ; 93         ; --       ; VCCIO          ; power  ;              ; 5.0V    ;                 ;
; 83       ; 94         ; --       ; tt_shift_l     ; input  ; TTL          ;         ; Y               ;
; 84       ; 95         ; --       ; adder0         ; input  ; TTL          ;         ; Y               ;
; 85       ; 96         ; --       ; and_h          ; input  ; TTL          ;         ; Y               ;
; 86       ; 97         ; --       ; GND            ; gnd    ;              ;         ;                 ;
; 87       ; 98         ; --       ; GND+           ;        ;              ;         ;                 ;
; 88       ; 99         ; --       ; GND+           ;        ;              ;         ;                 ;
; 89       ; 0          ; --       ; GND+           ;        ;              ;         ;                 ;
; 90       ; 1          ; --       ; GND+           ;        ;              ;         ;                 ;
; 91       ; 2          ; --       ; VCCINT         ; power  ;              ; 5.0V    ;                 ;
; 92       ; 3          ; --       ; RESERVED       ;        ;              ;         ;                 ;
; 93       ; 4          ; --       ; RESERVED       ;        ;              ;         ;                 ;
; 94       ; 5          ; --       ; RESERVED       ;        ;              ;         ;                 ;
; 95       ; 6          ; --       ; GND            ; gnd    ;              ;         ;                 ;
; 96       ; 7          ; --       ; RESERVED       ;        ;              ;         ;                 ;
; 97       ; 8          ; --       ; RESERVED       ;        ;              ;         ;                 ;
; 98       ; 9          ; --       ; RESERVED       ;        ;              ;         ;                 ;
; 99       ; 10         ; --       ; RESERVED       ;        ;              ;         ;                 ;
; 100      ; 11         ; --       ; RESERVED       ;        ;              ;         ;                 ;
+----------+------------+----------+----------------+--------+--------------+---------+-----------------+
Note: Pin directions (input, output or bidir) are based on device operating in user mode.


+-----------------------------------------------+
; Output Pin Default Load For Reported TCO      ;
+--------------+-------+------------------------+
; I/O Standard ; Load  ; Termination Resistance ;
+--------------+-------+------------------------+
; 3.3-V LVTTL  ; 10 pF ; Not Available          ;
; 3.3-V LVCMOS ; 10 pF ; Not Available          ;
; TTL          ; 10 pF ; Not Available          ;
+--------------+-------+------------------------+
Note: User assignments will override these defaults. The user specified values are listed in the Output Pins and Bidir Pins tables.


+-------------------------------------------------------------------------------------+
; Fitter Resource Utilization by Entity                                               ;
+----------------------------+------------+------+---------------------+--------------+
; Compilation Hierarchy Node ; Macrocells ; Pins ; Full Hierarchy Name ; Library Name ;
+----------------------------+------------+------+---------------------+--------------+
; |m220c                     ; 39         ; 70   ; |m220c              ; work         ;
+----------------------------+------------+------+---------------------+--------------+


+--------------------------------------------------------------------------------------+
; Control Signals                                                                      ;
+------+----------+---------+-------+--------+----------------------+------------------+
; Name ; Location ; Fan-Out ; Usage ; Global ; Global Resource Used ; Global Line Name ;
+------+----------+---------+-------+--------+----------------------+------------------+
; ak1  ; PIN_68   ; 2       ; Clock ; no     ; --                   ; --               ;
; an2  ; PIN_58   ; 2       ; Clock ; no     ; --                   ; --               ;
; ar1  ; PIN_55   ; 2       ; Clock ; no     ; --                   ; --               ;
; au1  ; PIN_48   ; 2       ; Clock ; no     ; --                   ; --               ;
+------+----------+---------+-------+--------+----------------------+------------------+


+---------------------------------+
; Non-Global High Fan-Out Signals ;
+-------------------+-------------+
; Name              ; Fan-Out     ;
+-------------------+-------------+
; shift_l2          ; 10          ;
; and_h             ; 10          ;
; adder4            ; 10          ;
; shift_r2          ; 9           ;
; shift_r1          ; 9           ;
; shift_l1          ; 9           ;
; adder1            ; 9           ;
; adder3~13         ; 9           ;
; adder2~8          ; 9           ;
; tt_shift_l        ; 8           ;
; no_shift          ; 7           ;
; mb3_h             ; 7           ;
; mb2_h             ; 7           ;
; c0                ; 6           ;
; ac3_h~reg0        ; 6           ;
; sr_enabl          ; 5           ;
; sc_enabl          ; 5           ;
; pc_enabl          ; 5           ;
; mq_enabl          ; 5           ;
; io_enabl          ; 5           ;
; data_enabl        ; 5           ;
; da_enabl          ; 5           ;
; bb2               ; 5           ;
; adder5            ; 5           ;
; ac_enabl_l        ; 5           ;
; ac_enabl          ; 5           ;
; ac2_h~reg0        ; 5           ;
; pc3_h~reg0        ; 5           ;
; ma3_h~reg0        ; 5           ;
; adder0            ; 4           ;
; pc2_h~reg0        ; 4           ;
; ma2_h~reg0        ; 4           ;
; comb~43           ; 4           ;
; sr3               ; 3           ;
; sc3               ; 3           ;
; mq3_h             ; 3           ;
; io3               ; 3           ;
; data3             ; 3           ;
; bv2               ; 3           ;
; bv1               ; 3           ;
; bu1               ; 3           ;
; br2               ; 3           ;
; gdollar_0~7       ; 3           ;
; comb~31           ; 3           ;
; ak2~66            ; 2           ;
; ak2~65            ; 2           ;
; sr2               ; 2           ;
; sc2               ; 2           ;
; mq2_h             ; 2           ;
; mem_enabl         ; 2           ;
; mem2              ; 2           ;
; ma_enabl          ; 2           ;
; io2               ; 2           ;
; data2             ; 2           ;
; da2               ; 2           ;
; be2               ; 2           ;
; au1               ; 2           ;
; ar1               ; 2           ;
; an2               ; 2           ;
; ak1               ; 2           ;
; adder3~9bal       ; 2           ;
; comb~49           ; 2           ;
; aj1~31            ; 2           ;
; aj1~30            ; 2           ;
; aj1~29            ; 2           ;
; aj1~28            ; 2           ;
; comb~38           ; 2           ;
; ak2~71            ; 1           ;
; ak2~70            ; 1           ;
; ak2~69            ; 1           ;
; ak2~68            ; 1           ;
; ak2~67            ; 1           ;
; aj1~71            ; 1           ;
; aj1~70            ; 1           ;
; aj1~69            ; 1           ;
; aj1~68            ; 1           ;
; adder2~20sexp4bal ; 1           ;
; adder2~21bal      ; 1           ;
; ak2~17sexp        ; 1           ;
; aj1~65            ; 1           ;
; aj1~61            ; 1           ;
; ak2~61            ; 1           ;
; ak2~58            ; 1           ;
; adder3~31         ; 1           ;
; adder3~29         ; 1           ;
; comb~53           ; 1           ;
; comb~50           ; 1           ;
; mb3_h~1           ; 1           ;
; ak2~46            ; 1           ;
; ak2~45            ; 1           ;
; ak2~44            ; 1           ;
; ak2~43            ; 1           ;
; c2~9              ; 1           ;
; adder2~23         ; 1           ;
; ac2_h~4           ; 1           ;
; pc2_h~3           ; 1           ;
; ma2_h~3           ; 1           ;
; aj1~26            ; 1           ;
; mb2_h~1           ; 1           ;
; adder3~24         ; 1           ;
; ac3_h~4           ; 1           ;
; pc3_h~3           ; 1           ;
; ma3_h~3           ; 1           ;
; adder3~8          ; 1           ;
; adder3~7          ; 1           ;
; adder3~6          ; 1           ;
; adder3~5          ; 1           ;
; adder3~4          ; 1           ;
; adder2~7          ; 1           ;
; adder2~6          ; 1           ;
; adder2~5          ; 1           ;
; adder2~4          ; 1           ;
; ak2~16            ; 1           ;
; ak2~15            ; 1           ;
; ak2~14            ; 1           ;
+-------------------+-------------+


+--------------------------------------------------+
; Other Routing Usage Summary                      ;
+-----------------------------+--------------------+
; Other Routing Resource Type ; Usage              ;
+-----------------------------+--------------------+
; Output enables              ; 0 / 6 ( 0 % )      ;
; PIA buffers                 ; 108 / 288 ( 38 % ) ;
; PIAs                        ; 116 / 288 ( 40 % ) ;
+-----------------------------+--------------------+


+-----------------------------------------------------------------------------+
; LAB External Interconnect                                                   ;
+-----------------------------------------------+-----------------------------+
; LAB External Interconnects  (Average = 14.50) ; Number of LABs  (Total = 6) ;
+-----------------------------------------------+-----------------------------+
; 0 - 2                                         ; 2                           ;
; 3 - 5                                         ; 0                           ;
; 6 - 8                                         ; 0                           ;
; 9 - 11                                        ; 0                           ;
; 12 - 14                                       ; 2                           ;
; 15 - 17                                       ; 0                           ;
; 18 - 20                                       ; 2                           ;
; 21 - 23                                       ; 1                           ;
; 24 - 26                                       ; 0                           ;
; 27 - 29                                       ; 0                           ;
; 30 - 32                                       ; 1                           ;
+-----------------------------------------------+-----------------------------+


+----------------------------------------------------------------------+
; LAB Macrocells                                                       ;
+----------------------------------------+-----------------------------+
; Number of Macrocells  (Average = 4.88) ; Number of LABs  (Total = 6) ;
+----------------------------------------+-----------------------------+
; 0                                      ; 2                           ;
; 1                                      ; 0                           ;
; 2                                      ; 0                           ;
; 3                                      ; 1                           ;
; 4                                      ; 1                           ;
; 5                                      ; 0                           ;
; 6                                      ; 0                           ;
; 7                                      ; 2                           ;
; 8                                      ; 1                           ;
; 9                                      ; 0                           ;
; 10                                     ; 1                           ;
+----------------------------------------+-----------------------------+


+---------------------------------------------------------+
; Parallel Expander                                       ;
+--------------------------+------------------------------+
; Parallel Expander Length ; Number of Parallel Expanders ;
+--------------------------+------------------------------+
; 0                        ; 0                            ;
; 1                        ; 6                            ;
; 2                        ; 1                            ;
+--------------------------+------------------------------+


+-------------------------------------------------------------------------------+
; Shareable Expander                                                            ;
+-------------------------------------------------+-----------------------------+
; Number of shareable expanders  (Average = 3.88) ; Number of LABs  (Total = 5) ;
+-------------------------------------------------+-----------------------------+
; 0                                               ; 3                           ;
; 1                                               ; 0                           ;
; 2                                               ; 0                           ;
; 3                                               ; 0                           ;
; 4                                               ; 1                           ;
; 5                                               ; 1                           ;
; 6                                               ; 1                           ;
; 7                                               ; 0                           ;
; 8                                               ; 2                           ;
+-------------------------------------------------+-----------------------------+


+-------------------------------------------------------------------------------------------------------------------------------------------------------------------------------------------------------------------------------------------+
; Logic Cell Interconnection                                                                                                                                                                                                                ;
+-----+------------+------------------------------------------------------------------------------------------------------------------------------------+-----------------------------------------------------------------------------------+
; LAB ; Logic Cell ; Input                                                                                                                              ; Output                                                                            ;
+-----+------------+------------------------------------------------------------------------------------------------------------------------------------+-----------------------------------------------------------------------------------+
;  A  ; LC1        ; io2, io_enabl, ac_enabl, ac2_h~reg0                                                                                                ; adder2~23                                                                         ;
;  A  ; LC3        ; comb~50, data2, data_enabl, io2, io_enabl, ac_enabl, ac2_h~reg0, ac_enabl_l, mq2_h, mq_enabl                                       ; adder2~8, c2~9                                                                    ;
;  A  ; LC2        ; sr2, sr_enabl, sc2, sc_enabl                                                                                                       ; comb~38                                                                           ;
;  A  ; LC7        ; ac2_h~reg0, ac_enabl_l, mq2_h, mq_enabl, sr2, sr_enabl, sc2, sc_enabl, data2, data_enabl                                           ; adder2~23                                                                         ;
;  C  ; LC35       ; comb~49, comb~38, comb~31, comb~43, gdollar_0~7                                                                                    ; c2                                                                                ;
;  C  ; LC45       ; ma2_h~reg0, ma_enabl, pc2_h~reg0, pc_enabl, mem2, mem_enabl, da2, da_enabl                                                         ; adder2~23, c2~9                                                                   ;
;  C  ; LC33       ; comb~31, comb~38, comb~43, gdollar_0~7, adder2~4, adder2~5, adder2~6, adder2~7                                                     ; ak2~15, aj1~29, ak2~58, ak2~61, aj1~61, ak2~46, aj1~26, aj1~69, ak2~70            ;
;  E  ; LC69       ; ac2_h~reg0                                                                                                                         ; ac2_l                                                                             ;
;  E  ; LC73       ; ak2~14, ak2~15, ak2~16, mb3_h, and_h, adder5, shift_l2, adder3~13, au1, ak2~17sexp                                                 ; adder3~13, ac3_h~4, ac3_h, adder3~29, adder3~31, comb~43                          ;
;  E  ; LC72       ; ac3_h~reg0                                                                                                                         ; ac3_l                                                                             ;
;  E  ; LC78       ; aj1~61, adder0, shift_r2, mb2_h, and_h, adder4, shift_l2, bb2, tt_shift_l, ar1                                                     ; mb2_h, at2, mb2_h~1, ma2_h~reg0, pc2_h~reg0, ac2_h~reg0, aj1~65                   ;
;  E  ; LC75       ; mb2_h                                                                                                                              ; au2                                                                               ;
;  E  ; LC70       ; aj1~68, aj1~69, aj1~70, aj1~71, mb2_h, and_h, adder4, shift_l2, bb2, tt_shift_l, au1                                               ; comb~38, ac2_h~4, ac2_h, adder2~21bal, adder2~20sexp4bal                          ;
;  E  ; LC77       ; adder1, shift_r1, adder2~8, no_shift, adder3~13, shift_l1                                                                          ; mb2_h                                                                             ;
;  F  ; LC94       ; aj1~28, aj1~29, aj1~30, aj1~31, mb2_h, and_h, adder4, shift_l2, bb2, tt_shift_l, ak1                                               ; adder2~4, ma2_h~3, comb~49, ma2_h                                                 ;
;  F  ; LC93       ; ak2~61, adder1, shift_r2, mb3_h, and_h, adder5, shift_l2, adder3~13, an2, ak2~66                                                   ; comb~31, gdollar_0~7, pc3_h~3, pc3_h, adder3~9bal                                 ;
;  F  ; LC89       ; aj1~28, aj1~29, aj1~30, aj1~31, mb2_h, and_h, adder4, shift_l2, bb2, tt_shift_l, an2                                               ; adder2~5, pc2_h~3, comb~49, pc2_h                                                 ;
;  F  ; LC88       ; pc3_h~reg0                                                                                                                         ; pc3_l                                                                             ;
;  F  ; LC85       ; pc2_h~reg0                                                                                                                         ; pc2_l                                                                             ;
;  F  ; LC81       ; ak2~69, ak2~70, ak2~71, mb3_h, and_h, adder5, shift_l2, adder3~13, ar1, ak2~66                                                     ; ac3_h~reg0, ma3_h~reg0, pc3_h~reg0, ak2~43, mb3_h, as2, mb3_h~1                   ;
;  F  ; LC83       ; mb3_h                                                                                                                              ; as1                                                                               ;
;  F  ; LC92       ; adder4, shift_l1, adder2~8, shift_r1                                                                                               ; pc3_h~reg0                                                                        ;
;  G  ; LC101      ; ma3_h~reg0                                                                                                                         ; ma3_l                                                                             ;
;  G  ; LC107      ; aj1~65, adder3~13, shift_l1, adder4, shift_l2, bb2, tt_shift_l, adder2~8, no_shift, adder1, shift_r1                               ; aj1                                                                               ;
;  G  ; LC98       ; adder4, shift_l1, adder2~8, shift_r1                                                                                               ; ma3_h~reg0                                                                        ;
;  G  ; LC97       ; ma2_h~reg0                                                                                                                         ; ma2_l                                                                             ;
;  G  ; LC102      ; ak2~67, adder2~8, ak2~68, ak2~43, ak2~44, ak2~45, shift_r1                                                                         ; ak2                                                                               ;
;  G  ; LC106      ; mb2_h, and_h, adder0, shift_r2                                                                                                     ; aj1~26                                                                            ;
;  G  ; LC99       ; ak2~58, adder1, shift_r2, mb3_h, and_h, adder5, shift_l2, adder3~13, ak1, ak2~65                                                   ; comb~31, gdollar_0~7, ma3_h~3, ma3_h, adder3~9bal                                 ;
;  H  ; LC113      ; data3, data_enabl, sc3, sc_enabl, sr3, sr_enabl                                                                                    ; comb~43                                                                           ;
;  H  ; LC118      ; ac_enabl, ac3_h~reg0, c0                                                                                                           ; adder3~31                                                                         ;
;  H  ; LC119      ; adder3~29, ac3_h~reg0, c0, ac_enabl_l, mq3_h, mq_enabl, sr3, sr_enabl, sc3, sc_enabl, data3, data_enabl                            ; adder3~13                                                                         ;
;  H  ; LC114      ; comb~53, io3, io_enabl, be2, ac3_h~reg0, ac_enabl_l, ac_enabl, mq3_h, mq_enabl                                                     ; adder2~8, adder3~24, adder2~23, c2~9                                              ;
;  H  ; LC115      ; comb~43, c0, adder3~9bal                                                                                                           ; adder3                                                                            ;
;  H  ; LC120      ; adder3~31, c0, io3, io_enabl, be2, adder3~8, adder3~7, adder3~6, adder3~5, adder3~4, ac_enabl, ac3_h~reg0, ac_enabl_l, adder3~9bal ; ac3_h~reg0, ma3_h~reg0, pc3_h~reg0, aj1~26, aj1~30, ak2~45, mb3_h, aj1~61, aj1~70 ;
;  H  ; LC128      ; ma3_h~reg0, br2, c0, pc3_h~reg0, pc_enabl, bv1, bv2, bu1, da_enabl                                                                 ; adder2~8, adder2~23, c2~9                                                         ;
;  H  ; LC117      ; comb~31, comb~49, comb~43, gdollar_0~7, adder2~21bal, adder2~20sexp4bal                                                            ; adder2                                                                            ;
;  H  ; LC125      ; ma3_h~reg0, br2, pc3_h~reg0, pc_enabl, bv1, bv2, bu1, da_enabl                                                                     ; adder3~13, adder3~24                                                              ;
;  H  ; LC123      ; ma3_h~reg0, br2, pc3_h~reg0, pc_enabl, bv1, bv2, bu1, da_enabl, c0                                                                 ; adder2~8, adder2~23, c2~9                                                         ;
+-----+------------+------------------------------------------------------------------------------------------------------------------------------------+-----------------------------------------------------------------------------------+


+---------------------------------------------------------------+
; Fitter Device Options                                         ;
+----------------------------------------------+----------------+
; Option                                       ; Setting        ;
+----------------------------------------------+----------------+
; Enable user-supplied start-up clock (CLKUSR) ; Off            ;
; Enable device-wide reset (DEV_CLRn)          ; Off            ;
; Enable device-wide output enable (DEV_OE)    ; Off            ;
; Enable INIT_DONE output                      ; Off            ;
; Configuration scheme                         ; Passive Serial ;
; Security bit                                 ; Off            ;
; Base pin-out file on sameframe device        ; Off            ;
+----------------------------------------------+----------------+


+-----------------+
; Fitter Messages ;
+-----------------+
Warning (20028): Parallel compilation is not licensed and has been disabled
Info (119006): Selected device EPM7128STC100-15 for design "M220C"
Info: Quartus II 64-Bit Fitter was successful. 0 errors, 1 warning
    Info: Peak virtual memory: 4691 megabytes
    Info: Processing ended: Thu Aug 06 23:09:39 2026
    Info: Elapsed time: 00:00:01
    Info: Total CPU time (on all processors): 00:00:01


