Analysis & Synthesis report for M837
Sat Nov 23 00:36:02 2019
Quartus II 64-Bit Version 13.0.1 Build 232 06/12/2013 Service Pack 1 SJ Web Edition


---------------------
; Table of Contents ;
---------------------
  1. Legal Notice
  2. Analysis & Synthesis Summary
  3. Analysis & Synthesis Settings
  4. Parallel Compilation
  5. Analysis & Synthesis Source Files Read
  6. Analysis & Synthesis Resource Usage Summary
  7. Analysis & Synthesis Resource Utilization by Entity
  8. User-Specified and Inferred Latches
  9. Logic Cells Representing Combinational Loops
 10. Registers Removed During Synthesis
 11. Analysis & Synthesis Messages



----------------
; Legal Notice ;
----------------
Copyright (C) 1991-2013 Altera Corporation
Your use of Altera Corporation's design tools, logic functions 
and other software and tools, and its AMPP partner logic 
functions, and any output files from any of the foregoing 
(including device programming or simulation files), and any 
associated documentation or information are expressly subject 
to the terms and conditions of the Altera Program License 
Subscription Agreement, Altera MegaCore Function License 
Agreement, or other applicable license agreement, including, 
without limitation, that your use is for the sole purpose of 
programming logic devices manufactured by Altera and sold by 
Altera or its authorized distributors.  Please refer to the 
applicable agreement for further details.



+-------------------------------------------------------------------------------+
; Analysis & Synthesis Summary                                                  ;
+-----------------------------+-------------------------------------------------+
; Analysis & Synthesis Status ; Successful - Sat Nov 23 00:36:02 2019           ;
; Quartus II 64-Bit Version   ; 13.0.1 Build 232 06/12/2013 SP 1 SJ Web Edition ;
; Revision Name               ; M837                                            ;
; Top-level Entity Name       ; M837                                            ;
; Family                      ; MAX7000S                                        ;
; Total macrocells            ; 57                                              ;
; Total pins                  ; 54                                              ;
+-----------------------------+-------------------------------------------------+


+--------------------------------------------------------------------------------------------------------------+
; Analysis & Synthesis Settings                                                                                ;
+----------------------------------------------------------------------------+-----------------+---------------+
; Option                                                                     ; Setting         ; Default Value ;
+----------------------------------------------------------------------------+-----------------+---------------+
; Device                                                                     ; EPM7128SLC84-10 ;               ;
; Top-level entity name                                                      ; M837            ; M837          ;
; Family name                                                                ; MAX7000S        ; Cyclone IV GX ;
; Use smart compilation                                                      ; Off             ; Off           ;
; Enable parallel Assembler and TimeQuest Timing Analyzer during compilation ; On              ; On            ;
; Enable compact report table                                                ; Off             ; Off           ;
; Create Debugging Nodes for IP Cores                                        ; Off             ; Off           ;
; Preserve fewer node names                                                  ; On              ; On            ;
; Disable OpenCore Plus hardware evaluation                                  ; Off             ; Off           ;
; Verilog Version                                                            ; Verilog_2001    ; Verilog_2001  ;
; VHDL Version                                                               ; VHDL_1993       ; VHDL_1993     ;
; State Machine Processing                                                   ; Auto            ; Auto          ;
; Safe State Machine                                                         ; Off             ; Off           ;
; Extract Verilog State Machines                                             ; On              ; On            ;
; Extract VHDL State Machines                                                ; On              ; On            ;
; Ignore Verilog initial constructs                                          ; Off             ; Off           ;
; Iteration limit for constant Verilog loops                                 ; 5000            ; 5000          ;
; Iteration limit for non-constant Verilog loops                             ; 250             ; 250           ;
; Add Pass-Through Logic to Inferred RAMs                                    ; On              ; On            ;
; Infer RAMs from Raw Logic                                                  ; On              ; On            ;
; Parallel Synthesis                                                         ; On              ; On            ;
; NOT Gate Push-Back                                                         ; On              ; On            ;
; Power-Up Don't Care                                                        ; On              ; On            ;
; Remove Duplicate Registers                                                 ; On              ; On            ;
; Ignore CARRY Buffers                                                       ; Off             ; Off           ;
; Ignore CASCADE Buffers                                                     ; Off             ; Off           ;
; Ignore GLOBAL Buffers                                                      ; Off             ; Off           ;
; Ignore ROW GLOBAL Buffers                                                  ; Off             ; Off           ;
; Ignore LCELL Buffers                                                       ; Auto            ; Auto          ;
; Ignore SOFT Buffers                                                        ; Off             ; Off           ;
; Limit AHDL Integers to 32 Bits                                             ; Off             ; Off           ;
; Optimization Technique                                                     ; Speed           ; Speed         ;
; Allow XOR Gate Usage                                                       ; On              ; On            ;
; Auto Logic Cell Insertion                                                  ; On              ; On            ;
; Parallel Expander Chain Length                                             ; 4               ; 4             ;
; Auto Parallel Expanders                                                    ; On              ; On            ;
; Auto Open-Drain Pins                                                       ; On              ; On            ;
; Auto Resource Sharing                                                      ; Off             ; Off           ;
; Maximum Fan-in Per Macrocell                                               ; 100             ; 100           ;
; Use LogicLock Constraints during Resource Balancing                        ; On              ; On            ;
; Ignore translate_off and synthesis_off directives                          ; Off             ; Off           ;
; Report Parameter Settings                                                  ; On              ; On            ;
; Report Source Assignments                                                  ; On              ; On            ;
; Report Connectivity Checks                                                 ; On              ; On            ;
; HDL message level                                                          ; Level2          ; Level2        ;
; Suppress Register Optimization Related Messages                            ; Off             ; Off           ;
; Number of Removed Registers Reported in Synthesis Report                   ; 5000            ; 5000          ;
; Number of Swept Nodes Reported in Synthesis Report                         ; 5000            ; 5000          ;
; Number of Inverted Registers Reported in Synthesis Report                  ; 100             ; 100           ;
; Block Design Naming                                                        ; Auto            ; Auto          ;
; Synthesis Effort                                                           ; Auto            ; Auto          ;
; Shift Register Replacement - Allow Asynchronous Clear Signal               ; On              ; On            ;
; Pre-Mapping Resynthesis Optimization                                       ; Off             ; Off           ;
; Analysis & Synthesis Message Level                                         ; Medium          ; Medium        ;
; Disable Register Merging Across Hierarchies                                ; Auto            ; Auto          ;
; Synthesis Seed                                                             ; 1               ; 1             ;
+----------------------------------------------------------------------------+-----------------+---------------+


Parallel compilation was disabled, but you have multiple processors available. Enable parallel compilation to reduce compilation time.
+-------------------------------------+
; Parallel Compilation                ;
+----------------------------+--------+
; Processors                 ; Number ;
+----------------------------+--------+
; Number detected on machine ; 4      ;
; Maximum allowed            ; 1      ;
+----------------------------+--------+


+---------------------------------------------------------------------------------------------------------------------------------------------------------+
; Analysis & Synthesis Source Files Read                                                                                                                  ;
+----------------------------------+-----------------+------------------------+-----------------------------------------------------------------+---------+
; File Name with User-Entered Path ; Used in Netlist ; File Type              ; File Name with Absolute Path                                    ; Library ;
+----------------------------------+-----------------+------------------------+-----------------------------------------------------------------+---------+
; M837v.v                          ; yes             ; User Verilog HDL File  ; C:/Users/vrs/Documents/Eagle/projects/DEC/Mxxx/M837/pld/M837v.v ;         ;
+----------------------------------+-----------------+------------------------+-----------------------------------------------------------------+---------+


+---------------------------------------------+
; Analysis & Synthesis Resource Usage Summary ;
+----------------------+----------------------+
; Resource             ; Usage                ;
+----------------------+----------------------+
; Logic cells          ; 57                   ;
; Total registers      ; 0                    ;
; I/O pins             ; 54                   ;
; Shareable expanders  ; 6                    ;
; Maximum fan-out node ; ibifdf_clr_low~4     ;
; Maximum fan-out      ; 25                   ;
; Total fan-out        ; 324                  ;
; Average fan-out      ; 2.77                 ;
+----------------------+----------------------+


+-------------------------------------------------------------------------------------+
; Analysis & Synthesis Resource Utilization by Entity                                 ;
+----------------------------+------------+------+---------------------+--------------+
; Compilation Hierarchy Node ; Macrocells ; Pins ; Full Hierarchy Name ; Library Name ;
+----------------------------+------------+------+---------------------+--------------+
; |M837                      ; 57         ; 54   ; |M837               ; work         ;
+----------------------------+------------+------+---------------------+--------------+


+---------------------------------------------------------------------------------------------------------------+
; User-Specified and Inferred Latches                                                                           ;
+-----------------------------------------------------+--------------------------------+------------------------+
; Latch Name                                          ; Latch Enable Signal            ; Free of Timing Hazards ;
+-----------------------------------------------------+--------------------------------+------------------------+
; df0                                                 ; lp_la_or_tp3_rp_low            ; yes                    ;
; if0                                                 ; lp_la_or_tp4_and_ld_ctl_rp_low ; yes                    ;
; ema_disable_low                                     ; tp4                            ; yes                    ;
; df1                                                 ; lp_la_or_tp3_rp_low            ; yes                    ;
; if1                                                 ; lp_la_or_tp4_and_ld_ctl_rp_low ; yes                    ;
; df2                                                 ; lp_la_or_tp3_rp_low            ; yes                    ;
; if2                                                 ; lp_la_or_tp4_and_ld_ctl_rp_low ; yes                    ;
; df0_m                                               ; lp_la_or_tp3_rp_low            ; yes                    ;
; if0_m                                               ; lp_la_or_tp4_and_ld_ctl_rp_low ; yes                    ;
; ema_disable_low_m                                   ; tp4                            ; yes                    ;
; df1_m                                               ; lp_la_or_tp3_rp_low            ; yes                    ;
; if1_m                                               ; lp_la_or_tp4_and_ld_ctl_rp_low ; yes                    ;
; df2_m                                               ; lp_la_or_tp3_rp_low            ; yes                    ;
; if2_m                                               ; lp_la_or_tp4_and_ld_ctl_rp_low ; yes                    ;
; uf                                                  ; lp_la_or_tp4_and_ld_ctl_rp_low ; yes                    ;
; df_enable$latch                                     ; tp4                            ; yes                    ;
; ib1                                                 ; lp_la_or_tp3_rp_low            ; yes                    ;
; ib2                                                 ; lp_la_or_tp3_rp_low            ; yes                    ;
; db                                                  ; tp3                            ; yes                    ;
; ib0                                                 ; lp_la_or_tp3_rp_low            ; yes                    ;
; uf_m                                                ; lp_la_or_tp4_and_ld_ctl_rp_low ; yes                    ;
; df_enable_m                                         ; tp4                            ; yes                    ;
; ib1_m                                               ; lp_la_or_tp3_rp_low            ; yes                    ;
; ib2_m                                               ; lp_la_or_tp3_rp_low            ; yes                    ;
; db_m                                                ; tp3                            ; yes                    ;
; ib0_m                                               ; lp_la_or_tp3_rp_low            ; yes                    ;
; Number of user-specified and inferred latches = 26  ;                                ;                        ;
+-----------------------------------------------------+--------------------------------+------------------------+
Note: All latches listed above may not be present at the end of synthesis due to various synthesis optimizations.


+------------------------------------------------------------+
; Logic Cells Representing Combinational Loops               ;
+--------------------------------------------------------+---+
; Logic Cell Name                                        ;   ;
+--------------------------------------------------------+---+
; uint~0                                                 ;   ;
; Number of logic cells representing combinational loops ; 1 ;
+--------------------------------------------------------+---+
Note: All cells listed above may not be present at the end of synthesis due to various synthesis optimizations.


+------------------------------------------------------------+
; Registers Removed During Synthesis                         ;
+---------------------------------------+--------------------+
; Register name                         ; Reason for Removal ;
+---------------------------------------+--------------------+
; suf_l                                 ; Lost fanout        ;
; sf0_l                                 ; Lost fanout        ;
; sf1_l                                 ; Lost fanout        ;
; sf2_l                                 ; Lost fanout        ;
; sf3_l                                 ; Lost fanout        ;
; sf4_l                                 ; Lost fanout        ;
; sf5_l                                 ; Lost fanout        ;
; Total Number of Removed Registers = 7 ;                    ;
+---------------------------------------+--------------------+


+-------------------------------+
; Analysis & Synthesis Messages ;
+-------------------------------+
Info: *******************************************************************
Info: Running Quartus II 64-Bit Analysis & Synthesis
    Info: Version 13.0.1 Build 232 06/12/2013 Service Pack 1 SJ Web Edition
    Info: Processing started: Sat Nov 23 00:35:59 2019
Info: Command: quartus_map --read_settings_files=on --write_settings_files=off M837 -c M837
Warning (20028): Parallel compilation is not licensed and has been disabled
Info (12021): Found 1 design units, including 1 entities, in source file m837v.v
    Info (12023): Found entity 1: M837
Warning (10236): Verilog HDL Implicit Net warning at M837v.v(465): created implicit net for "__lp_df_enab_and_ema_disab_rp_low"
Info (12127): Elaborating entity "M837" for the top level hierarchy
Warning (10240): Verilog HDL Always Construct warning at M837v.v(211): inferring latch(es) for variable "uf_m", which holds its previous value in one or more paths through the always construct
Warning (10240): Verilog HDL Always Construct warning at M837v.v(219): inferring latch(es) for variable "uf", which holds its previous value in one or more paths through the always construct
Warning (10240): Verilog HDL Always Construct warning at M837v.v(226): inferring latch(es) for variable "if0_m", which holds its previous value in one or more paths through the always construct
Warning (10240): Verilog HDL Always Construct warning at M837v.v(234): inferring latch(es) for variable "if0", which holds its previous value in one or more paths through the always construct
Warning (10240): Verilog HDL Always Construct warning at M837v.v(241): inferring latch(es) for variable "if1_m", which holds its previous value in one or more paths through the always construct
Warning (10240): Verilog HDL Always Construct warning at M837v.v(249): inferring latch(es) for variable "if1", which holds its previous value in one or more paths through the always construct
Warning (10240): Verilog HDL Always Construct warning at M837v.v(256): inferring latch(es) for variable "if2_m", which holds its previous value in one or more paths through the always construct
Warning (10240): Verilog HDL Always Construct warning at M837v.v(264): inferring latch(es) for variable "if2", which holds its previous value in one or more paths through the always construct
Warning (10240): Verilog HDL Always Construct warning at M837v.v(328): inferring latch(es) for variable "gdollar_0_m", which holds its previous value in one or more paths through the always construct
Warning (10240): Verilog HDL Always Construct warning at M837v.v(335): inferring latch(es) for variable "gdollar_0", which holds its previous value in one or more paths through the always construct
Warning (10240): Verilog HDL Always Construct warning at M837v.v(342): inferring latch(es) for variable "ib0_m", which holds its previous value in one or more paths through the always construct
Warning (10240): Verilog HDL Always Construct warning at M837v.v(350): inferring latch(es) for variable "ib0", which holds its previous value in one or more paths through the always construct
Warning (10240): Verilog HDL Always Construct warning at M837v.v(357): inferring latch(es) for variable "ib1_m", which holds its previous value in one or more paths through the always construct
Warning (10240): Verilog HDL Always Construct warning at M837v.v(365): inferring latch(es) for variable "ib1", which holds its previous value in one or more paths through the always construct
Warning (10240): Verilog HDL Always Construct warning at M837v.v(372): inferring latch(es) for variable "ib2_m", which holds its previous value in one or more paths through the always construct
Warning (10240): Verilog HDL Always Construct warning at M837v.v(380): inferring latch(es) for variable "ib2", which holds its previous value in one or more paths through the always construct
Warning (10240): Verilog HDL Always Construct warning at M837v.v(395): inferring latch(es) for variable "ema_disable_low_m", which holds its previous value in one or more paths through the always construct
Warning (10240): Verilog HDL Always Construct warning at M837v.v(402): inferring latch(es) for variable "ema_disable_low", which holds its previous value in one or more paths through the always construct
Warning (10240): Verilog HDL Always Construct warning at M837v.v(427): inferring latch(es) for variable "db_m", which holds its previous value in one or more paths through the always construct
Warning (10240): Verilog HDL Always Construct warning at M837v.v(437): inferring latch(es) for variable "db", which holds its previous value in one or more paths through the always construct
Warning (10240): Verilog HDL Always Construct warning at M837v.v(447): inferring latch(es) for variable "df_enable_m", which holds its previous value in one or more paths through the always construct
Warning (10240): Verilog HDL Always Construct warning at M837v.v(454): inferring latch(es) for variable "df_enable", which holds its previous value in one or more paths through the always construct
Warning (10240): Verilog HDL Always Construct warning at M837v.v(630): inferring latch(es) for variable "gdollar_2_m", which holds its previous value in one or more paths through the always construct
Warning (10240): Verilog HDL Always Construct warning at M837v.v(637): inferring latch(es) for variable "gdollar_2", which holds its previous value in one or more paths through the always construct
Warning (10240): Verilog HDL Always Construct warning at M837v.v(644): inferring latch(es) for variable "df0_m", which holds its previous value in one or more paths through the always construct
Warning (10240): Verilog HDL Always Construct warning at M837v.v(652): inferring latch(es) for variable "df0", which holds its previous value in one or more paths through the always construct
Warning (10240): Verilog HDL Always Construct warning at M837v.v(659): inferring latch(es) for variable "df1_m", which holds its previous value in one or more paths through the always construct
Warning (10240): Verilog HDL Always Construct warning at M837v.v(667): inferring latch(es) for variable "df1", which holds its previous value in one or more paths through the always construct
Warning (10240): Verilog HDL Always Construct warning at M837v.v(674): inferring latch(es) for variable "df2_m", which holds its previous value in one or more paths through the always construct
Warning (10240): Verilog HDL Always Construct warning at M837v.v(682): inferring latch(es) for variable "df2", which holds its previous value in one or more paths through the always construct
Info (10041): Inferred latch for "df2" at M837v.v(682)
Info (10041): Inferred latch for "df2_m" at M837v.v(674)
Info (10041): Inferred latch for "df1" at M837v.v(667)
Info (10041): Inferred latch for "df1_m" at M837v.v(659)
Info (10041): Inferred latch for "df0" at M837v.v(652)
Info (10041): Inferred latch for "df0_m" at M837v.v(644)
Info (10041): Inferred latch for "df_enable" at M837v.v(454)
Info (10041): Inferred latch for "df_enable_m" at M837v.v(447)
Info (10041): Inferred latch for "db" at M837v.v(437)
Info (10041): Inferred latch for "db_m" at M837v.v(427)
Info (10041): Inferred latch for "ema_disable_low" at M837v.v(402)
Info (10041): Inferred latch for "ema_disable_low_m" at M837v.v(395)
Info (10041): Inferred latch for "ib2" at M837v.v(380)
Info (10041): Inferred latch for "ib2_m" at M837v.v(372)
Info (10041): Inferred latch for "ib1" at M837v.v(365)
Info (10041): Inferred latch for "ib1_m" at M837v.v(357)
Info (10041): Inferred latch for "ib0" at M837v.v(350)
Info (10041): Inferred latch for "ib0_m" at M837v.v(342)
Info (10041): Inferred latch for "if2" at M837v.v(264)
Info (10041): Inferred latch for "if2_m" at M837v.v(256)
Info (10041): Inferred latch for "if1" at M837v.v(249)
Info (10041): Inferred latch for "if1_m" at M837v.v(241)
Info (10041): Inferred latch for "if0" at M837v.v(234)
Info (10041): Inferred latch for "if0_m" at M837v.v(226)
Info (10041): Inferred latch for "uf" at M837v.v(219)
Info (10041): Inferred latch for "uf_m" at M837v.v(211)
Warning (13034): The following nodes have both tri-state and non-tri-state drivers
    Warning (13035): Inserted always-enabled tri-state buffer between "df_enable" and its non-tri-state driver.
    Warning (13035): Inserted always-enabled tri-state buffer between "tp_aa1" and its non-tri-state driver.
    Warning (13035): Inserted always-enabled tri-state buffer between "tp_ab1" and its non-tri-state driver.
    Warning (13035): Inserted always-enabled tri-state buffer between "tp_ba1" and its non-tri-state driver.
    Warning (13035): Inserted always-enabled tri-state buffer between "tp_bb1" and its non-tri-state driver.
Info (13060): One or more bidirs are fed by always enabled tri-state buffers
    Info (13061): Fan-out of permanently enabled tri-state buffer feeding bidir "df_enable" is moved to its source
    Info (13061): Fan-out of permanently enabled tri-state buffer feeding bidir "tp_aa1" is moved to its source
    Info (13061): Fan-out of permanently enabled tri-state buffer feeding bidir "tp_ab1" is moved to its source
    Info (13061): Fan-out of permanently enabled tri-state buffer feeding bidir "tp_ba1" is moved to its source
    Info (13061): Fan-out of permanently enabled tri-state buffer feeding bidir "tp_bb1" is moved to its source
Warning (13008): TRI or OPNDRN buffers permanently disabled
    Warning (13010): Node "c1l~synth"
    Warning (13010): Node "internal_io_low~synth"
    Warning (13010): Node "int_in_progress_low~synth"
Warning (13009): TRI or OPNDRN buffers permanently enabled
    Warning (13010): Node "df_enable~synth"
    Warning (13010): Node "tp_aa1~synth"
    Warning (13010): Node "tp_ab1~synth"
    Warning (13010): Node "tp_ba1~synth"
    Warning (13010): Node "tp_bb1~synth"
Info (17049): 7 registers lost all their fanouts during netlist optimizations.
Warning (21074): Design contains 8 input pin(s) that do not drive logic
    Warning (15610): No output dependent on input pin "md00_low"
    Warning (15610): No output dependent on input pin "md01_low"
    Warning (15610): No output dependent on input pin "md02_low"
    Warning (15610): No output dependent on input pin "md04_low"
    Warning (15610): No output dependent on input pin "md05_low"
    Warning (15610): No output dependent on input pin "md09_low"
    Warning (15610): No output dependent on input pin "md10_low"
    Warning (15610): No output dependent on input pin "md11_low"
Info (21057): Implemented 117 device resources after synthesis - the final resource count might be different
    Info (21058): Implemented 32 input pins
    Info (21059): Implemented 8 output pins
    Info (21060): Implemented 14 bidirectional pins
    Info (21063): Implemented 57 macrocells
    Info (21073): Implemented 6 shareable expanders
Info: Quartus II 64-Bit Analysis & Synthesis was successful. 0 errors, 57 warnings
    Info: Peak virtual memory: 4584 megabytes
    Info: Processing ended: Sat Nov 23 00:36:02 2019
    Info: Elapsed time: 00:00:03
    Info: Total CPU time (on all processors): 00:00:01


