Fitter report for M837
Thu Oct 14 05:33:10 2021
Quartus II 64-Bit Version 13.0.1 Build 232 06/12/2013 Service Pack 1 SJ Web Edition


---------------------
; Table of Contents ;
---------------------
  1. Legal Notice
  2. Fitter Summary
  3. Fitter Settings
  4. Parallel Compilation
  5. Pin-Out File
  6. Fitter Resource Usage Summary
  7. Input Pins
  8. Output Pins
  9. Bidir Pins
 10. All Package Pins
 11. I/O Standard
 12. Dedicated Inputs I/O
 13. Output Pin Default Load For Reported TCO
 14. Fitter Resource Utilization by Entity
 15. Control Signals
 16. Non-Global High Fan-Out Signals
 17. Other Routing Usage Summary
 18. LAB External Interconnect
 19. LAB Macrocells
 20. Shareable Expander
 21. Logic Cell Interconnection
 22. Fitter Device Options
 23. Fitter Messages



----------------
; Legal Notice ;
----------------
Copyright (C) 1991-2013 Altera Corporation
Your use of Altera Corporation's design tools, logic functions 
and other software and tools, and its AMPP partner logic 
functions, and any output files from any of the foregoing 
(including device programming or simulation files), and any 
associated documentation or information are expressly subject 
to the terms and conditions of the Altera Program License 
Subscription Agreement, Altera MegaCore Function License 
Agreement, or other applicable license agreement, including, 
without limitation, that your use is for the sole purpose of 
programming logic devices manufactured by Altera and sold by 
Altera or its authorized distributors.  Please refer to the 
applicable agreement for further details.



+-----------------------------------------------------------------------------+
; Fitter Summary                                                              ;
+---------------------------+-------------------------------------------------+
; Fitter Status             ; Successful - Thu Oct 14 05:33:10 2021           ;
; Quartus II 64-Bit Version ; 13.0.1 Build 232 06/12/2013 SP 1 SJ Web Edition ;
; Revision Name             ; M837                                            ;
; Top-level Entity Name     ; M837                                            ;
; Family                    ; MAX7000S                                        ;
; Device                    ; EPM7128SLC84-15                                 ;
; Timing Models             ; Final                                           ;
; Total macrocells          ; 58 / 128 ( 45 % )                               ;
; Total pins                ; 58 / 68 ( 85 % )                                ;
+---------------------------+-------------------------------------------------+


+--------------------------------------------------------------------------------------------------------------+
; Fitter Settings                                                                                              ;
+----------------------------------------------------------------------------+-----------------+---------------+
; Option                                                                     ; Setting         ; Default Value ;
+----------------------------------------------------------------------------+-----------------+---------------+
; Device                                                                     ; EPM7128SLC84-15 ;               ;
; Use smart compilation                                                      ; Off             ; Off           ;
; Enable parallel Assembler and TimeQuest Timing Analyzer during compilation ; On              ; On            ;
; Enable compact report table                                                ; Off             ; Off           ;
; Optimize Multi-Corner Timing                                               ; Off             ; Off           ;
; Optimize Timing for ECOs                                                   ; Off             ; Off           ;
; Regenerate full fit report during ECO compiles                             ; Off             ; Off           ;
; Optimize IOC Register Placement for Timing                                 ; Normal          ; Normal        ;
; Fitter Initial Placement Seed                                              ; 1               ; 1             ;
; Slow Slew Rate                                                             ; Off             ; Off           ;
; Fitter Effort                                                              ; Auto Fit        ; Auto Fit      ;
; Force Fitter to Avoid Periphery Placement Warnings                         ; Off             ; Off           ;
+----------------------------------------------------------------------------+-----------------+---------------+


Parallel compilation was disabled, but you have multiple processors available. Enable parallel compilation to reduce compilation time.
+-------------------------------------+
; Parallel Compilation                ;
+----------------------------+--------+
; Processors                 ; Number ;
+----------------------------+--------+
; Number detected on machine ; 4      ;
; Maximum allowed            ; 1      ;
+----------------------------+--------+


+--------------+
; Pin-Out File ;
+--------------+
The pin-out file can be found in //wsl$/Debian/home/vrs/Eagle/projects/DEC/Mxxx/M837/pld/M837.pin.


+--------------------------------------------------+
; Fitter Resource Usage Summary                    ;
+------------------------------+-------------------+
; Resource                     ; Usage             ;
+------------------------------+-------------------+
; Logic cells                  ; 58 / 128 ( 45 % ) ;
; Registers                    ; 1 / 128 ( < 1 % ) ;
; Number of pterms used        ; 148               ;
; I/O pins                     ; 58 / 68 ( 85 % )  ;
;     -- Clock pins            ; 1 / 2 ( 50 % )    ;
;     -- Dedicated input pins  ; 0 / 2 ( 0 % )     ;
;                              ;                   ;
; Global signals               ; 0                 ;
; Shareable expanders          ; 7 / 128 ( 5 % )   ;
; Parallel expanders           ; 0 / 120 ( 0 % )   ;
; Cells using turbo bit        ; 58 / 128 ( 45 % ) ;
; Maximum fan-out              ; 24                ;
; Highest non-global fan-out   ; 24                ;
; Total fan-out                ; 304               ;
; Average fan-out              ; 2.47              ;
+------------------------------+-------------------+


+------------------------------------------------------------------------------------------------------------------------------------------------------+
; Input Pins                                                                                                                                           ;
+----------------+-------+----------+-----+-----------------------+--------------------+--------+----------------+--------------+----------------------+
; Name           ; Pin # ; I/O Bank ; LAB ; Combinational Fan-Out ; Registered Fan-Out ; Global ; Input Register ; I/O Standard ; Location assigned by ;
+----------------+-------+----------+-----+-----------------------+--------------------+--------+----------------+--------------+----------------------+
; cpma_disable_l ; 21    ; --       ; 2   ; 1                     ; 0                  ; no     ; no             ; TTL          ; User                 ;
; d_l            ; 11    ; --       ; 1   ; 7                     ; 0                  ; no     ; no             ; TTL          ; User                 ;
; f_l            ; 15    ; --       ; 2   ; 5                     ; 0                  ; no     ; no             ; TTL          ; User                 ;
; f_set_l        ; 5     ; --       ; 1   ; 1                     ; 0                  ; no     ; no             ; TTL          ; User                 ;
; ind1_l         ; 20    ; --       ; 2   ; 7                     ; 0                  ; no     ; no             ; TTL          ; User                 ;
; ind2_l         ; 18    ; --       ; 2   ; 7                     ; 0                  ; no     ; no             ; TTL          ; User                 ;
; initialize     ; 24    ; --       ; 3   ; 2                     ; 0                  ; no     ; no             ; TTL          ; User                 ;
; io_pause_l     ; 36    ; --       ; 4   ; 0                     ; 0                  ; no     ; no             ; TTL          ; User                 ;
; ir00_l         ; 17    ; --       ; 2   ; 7                     ; 0                  ; no     ; no             ; TTL          ; User                 ;
; ir01_l         ; 16    ; --       ; 2   ; 7                     ; 0                  ; no     ; no             ; TTL          ; User                 ;
; key_ctl_l      ; 79    ; --       ; 8   ; 13                    ; 0                  ; no     ; no             ; TTL          ; User                 ;
; load_addr      ; 2     ; --       ; --  ; 19                    ; 0                  ; no     ; no             ; TTL          ; User                 ;
; load_cntl      ; 54    ; --       ; 6   ; 10                    ; 0                  ; no     ; no             ; TTL          ; User                 ;
; md00_l         ; 67    ; --       ; 7   ; 0                     ; 0                  ; no     ; no             ; TTL          ; User                 ;
; md01_l         ; 65    ; --       ; 7   ; 0                     ; 0                  ; no     ; no             ; TTL          ; User                 ;
; md02_l         ; 64    ; --       ; 7   ; 0                     ; 0                  ; no     ; no             ; TTL          ; User                 ;
; md03_l         ; 63    ; --       ; 7   ; 5                     ; 0                  ; no     ; no             ; TTL          ; User                 ;
; md04_l         ; 52    ; --       ; 5   ; 0                     ; 0                  ; no     ; no             ; TTL          ; User                 ;
; md05_l         ; 51    ; --       ; 5   ; 0                     ; 0                  ; no     ; no             ; TTL          ; User                 ;
; md06_l         ; 50    ; --       ; 5   ; 0                     ; 0                  ; no     ; no             ; TTL          ; User                 ;
; md07_l         ; 49    ; --       ; 5   ; 0                     ; 0                  ; no     ; no             ; TTL          ; User                 ;
; md08_l         ; 12    ; --       ; 1   ; 0                     ; 0                  ; no     ; no             ; TTL          ; User                 ;
; md09_l         ; 10    ; --       ; 1   ; 0                     ; 0                  ; no     ; no             ; TTL          ; User                 ;
; md10_l         ; 9     ; --       ; 1   ; 0                     ; 0                  ; no     ; no             ; TTL          ; User                 ;
; md11_l         ; 6     ; --       ; 1   ; 0                     ; 0                  ; no     ; no             ; TTL          ; User                 ;
; power_ok       ; 39    ; --       ; 4   ; 1                     ; 0                  ; no     ; no             ; TTL          ; User                 ;
; run_l          ; 41    ; --       ; 4   ; 1                     ; 0                  ; no     ; no             ; TTL          ; User                 ;
; tp2            ; 34    ; --       ; 4   ; 1                     ; 0                  ; no     ; no             ; TTL          ; User                 ;
; tp3            ; 31    ; --       ; 3   ; 16                    ; 0                  ; no     ; no             ; TTL          ; User                 ;
; tp4            ; 30    ; --       ; 3   ; 6                     ; 0                  ; no     ; no             ; TTL          ; User                 ;
; ts1_l          ; 29    ; --       ; 3   ; 8                     ; 0                  ; no     ; no             ; TTL          ; User                 ;
; ts_disable_l   ; 76    ; --       ; 8   ; 4                     ; 0                  ; no     ; no             ; TTL          ; User                 ;
+----------------+-------+----------+-----+-----------------------+--------------------+--------+----------------+--------------+----------------------+


+---------------------------------------------------------------------------------------------------------------------------------------------------------------------------------------------------+
; Output Pins                                                                                                                                                                                       ;
+---------------+-------+----------+-----+-----------------+----------------+------------+---------------+--------------+----------------------+-------+----------------------+---------------------+
; Name          ; Pin # ; I/O Bank ; LAB ; Output Register ; Slow Slew Rate ; Open Drain ; TRI Primitive ; I/O Standard ; Location assigned by ; Load  ; Output Enable Source ; Output Enable Group ;
+---------------+-------+----------+-----+-----------------+----------------+------------+---------------+--------------+----------------------+-------+----------------------+---------------------+
; c1l           ; 33    ; --       ; 4   ; no              ; no             ; yes        ; no            ; TTL          ; User                 ; 10 pF ; -                    ; -                   ;
; data03_l      ; 57    ; --       ; 6   ; no              ; no             ; yes        ; no            ; TTL          ; User                 ; 10 pF ; -                    ; -                   ;
; ema0_l        ; 70    ; --       ; 7   ; no              ; no             ; yes        ; no            ; TTL          ; User                 ; 10 pF ; -                    ; -                   ;
; ema1_l        ; 69    ; --       ; 7   ; no              ; no             ; yes        ; no            ; TTL          ; User                 ; 10 pF ; -                    ; -                   ;
; ema2_l        ; 68    ; --       ; 7   ; no              ; no             ; yes        ; no            ; TTL          ; User                 ; 10 pF ; -                    ; -                   ;
; int_rqst_l    ; 25    ; --       ; 3   ; no              ; no             ; yes        ; no            ; TTL          ; User                 ; 10 pF ; -                    ; -                   ;
; internal_io_l ; 28    ; --       ; 3   ; no              ; no             ; yes        ; no            ; TTL          ; User                 ; 10 pF ; -                    ; -                   ;
; skip_l        ; 22    ; --       ; 2   ; no              ; no             ; yes        ; no            ; TTL          ; User                 ; 10 pF ; -                    ; -                   ;
+---------------+-------+----------+-----+-----------------+----------------+------------+---------------+--------------+----------------------+-------+----------------------+---------------------+


+---------------------------------------------------------------------------------------------------------------------------------------------------------------------------------------------------------------------------------------------------------------+
; Bidir Pins                                                                                                                                                                                                                                                    ;
+-------------------+-------+----------+-----+-----------------------+--------------------+--------+----------------+-----------------+----------------+------------+--------------+----------------------+-------+-----------------------+---------------------+
; Name              ; Pin # ; I/O Bank ; LAB ; Combinational Fan-Out ; Registered Fan-Out ; Global ; Input Register ; Output Register ; Slow Slew Rate ; Open Drain ; I/O Standard ; Location assigned by ; Load  ; Output Enable Source  ; Output Enable Group ;
+-------------------+-------+----------+-----+-----------------------+--------------------+--------+----------------+-----------------+----------------+------------+--------------+----------------------+-------+-----------------------+---------------------+
; data05_l          ; 45    ; --       ; 5   ; 0                     ; 0                  ; no     ; no             ; no              ; no             ; yes        ; TTL          ; User                 ; 10 pF ; data05_l~4 (inverted) ; -                   ;
; data06_l          ; 44    ; --       ; 5   ; 1                     ; 0                  ; no     ; no             ; no              ; no             ; yes        ; TTL          ; User                 ; 10 pF ; data06_l~4 (inverted) ; -                   ;
; data07_l          ; 40    ; --       ; 4   ; 1                     ; 0                  ; no     ; no             ; no              ; no             ; yes        ; TTL          ; User                 ; 10 pF ; data07_l~4 (inverted) ; -                   ;
; data08_l          ; 4     ; --       ; 1   ; 1                     ; 0                  ; no     ; no             ; no              ; no             ; yes        ; TTL          ; User                 ; 10 pF ; data08_l~4 (inverted) ; -                   ;
; data09_l          ; 81    ; --       ; 8   ; 0                     ; 0                  ; no     ; no             ; no              ; no             ; yes        ; TTL          ; User                 ; 10 pF ; data09_l~4 (inverted) ; -                   ;
; data10_l          ; 80    ; --       ; 8   ; 0                     ; 0                  ; no     ; no             ; no              ; no             ; yes        ; TTL          ; User                 ; 10 pF ; data10_l~4 (inverted) ; -                   ;
; data11_l          ; 77    ; --       ; 8   ; 0                     ; 0                  ; no     ; no             ; no              ; no             ; yes        ; TTL          ; User                 ; 10 pF ; data11_l~4 (inverted) ; -                   ;
; df_enable         ; 37    ; --       ; 4   ; 0                     ; 0                  ; no     ; no             ; no              ; no             ; no         ; TTL          ; User                 ; 10 pF ; -                     ; -                   ;
; int_in_progress_l ; 48    ; --       ; 5   ; 2                     ; 0                  ; no     ; no             ; no              ; no             ; yes        ; TTL          ; User                 ; 10 pF ; ~VCC~0 (inverted)     ; -                   ;
; tp_aa1            ; 74    ; --       ; 8   ; 0                     ; 0                  ; no     ; no             ; no              ; no             ; no         ; TTL          ; User                 ; 10 pF ; -                     ; -                   ;
; tp_ab1            ; 73    ; --       ; 8   ; 0                     ; 0                  ; no     ; no             ; no              ; no             ; no         ; TTL          ; User                 ; 10 pF ; -                     ; -                   ;
; tp_ba1            ; 56    ; --       ; 6   ; 0                     ; 0                  ; no     ; no             ; no              ; no             ; no         ; TTL          ; User                 ; 10 pF ; -                     ; -                   ;
; tp_bb1            ; 55    ; --       ; 6   ; 0                     ; 0                  ; no     ; no             ; no              ; no             ; no         ; TTL          ; User                 ; 10 pF ; -                     ; -                   ;
; user_mode_l       ; 8     ; --       ; 1   ; 0                     ; 0                  ; no     ; no             ; no              ; no             ; yes        ; TTL          ; User                 ; 10 pF ; uf~9 (inverted)       ; -                   ;
+-------------------+-------+----------+-----+-----------------------+--------------------+--------+----------------+-----------------+----------------+------------+--------------+----------------------+-------+-----------------------+---------------------+


+----------------------------------------------------------------------------------------------------------+
; All Package Pins                                                                                         ;
+----------+------------+----------+-------------------+--------+--------------+---------+-----------------+
; Location ; Pad Number ; I/O Bank ; Pin Name/Usage    ; Dir.   ; I/O Standard ; Voltage ; User Assignment ;
+----------+------------+----------+-------------------+--------+--------------+---------+-----------------+
; 1        ; 0          ; --       ; GND+              ;        ;              ;         ;                 ;
; 2        ; 1          ; --       ; load_addr         ; input  ; TTL          ;         ; Y               ;
; 3        ; 2          ; --       ; VCCINT            ; power  ;              ; 5.0V    ;                 ;
; 4        ; 3          ; --       ; data08_l          ; bidir  ; TTL          ;         ; Y               ;
; 5        ; 4          ; --       ; f_set_l           ; input  ; TTL          ;         ; Y               ;
; 6        ; 5          ; --       ; md11_l            ; input  ; TTL          ;         ; Y               ;
; 7        ; 6          ; --       ; GND               ; gnd    ;              ;         ;                 ;
; 8        ; 7          ; --       ; user_mode_l       ; bidir  ; TTL          ;         ; Y               ;
; 9        ; 8          ; --       ; md10_l            ; input  ; TTL          ;         ; Y               ;
; 10       ; 9          ; --       ; md09_l            ; input  ; TTL          ;         ; Y               ;
; 11       ; 10         ; --       ; d_l               ; input  ; TTL          ;         ; Y               ;
; 12       ; 11         ; --       ; md08_l            ; input  ; TTL          ;         ; Y               ;
; 13       ; 12         ; --       ; VCCIO             ; power  ;              ; 5.0V    ;                 ;
; 14       ; 13         ; --       ; TDI               ; input  ; TTL          ;         ; N               ;
; 15       ; 14         ; --       ; f_l               ; input  ; TTL          ;         ; Y               ;
; 16       ; 15         ; --       ; ir01_l            ; input  ; TTL          ;         ; Y               ;
; 17       ; 16         ; --       ; ir00_l            ; input  ; TTL          ;         ; Y               ;
; 18       ; 17         ; --       ; ind2_l            ; input  ; TTL          ;         ; Y               ;
; 19       ; 18         ; --       ; GND               ; gnd    ;              ;         ;                 ;
; 20       ; 19         ; --       ; ind1_l            ; input  ; TTL          ;         ; Y               ;
; 21       ; 20         ; --       ; cpma_disable_l    ; input  ; TTL          ;         ; Y               ;
; 22       ; 21         ; --       ; skip_l            ; output ; TTL          ;         ; Y               ;
; 23       ; 22         ; --       ; TMS               ; input  ; TTL          ;         ; N               ;
; 24       ; 23         ; --       ; initialize        ; input  ; TTL          ;         ; Y               ;
; 25       ; 24         ; --       ; int_rqst_l        ; output ; TTL          ;         ; Y               ;
; 26       ; 25         ; --       ; VCCIO             ; power  ;              ; 5.0V    ;                 ;
; 27       ; 26         ; --       ; RESERVED          ;        ;              ;         ;                 ;
; 28       ; 27         ; --       ; internal_io_l     ; output ; TTL          ;         ; Y               ;
; 29       ; 28         ; --       ; ts1_l             ; input  ; TTL          ;         ; Y               ;
; 30       ; 29         ; --       ; tp4               ; input  ; TTL          ;         ; Y               ;
; 31       ; 30         ; --       ; tp3               ; input  ; TTL          ;         ; Y               ;
; 32       ; 31         ; --       ; GND               ; gnd    ;              ;         ;                 ;
; 33       ; 32         ; --       ; c1l               ; output ; TTL          ;         ; Y               ;
; 34       ; 33         ; --       ; tp2               ; input  ; TTL          ;         ; Y               ;
; 35       ; 34         ; --       ; RESERVED          ;        ;              ;         ;                 ;
; 36       ; 35         ; --       ; io_pause_l        ; input  ; TTL          ;         ; Y               ;
; 37       ; 36         ; --       ; df_enable         ; bidir  ; TTL          ;         ; Y               ;
; 38       ; 37         ; --       ; VCCIO             ; power  ;              ; 5.0V    ;                 ;
; 39       ; 38         ; --       ; power_ok          ; input  ; TTL          ;         ; Y               ;
; 40       ; 39         ; --       ; data07_l          ; bidir  ; TTL          ;         ; Y               ;
; 41       ; 40         ; --       ; run_l             ; input  ; TTL          ;         ; Y               ;
; 42       ; 41         ; --       ; GND               ; gnd    ;              ;         ;                 ;
; 43       ; 42         ; --       ; VCCINT            ; power  ;              ; 5.0V    ;                 ;
; 44       ; 43         ; --       ; data06_l          ; bidir  ; TTL          ;         ; Y               ;
; 45       ; 44         ; --       ; data05_l          ; bidir  ; TTL          ;         ; Y               ;
; 46       ; 45         ; --       ; RESERVED          ;        ;              ;         ;                 ;
; 47       ; 46         ; --       ; GND               ; gnd    ;              ;         ;                 ;
; 48       ; 47         ; --       ; int_in_progress_l ; bidir  ; TTL          ;         ; Y               ;
; 49       ; 48         ; --       ; md07_l            ; input  ; TTL          ;         ; Y               ;
; 50       ; 49         ; --       ; md06_l            ; input  ; TTL          ;         ; Y               ;
; 51       ; 50         ; --       ; md05_l            ; input  ; TTL          ;         ; Y               ;
; 52       ; 51         ; --       ; md04_l            ; input  ; TTL          ;         ; Y               ;
; 53       ; 52         ; --       ; VCCIO             ; power  ;              ; 5.0V    ;                 ;
; 54       ; 53         ; --       ; load_cntl         ; input  ; TTL          ;         ; Y               ;
; 55       ; 54         ; --       ; tp_bb1            ; bidir  ; TTL          ;         ; Y               ;
; 56       ; 55         ; --       ; tp_ba1            ; bidir  ; TTL          ;         ; Y               ;
; 57       ; 56         ; --       ; data03_l          ; output ; TTL          ;         ; Y               ;
; 58       ; 57         ; --       ; RESERVED          ;        ;              ;         ;                 ;
; 59       ; 58         ; --       ; GND               ; gnd    ;              ;         ;                 ;
; 60       ; 59         ; --       ; RESERVED          ;        ;              ;         ;                 ;
; 61       ; 60         ; --       ; RESERVED          ;        ;              ;         ;                 ;
; 62       ; 61         ; --       ; TCK               ; input  ; TTL          ;         ; N               ;
; 63       ; 62         ; --       ; md03_l            ; input  ; TTL          ;         ; Y               ;
; 64       ; 63         ; --       ; md02_l            ; input  ; TTL          ;         ; Y               ;
; 65       ; 64         ; --       ; md01_l            ; input  ; TTL          ;         ; Y               ;
; 66       ; 65         ; --       ; VCCIO             ; power  ;              ; 5.0V    ;                 ;
; 67       ; 66         ; --       ; md00_l            ; input  ; TTL          ;         ; Y               ;
; 68       ; 67         ; --       ; ema2_l            ; output ; TTL          ;         ; Y               ;
; 69       ; 68         ; --       ; ema1_l            ; output ; TTL          ;         ; Y               ;
; 70       ; 69         ; --       ; ema0_l            ; output ; TTL          ;         ; Y               ;
; 71       ; 70         ; --       ; TDO               ; output ; TTL          ;         ; N               ;
; 72       ; 71         ; --       ; GND               ; gnd    ;              ;         ;                 ;
; 73       ; 72         ; --       ; tp_ab1            ; bidir  ; TTL          ;         ; Y               ;
; 74       ; 73         ; --       ; tp_aa1            ; bidir  ; TTL          ;         ; Y               ;
; 75       ; 74         ; --       ; RESERVED          ;        ;              ;         ;                 ;
; 76       ; 75         ; --       ; ts_disable_l      ; input  ; TTL          ;         ; Y               ;
; 77       ; 76         ; --       ; data11_l          ; bidir  ; TTL          ;         ; Y               ;
; 78       ; 77         ; --       ; VCCIO             ; power  ;              ; 5.0V    ;                 ;
; 79       ; 78         ; --       ; key_ctl_l         ; input  ; TTL          ;         ; Y               ;
; 80       ; 79         ; --       ; data10_l          ; bidir  ; TTL          ;         ; Y               ;
; 81       ; 80         ; --       ; data09_l          ; bidir  ; TTL          ;         ; Y               ;
; 82       ; 81         ; --       ; GND               ; gnd    ;              ;         ;                 ;
; 83       ; 82         ; --       ; GND+              ;        ;              ;         ;                 ;
; 84       ; 83         ; --       ; GND+              ;        ;              ;         ;                 ;
+----------+------------+----------+-------------------+--------+--------------+---------+-----------------+
Note: Pin directions (input, output or bidir) are based on device operating in user mode.


+--------------------------------------------------------------------------------------------------+
; I/O Standard                                                                                     ;
+--------------+------------+----------------------+-------------------+-------------------+-------+
; I/O Standard ; Input Vref ; Dedicated Input Pins ; Pins in I/O Bank1 ; Pins in I/O Bank2 ; Total ;
+--------------+------------+----------------------+-------------------+-------------------+-------+
; TTL          ; -          ; 1                    ; 0                 ; 0                 ; 1     ;
+--------------+------------+----------------------+-------------------+-------------------+-------+


+-------------------------------------------------------------------------+
; Dedicated Inputs I/O                                                    ;
+-----------+-------+-------+-------+--------------+------------+---------+
; Name      ; Pin # ; Type  ; VCCIO ; I/O Standard ; Input Vref ; Current ;
+-----------+-------+-------+-------+--------------+------------+---------+
; load_addr ; 2     ; Input ; --    ; TTL          ; -          ; 0 mA    ;
+-----------+-------+-------+-------+--------------+------------+---------+


+-----------------------------------------------+
; Output Pin Default Load For Reported TCO      ;
+--------------+-------+------------------------+
; I/O Standard ; Load  ; Termination Resistance ;
+--------------+-------+------------------------+
; 3.3-V LVTTL  ; 10 pF ; Not Available          ;
; 3.3-V LVCMOS ; 10 pF ; Not Available          ;
; TTL          ; 10 pF ; Not Available          ;
+--------------+-------+------------------------+
Note: User assignments will override these defaults. The user specified values are listed in the Output Pins and Bidir Pins tables.


+-------------------------------------------------------------------------------------+
; Fitter Resource Utilization by Entity                                               ;
+----------------------------+------------+------+---------------------+--------------+
; Compilation Hierarchy Node ; Macrocells ; Pins ; Full Hierarchy Name ; Library Name ;
+----------------------------+------------+------+---------------------+--------------+
; |M837                      ; 58         ; 58   ; |M837               ; work         ;
+----------------------------+------------+------+---------------------+--------------+


+----------------------------------------------------------------------------------------------------------------+
; Control Signals                                                                                                ;
+--------------------------------+----------+---------+-------+--------+----------------------+------------------+
; Name                           ; Location ; Fan-Out ; Usage ; Global ; Global Resource Used ; Global Line Name ;
+--------------------------------+----------+---------+-------+--------+----------------------+------------------+
; lp_la_or_tp4_and_ld_ctl_rp_l~1 ; LC98     ; 9       ; Clock ; no     ; --                   ; --               ;
+--------------------------------+----------+---------+-------+--------+----------------------+------------------+


+------------------------------------------+
; Non-Global High Fan-Out Signals          ;
+--------------------------------+---------+
; Name                           ; Fan-Out ;
+--------------------------------+---------+
; ibifdf_clr_l~4                 ; 24      ;
; load_addr                      ; 19      ;
; tp3                            ; 16      ;
; key_ctl_l                      ; 13      ;
; lp_la_or_tp3_rp_l~0sexpand1    ; 11      ;
; load_cntl                      ; 10      ;
; lp_la_or_tp4_and_ld_ctl_rp_l~1 ; 9       ;
; ts1_l                          ; 8       ;
; ir01_l                         ; 7       ;
; ir00_l                         ; 7       ;
; ind2_l                         ; 7       ;
; ind1_l                         ; 7       ;
; d_l                            ; 7       ;
; tp4                            ; 6       ;
; df_enable$latch~9              ; 6       ;
; md03_l                         ; 5       ;
; f_l                            ; 5       ;
; ts_disable_l                   ; 4       ;
; renamed0~4sexpand2             ; 4       ;
; renamed0~4sexpand1             ; 4       ;
; renamed0~4sexpand0             ; 4       ;
; uf~9                           ; 4       ;
; if2~9                          ; 4       ;
; if1~9                          ; 4       ;
; if0~9                          ; 4       ;
; db~10                          ; 4       ;
; ema_disable_l~9                ; 4       ;
; ib0~9                          ; 4       ;
; df2~9                          ; 4       ;
; df1~9                          ; 4       ;
; df0~9                          ; 4       ;
; ib2~9                          ; 3       ;
; ib1~9                          ; 3       ;
; suf_l                          ; 3       ;
; initialize_l~3                 ; 2       ;
; int_in_progress_l~0            ; 2       ;
; initialize                     ; 2       ;
; uf_m~23                        ; 2       ;
; if2_m~22                       ; 2       ;
; if1_m~22                       ; 2       ;
; if0_m~22                       ; 2       ;
; db_m~9                         ; 2       ;
; ema_disable_l_m~9              ; 2       ;
; ib0_m~9                        ; 2       ;
; ib2_m~9                        ; 2       ;
; ib1_m~9                        ; 2       ;
; df2_m~9                        ; 2       ;
; df1_m~9                        ; 2       ;
; df0_m~9                        ; 2       ;
; df_enable_m~9                  ; 2       ;
; uint~2                         ; 2       ;
; lp_la_or_tp3_rp_l~3            ; 1       ;
; data08_l~0                     ; 1       ;
; data07_l~0                     ; 1       ;
; data06_l~0                     ; 1       ;
; tp2                            ; 1       ;
; run_l                          ; 1       ;
; power_ok                       ; 1       ;
; f_set_l                        ; 1       ;
; cpma_disable_l                 ; 1       ;
; initialize_l~0sexpand1         ; 1       ;
; ~VCC~4                         ; 1       ;
; ~VCC~3                         ; 1       ;
; ~VCC~2                         ; 1       ;
; ~VCC~1                         ; 1       ;
; ~VCC~0                         ; 1       ;
; data05_l~4                     ; 1       ;
; ema2_l~7                       ; 1       ;
; ema1_l~7                       ; 1       ;
; ema0_l~7                       ; 1       ;
; uf_m~7                         ; 1       ;
; uf_m~15                        ; 1       ;
; tp_ba1~5                       ; 1       ;
; if2_m~7                        ; 1       ;
; if2_m~15                       ; 1       ;
; if1_m~7                        ; 1       ;
; if1_m~15                       ; 1       ;
; if0_m~7                        ; 1       ;
; if0_m~15                       ; 1       ;
; tp_ab1~7                       ; 1       ;
; tp_aa1~7                       ; 1       ;
; tp_bb1~8                       ; 1       ;
; data11_l~4                     ; 1       ;
; data10_l~4                     ; 1       ;
; data09_l~4                     ; 1       ;
; n_t_49x~2                      ; 1       ;
; data08_l~4                     ; 1       ;
; data07_l~4                     ; 1       ;
; data06_l~4                     ; 1       ;
+--------------------------------+---------+


+--------------------------------------------------+
; Other Routing Usage Summary                      ;
+-----------------------------+--------------------+
; Other Routing Resource Type ; Usage              ;
+-----------------------------+--------------------+
; Output enables              ; 0 / 6 ( 0 % )      ;
; PIA buffers                 ; 95 / 288 ( 33 % )  ;
; PIAs                        ; 104 / 288 ( 36 % ) ;
+-----------------------------+--------------------+


+-----------------------------------------------------------------------------+
; LAB External Interconnect                                                   ;
+-----------------------------------------------+-----------------------------+
; LAB External Interconnects  (Average = 13.00) ; Number of LABs  (Total = 7) ;
+-----------------------------------------------+-----------------------------+
; 0 - 2                                         ; 1                           ;
; 3 - 5                                         ; 2                           ;
; 6 - 8                                         ; 0                           ;
; 9 - 11                                        ; 2                           ;
; 12 - 14                                       ; 0                           ;
; 15 - 17                                       ; 0                           ;
; 18 - 20                                       ; 0                           ;
; 21 - 23                                       ; 1                           ;
; 24 - 26                                       ; 1                           ;
; 27 - 29                                       ; 1                           ;
+-----------------------------------------------+-----------------------------+


+----------------------------------------------------------------------+
; LAB Macrocells                                                       ;
+----------------------------------------+-----------------------------+
; Number of Macrocells  (Average = 7.25) ; Number of LABs  (Total = 8) ;
+----------------------------------------+-----------------------------+
; 0                                      ; 0                           ;
; 1                                      ; 1                           ;
; 2                                      ; 1                           ;
; 3                                      ; 2                           ;
; 4                                      ; 1                           ;
; 5                                      ; 0                           ;
; 6                                      ; 0                           ;
; 7                                      ; 0                           ;
; 8                                      ; 0                           ;
; 9                                      ; 0                           ;
; 10                                     ; 0                           ;
; 11                                     ; 0                           ;
; 12                                     ; 0                           ;
; 13                                     ; 1                           ;
; 14                                     ; 0                           ;
; 15                                     ; 0                           ;
; 16                                     ; 2                           ;
+----------------------------------------+-----------------------------+


+-------------------------------------------------------------------------------+
; Shareable Expander                                                            ;
+-------------------------------------------------+-----------------------------+
; Number of shareable expanders  (Average = 0.88) ; Number of LABs  (Total = 4) ;
+-------------------------------------------------+-----------------------------+
; 0                                               ; 4                           ;
; 1                                               ; 3                           ;
; 2                                               ; 0                           ;
; 3                                               ; 0                           ;
; 4                                               ; 1                           ;
+-------------------------------------------------+-----------------------------+


+----------------------------------------------------------------------------------------------------------------------------------------------------------------------------------------------------------------------------------------------------------------------------------------------------------------------------------------------+
; Logic Cell Interconnection                                                                                                                                                                                                                                                                                                                   ;
+-----+------------+-----------------------------------------------------------------------------------------------------+---------------------------------------------------------------------------------------------------------------------------------------------------------------------------------------------------------------------+
; LAB ; Logic Cell ; Input                                                                                               ; Output                                                                                                                                                                                                              ;
+-----+------------+-----------------------------------------------------------------------------------------------------+---------------------------------------------------------------------------------------------------------------------------------------------------------------------------------------------------------------------+
;  A  ; LC16       ; ind1_l, ind2_l, ts1_l, if2~9                                                                        ; data08_l                                                                                                                                                                                                            ;
;  A  ; LC11       ; uf_m~23, ibifdf_clr_l~4, lp_la_or_tp4_and_ld_ctl_rp_l~1, uf~9                                       ; uf_m~15, uf~9, data05_l~4, user_mode_l                                                                                                                                                                              ;
;  A  ; LC2        ; uf_m~7, ibifdf_clr_l~4, lp_la_or_tp4_and_ld_ctl_rp_l~1, uf_m~23                                     ; uf_m~23, uf~9                                                                                                                                                                                                       ;
;  B  ; LC17       ;                                                                                                     ; skip_l                                                                                                                                                                                                              ;
;  C  ; LC45       ; ts_disable_l, uint~2, tp2, initialize_l~0sexpand1                                                   ; uint~2, int_rqst_l                                                                                                                                                                                                  ;
;  C  ; LC40       ;                                                                                                     ; internal_io_l                                                                                                                                                                                                       ;
;  D  ; LC51       ; ind1_l, ind2_l, ts1_l, if1~9                                                                        ; data07_l                                                                                                                                                                                                            ;
;  D  ; LC49       ; n_t_49x~2, tp4, df_enable_m~9, initialize_l~3                                                       ; df_enable_m~9, df_enable$latch~9                                                                                                                                                                                    ;
;  D  ; LC56       ; df_enable_m~9, tp4, df_enable$latch~9, initialize_l~3                                               ; n_t_49x~2, df_enable$latch~9, df_enable, ema0_l~7, ema1_l~7, ema2_l~7                                                                                                                                               ;
;  D  ; LC64       ;                                                                                                     ; c1l                                                                                                                                                                                                                 ;
;  E  ; LC65       ; ind1_l, ind2_l, ts1_l, if0~9                                                                        ; data06_l                                                                                                                                                                                                            ;
;  E  ; LC67       ; ind1_l, ind2_l, ts1_l, uf~9                                                                         ; data05_l                                                                                                                                                                                                            ;
;  E  ; LC72       ;                                                                                                     ; int_in_progress_l                                                                                                                                                                                                   ;
;  F  ; LC94       ; ib0~9, key_ctl_l, if0_m~15, renamed0~4sexpand0, renamed0~4sexpand1, renamed0~4sexpand2              ; if0_m~22                                                                                                                                                                                                            ;
;  F  ; LC82       ; df_enable$latch~9, f_set_l, ir00_l, d_l, load_cntl, ir01_l                                          ; df_enable_m~9                                                                                                                                                                                                       ;
;  F  ; LC87       ; db~10, ts_disable_l, key_ctl_l, load_cntl, int_in_progress_l, suf_l, lp_la_or_tp4_and_ld_ctl_rp_l~1 ; suf_l, db_m~9, db~10                                                                                                                                                                                                ;
;  F  ; LC89       ; ib0~9, ibifdf_clr_l~4, ib0_m~9, tp3, load_addr, lp_la_or_tp3_rp_l~3                                 ; ib0_m~9, ib0~9                                                                                                                                                                                                      ;
;  F  ; LC84       ; db~10, ts_disable_l, key_ctl_l, uf_m~15, renamed0~4sexpand0, renamed0~4sexpand1, renamed0~4sexpand2 ; uf_m~23                                                                                                                                                                                                             ;
;  F  ; LC96       ; f_l, md03_l, ir00_l, if0~9, ir01_l, key_ctl_l, d_l, load_cntl                                       ; if0_m~7                                                                                                                                                                                                             ;
;  F  ; LC85       ; ib0~9, key_ctl_l, data06_l                                                                          ; tp_bb1                                                                                                                                                                                                              ;
;  F  ; LC91       ; f_l, md03_l, ir00_l, uf~9, ir01_l, key_ctl_l, d_l, load_cntl                                        ; uf_m~7                                                                                                                                                                                                              ;
;  F  ; LC86       ; db~10, ts_disable_l, key_ctl_l                                                                      ; tp_ba1                                                                                                                                                                                                              ;
;  F  ; LC92       ; db_m~9, tp3, db~10, load_addr, ibifdf_clr_l~4, suf_l                                                ; suf_l, db~10, tp_ba1~5, uf_m~7                                                                                                                                                                                      ;
;  F  ; LC93       ; f_l, md03_l, ir00_l, if2~9, ir01_l, key_ctl_l, d_l, load_cntl                                       ; if2_m~7                                                                                                                                                                                                             ;
;  F  ; LC90       ; key_ctl_l, if1_m~15, renamed0~4sexpand0, renamed0~4sexpand1, renamed0~4sexpand2                     ; if1_m~22                                                                                                                                                                                                            ;
;  F  ; LC81       ; key_ctl_l, if2_m~15, renamed0~4sexpand0, renamed0~4sexpand1, renamed0~4sexpand2                     ; if2_m~22                                                                                                                                                                                                            ;
;  F  ; LC83       ; tp3, db_m~9, load_addr, ibifdf_clr_l~4, suf_l                                                       ; db_m~9, db~10                                                                                                                                                                                                       ;
;  F  ; LC95       ; f_l, md03_l, ir00_l, if1~9, ir01_l, key_ctl_l, d_l, load_cntl                                       ; if1_m~7                                                                                                                                                                                                             ;
;  F  ; LC88       ;                                                                                                     ; data03_l                                                                                                                                                                                                            ;
;  G  ; LC101      ; if2_m~7, ibifdf_clr_l~4, lp_la_or_tp4_and_ld_ctl_rp_l~1, if2_m~22                                   ; if2_m~22, if2~9                                                                                                                                                                                                     ;
;  G  ; LC102      ; if0_m~7, ibifdf_clr_l~4, lp_la_or_tp4_and_ld_ctl_rp_l~1, if0_m~22                                   ; if0_m~22, if0~9                                                                                                                                                                                                     ;
;  G  ; LC104      ; if1_m~7, ibifdf_clr_l~4, lp_la_or_tp4_and_ld_ctl_rp_l~1, if1_m~22                                   ; if1_m~22, if1~9                                                                                                                                                                                                     ;
;  G  ; LC111      ; if0_m~22, ibifdf_clr_l~4, lp_la_or_tp4_and_ld_ctl_rp_l~1, if0~9                                     ; data06_l~4, if0_m~15, if0~9, ema0_l~7                                                                                                                                                                               ;
;  G  ; LC103      ; if1_m~22, ibifdf_clr_l~4, lp_la_or_tp4_and_ld_ctl_rp_l~1, if1~9                                     ; data07_l~4, if1_m~15, if1~9, ema1_l~7                                                                                                                                                                               ;
;  G  ; LC99       ; if2_m~22, ibifdf_clr_l~4, lp_la_or_tp4_and_ld_ctl_rp_l~1, if2~9                                     ; data08_l~4, if2_m~15, if2~9, ema2_l~7                                                                                                                                                                               ;
;  G  ; LC109      ; df0~9, df_enable$latch~9, ema_disable_l~9, if0~9                                                    ; ema0_l                                                                                                                                                                                                              ;
;  G  ; LC107      ; df1~9, df_enable$latch~9, ema_disable_l~9, if1~9                                                    ; ema1_l                                                                                                                                                                                                              ;
;  G  ; LC98       ; load_cntl, tp4, load_addr                                                                           ; suf_l, if0_m~22, if1_m~22, if2_m~22, uf_m~23, if0~9, if1~9, if2~9, uf~9                                                                                                                                             ;
;  G  ; LC97       ; load_cntl, int_in_progress_l, tp4, power_ok, run_l, ts1_l                                           ; df0_m~9, df1_m~9, df2_m~9, ib1_m~9, ib2_m~9, ib0_m~9, ema_disable_l_m~9, df0~9, df1~9, df2~9, ib1~9, ib2~9, ib0~9, ema_disable_l~9, if0_m~22, if1_m~22, if2_m~22, uf_m~23, if0~9, if1~9, if2~9, uf~9, db_m~9, db~10 ;
;  G  ; LC110      ; cpma_disable_l, tp4, ema_disable_l_m~9, ibifdf_clr_l~4                                              ; ema_disable_l_m~9, ema_disable_l~9                                                                                                                                                                                  ;
;  G  ; LC112      ; ema_disable_l_m~9, tp4, ema_disable_l~9, ibifdf_clr_l~4                                             ; ema_disable_l~9, ema0_l~7, ema1_l~7, ema2_l~7                                                                                                                                                                       ;
;  G  ; LC105      ; df2~9, df_enable$latch~9, ema_disable_l~9, if2~9                                                    ; ema2_l                                                                                                                                                                                                              ;
;  H  ; LC123      ; df2~9, ind1_l, ind2_l, ts1_l                                                                        ; data11_l                                                                                                                                                                                                            ;
;  H  ; LC124      ; ib1~9, ibifdf_clr_l~4, ib1_m~9, tp3, load_addr, lp_la_or_tp3_rp_l~0sexpand1                         ; ib1_m~9, ib1~9                                                                                                                                                                                                      ;
;  H  ; LC121      ; df2~9, ibifdf_clr_l~4, df2_m~9, tp3, load_addr, lp_la_or_tp3_rp_l~0sexpand1                         ; df2_m~9, df2~9                                                                                                                                                                                                      ;
;  H  ; LC126      ; ind1_l, ind2_l, ts1_l, df1~9                                                                        ; data10_l                                                                                                                                                                                                            ;
;  H  ; LC128      ; ind1_l, ind2_l, ts1_l, df0~9                                                                        ; data09_l                                                                                                                                                                                                            ;
;  H  ; LC125      ; ib2_m~9, ibifdf_clr_l~4, ib2~9, lp_la_or_tp3_rp_l~0sexpand1, tp3, load_addr                         ; ib2_m~9, ib2~9, tp_ab1~7                                                                                                                                                                                            ;
;  H  ; LC127      ; ib1_m~9, ibifdf_clr_l~4, ib1~9, lp_la_or_tp3_rp_l~0sexpand1, tp3, load_addr                         ; ib1_m~9, ib1~9, tp_aa1~7                                                                                                                                                                                            ;
;  H  ; LC117      ; key_ctl_l, ib1~9, data07_l                                                                          ; tp_aa1                                                                                                                                                                                                              ;
;  H  ; LC113      ; ib0_m~9, ibifdf_clr_l~4, ib0~9, lp_la_or_tp3_rp_l~0sexpand1, tp3, load_addr                         ; ib0_m~9, ib0~9, tp_bb1~8, if0_m~7                                                                                                                                                                                   ;
;  H  ; LC120      ; df1~9, ibifdf_clr_l~4, df1_m~9, tp3, load_addr, lp_la_or_tp3_rp_l~0sexpand1                         ; df1_m~9, df1~9                                                                                                                                                                                                      ;
;  H  ; LC119      ; df0~9, ibifdf_clr_l~4, df0_m~9, tp3, load_addr, lp_la_or_tp3_rp_l~0sexpand1                         ; df0_m~9, df0~9                                                                                                                                                                                                      ;
;  H  ; LC114      ; df2_m~9, ibifdf_clr_l~4, df2~9, lp_la_or_tp3_rp_l~0sexpand1, tp3, load_addr                         ; df2_m~9, df2~9, data11_l~4, ema2_l~7                                                                                                                                                                                ;
;  H  ; LC116      ; df1_m~9, ibifdf_clr_l~4, df1~9, lp_la_or_tp3_rp_l~0sexpand1, tp3, load_addr                         ; df1_m~9, df1~9, data10_l~4, ema1_l~7                                                                                                                                                                                ;
;  H  ; LC118      ; df0_m~9, ibifdf_clr_l~4, df0~9, lp_la_or_tp3_rp_l~0sexpand1, tp3, load_addr                         ; df0_m~9, df0~9, data09_l~4, ema0_l~7                                                                                                                                                                                ;
;  H  ; LC122      ; ib2~9, ibifdf_clr_l~4, ib2_m~9, tp3, load_addr, lp_la_or_tp3_rp_l~0sexpand1                         ; ib2_m~9, ib2~9                                                                                                                                                                                                      ;
;  H  ; LC115      ; key_ctl_l, ib2~9, data08_l                                                                          ; tp_ab1                                                                                                                                                                                                              ;
+-----+------------+-----------------------------------------------------------------------------------------------------+---------------------------------------------------------------------------------------------------------------------------------------------------------------------------------------------------------------------+


+---------------------------------------------------------------+
; Fitter Device Options                                         ;
+----------------------------------------------+----------------+
; Option                                       ; Setting        ;
+----------------------------------------------+----------------+
; Enable user-supplied start-up clock (CLKUSR) ; Off            ;
; Enable device-wide reset (DEV_CLRn)          ; Off            ;
; Enable device-wide output enable (DEV_OE)    ; Off            ;
; Enable INIT_DONE output                      ; Off            ;
; Configuration scheme                         ; Passive Serial ;
; Security bit                                 ; Off            ;
; Base pin-out file on sameframe device        ; Off            ;
+----------------------------------------------+----------------+


+-----------------+
; Fitter Messages ;
+-----------------+
Warning (20028): Parallel compilation is not licensed and has been disabled
Info (119006): Selected device EPM7128SLC84-15 for design "M837"
Info: Quartus II 64-Bit Fitter was successful. 0 errors, 1 warning
    Info: Peak virtual memory: 4675 megabytes
    Info: Processing ended: Thu Oct 14 05:33:10 2021
    Info: Elapsed time: 00:00:03
    Info: Total CPU time (on all processors): 00:00:01


