   1            
   2            D00000=0000
   3            D00010=0010
   4            L00200=0200
   5            
   6                    FIELD   0
   7            
   8                    *7600
   9 07600 1326 L07600, TAD D07726
  10 07601 6326         6326
  11 07602 6322 L07602, 6322
  12 07603 7450         SNA 
  13 07604 5202         JMP L07602
  14 07605 7421         7421
  15 07606 6322         6322
  16 07607 6321         6321
  17 07610 7340         CLA CLL CMA 
  18 07611 6327         6327
  19 07612 7701         7701
  20 07613 7104         CLL RAL 
  21 07614 7430         SZL 
  22 07615 5225         JMP L07625
  23 07616 7004         RAL 
  24 07617 7430         SZL 
  25 07620 5230         JMP L07630
  26 07621 7004         RAL 
  27 07622 7630         SZL CLA 
  28 07623 5234         JMP L07634
  29 07624 5200         JMP L07600
  30 07625 1327 L07625, TAD P07727
  31 07626 6326         6326
  32 07627 5237         JMP L07637
  33 07630 7330 L07630, CLA CLL CML RAR 
  34 07631 6326         6326
  35 07632 7305         CLA CLL RAL IAC
  36 07633 5237         JMP L07637
  37 07634 7332 L07634, CLA CLL CML RTR 
  38 07635 6326         6326
  39 07636 7307         CLA CLL RTL IAC
  40 07637 7106 L07637, CLL RTL 
  41 07640 7001 D07640, 7001
  42 07641 7421         7421
  43 07642 7303         CLA CLL BSW IAC
  44 07643 6326         6326
  45 07644 6365         6365
  46 07645 6364         6364
  47 07646 6373         6373
  48 07647 7000         NOP
  49 07650 0326         AND D07726
  50 07651 7640         SZA CLA 
  51 07652 5261         JMP L07661
  52 07653 7325         CLA CLL CML RAL IAC
  53 07654 6375         6375
  54 07655 6373 L07655, 6373
  55 07656 5255         JMP L07655
  56 07657 7300         CLA CLL 
  57 07660 6365         6365
  58 07661 7721 L07661, 7721
  59 07662 6375         6375
  60 07663 4316         JMS S07716
  61 07664 3330         DCA P07730
  62 07665 4316         JMS S07716
  63 07666 3331         DCA D07731
  64 07667 4316 L07667, JMS S07716
  65 07670 3730         DCA I P07730
  66 07671 7521         7521
  67 07672 1730         TAD I P07730
  68 07673 7521         7521
  69 07674 2330         ISZ P07730
  70 07675 2331         ISZ D07731
  71 07676 5267         JMP L07667
  72 07677 4316         JMS S07716
  73 07700 3330         DCA P07730
  74 07701 7325 L07701, CLA CLL CML RAL IAC
  75 07702 6375         6375
  76 07703 7303         CLA CLL BSW IAC
  77 07704 6327         6327
  78 07705 7721         7721
  79 07706 7041         CIA
  80 07707 1330         TAD P07730
  81 07710 7402         HLT
  82 07711 5727         JMP I P07727
  83 07712 1326 L07712, TAD D07726
  84 07713 6311         6311
  85 07714 7325         CLA CLL CML RAL IAC
  86 07715 5200         JMP L07600
  87 07716 0000 S07716, 0000
  88 07717 6373 L07717, 6373
  89 07720 5317         JMP L07717
  90 07721 0240         AND D07640
  91 07722 7650         SNA CLA 
  92 07723 5312         JMP L07712
  93 07724 6376         6376
  94 07725 5716         JMP I S07716
  95 07726 0010 D07726, 0010
  96 07727 0200 P07727, L00200
  97            P07730=7730
  98            D07731=7731
  99            
 100                    *7756
 101 07756 6014         RFC 
 102 07757 6011 L07757, RSF 
 103 07760 5357         JMP L07757
 104 07761 6016         RRB RFC 
 105 07762 7106         CLL RTL 
 106 07763 7006         RTL 
 107 07764 7510         SPA 
 108 07765 5374         JMP L07774
 109 07766 7006         RTL 
 110 07767 6011 L07767, RSF 
 111 07770 5367         JMP L07767
 112 07771 6016         RRB RFC 
 113 07772 7420         SNL 
 114 07773 3776         DCA I P07776
 115 07774 3376 L07774, DCA P07776
 116 07775 5357         JMP L07757
 117 07776 0000 P07776, D00000
 118 07777 5301         JMP L07701
 119            $
