   1            /FIELD 0
   2            *7600
   3 07600 1326 START, 1326 /7600
   4 07601 6326 6326 /7601
   5 07602 6322 6322 /7602
   6 07603 7450 7450 /7603
   7 07604 5202 5202 /7604
   8 07605 7421 7421 /7605
   9 07606 6322 6322 /7606
  10 07607 6321 6321 /7607
  11 07610 7340 7340 /7610
  12 07611 6327 6327 /7611
  13 07612 7701 7701 /7612
  14 07613 7104 7104 /7613
  15 07614 7430 7430 /7614
  16 07615 5225 5225 /7615
  17 07616 7004 7004 /7616
  18 07617 7430 7430 /7617
  19 07620 5230 5230 /7620
  20 07621 7004 7004 /7621
  21 07622 7630 7630 /7622
  22 07623 5234 5234 /7623
  23 07624 5200 5200 /7624
  24 07625 1327 1327 /7625
  25 07626 6326 6326 /7626
  26 07627 5237 5237 /7627
  27 07630 7330 7330 /7630
  28 07631 6326 6326 /7631
  29 07632 7305 7305 /7632
  30 07633 5237 5237 /7633
  31 07634 7332 7332 /7634
  32 07635 6326 6326 /7635
  33 07636 7307 7307 /7636
  34 07637 7106 7106 /7637
  35 07640 7001 7001 /7640
  36 07641 7421 7421 /7641
  37 07642 7303 7303 /7642
  38 07643 6326 6326 /7643
  39 07644 6365 6365 /7644
  40 07645 6364 6364 /7645
  41 07646 6373 6373 /7646
  42 07647 7000 7000 /7647
  43 07650 0326 0326 /7650
  44 07651 7640 7640 /7651
  45 07652 5261 5261 /7652
  46 07653 7325 7325 /7653
  47 07654 6375 6375 /7654
  48 07655 6373 6373 /7655
  49 07656 5255 5255 /7656
  50 07657 7300 7300 /7657
  51 07660 6365 6365 /7660
  52 07661 7721 7721 /7661
  53 07662 6375 6375 /7662
  54 07663 4316 4316 /7663
  55 07664 3330 3330 /7664
  56 07665 4316 4316 /7665
  57 07666 3331 3331 /7666
  58 07667 4316 4316 /7667
  59 07670 3730 3730 /7670
  60 07671 7521 7521 /7671
  61 07672 1730 1730 /7672
  62 07673 7521 7521 /7673
  63 07674 2330 2330 /7674
  64 07675 2331 2331 /7675
  65 07676 5267 5267 /7676
  66 07677 4316 4316 /7677
  67 07700 3330 3330 /7700
  68 07701 7325 7325 /7701
  69 07702 6375 6375 /7702
  70 07703 7303 7303 /7703
  71 07704 6327 6327 /7704
  72 07705 7721 7721 /7705
  73 07706 7041 7041 /7706
  74 07707 1330 1330 /7707
  75 07710 7402 7402 /7710
  76            IFDEF KS <
  77            *7710
  78            7650 /7710
  79            >
  80 07711 5727 5727 /7711
  81 07712 1326 1326 /7712
  82 07713 6311 6311 /7713
  83 07714 7325 7325 /7714
  84 07715 5200 5200 /7715
  85 07716 0000 0000 /7716
  86 07717 6373 6373 /7717
  87 07720 5317 5317 /7720
  88 07721 0240 0240 /7721
  89 07722 7650 7650 /7722
  90 07723 5312 5312 /7723
  91 07724 6376 6376 /7724
  92 07725 5716 5716 /7725
  93 07726 0010 0010 /7726
  94 07727 0200 0200 /7727
  95            *7756
  96 07756 6014 6014 / HSRIM
  97 07757 6011 6011 / HSRIM
  98 07760 5357 5357 / HSRIM
  99 07761 6016 6016 / HSRIM
 100 07762 7106 7106 / HSRIM
 101 07763 7006 7006 / HSRIM
 102 07764 7510 7510 / HSRIM
 103 07765 5374 5374 / HSRIM
 104 07766 7006 7006 / HSRIM
 105 07767 6011 6011 / HSRIM
 106 07770 5367 5367 / HSRIM
 107 07771 6016 6016 / HSRIM
 108 07772 7420 7420 / HSRIM
 109 07773 3776 3776 / HSRIM
 110 07774 3376 3376 / HSRIM
 111 07775 5357 5357 / HSRIM
 112            IFDEF KS <
 113            *7756
 114                    6032 / LSRIM
 115                    6031 / LSRIM
 116                    5357 / LSRIM
 117                    6036 / LSRIM
 118                    7106 / LSRIM
 119                    7006 / LSRIM
 120                    7510 / LSRIM
 121                    5357 / LSRIM
 122                    7006 / LSRIM
 123                    6031 / LSRIM
 124                    5367 / LSRIM
 125                    6034 / LSRIM
 126            *7775
 127                    5356 / LSRIM
 128            >
 129 07776 0000 0000 / LSRIM
 130 07777 5301 5301 / LSRIM
 131            *7600
 132            $
