   1               FIELD 0; *0
   2               /Pre-canned Restart vectors
   3 000000  0000  00000 /LA
   4 000001  0000  00000 /LEA GO
   5 000002  0200  00200 /LA
   6 000003  0000  00000 /LEA GO
   7 000004  2000  02000 /LA
   8 000005  0000  00000 /LEA GO
   9 000006  4200  04200 /LA
  10 000007  0000  00000 /LEA GO
  11               
  12               /Bootstrap 1: High or low speed paper tape
  13 000010  7737  07737 /LA
  14 000011  0000  00000 /LEA
  15 000012  6014  06014 /DEP
  16 000013  3376  03376 /DEP
  17 000014  7326  07326 /DEP
  18 000015  1337  01337 /DEP
  19 000016  2376  02376 /DEP
  20 000017  5341  05341 /DEP
  21 000020  6011  06011 /DEP
  22 000021  5356  05356 /DEP
  23 000022  3361  03361 /DEP
  24 000023  1361  01361 /DEP
  25 000024  3371  03371 /DEP
  26 000025  1345  01345 /DEP
  27 000026  3357  03357 /DEP
  28 000027  1345  01345 /DEP
  29 000030  3367  03367 /DEP
  30 000031  6032  06032 /DEP
  31 000032  6031  06031 /DEP
  32 000033  5357  05357 /DEP
  33 000034  6036  06036 /DEP
  34 000035  7106  07106 /DEP
  35 000036  7006  07006 /DEP
  36 000037  7510  07510 /DEP
  37 000040  5374  05374 /DEP
  38 000041  7006  07006 /DEP
  39 000042  6031  06031 /DEP
  40 000043  5367  05367 /DEP
  41 000044  6034  06034 /DEP
  42 000045  7420  07420 /DEP
  43 000046  3776  03776 /DEP
  44 000047  3376  03376 /DEP
  45 000050  5356  05356 /DEP
  46 000051  7737  07737 /LA GO
  47               
  48               
  49               /Bootstrap 2: RK8E
  50 000052  0023  00023 /LA
  51 000053  0000  00000 /LEA
  52 000054  2200  02200 /DEP
  53 000055  6745  06745 /DEP
  54 000056  0023  00023 /DEP
  55 000057  7640  07640 /DEP
  56 000060  5024  05024 /DEP
  57 000061  6743  06743 /DEP
  58 000062  5031  05031 /DEP
  59 000063  0024  00024 /LA GO
  60               
  61               
  62               /Bootstrap 3: RX8E
  63 000064  0020  00020 /LA
  64 000065  0000  00000 /LEA
  65 000066  1061  01061 /DEP
  66 000067  1046  01046 /DEP
  67 000070  0060  00060 /DEP
  68 000071  3061  03061 /DEP
  69 000072  7327  07327 /DEP
  70 000073  1061  01061 /DEP
  71 000074  6751  06751 /DEP
  72 000075  7301  07301 /DEP
  73 000076  4053  04053 /DEP
  74 000077  4053  04053 /DEP
  75 000100  7004  07004 /DEP
  76 000101  6755  06755 /DEP
  77 000102  5054  05054 /DEP
  78 000103  6754  06754 /DEP
  79 000104  7450  07450 /DEP
  80 000105  5020  05020 /DEP
  81 000106  1061  01061 /DEP
  82 000107  6751  06751 /DEP
  83 000110  1061  01061 /DEP
  84 000111  0046  00046 /DEP
  85 000112  1032  01032 /DEP
  86 000113  3060  03060 /DEP
  87 000114  0360  00360 /DEP
  88 000115  4053  04053 /DEP
  89 000116  3002  03002 /DEP
  90 000117  2050  02050 /DEP
  91 000120  5047  05047 /DEP
  92 000121  0000  00000 /DEP
  93 000122  6753  06753 /DEP
  94 000123  5033  05033 /DEP
  95 000124  6752  06752 /DEP
  96 000125  5453  05453 /DEP
  97 000126  0420  00420 /DEP
  98 000127  0020  00020 /DEP
  99 000130  0033  00033 /LA GO
 100 000131  0000  00000
 101 000132  0000  00000
 102 000133  0000  00000
 103 000134  0000  00000
 104               
 105               
 106               /Bootstrap 4: RL8A
 107 000135  0001  00001 /LA
 108 000136  0000  00000 /LEA
 109 000137  6600  06600 /DEP
 110 000140  7201  07201 /DEP
 111 000141  4027  04027 /DEP
 112 000142  1004  01004 /DEP
 113 000143  4027  04027 /DEP
 114 000144  6615  06615 /DEP
 115 000145  7002  07002 /DEP
 116 000146  7012  07012 /DEP
 117 000147  6615  06615 /DEP
 118 000150  0025  00025 /DEP
 119 000151  7004  07004 /DEP
 120 000152  6603  06603 /DEP
 121 000153  7325  07325 /DEP
 122 000154  4027  04027 /DEP
 123 000155  7332  07332 /DEP
 124 000156  6605  06605 /DEP
 125 000157  1026  01026 /DEP
 126 000160  6607  06607 /DEP
 127 000161  7327  07327 /DEP
 128 000162  4027  04027 /DEP
 129 000163  0377  00377 /DEP
 130 000164  7600  07600 /DEP
 131 000165  0000  00000 /DEP
 132 000166  6604  06604 /DEP
 133 000167  6601  06601 /DEP
 134 000170  5031  05031 /DEP
 135 000171  6617  06617 /DEP
 136 000172  5427  05427 /DEP
 137 000173  5001  05001 /DEP
 138 000174  0001  00001 /LA GO
 139 000175  0000  00000
 140 000176  0000  00000
 141 000177  0000  00000
 142               $

